[33mÔØ»[39m Building...
[32mÔ£ö[39m Building...
[1mInitial chunk files[22m                              [2m | [22m[1mNames[22m                                         [2m | [22m [1mRaw size[22m
[32mchunk-G4QO5JVP.js[39m                                [2m | [22m[2m-[22m                                             [2m | [22m  [36m2.09 MB[39m[2m | [22m
[32mchunk-QJ3CA2ND.js[39m                                [2m | [22m[2m-[22m                                             [2m | [22m  [36m1.11 MB[39m[2m | [22m
[32mpolyfills.js[39m                                     [2m | [22m[2mpolyfills[22m                                     [2m | [22m  [36m1.02 MB[39m[2m | [22m
[32mchunk-MRYH7VK3.js[39m                                [2m | [22m[2m-[22m                                             [2m | [22m[36m340.06 kB[39m[2m | [22m
[32mchunk-VAQK5F2Q.js[39m                                [2m | [22m[2m-[22m                                             [2m | [22m[36m224.59 kB[39m[2m | [22m
[32mchunk-LCGM6X7P.js[39m                                [2m | [22m[2m-[22m                                             [2m | [22m[36m219.22 kB[39m[2m | [22m
[32mchunk-EW6OCURO.js[39m                                [2m | [22m[2m-[22m                                             [2m | [22m[36m213.18 kB[39m[2m | [22m
[32mchunk-6TRFJ6GX.js[39m                                [2m | [22m[2m-[22m                                             [2m | [22m[36m196.91 kB[39m[2m | [22m
[32mchunk-IB7Z3S4C.js[39m                                [2m | [22m[2m-[22m                                             [2m | [22m[36m184.06 kB[39m[2m | [22m
[32mchunk-M2K2ZGEP.js[39m                                [2m | [22m[2m-[22m                                             [2m | [22m[36m156.09 kB[39m[2m | [22m
[32mchunk-QDYDJ4AK.js[39m                                [2m | [22m[2m-[22m                                             [2m | [22m[36m150.49 kB[39m[2m | [22m
[32mchunk-FGRGJPDN.js[39m                                [2m | [22m[2m-[22m                                             [2m | [22m[36m109.47 kB[39m[2m | [22m
[32mspec-booking-page.component.spec.js[39m              [2m | [22m[2mspec-booking-page.component.spec[22m              [2m | [22m[36m108.75 kB[39m[2m | [22m
[32mstyles.css[39m                                       [2m | [22m[2mstyles[22m                                        [2m | [22m[36m104.69 kB[39m[2m | [22m
[32mchunk-ONJNVI2S.js[39m                                [2m | [22m[2m-[22m                                             [2m | [22m [36m86.02 kB[39m[2m | [22m
[32mchunk-Q7F7K4X4.js[39m                                [2m | [22m[2m-[22m                                             [2m | [22m [36m84.47 kB[39m[2m | [22m
[32mchunk-BFMSIICP.js[39m                                [2m | [22m[2m-[22m                                             [2m | [22m [36m73.12 kB[39m[2m | [22m
[32mjasmine-cleanup-1.js[39m                             [2m | [22m[2mjasmine-cleanup-1[22m                             [2m | [22m [36m67.20 kB[39m[2m | [22m
[32mchunk-6VH5H3EI.js[39m                                [2m | [22m[2m-[22m                                             [2m | [22m [36m65.20 kB[39m[2m | [22m
[32mchunk-J7M75FDG.js[39m                                [2m | [22m[2m-[22m                                             [2m | [22m [36m63.05 kB[39m[2m | [22m
[32mchunk-T7CKCTSW.js[39m                                [2m | [22m[2m-[22m                                             [2m | [22m [36m60.65 kB[39m[2m | [22m
[32mchunk-WI33YQK7.js[39m                                [2m | [22m[2m-[22m                                             [2m | [22m [36m57.30 kB[39m[2m | [22m
[32mspec-appointments-list.component.spec.js[39m         [2m | [22m[2mspec-appointments-list.component.spec[22m         [2m | [22m [36m54.80 kB[39m[2m | [22m
[32mchunk-4ZIS45LB.js[39m                                [2m | [22m[2m-[22m                                             [2m | [22m [36m48.23 kB[39m[2m | [22m
[32mspec-admin-settings-page.component.spec.js[39m       [2m | [22m[2mspec-admin-settings-page.component.spec[22m       [2m | [22m [36m45.76 kB[39m[2m | [22m
[32mspec-appointment-detail-page.component.spec.js[39m   [2m | [22m[2mspec-appointment-detail-page.component.spec[22m   [2m | [22m [36m43.90 kB[39m[2m | [22m
[32mchunk-AZBUGPN3.js[39m                                [2m | [22m[2m-[22m                                             [2m | [22m [36m39.23 kB[39m[2m | [22m
[32mchunk-TNXI6FFA.js[39m                                [2m | [22m[2m-[22m                                             [2m | [22m [36m38.53 kB[39m[2m | [22m
[32mchunk-GJRMU36F.js[39m                                [2m | [22m[2m-[22m                                             [2m | [22m [36m34.98 kB[39m[2m | [22m
[32mchunk-DNVE3KVC.js[39m                                [2m | [22m[2m-[22m                                             [2m | [22m [36m32.90 kB[39m[2m | [22m
[32mspec-toast-demo.component.spec.js[39m                [2m | [22m[2mspec-toast-demo.component.spec[22m                [2m | [22m [36m31.19 kB[39m[2m | [22m
[32mspec-filters-collapsible.component.spec.js[39m       [2m | [22m[2mspec-filters-collapsible.component.spec[22m       [2m | [22m [36m30.72 kB[39m[2m | [22m
[32mchunk-6R3KXYKQ.js[39m                                [2m | [22m[2m-[22m                                             [2m | [22m [36m29.08 kB[39m[2m | [22m
[32mchunk-NRR34QV2.js[39m                                [2m | [22m[2m-[22m                                             [2m | [22m [36m28.93 kB[39m[2m | [22m
[32mchunk-TUQUN7ML.js[39m                                [2m | [22m[2m-[22m                                             [2m | [22m [36m26.50 kB[39m[2m | [22m
[32mchunk-6S275J36.js[39m                                [2m | [22m[2m-[22m                                             [2m | [22m [36m26.19 kB[39m[2m | [22m
[32mspec-signal-demo.component.spec.js[39m               [2m | [22m[2mspec-signal-demo.component.spec[22m               [2m | [22m [36m25.51 kB[39m[2m | [22m
[32mspec-logger-demo.component.spec.js[39m               [2m | [22m[2mspec-logger-demo.component.spec[22m               [2m | [22m [36m25.07 kB[39m[2m | [22m
[32mchunk-X7YLPNNR.js[39m                                [2m | [22m[2m-[22m                                             [2m | [22m [36m24.68 kB[39m[2m | [22m
[32mchunk-ESBLJMZD.js[39m                                [2m | [22m[2m-[22m                                             [2m | [22m [36m24.52 kB[39m[2m | [22m
[32mspec-inputs-real-data.spec.js[39m                    [2m | [22m[2mspec-inputs-real-data.spec[22m                    [2m | [22m [36m24.48 kB[39m[2m | [22m
[32mchunk-KCT2SXVA.js[39m                                [2m | [22m[2m-[22m                                             [2m | [22m [36m23.49 kB[39m[2m | [22m
[32mchunk-Z4NTX5FU.js[39m                                [2m | [22m[2m-[22m                                             [2m | [22m [36m22.51 kB[39m[2m | [22m
[32mchunk-ULT7BMQI.js[39m                                [2m | [22m[2m-[22m                                             [2m | [22m [36m21.34 kB[39m[2m | [22m
[32mspec-input-number.component.spec.js[39m              [2m | [22m[2mspec-input-number.component.spec[22m              [2m | [22m [36m20.58 kB[39m[2m | [22m
[32mchunk-5TALXQYP.js[39m                                [2m | [22m[2m-[22m                                             [2m | [22m [36m20.43 kB[39m[2m | [22m
[32mspec-input-select.component.spec.js[39m              [2m | [22m[2mspec-input-select.component.spec[22m              [2m | [22m [36m20.18 kB[39m[2m | [22m
[32mchunk-RFQO2IVU.js[39m                                [2m | [22m[2m-[22m                                             [2m | [22m [36m20.03 kB[39m[2m | [22m
[32mspec-input-date.component.spec.js[39m                [2m | [22m[2mspec-input-date.component.spec[22m                [2m | [22m [36m19.83 kB[39m[2m | [22m
[32mchunk-SBNZJSCO.js[39m                                [2m | [22m[2m-[22m                                             [2m | [22m [36m19.75 kB[39m[2m | [22m
[32mspec-input-textarea.component.spec.js[39m            [2m | [22m[2mspec-input-textarea.component.spec[22m            [2m | [22m [36m19.54 kB[39m[2m | [22m
[32mchunk-WK22U7SA.js[39m                                [2m | [22m[2m-[22m                                             [2m | [22m [36m18.80 kB[39m[2m | [22m
[32mspec-about-page.component.spec.js[39m                [2m | [22m[2mspec-about-page.component.spec[22m                [2m | [22m [36m18.70 kB[39m[2m | [22m
[32mspec-service-selection-popup.component.spec.js[39m   [2m | [22m[2mspec-service-selection-popup.component.spec[22m   [2m | [22m [36m18.21 kB[39m[2m | [22m
[32mchunk-2NOFUFNQ.js[39m                                [2m | [22m[2m-[22m                                             [2m | [22m [36m18.07 kB[39m[2m | [22m
[32mspec-dialogs-demo.component.spec.js[39m              [2m | [22m[2mspec-dialogs-demo.component.spec[22m              [2m | [22m [36m17.40 kB[39m[2m | [22m
[32mspec-input-toggleswitch.component.spec.js[39m        [2m | [22m[2mspec-input-toggleswitch.component.spec[22m        [2m | [22m [36m17.10 kB[39m[2m | [22m
[32mchunk-OQW22EAR.js[39m                                [2m | [22m[2m-[22m                                             [2m | [22m [36m16.95 kB[39m[2m | [22m
[32mspec-app.component.spec.js[39m                       [2m | [22m[2mspec-app.component.spec[22m                       [2m | [22m [36m16.93 kB[39m[2m | [22m
[32mchunk-IA47IKXA.js[39m                                [2m | [22m[2m-[22m                                             [2m | [22m [36m16.62 kB[39m[2m | [22m
[32mspec-appointment-status-badge.component.spec.js[39m  [2m | [22m[2mspec-appointment-status-badge.component.spec[22m  [2m | [22m [36m16.35 kB[39m[2m | [22m
[32mchunk-QXHSN5FC.js[39m                                [2m | [22m[2m-[22m                                             [2m | [22m [36m16.29 kB[39m[2m | [22m
[32mspec-profile-dropdown.component.spec.js[39m          [2m | [22m[2mspec-profile-dropdown.component.spec[22m          [2m | [22m [36m16.18 kB[39m[2m | [22m
[32mchunk-6GIACYMK.js[39m                                [2m | [22m[2m-[22m                                             [2m | [22m [36m15.86 kB[39m[2m | [22m
[32mchunk-KHWJ2SZI.js[39m                                [2m | [22m[2m-[22m                                             [2m | [22m [36m15.43 kB[39m[2m | [22m
[32mspec-perfil-page.component.spec.js[39m               [2m | [22m[2mspec-perfil-page.component.spec[22m               [2m | [22m [36m15.28 kB[39m[2m | [22m
[32mspec-footer.component.spec.js[39m                    [2m | [22m[2mspec-footer.component.spec[22m                    [2m | [22m [36m14.85 kB[39m[2m | [22m
[32mspec-filters-popup.component.spec.js[39m             [2m | [22m[2mspec-filters-popup.component.spec[22m             [2m | [22m [36m14.58 kB[39m[2m | [22m
[32mspec-input-checkbox.component.spec.js[39m            [2m | [22m[2mspec-input-checkbox.component.spec[22m            [2m | [22m [36m14.40 kB[39m[2m | [22m
[32mspec-input-password.component.spec.js[39m            [2m | [22m[2mspec-input-password.component.spec[22m            [2m | [22m [36m13.95 kB[39m[2m | [22m
[32mspec-buttons-demo.component.spec.js[39m              [2m | [22m[2mspec-buttons-demo.component.spec[22m              [2m | [22m [36m13.79 kB[39m[2m | [22m
[32mspec-loading-state.component.spec.js[39m             [2m | [22m[2mspec-loading-state.component.spec[22m             [2m | [22m [36m13.43 kB[39m[2m | [22m
[32mspec-input-text.component.spec.js[39m                [2m | [22m[2mspec-input-text.component.spec[22m                [2m | [22m [36m12.79 kB[39m[2m | [22m
[32mspec-calendar-core.service.spec.js[39m               [2m | [22m[2mspec-calendar-core.service.spec[22m               [2m | [22m [36m12.72 kB[39m[2m | [22m
[32mchunk-EPNBQ3N3.js[39m                                [2m | [22m[2m-[22m                                             [2m | [22m [36m12.26 kB[39m[2m | [22m
[32mspec-role-based-content.component.spec.js[39m        [2m | [22m[2mspec-role-based-content.component.spec[22m        [2m | [22m [36m12.17 kB[39m[2m | [22m
[32mchunk-L77UJDHQ.js[39m                                [2m | [22m[2m-[22m                                             [2m | [22m [36m11.58 kB[39m[2m | [22m
[32mspec-toast.service.spec.js[39m                       [2m | [22m[2mspec-toast.service.spec[22m                       [2m | [22m [36m11.55 kB[39m[2m | [22m
[32mspec-login-page.component.spec.js[39m                [2m | [22m[2mspec-login-page.component.spec[22m                [2m | [22m [36m11.54 kB[39m[2m | [22m
[32mchunk-KHEB4RSI.js[39m                                [2m | [22m[2m-[22m                                             [2m | [22m [36m11.41 kB[39m[2m | [22m
[32mchunk-URTSFHYC.js[39m                                [2m | [22m[2m-[22m                                             [2m | [22m [36m11.37 kB[39m[2m | [22m
[32mspec-next-appointment.component.spec.js[39m          [2m | [22m[2mspec-next-appointment.component.spec[22m          [2m | [22m [36m11.32 kB[39m[2m | [22m
[32mchunk-QB5RQYAS.js[39m                                [2m | [22m[2m-[22m                                             [2m | [22m [36m11.22 kB[39m[2m | [22m
[32mspec-calendar.component.spec.js[39m                  [2m | [22m[2mspec-calendar.component.spec[22m                  [2m | [22m [36m11.02 kB[39m[2m | [22m
[32mchunk-WU2QM6MH.js[39m                                [2m | [22m[2m-[22m                                             [2m | [22m [36m11.00 kB[39m[2m | [22m
[32mchunk-SVR2XXKJ.js[39m                                [2m | [22m[2m-[22m                                             [2m | [22m [36m10.87 kB[39m[2m | [22m
[32mchunk-MPSTXEC2.js[39m                                [2m | [22m[2m-[22m                                             [2m | [22m [36m10.84 kB[39m[2m | [22m
[32mchunk-RYACEH4Z.js[39m                                [2m | [22m[2m-[22m                                             [2m | [22m [36m10.81 kB[39m[2m | [22m
[32mspec-booking-popup.component.spec.js[39m             [2m | [22m[2mspec-booking-popup.component.spec[22m             [2m | [22m [36m10.62 kB[39m[2m | [22m
[32mspec-service-card.component.spec.js[39m              [2m | [22m[2mspec-service-card.component.spec[22m              [2m | [22m [36m10.49 kB[39m[2m | [22m
[32mchunk-AY3JX6CO.js[39m                                [2m | [22m[2m-[22m                                             [2m | [22m [36m10.10 kB[39m[2m | [22m
[32mchunk-INURVWEU.js[39m                                [2m | [22m[2m-[22m                                             [2m | [22m  [36m9.43 kB[39m[2m | [22m
[32mspec-inputs-integration.spec.js[39m                  [2m | [22m[2mspec-inputs-integration.spec[22m                  [2m | [22m  [36m9.32 kB[39m[2m | [22m
[32mspec-actions-buttons.component.spec.js[39m           [2m | [22m[2mspec-actions-buttons.component.spec[22m           [2m | [22m  [36m9.20 kB[39m[2m | [22m
[32mchunk-6LSZAA7C.js[39m                                [2m | [22m[2m-[22m                                             [2m | [22m  [36m9.02 kB[39m[2m | [22m
[32mchunk-SXJ6UZR7.js[39m                                [2m | [22m[2m-[22m                                             [2m | [22m  [36m8.93 kB[39m[2m | [22m
[32mchunk-3UN7QJJT.js[39m                                [2m | [22m[2m-[22m                                             [2m | [22m  [36m8.73 kB[39m[2m | [22m
[32mspec-register-page.component.spec.js[39m             [2m | [22m[2mspec-register-page.component.spec[22m             [2m | [22m  [36m8.65 kB[39m[2m | [22m
[32mchunk-ZNCZ4HFM.js[39m                                [2m | [22m[2m-[22m                                             [2m | [22m  [36m8.65 kB[39m[2m | [22m
[32mchunk-TXOC7A4H.js[39m                                [2m | [22m[2m-[22m                                             [2m | [22m  [36m8.64 kB[39m[2m | [22m
[32mchunk-47DQ3FQL.js[39m                                [2m | [22m[2m-[22m                                             [2m | [22m  [36m8.57 kB[39m[2m | [22m
[32mchunk-KOTSUY7F.js[39m                                [2m | [22m[2m-[22m                                             [2m | [22m  [36m8.27 kB[39m[2m | [22m
[32mspec-calendar-drag-drop.service.spec.js[39m          [2m | [22m[2mspec-calendar-drag-drop.service.spec[22m          [2m | [22m  [36m8.09 kB[39m[2m | [22m
[32mchunk-CA4FFFMX.js[39m                                [2m | [22m[2m-[22m                                             [2m | [22m  [36m8.03 kB[39m[2m | [22m
[32mchunk-YMHZM2UL.js[39m                                [2m | [22m[2m-[22m                                             [2m | [22m  [36m7.85 kB[39m[2m | [22m
[32mspec-loader.component.spec.js[39m                    [2m | [22m[2mspec-loader.component.spec[22m                    [2m | [22m  [36m7.67 kB[39m[2m | [22m
[32mspec-inputs-demo.component.spec.js[39m               [2m | [22m[2mspec-inputs-demo.component.spec[22m               [2m | [22m  [36m7.53 kB[39m[2m | [22m
[32mspec-no-appointments-message.component.spec.js[39m   [2m | [22m[2mspec-no-appointments-message.component.spec[22m   [2m | [22m  [36m7.45 kB[39m[2m | [22m
[32mspec-appointments-view-controls.component.spec.js[39m[2m | [22m[2mspec-appointments-view-controls.component.spec[22m[2m | [22m  [36m7.45 kB[39m[2m | [22m
[32mspec-info-item.component.spec.js[39m                 [2m | [22m[2mspec-info-item.component.spec[22m                 [2m | [22m  [36m7.34 kB[39m[2m | [22m
[32mspec-booking.service.spec.js[39m                     [2m | [22m[2mspec-booking.service.spec[22m                     [2m | [22m  [36m7.06 kB[39m[2m | [22m
[32mchunk-HUAMNO5Z.js[39m                                [2m | [22m[2m-[22m                                             [2m | [22m  [36m6.83 kB[39m[2m | [22m
[32mchunk-LQCADAKW.js[39m                                [2m | [22m[2m-[22m                                             [2m | [22m  [36m6.73 kB[39m[2m | [22m
[32mspec-toast.component.spec.js[39m                     [2m | [22m[2mspec-toast.component.spec[22m                     [2m | [22m  [36m6.71 kB[39m[2m | [22m
[32mchunk-JCYSKMMC.js[39m                                [2m | [22m[2m-[22m                                             [2m | [22m  [36m6.71 kB[39m[2m | [22m
[32mchunk-MWGWUTPM.js[39m                                [2m | [22m[2m-[22m                                             [2m | [22m  [36m6.70 kB[39m[2m | [22m
[32mchunk-DHADUV54.js[39m                                [2m | [22m[2m-[22m                                             [2m | [22m  [36m6.68 kB[39m[2m | [22m
[32mchunk-VL3GZVMU.js[39m                                [2m | [22m[2m-[22m                                             [2m | [22m  [36m6.56 kB[39m[2m | [22m
[32mspec-calendar-drag-preview.component.spec.js[39m     [2m | [22m[2mspec-calendar-drag-preview.component.spec[22m     [2m | [22m  [36m6.53 kB[39m[2m | [22m
[32mchunk-YQ3RVHJH.js[39m                                [2m | [22m[2m-[22m                                             [2m | [22m  [36m6.49 kB[39m[2m | [22m
[32mchunk-6DLC7RVN.js[39m                                [2m | [22m[2m-[22m                                             [2m | [22m  [36m6.44 kB[39m[2m | [22m
[32mspec-not-found-state.component.spec.js[39m           [2m | [22m[2mspec-not-found-state.component.spec[22m           [2m | [22m  [36m6.43 kB[39m[2m | [22m
[32mspec-logout-button.component.spec.js[39m             [2m | [22m[2mspec-logout-button.component.spec[22m             [2m | [22m  [36m6.22 kB[39m[2m | [22m
[32mchunk-SWGDUJMH.js[39m                                [2m | [22m[2m-[22m                                             [2m | [22m  [36m6.18 kB[39m[2m | [22m
[32mchunk-I24EO3DZ.js[39m                                [2m | [22m[2m-[22m                                             [2m | [22m  [36m6.08 kB[39m[2m | [22m
[32mchunk-UGSWARTZ.js[39m                                [2m | [22m[2m-[22m                                             [2m | [22m  [36m6.03 kB[39m[2m | [22m
[32mspec-calendar-business.service.spec.js[39m           [2m | [22m[2mspec-calendar-business.service.spec[22m           [2m | [22m  [36m5.88 kB[39m[2m | [22m
[32mspec-avatar.component.spec.js[39m                    [2m | [22m[2mspec-avatar.component.spec[22m                    [2m | [22m  [36m5.83 kB[39m[2m | [22m
[32mspec-popular-badge.component.spec.js[39m             [2m | [22m[2mspec-popular-badge.component.spec[22m             [2m | [22m  [36m5.79 kB[39m[2m | [22m
[32mspec-auth-popup.component.spec.js[39m                [2m | [22m[2mspec-auth-popup.component.spec[22m                [2m | [22m  [36m5.58 kB[39m[2m | [22m
[32mspec-translation.service.spec.js[39m                 [2m | [22m[2mspec-translation.service.spec[22m                 [2m | [22m  [36m5.54 kB[39m[2m | [22m
[32mspec-language-selector.component.spec.js[39m         [2m | [22m[2mspec-language-selector.component.spec[22m         [2m | [22m  [36m5.43 kB[39m[2m | [22m
[32mchunk-XH36UPGJ.js[39m                                [2m | [22m[2m-[22m                                             [2m | [22m  [36m5.37 kB[39m[2m | [22m
[32mchunk-7LYBXOWX.js[39m                                [2m | [22m[2m-[22m                                             [2m | [22m  [36m5.33 kB[39m[2m | [22m
[32mspec-calendar-time-slot.component.spec.js[39m        [2m | [22m[2mspec-calendar-time-slot.component.spec[22m        [2m | [22m  [36m5.13 kB[39m[2m | [22m
[32mspec-floating-button.component.spec.js[39m           [2m | [22m[2mspec-floating-button.component.spec[22m           [2m | [22m  [36m5.02 kB[39m[2m | [22m
[32mchunk-OE2JOO2B.js[39m                                [2m | [22m[2m-[22m                                             [2m | [22m  [36m4.98 kB[39m[2m | [22m
[32mspec-filters-inline.component.spec.js[39m            [2m | [22m[2mspec-filters-inline.component.spec[22m            [2m | [22m  [36m4.94 kB[39m[2m | [22m
[32mchunk-DM6JAH3M.js[39m                                [2m | [22m[2m-[22m                                             [2m | [22m  [36m4.90 kB[39m[2m | [22m
[32mchunk-YR47UTCH.js[39m                                [2m | [22m[2m-[22m                                             [2m | [22m  [36m4.77 kB[39m[2m | [22m
[32mchunk-D6RUKOLT.js[39m                                [2m | [22m[2m-[22m                                             [2m | [22m  [36m4.66 kB[39m[2m | [22m
[32mspec-popup-stack.component.spec.js[39m               [2m | [22m[2mspec-popup-stack.component.spec[22m               [2m | [22m  [36m4.65 kB[39m[2m | [22m
[32mchunk-VK37W4TK.js[39m                                [2m | [22m[2m-[22m                                             [2m | [22m  [36m4.63 kB[39m[2m | [22m
[32mspec-appointment-detail-popup.component.spec.js[39m  [2m | [22m[2mspec-appointment-detail-popup.component.spec[22m  [2m | [22m  [36m4.62 kB[39m[2m | [22m
[32mchunk-JHC2KBT6.js[39m                                [2m | [22m[2m-[22m                                             [2m | [22m  [36m4.42 kB[39m[2m | [22m
[32mchunk-H6FUTU5E.js[39m                                [2m | [22m[2m-[22m                                             [2m | [22m  [36m4.39 kB[39m[2m | [22m
[32mchunk-X4EO23ZS.js[39m                                [2m | [22m[2m-[22m                                             [2m | [22m  [36m4.38 kB[39m[2m | [22m
[32mchunk-FG3F7N7N.js[39m                                [2m | [22m[2m-[22m                                             [2m | [22m  [36m4.20 kB[39m[2m | [22m
[32mspec-calendar-lunch-break.component.spec.js[39m      [2m | [22m[2mspec-calendar-lunch-break.component.spec[22m      [2m | [22m  [36m4.17 kB[39m[2m | [22m
[32mspec-calendar-drop-indicator.component.spec.js[39m   [2m | [22m[2mspec-calendar-drop-indicator.component.spec[22m   [2m | [22m  [36m4.15 kB[39m[2m | [22m
[32mtest_main.js[39m                                     [2m | [22m[2mtest_main[22m                                     [2m | [22m  [36m4.14 kB[39m[2m | [22m
[32mspec-calendar-time-column.component.spec.js[39m      [2m | [22m[2mspec-calendar-time-column.component.spec[22m      [2m | [22m  [36m4.14 kB[39m[2m | [22m
[32mspec-card.component.spec.js[39m                      [2m | [22m[2mspec-card.component.spec[22m                      [2m | [22m  [36m4.08 kB[39m[2m | [22m
[32mspec-appointments-stats.component.spec.js[39m        [2m | [22m[2mspec-appointments-stats.component.spec[22m        [2m | [22m  [36m4.03 kB[39m[2m | [22m
[32mchunk-ZNXCAEIS.js[39m                                [2m | [22m[2m-[22m                                             [2m | [22m  [36m4.03 kB[39m[2m | [22m
[32mspec-appointment-slot.component.spec.js[39m          [2m | [22m[2mspec-appointment-slot.component.spec[22m          [2m | [22m  [36m3.63 kB[39m[2m | [22m
[32mchunk-LCOGKK6J.js[39m                                [2m | [22m[2m-[22m                                             [2m | [22m  [36m3.63 kB[39m[2m | [22m
[32mchunk-V2ZS6VK5.js[39m                                [2m | [22m[2m-[22m                                             [2m | [22m  [36m3.58 kB[39m[2m | [22m
[32mspec-calendar-day-header.component.spec.js[39m       [2m | [22m[2mspec-calendar-day-header.component.spec[22m       [2m | [22m  [36m3.37 kB[39m[2m | [22m
[32mchunk-V6KSIEUJ.js[39m                                [2m | [22m[2m-[22m                                             [2m | [22m  [36m3.33 kB[39m[2m | [22m
[32mchunk-BGW33NUZ.js[39m                                [2m | [22m[2m-[22m                                             [2m | [22m  [36m3.28 kB[39m[2m | [22m
[32mchunk-GFCBWROC.js[39m                                [2m | [22m[2m-[22m                                             [2m | [22m  [36m3.23 kB[39m[2m | [22m
[32mchunk-SFCSTYCN.js[39m                                [2m | [22m[2m-[22m                                             [2m | [22m  [36m3.19 kB[39m[2m | [22m
[32mchunk-ATSKNLMB.js[39m                                [2m | [22m[2m-[22m                                             [2m | [22m  [36m3.00 kB[39m[2m | [22m
[32mchunk-EIDJIMHS.js[39m                                [2m | [22m[2m-[22m                                             [2m | [22m  [36m2.96 kB[39m[2m | [22m
[32mspec-popup-modal.component.spec.js[39m               [2m | [22m[2mspec-popup-modal.component.spec[22m               [2m | [22m  [36m2.70 kB[39m[2m | [22m
[32mchunk-KGWWDU36.js[39m                                [2m | [22m[2m-[22m                                             [2m | [22m  [36m2.60 kB[39m[2m | [22m
[32mspec-header.component.spec.js[39m                    [2m | [22m[2mspec-header.component.spec[22m                    [2m | [22m  [36m2.57 kB[39m[2m | [22m
[32mchunk-K6PT3X4T.js[39m                                [2m | [22m[2m-[22m                                             [2m | [22m  [36m2.54 kB[39m[2m | [22m
[32mchunk-5G3SHVY2.js[39m                                [2m | [22m[2m-[22m                                             [2m | [22m  [36m2.36 kB[39m[2m | [22m
[32mspec-calendar-footer.component.spec.js[39m           [2m | [22m[2mspec-calendar-footer.component.spec[22m           [2m | [22m  [36m2.31 kB[39m[2m | [22m
[32mchunk-35ENWJA4.js[39m                                [2m | [22m[2m-[22m                                             [2m | [22m  [36m2.24 kB[39m[2m | [22m
[32mchunk-2YMDHZQL.js[39m                                [2m | [22m[2m-[22m                                             [2m | [22m  [36m2.21 kB[39m[2m | [22m
[32mchunk-KO5X6X4W.js[39m                                [2m | [22m[2m-[22m                                             [2m | [22m  [36m2.13 kB[39m[2m | [22m
[32mspec-button.component.spec.js[39m                    [2m | [22m[2mspec-button.component.spec[22m                    [2m | [22m  [36m2.05 kB[39m[2m | [22m
[32mspec-auth.guard.spec.js[39m                          [2m | [22m[2mspec-auth.guard.spec[22m                          [2m | [22m  [36m1.85 kB[39m[2m | [22m
[32mspec-calendar-loader.component.spec.js[39m           [2m | [22m[2mspec-calendar-loader.component.spec[22m           [2m | [22m  [36m1.83 kB[39m[2m | [22m
[32mchunk-SHRXFIXV.js[39m                                [2m | [22m[2m-[22m                                             [2m | [22m  [36m1.74 kB[39m[2m | [22m
[32mchunk-QQ74U6NC.js[39m                                [2m | [22m[2m-[22m                                             [2m | [22m  [36m1.63 kB[39m[2m | [22m
[32mchunk-OIALAVN2.js[39m                                [2m | [22m[2m-[22m                                             [2m | [22m  [36m1.47 kB[39m[2m | [22m
[32mchunk-D7IGVF7X.js[39m                                [2m | [22m[2m-[22m                                             [2m | [22m  [36m1.31 kB[39m[2m | [22m
[32mchunk-7FMX6PC2.js[39m                                [2m | [22m[2m-[22m                                             [2m | [22m  [36m1.30 kB[39m[2m | [22m
[32mchunk-62SEZJJI.js[39m                                [2m | [22m[2m-[22m                                             [2m | [22m  [36m1.04 kB[39m[2m | [22m
[32mchunk-OFJNNNRV.js[39m                                [2m | [22m[2m-[22m                                             [2m | [22m[36m751 bytes[39m[2m | [22m
[32mjasmine-cleanup-0.js[39m                             [2m | [22m[2mjasmine-cleanup-0[22m                             [2m | [22m[36m519 bytes[39m[2m | [22m
[32mchunk-ONP5GJ2Y.js[39m                                [2m | [22m[2m-[22m                                             [2m | [22m[36m396 bytes[39m[2m | [22m
[32mchunk-CDLDTEFO.js[39m                                [2m | [22m[2m-[22m                                             [2m | [22m[36m353 bytes[39m[2m | [22m
[32mchunk-6Y5IJR3M.js[39m                                [2m | [22m[2m-[22m                                             [2m | [22m [36m43 bytes[39m[2m | [22m
[32mchunk-7JWMSYVW.js[39m                                [2m | [22m[2m-[22m                                             [2m | [22m [36m43 bytes[39m[2m | [22m

[1m [22m                                                [2m | [22m[1mInitial total[22m                                 [2m | [22m  [1m8.65 MB[22m

Application bundle generation complete. [5.883 seconds]

[32m25 08 2025 16:21:36.216:INFO [karma-server]: [39mKarma v6.4.4 server started at http://localhost:9876/
[32m25 08 2025 16:21:36.218:INFO [launcher]: [39mLaunching browsers ChromeHeadless with concurrency unlimited
[32m25 08 2025 16:21:36.230:INFO [launcher]: [39mStarting browser ChromeHeadless
[32m25 08 2025 16:21:38.476:INFO [Chrome Headless 139.0.0.0 (Windows 10)]: [39mConnected on socket wToAX5z7cb-sTEkWAAAB with id 20699493
Chrome Headless 139.0.0.0 (Windows 10): Executed 0 of 1370[32m SUCCESS[39m (0 secs / 0 secs)
[1A[2KChrome Headless 139.0.0.0 (Windows 10): Executed 1 of 1370[32m SUCCESS[39m (0 secs / 0.057 secs)
[1A[2KChrome Headless 139.0.0.0 (Windows 10): Executed 2 of 1370[32m SUCCESS[39m (0 secs / 0.063 secs)
[1A[2KChrome Headless 139.0.0.0 (Windows 10): Executed 3 of 1370[32m SUCCESS[39m (0 secs / 0.068 secs)
[1A[2K[31mChrome Headless 139.0.0.0 (Windows 10) FiltersPopupComponent should have proper component structure FAILED[39m
	Expected 'FiltersPopupComponent2' to be 'FiltersPopupComponent'.
	    at <Jasmine>
	    at UserContext.<anonymous> (spec-filters-popup.component.spec.js:257:62)
	    at _ZoneDelegate.invoke (node_modules/zone.js/fesm2015/zone.js:398:28)
	    at _ProxyZoneSpec.onInvoke (node_modules/zone.js/fesm2015/zone-testing.js:2132:39)
	    at _ZoneDelegate.invoke (node_modules/zone.js/fesm2015/zone.js:397:34)
Chrome Headless 139.0.0.0 (Windows 10): Executed 4 of 1370[31m (1 FAILED)[39m (0 secs / 0.072 secs)
[1A[2KChrome Headless 139.0.0.0 (Windows 10): Executed 5 of 1370[31m (1 FAILED)[39m (0 secs / 0.075 secs)
[1A[2KChrome Headless 139.0.0.0 (Windows 10): Executed 6 of 1370[31m (1 FAILED)[39m (0 secs / 0.077 secs)
[1A[2KChrome Headless 139.0.0.0 (Windows 10): Executed 7 of 1370[31m (1 FAILED)[39m (0 secs / 0.08 secs)
[1A[2KChrome Headless 139.0.0.0 (Windows 10): Executed 8 of 1370[31m (1 FAILED)[39m (0 secs / 0.082 secs)
[1A[2KChrome Headless 139.0.0.0 (Windows 10): Executed 9 of 1370[31m (1 FAILED)[39m (0 secs / 0.084 secs)
[1A[2KChrome Headless 139.0.0.0 (Windows 10): Executed 10 of 1370[31m (1 FAILED)[39m (0 secs / 0.087 secs)
[1A[2KChrome Headless 139.0.0.0 (Windows 10): Executed 11 of 1370[31m (1 FAILED)[39m (0 secs / 0.089 secs)
[1A[2KChrome Headless 139.0.0.0 (Windows 10): Executed 12 of 1370[31m (1 FAILED)[39m (0 secs / 0.094 secs)
[1A[2K[31mChrome Headless 139.0.0.0 (Windows 10) FiltersPopupComponent should be a standalone component FAILED[39m
	Expected 'FiltersPopupComponent2' to be 'FiltersPopupComponent'.
	    at <Jasmine>
	    at UserContext.<anonymous> (spec-filters-popup.component.spec.js:261:62)
	    at _ZoneDelegate.invoke (node_modules/zone.js/fesm2015/zone.js:398:28)
	    at _ProxyZoneSpec.onInvoke (node_modules/zone.js/fesm2015/zone-testing.js:2132:39)
	    at _ZoneDelegate.invoke (node_modules/zone.js/fesm2015/zone.js:397:34)
Chrome Headless 139.0.0.0 (Windows 10): Executed 13 of 1370[31m (2 FAILED)[39m (0 secs / 0.096 secs)
[1A[2KChrome Headless 139.0.0.0 (Windows 10): Executed 14 of 1370[31m (2 FAILED)[39m (0 secs / 0.098 secs)
[1A[2KChrome Headless 139.0.0.0 (Windows 10): Executed 15 of 1370[31m (2 FAILED)[39m (0 secs / 0.1 secs)
[1A[2KChrome Headless 139.0.0.0 (Windows 10): Executed 16 of 1370[31m (2 FAILED)[39m (0 secs / 0.102 secs)
[1A[2KChrome Headless 139.0.0.0 (Windows 10): Executed 17 of 1370[31m (2 FAILED)[39m (0 secs / 0.104 secs)
[1A[2KChrome Headless 139.0.0.0 (Windows 10): Executed 18 of 1370[31m (2 FAILED)[39m (0 secs / 0.105 secs)
[1A[2KChrome Headless 139.0.0.0 (Windows 10): Executed 19 of 1370[31m (2 FAILED)[39m (0 secs / 0.106 secs)
[1A[2KChrome Headless 139.0.0.0 (Windows 10): Executed 20 of 1370[31m (2 FAILED)[39m (0 secs / 0.108 secs)
[1A[2KChrome Headless 139.0.0.0 (Windows 10): Executed 21 of 1370[31m (2 FAILED)[39m (0 secs / 0.109 secs)
[1A[2KChrome Headless 139.0.0.0 (Windows 10): Executed 22 of 1370[31m (2 FAILED)[39m (0 secs / 0.11 secs)
[1A[2KWARN: [36m'
  It looks like you're using the disabled attribute with a reactive form directive. If you set disabled to true
  when you set up this control in your component class, the disabled attribute will actually be set in the DOM for
  you. We recommend using this approach to avoid 'changed after checked' errors.

  Example:
  // Specify the `disabled` property at control creation time:
  form = new FormGroup({
    first: new FormControl({value: 'Nancy', disabled: true}, Validators.required),
    last: new FormControl('Drew', Validators.required)
  });

  // Controls can also be enabled/disabled after creation:
  form.get('first')?.enable();
  form.get('last')?.disable();
'[39m
Chrome Headless 139.0.0.0 (Windows 10): Executed 22 of 1370[31m (2 FAILED)[39m (0 secs / 0.11 secs)
WARN: '
  It looks like you're using the disabled attribute with a reactive form directive. If you set disabled to true
  when you set up this control in your component class, the disabled attribute will actually be set in the DOM for
  you. We recommend using this approach to avoid 'changed after checked' errors.

  Example:
  // Specify the `disabled` property at control creation time:
  form = new FormGroup({
    first: new FormControl({value: 'Nancy', disabled: true}, Validators.required),
    last: new FormControl('Drew', Validators.required)
  });

  // Controls can also be enabled/disabled after creation:
  form.get('first')?.enable();
  form.get('last')?.disable();
'
[1A[2KChrome Headless 139.0.0.0 (Windows 10): Executed 23 of 1370[31m (2 FAILED)[39m (0 secs / 0.138 secs)
[1A[2KWARN: [36m'
  It looks like you're using the disabled attribute with a reactive form directive. If you set disabled to true
  when you set up this control in your component class, the disabled attribute will actually be set in the DOM for
  you. We recommend using this approach to avoid 'changed after checked' errors.

  Example:
  // Specify the `disabled` property at control creation time:
  form = new FormGroup({
    first: new FormControl({value: 'Nancy', disabled: true}, Validators.required),
    last: new FormControl('Drew', Validators.required)
  });

  // Controls can also be enabled/disabled after creation:
  form.get('first')?.enable();
  form.get('last')?.disable();
'[39m
Chrome Headless 139.0.0.0 (Windows 10): Executed 23 of 1370[31m (2 FAILED)[39m (0 secs / 0.138 secs)
WARN: '
  It looks like you're using the disabled attribute with a reactive form directive. If you set disabled to true
  when you set up this control in your component class, the disabled attribute will actually be set in the DOM for
  you. We recommend using this approach to avoid 'changed after checked' errors.

  Example:
  // Specify the `disabled` property at control creation time:
  form = new FormGroup({
    first: new FormControl({value: 'Nancy', disabled: true}, Validators.required),
    last: new FormControl('Drew', Validators.required)
  });

  // Controls can also be enabled/disabled after creation:
  form.get('first')?.enable();
  form.get('last')?.disable();
'
[1A[2KChrome Headless 139.0.0.0 (Windows 10): Executed 24 of 1370[31m (2 FAILED)[39m (0 secs / 0.157 secs)
[1A[2KWARN: [36m'
  It looks like you're using the disabled attribute with a reactive form directive. If you set disabled to true
  when you set up this control in your component class, the disabled attribute will actually be set in the DOM for
  you. We recommend using this approach to avoid 'changed after checked' errors.

  Example:
  // Specify the `disabled` property at control creation time:
  form = new FormGroup({
    first: new FormControl({value: 'Nancy', disabled: true}, Validators.required),
    last: new FormControl('Drew', Validators.required)
  });

  // Controls can also be enabled/disabled after creation:
  form.get('first')?.enable();
  form.get('last')?.disable();
'[39m
Chrome Headless 139.0.0.0 (Windows 10): Executed 24 of 1370[31m (2 FAILED)[39m (0 secs / 0.157 secs)
WARN: '
  It looks like you're using the disabled attribute with a reactive form directive. If you set disabled to true
  when you set up this control in your component class, the disabled attribute will actually be set in the DOM for
  you. We recommend using this approach to avoid 'changed after checked' errors.

  Example:
  // Specify the `disabled` property at control creation time:
  form = new FormGroup({
    first: new FormControl({value: 'Nancy', disabled: true}, Validators.required),
    last: new FormControl('Drew', Validators.required)
  });

  // Controls can also be enabled/disabled after creation:
  form.get('first')?.enable();
  form.get('last')?.disable();
'
[1A[2KChrome Headless 139.0.0.0 (Windows 10): Executed 25 of 1370[31m (2 FAILED)[39m (0 secs / 0.165 secs)
[1A[2KWARN: [36m'
  It looks like you're using the disabled attribute with a reactive form directive. If you set disabled to true
  when you set up this control in your component class, the disabled attribute will actually be set in the DOM for
  you. We recommend using this approach to avoid 'changed after checked' errors.

  Example:
  // Specify the `disabled` property at control creation time:
  form = new FormGroup({
    first: new FormControl({value: 'Nancy', disabled: true}, Validators.required),
    last: new FormControl('Drew', Validators.required)
  });

  // Controls can also be enabled/disabled after creation:
  form.get('first')?.enable();
  form.get('last')?.disable();
'[39m
Chrome Headless 139.0.0.0 (Windows 10): Executed 25 of 1370[31m (2 FAILED)[39m (0 secs / 0.165 secs)
WARN: '
  It looks like you're using the disabled attribute with a reactive form directive. If you set disabled to true
  when you set up this control in your component class, the disabled attribute will actually be set in the DOM for
  you. We recommend using this approach to avoid 'changed after checked' errors.

  Example:
  // Specify the `disabled` property at control creation time:
  form = new FormGroup({
    first: new FormControl({value: 'Nancy', disabled: true}, Validators.required),
    last: new FormControl('Drew', Validators.required)
  });

  // Controls can also be enabled/disabled after creation:
  form.get('first')?.enable();
  form.get('last')?.disable();
'
[1A[2KChrome Headless 139.0.0.0 (Windows 10): Executed 26 of 1370[31m (2 FAILED)[39m (0 secs / 0.171 secs)
[1A[2KWARN: [36m'
  It looks like you're using the disabled attribute with a reactive form directive. If you set disabled to true
  when you set up this control in your component class, the disabled attribute will actually be set in the DOM for
  you. We recommend using this approach to avoid 'changed after checked' errors.

  Example:
  // Specify the `disabled` property at control creation time:
  form = new FormGroup({
    first: new FormControl({value: 'Nancy', disabled: true}, Validators.required),
    last: new FormControl('Drew', Validators.required)
  });

  // Controls can also be enabled/disabled after creation:
  form.get('first')?.enable();
  form.get('last')?.disable();
'[39m
Chrome Headless 139.0.0.0 (Windows 10): Executed 26 of 1370[31m (2 FAILED)[39m (0 secs / 0.171 secs)
WARN: '
  It looks like you're using the disabled attribute with a reactive form directive. If you set disabled to true
  when you set up this control in your component class, the disabled attribute will actually be set in the DOM for
  you. We recommend using this approach to avoid 'changed after checked' errors.

  Example:
  // Specify the `disabled` property at control creation time:
  form = new FormGroup({
    first: new FormControl({value: 'Nancy', disabled: true}, Validators.required),
    last: new FormControl('Drew', Validators.required)
  });

  // Controls can also be enabled/disabled after creation:
  form.get('first')?.enable();
  form.get('last')?.disable();
'
[1A[2KWARN: [36m'
  It looks like you're using the disabled attribute with a reactive form directive. If you set disabled to true
  when you set up this control in your component class, the disabled attribute will actually be set in the DOM for
  you. We recommend using this approach to avoid 'changed after checked' errors.

  Example:
  // Specify the `disabled` property at control creation time:
  form = new FormGroup({
    first: new FormControl({value: 'Nancy', disabled: true}, Validators.required),
    last: new FormControl('Drew', Validators.required)
  });

  // Controls can also be enabled/disabled after creation:
  form.get('first')?.enable();
  form.get('last')?.disable();
'[39m
Chrome Headless 139.0.0.0 (Windows 10): Executed 26 of 1370[31m (2 FAILED)[39m (0 secs / 0.171 secs)
WARN: '
  It looks like you're using the disabled attribute with a reactive form directive. If you set disabled to true
  when you set up this control in your component class, the disabled attribute will actually be set in the DOM for
  you. We recommend using this approach to avoid 'changed after checked' errors.

  Example:
  // Specify the `disabled` property at control creation time:
  form = new FormGroup({
    first: new FormControl({value: 'Nancy', disabled: true}, Validators.required),
    last: new FormControl('Drew', Validators.required)
  });

  // Controls can also be enabled/disabled after creation:
  form.get('first')?.enable();
  form.get('last')?.disable();
'
[1A[2K[31mChrome Headless 139.0.0.0 (Windows 10) InputTextareaComponent Component Configuration should apply disabled state correctly FAILED[39m
	Expected false to be true.
	    at <Jasmine>
	    at UserContext.<anonymous> (spec-input-textarea.component.spec.js:244:54)
	    at _ZoneDelegate.invoke (node_modules/zone.js/fesm2015/zone.js:398:28)
	    at _ProxyZoneSpec.onInvoke (node_modules/zone.js/fesm2015/zone-testing.js:2132:39)
	    at _ZoneDelegate.invoke (node_modules/zone.js/fesm2015/zone.js:397:34)
Chrome Headless 139.0.0.0 (Windows 10): Executed 27 of 1370[31m (3 FAILED)[39m (0 secs / 0.177 secs)
[1A[2KWARN: [36m'
  It looks like you're using the disabled attribute with a reactive form directive. If you set disabled to true
  when you set up this control in your component class, the disabled attribute will actually be set in the DOM for
  you. We recommend using this approach to avoid 'changed after checked' errors.

  Example:
  // Specify the `disabled` property at control creation time:
  form = new FormGroup({
    first: new FormControl({value: 'Nancy', disabled: true}, Validators.required),
    last: new FormControl('Drew', Validators.required)
  });

  // Controls can also be enabled/disabled after creation:
  form.get('first')?.enable();
  form.get('last')?.disable();
'[39m
Chrome Headless 139.0.0.0 (Windows 10): Executed 27 of 1370[31m (3 FAILED)[39m (0 secs / 0.177 secs)
WARN: '
  It looks like you're using the disabled attribute with a reactive form directive. If you set disabled to true
  when you set up this control in your component class, the disabled attribute will actually be set in the DOM for
  you. We recommend using this approach to avoid 'changed after checked' errors.

  Example:
  // Specify the `disabled` property at control creation time:
  form = new FormGroup({
    first: new FormControl({value: 'Nancy', disabled: true}, Validators.required),
    last: new FormControl('Drew', Validators.required)
  });

  // Controls can also be enabled/disabled after creation:
  form.get('first')?.enable();
  form.get('last')?.disable();
'
[1A[2KChrome Headless 139.0.0.0 (Windows 10): Executed 28 of 1370[31m (3 FAILED)[39m (0 secs / 0.182 secs)
[1A[2KWARN: [36m'
  It looks like you're using the disabled attribute with a reactive form directive. If you set disabled to true
  when you set up this control in your component class, the disabled attribute will actually be set in the DOM for
  you. We recommend using this approach to avoid 'changed after checked' errors.

  Example:
  // Specify the `disabled` property at control creation time:
  form = new FormGroup({
    first: new FormControl({value: 'Nancy', disabled: true}, Validators.required),
    last: new FormControl('Drew', Validators.required)
  });

  // Controls can also be enabled/disabled after creation:
  form.get('first')?.enable();
  form.get('last')?.disable();
'[39m
Chrome Headless 139.0.0.0 (Windows 10): Executed 28 of 1370[31m (3 FAILED)[39m (0 secs / 0.182 secs)
WARN: '
  It looks like you're using the disabled attribute with a reactive form directive. If you set disabled to true
  when you set up this control in your component class, the disabled attribute will actually be set in the DOM for
  you. We recommend using this approach to avoid 'changed after checked' errors.

  Example:
  // Specify the `disabled` property at control creation time:
  form = new FormGroup({
    first: new FormControl({value: 'Nancy', disabled: true}, Validators.required),
    last: new FormControl('Drew', Validators.required)
  });

  // Controls can also be enabled/disabled after creation:
  form.get('first')?.enable();
  form.get('last')?.disable();
'
[1A[2K[31mChrome Headless 139.0.0.0 (Windows 10) InputTextareaComponent Component Configuration should apply invalid state correctly FAILED[39m
	Expected null to be 'true'.
	    at <Jasmine>
	    at UserContext.<anonymous> (spec-input-textarea.component.spec.js:256:69)
	    at _ZoneDelegate.invoke (node_modules/zone.js/fesm2015/zone.js:398:28)
	    at _ProxyZoneSpec.onInvoke (node_modules/zone.js/fesm2015/zone-testing.js:2132:39)
	    at _ZoneDelegate.invoke (node_modules/zone.js/fesm2015/zone.js:397:34)
Chrome Headless 139.0.0.0 (Windows 10): Executed 29 of 1370[31m (4 FAILED)[39m (0 secs / 0.187 secs)
[1A[2KWARN: [36m'
  It looks like you're using the disabled attribute with a reactive form directive. If you set disabled to true
  when you set up this control in your component class, the disabled attribute will actually be set in the DOM for
  you. We recommend using this approach to avoid 'changed after checked' errors.

  Example:
  // Specify the `disabled` property at control creation time:
  form = new FormGroup({
    first: new FormControl({value: 'Nancy', disabled: true}, Validators.required),
    last: new FormControl('Drew', Validators.required)
  });

  // Controls can also be enabled/disabled after creation:
  form.get('first')?.enable();
  form.get('last')?.disable();
'[39m
Chrome Headless 139.0.0.0 (Windows 10): Executed 29 of 1370[31m (4 FAILED)[39m (0 secs / 0.187 secs)
WARN: '
  It looks like you're using the disabled attribute with a reactive form directive. If you set disabled to true
  when you set up this control in your component class, the disabled attribute will actually be set in the DOM for
  you. We recommend using this approach to avoid 'changed after checked' errors.

  Example:
  // Specify the `disabled` property at control creation time:
  form = new FormGroup({
    first: new FormControl({value: 'Nancy', disabled: true}, Validators.required),
    last: new FormControl('Drew', Validators.required)
  });

  // Controls can also be enabled/disabled after creation:
  form.get('first')?.enable();
  form.get('last')?.disable();
'
[1A[2K[31mChrome Headless 139.0.0.0 (Windows 10) InputTextareaComponent Component Configuration should apply fluid configuration correctly FAILED[39m
	Expected null to be 'false'.
	    at <Jasmine>
	    at UserContext.<anonymous> (spec-input-textarea.component.spec.js:274:67)
	    at _ZoneDelegate.invoke (node_modules/zone.js/fesm2015/zone.js:398:28)
	    at _ProxyZoneSpec.onInvoke (node_modules/zone.js/fesm2015/zone-testing.js:2132:39)
	    at _ZoneDelegate.invoke (node_modules/zone.js/fesm2015/zone.js:397:34)
Chrome Headless 139.0.0.0 (Windows 10): Executed 30 of 1370[31m (5 FAILED)[39m (0 secs / 0.193 secs)
[1A[2KWARN: [36m'
  It looks like you're using the disabled attribute with a reactive form directive. If you set disabled to true
  when you set up this control in your component class, the disabled attribute will actually be set in the DOM for
  you. We recommend using this approach to avoid 'changed after checked' errors.

  Example:
  // Specify the `disabled` property at control creation time:
  form = new FormGroup({
    first: new FormControl({value: 'Nancy', disabled: true}, Validators.required),
    last: new FormControl('Drew', Validators.required)
  });

  // Controls can also be enabled/disabled after creation:
  form.get('first')?.enable();
  form.get('last')?.disable();
'[39m
Chrome Headless 139.0.0.0 (Windows 10): Executed 30 of 1370[31m (5 FAILED)[39m (0 secs / 0.193 secs)
WARN: '
  It looks like you're using the disabled attribute with a reactive form directive. If you set disabled to true
  when you set up this control in your component class, the disabled attribute will actually be set in the DOM for
  you. We recommend using this approach to avoid 'changed after checked' errors.

  Example:
  // Specify the `disabled` property at control creation time:
  form = new FormGroup({
    first: new FormControl({value: 'Nancy', disabled: true}, Validators.required),
    last: new FormControl('Drew', Validators.required)
  });

  // Controls can also be enabled/disabled after creation:
  form.get('first')?.enable();
  form.get('last')?.disable();
'
[1A[2K[31mChrome Headless 139.0.0.0 (Windows 10) InputTextareaComponent Component Configuration should apply variant configuration correctly FAILED[39m
	Expected null to be 'filled'.
	    at <Jasmine>
	    at UserContext.<anonymous> (spec-input-textarea.component.spec.js:268:69)
	    at _ZoneDelegate.invoke (node_modules/zone.js/fesm2015/zone.js:398:28)
	    at _ProxyZoneSpec.onInvoke (node_modules/zone.js/fesm2015/zone-testing.js:2132:39)
	    at _ZoneDelegate.invoke (node_modules/zone.js/fesm2015/zone.js:397:34)
Chrome Headless 139.0.0.0 (Windows 10): Executed 31 of 1370[31m (6 FAILED)[39m (0 secs / 0.199 secs)
[1A[2KWARN: [36m'
  It looks like you're using the disabled attribute with a reactive form directive. If you set disabled to true
  when you set up this control in your component class, the disabled attribute will actually be set in the DOM for
  you. We recommend using this approach to avoid 'changed after checked' errors.

  Example:
  // Specify the `disabled` property at control creation time:
  form = new FormGroup({
    first: new FormControl({value: 'Nancy', disabled: true}, Validators.required),
    last: new FormControl('Drew', Validators.required)
  });

  // Controls can also be enabled/disabled after creation:
  form.get('first')?.enable();
  form.get('last')?.disable();
'[39m
Chrome Headless 139.0.0.0 (Windows 10): Executed 31 of 1370[31m (6 FAILED)[39m (0 secs / 0.199 secs)
WARN: '
  It looks like you're using the disabled attribute with a reactive form directive. If you set disabled to true
  when you set up this control in your component class, the disabled attribute will actually be set in the DOM for
  you. We recommend using this approach to avoid 'changed after checked' errors.

  Example:
  // Specify the `disabled` property at control creation time:
  form = new FormGroup({
    first: new FormControl({value: 'Nancy', disabled: true}, Validators.required),
    last: new FormControl('Drew', Validators.required)
  });

  // Controls can also be enabled/disabled after creation:
  form.get('first')?.enable();
  form.get('last')?.disable();
'
[1A[2K[31mChrome Headless 139.0.0.0 (Windows 10) InputTextareaComponent Component Configuration should apply size configuration correctly FAILED[39m
	Expected null to be 'large'.
	    at <Jasmine>
	    at UserContext.<anonymous> (spec-input-textarea.component.spec.js:262:67)
	    at _ZoneDelegate.invoke (node_modules/zone.js/fesm2015/zone.js:398:28)
	    at _ProxyZoneSpec.onInvoke (node_modules/zone.js/fesm2015/zone-testing.js:2132:39)
	    at _ZoneDelegate.invoke (node_modules/zone.js/fesm2015/zone.js:397:34)
Chrome Headless 139.0.0.0 (Windows 10): Executed 32 of 1370[31m (7 FAILED)[39m (0 secs / 0.204 secs)
[1A[2KWARN: [36m'
  It looks like you're using the disabled attribute with a reactive form directive. If you set disabled to true
  when you set up this control in your component class, the disabled attribute will actually be set in the DOM for
  you. We recommend using this approach to avoid 'changed after checked' errors.

  Example:
  // Specify the `disabled` property at control creation time:
  form = new FormGroup({
    first: new FormControl({value: 'Nancy', disabled: true}, Validators.required),
    last: new FormControl('Drew', Validators.required)
  });

  // Controls can also be enabled/disabled after creation:
  form.get('first')?.enable();
  form.get('last')?.disable();
'[39m
Chrome Headless 139.0.0.0 (Windows 10): Executed 32 of 1370[31m (7 FAILED)[39m (0 secs / 0.204 secs)
WARN: '
  It looks like you're using the disabled attribute with a reactive form directive. If you set disabled to true
  when you set up this control in your component class, the disabled attribute will actually be set in the DOM for
  you. We recommend using this approach to avoid 'changed after checked' errors.

  Example:
  // Specify the `disabled` property at control creation time:
  form = new FormGroup({
    first: new FormControl({value: 'Nancy', disabled: true}, Validators.required),
    last: new FormControl('Drew', Validators.required)
  });

  // Controls can also be enabled/disabled after creation:
  form.get('first')?.enable();
  form.get('last')?.disable();
'
[1A[2KChrome Headless 139.0.0.0 (Windows 10): Executed 33 of 1370[31m (7 FAILED)[39m (0 secs / 0.21 secs)
[1A[2KWARN: [36m'
  It looks like you're using the disabled attribute with a reactive form directive. If you set disabled to true
  when you set up this control in your component class, the disabled attribute will actually be set in the DOM for
  you. We recommend using this approach to avoid 'changed after checked' errors.

  Example:
  // Specify the `disabled` property at control creation time:
  form = new FormGroup({
    first: new FormControl({value: 'Nancy', disabled: true}, Validators.required),
    last: new FormControl('Drew', Validators.required)
  });

  // Controls can also be enabled/disabled after creation:
  form.get('first')?.enable();
  form.get('last')?.disable();
'[39m
Chrome Headless 139.0.0.0 (Windows 10): Executed 33 of 1370[31m (7 FAILED)[39m (0 secs / 0.21 secs)
WARN: '
  It looks like you're using the disabled attribute with a reactive form directive. If you set disabled to true
  when you set up this control in your component class, the disabled attribute will actually be set in the DOM for
  you. We recommend using this approach to avoid 'changed after checked' errors.

  Example:
  // Specify the `disabled` property at control creation time:
  form = new FormGroup({
    first: new FormControl({value: 'Nancy', disabled: true}, Validators.required),
    last: new FormControl('Drew', Validators.required)
  });

  // Controls can also be enabled/disabled after creation:
  form.get('first')?.enable();
  form.get('last')?.disable();
'
[1A[2KChrome Headless 139.0.0.0 (Windows 10): Executed 34 of 1370[31m (7 FAILED)[39m (0 secs / 0.216 secs)
[1A[2KWARN: [36m'
  It looks like you're using the disabled attribute with a reactive form directive. If you set disabled to true
  when you set up this control in your component class, the disabled attribute will actually be set in the DOM for
  you. We recommend using this approach to avoid 'changed after checked' errors.

  Example:
  // Specify the `disabled` property at control creation time:
  form = new FormGroup({
    first: new FormControl({value: 'Nancy', disabled: true}, Validators.required),
    last: new FormControl('Drew', Validators.required)
  });

  // Controls can also be enabled/disabled after creation:
  form.get('first')?.enable();
  form.get('last')?.disable();
'[39m
Chrome Headless 139.0.0.0 (Windows 10): Executed 34 of 1370[31m (7 FAILED)[39m (0 secs / 0.216 secs)
WARN: '
  It looks like you're using the disabled attribute with a reactive form directive. If you set disabled to true
  when you set up this control in your component class, the disabled attribute will actually be set in the DOM for
  you. We recommend using this approach to avoid 'changed after checked' errors.

  Example:
  // Specify the `disabled` property at control creation time:
  form = new FormGroup({
    first: new FormControl({value: 'Nancy', disabled: true}, Validators.required),
    last: new FormControl('Drew', Validators.required)
  });

  // Controls can also be enabled/disabled after creation:
  form.get('first')?.enable();
  form.get('last')?.disable();
'
[1A[2KChrome Headless 139.0.0.0 (Windows 10): Executed 35 of 1370[31m (7 FAILED)[39m (0 secs / 0.223 secs)
[1A[2KWARN: [36m'
  It looks like you're using the disabled attribute with a reactive form directive. If you set disabled to true
  when you set up this control in your component class, the disabled attribute will actually be set in the DOM for
  you. We recommend using this approach to avoid 'changed after checked' errors.

  Example:
  // Specify the `disabled` property at control creation time:
  form = new FormGroup({
    first: new FormControl({value: 'Nancy', disabled: true}, Validators.required),
    last: new FormControl('Drew', Validators.required)
  });

  // Controls can also be enabled/disabled after creation:
  form.get('first')?.enable();
  form.get('last')?.disable();
'[39m
Chrome Headless 139.0.0.0 (Windows 10): Executed 35 of 1370[31m (7 FAILED)[39m (0 secs / 0.223 secs)
WARN: '
  It looks like you're using the disabled attribute with a reactive form directive. If you set disabled to true
  when you set up this control in your component class, the disabled attribute will actually be set in the DOM for
  you. We recommend using this approach to avoid 'changed after checked' errors.

  Example:
  // Specify the `disabled` property at control creation time:
  form = new FormGroup({
    first: new FormControl({value: 'Nancy', disabled: true}, Validators.required),
    last: new FormControl('Drew', Validators.required)
  });

  // Controls can also be enabled/disabled after creation:
  form.get('first')?.enable();
  form.get('last')?.disable();
'
[1A[2KChrome Headless 139.0.0.0 (Windows 10): Executed 36 of 1370[31m (7 FAILED)[39m (0 secs / 0.229 secs)
[1A[2KWARN: [36m'
  It looks like you're using the disabled attribute with a reactive form directive. If you set disabled to true
  when you set up this control in your component class, the disabled attribute will actually be set in the DOM for
  you. We recommend using this approach to avoid 'changed after checked' errors.

  Example:
  // Specify the `disabled` property at control creation time:
  form = new FormGroup({
    first: new FormControl({value: 'Nancy', disabled: true}, Validators.required),
    last: new FormControl('Drew', Validators.required)
  });

  // Controls can also be enabled/disabled after creation:
  form.get('first')?.enable();
  form.get('last')?.disable();
'[39m
Chrome Headless 139.0.0.0 (Windows 10): Executed 36 of 1370[31m (7 FAILED)[39m (0 secs / 0.229 secs)
WARN: '
  It looks like you're using the disabled attribute with a reactive form directive. If you set disabled to true
  when you set up this control in your component class, the disabled attribute will actually be set in the DOM for
  you. We recommend using this approach to avoid 'changed after checked' errors.

  Example:
  // Specify the `disabled` property at control creation time:
  form = new FormGroup({
    first: new FormControl({value: 'Nancy', disabled: true}, Validators.required),
    last: new FormControl('Drew', Validators.required)
  });

  // Controls can also be enabled/disabled after creation:
  form.get('first')?.enable();
  form.get('last')?.disable();
'
[1A[2KChrome Headless 139.0.0.0 (Windows 10): Executed 37 of 1370[31m (7 FAILED)[39m (0 secs / 0.234 secs)
[1A[2KWARN: [36m'
  It looks like you're using the disabled attribute with a reactive form directive. If you set disabled to true
  when you set up this control in your component class, the disabled attribute will actually be set in the DOM for
  you. We recommend using this approach to avoid 'changed after checked' errors.

  Example:
  // Specify the `disabled` property at control creation time:
  form = new FormGroup({
    first: new FormControl({value: 'Nancy', disabled: true}, Validators.required),
    last: new FormControl('Drew', Validators.required)
  });

  // Controls can also be enabled/disabled after creation:
  form.get('first')?.enable();
  form.get('last')?.disable();
'[39m
Chrome Headless 139.0.0.0 (Windows 10): Executed 37 of 1370[31m (7 FAILED)[39m (0 secs / 0.234 secs)
WARN: '
  It looks like you're using the disabled attribute with a reactive form directive. If you set disabled to true
  when you set up this control in your component class, the disabled attribute will actually be set in the DOM for
  you. We recommend using this approach to avoid 'changed after checked' errors.

  Example:
  // Specify the `disabled` property at control creation time:
  form = new FormGroup({
    first: new FormControl({value: 'Nancy', disabled: true}, Validators.required),
    last: new FormControl('Drew', Validators.required)
  });

  // Controls can also be enabled/disabled after creation:
  form.get('first')?.enable();
  form.get('last')?.disable();
'
[1A[2KChrome Headless 139.0.0.0 (Windows 10): Executed 38 of 1370[31m (7 FAILED)[39m (0 secs / 0.239 secs)
[1A[2KWARN: [36m'
  It looks like you're using the disabled attribute with a reactive form directive. If you set disabled to true
  when you set up this control in your component class, the disabled attribute will actually be set in the DOM for
  you. We recommend using this approach to avoid 'changed after checked' errors.

  Example:
  // Specify the `disabled` property at control creation time:
  form = new FormGroup({
    first: new FormControl({value: 'Nancy', disabled: true}, Validators.required),
    last: new FormControl('Drew', Validators.required)
  });

  // Controls can also be enabled/disabled after creation:
  form.get('first')?.enable();
  form.get('last')?.disable();
'[39m
Chrome Headless 139.0.0.0 (Windows 10): Executed 38 of 1370[31m (7 FAILED)[39m (0 secs / 0.239 secs)
WARN: '
  It looks like you're using the disabled attribute with a reactive form directive. If you set disabled to true
  when you set up this control in your component class, the disabled attribute will actually be set in the DOM for
  you. We recommend using this approach to avoid 'changed after checked' errors.

  Example:
  // Specify the `disabled` property at control creation time:
  form = new FormGroup({
    first: new FormControl({value: 'Nancy', disabled: true}, Validators.required),
    last: new FormControl('Drew', Validators.required)
  });

  // Controls can also be enabled/disabled after creation:
  form.get('first')?.enable();
  form.get('last')?.disable();
'
[1A[2KChrome Headless 139.0.0.0 (Windows 10): Executed 39 of 1370[31m (7 FAILED)[39m (0 secs / 0.243 secs)
[1A[2KWARN: [36m'
  It looks like you're using the disabled attribute with a reactive form directive. If you set disabled to true
  when you set up this control in your component class, the disabled attribute will actually be set in the DOM for
  you. We recommend using this approach to avoid 'changed after checked' errors.

  Example:
  // Specify the `disabled` property at control creation time:
  form = new FormGroup({
    first: new FormControl({value: 'Nancy', disabled: true}, Validators.required),
    last: new FormControl('Drew', Validators.required)
  });

  // Controls can also be enabled/disabled after creation:
  form.get('first')?.enable();
  form.get('last')?.disable();
'[39m
Chrome Headless 139.0.0.0 (Windows 10): Executed 39 of 1370[31m (7 FAILED)[39m (0 secs / 0.243 secs)
WARN: '
  It looks like you're using the disabled attribute with a reactive form directive. If you set disabled to true
  when you set up this control in your component class, the disabled attribute will actually be set in the DOM for
  you. We recommend using this approach to avoid 'changed after checked' errors.

  Example:
  // Specify the `disabled` property at control creation time:
  form = new FormGroup({
    first: new FormControl({value: 'Nancy', disabled: true}, Validators.required),
    last: new FormControl('Drew', Validators.required)
  });

  // Controls can also be enabled/disabled after creation:
  form.get('first')?.enable();
  form.get('last')?.disable();
'
[1A[2KChrome Headless 139.0.0.0 (Windows 10): Executed 40 of 1370[31m (7 FAILED)[39m (0 secs / 0.247 secs)
[1A[2KWARN: [36m'
  It looks like you're using the disabled attribute with a reactive form directive. If you set disabled to true
  when you set up this control in your component class, the disabled attribute will actually be set in the DOM for
  you. We recommend using this approach to avoid 'changed after checked' errors.

  Example:
  // Specify the `disabled` property at control creation time:
  form = new FormGroup({
    first: new FormControl({value: 'Nancy', disabled: true}, Validators.required),
    last: new FormControl('Drew', Validators.required)
  });

  // Controls can also be enabled/disabled after creation:
  form.get('first')?.enable();
  form.get('last')?.disable();
'[39m
Chrome Headless 139.0.0.0 (Windows 10): Executed 40 of 1370[31m (7 FAILED)[39m (0 secs / 0.247 secs)
WARN: '
  It looks like you're using the disabled attribute with a reactive form directive. If you set disabled to true
  when you set up this control in your component class, the disabled attribute will actually be set in the DOM for
  you. We recommend using this approach to avoid 'changed after checked' errors.

  Example:
  // Specify the `disabled` property at control creation time:
  form = new FormGroup({
    first: new FormControl({value: 'Nancy', disabled: true}, Validators.required),
    last: new FormControl('Drew', Validators.required)
  });

  // Controls can also be enabled/disabled after creation:
  form.get('first')?.enable();
  form.get('last')?.disable();
'
[1A[2KChrome Headless 139.0.0.0 (Windows 10): Executed 41 of 1370[31m (7 FAILED)[39m (0 secs / 0.251 secs)
[1A[2KWARN: [36m'
  It looks like you're using the disabled attribute with a reactive form directive. If you set disabled to true
  when you set up this control in your component class, the disabled attribute will actually be set in the DOM for
  you. We recommend using this approach to avoid 'changed after checked' errors.

  Example:
  // Specify the `disabled` property at control creation time:
  form = new FormGroup({
    first: new FormControl({value: 'Nancy', disabled: true}, Validators.required),
    last: new FormControl('Drew', Validators.required)
  });

  // Controls can also be enabled/disabled after creation:
  form.get('first')?.enable();
  form.get('last')?.disable();
'[39m
Chrome Headless 139.0.0.0 (Windows 10): Executed 41 of 1370[31m (7 FAILED)[39m (0 secs / 0.251 secs)
WARN: '
  It looks like you're using the disabled attribute with a reactive form directive. If you set disabled to true
  when you set up this control in your component class, the disabled attribute will actually be set in the DOM for
  you. We recommend using this approach to avoid 'changed after checked' errors.

  Example:
  // Specify the `disabled` property at control creation time:
  form = new FormGroup({
    first: new FormControl({value: 'Nancy', disabled: true}, Validators.required),
    last: new FormControl('Drew', Validators.required)
  });

  // Controls can also be enabled/disabled after creation:
  form.get('first')?.enable();
  form.get('last')?.disable();
'
[1A[2K[31mChrome Headless 139.0.0.0 (Windows 10) InputTextareaComponent Advanced Configuration should apply autoResize configuration correctly FAILED[39m
	Expected null to be 'true'.
	    at <Jasmine>
	    at UserContext.<anonymous> (spec-input-textarea.component.spec.js:344:72)
	    at _ZoneDelegate.invoke (node_modules/zone.js/fesm2015/zone.js:398:28)
	    at _ProxyZoneSpec.onInvoke (node_modules/zone.js/fesm2015/zone-testing.js:2132:39)
	    at _ZoneDelegate.invoke (node_modules/zone.js/fesm2015/zone.js:397:34)
Chrome Headless 139.0.0.0 (Windows 10): Executed 42 of 1370[31m (8 FAILED)[39m (0 secs / 0.267 secs)
[1A[2KWARN: [36m'
  It looks like you're using the disabled attribute with a reactive form directive. If you set disabled to true
  when you set up this control in your component class, the disabled attribute will actually be set in the DOM for
  you. We recommend using this approach to avoid 'changed after checked' errors.

  Example:
  // Specify the `disabled` property at control creation time:
  form = new FormGroup({
    first: new FormControl({value: 'Nancy', disabled: true}, Validators.required),
    last: new FormControl('Drew', Validators.required)
  });

  // Controls can also be enabled/disabled after creation:
  form.get('first')?.enable();
  form.get('last')?.disable();
'[39m
Chrome Headless 139.0.0.0 (Windows 10): Executed 42 of 1370[31m (8 FAILED)[39m (0 secs / 0.267 secs)
WARN: '
  It looks like you're using the disabled attribute with a reactive form directive. If you set disabled to true
  when you set up this control in your component class, the disabled attribute will actually be set in the DOM for
  you. We recommend using this approach to avoid 'changed after checked' errors.

  Example:
  // Specify the `disabled` property at control creation time:
  form = new FormGroup({
    first: new FormControl({value: 'Nancy', disabled: true}, Validators.required),
    last: new FormControl('Drew', Validators.required)
  });

  // Controls can also be enabled/disabled after creation:
  form.get('first')?.enable();
  form.get('last')?.disable();
'
[1A[2KChrome Headless 139.0.0.0 (Windows 10): Executed 43 of 1370[31m (8 FAILED)[39m (0 secs / 0.271 secs)
[1A[2KWARN: [36m'
  It looks like you're using the disabled attribute with a reactive form directive. If you set disabled to true
  when you set up this control in your component class, the disabled attribute will actually be set in the DOM for
  you. We recommend using this approach to avoid 'changed after checked' errors.

  Example:
  // Specify the `disabled` property at control creation time:
  form = new FormGroup({
    first: new FormControl({value: 'Nancy', disabled: true}, Validators.required),
    last: new FormControl('Drew', Validators.required)
  });

  // Controls can also be enabled/disabled after creation:
  form.get('first')?.enable();
  form.get('last')?.disable();
'[39m
Chrome Headless 139.0.0.0 (Windows 10): Executed 43 of 1370[31m (8 FAILED)[39m (0 secs / 0.271 secs)
WARN: '
  It looks like you're using the disabled attribute with a reactive form directive. If you set disabled to true
  when you set up this control in your component class, the disabled attribute will actually be set in the DOM for
  you. We recommend using this approach to avoid 'changed after checked' errors.

  Example:
  // Specify the `disabled` property at control creation time:
  form = new FormGroup({
    first: new FormControl({value: 'Nancy', disabled: true}, Validators.required),
    last: new FormControl('Drew', Validators.required)
  });

  // Controls can also be enabled/disabled after creation:
  form.get('first')?.enable();
  form.get('last')?.disable();
'
[1A[2KChrome Headless 139.0.0.0 (Windows 10): Executed 44 of 1370[31m (8 FAILED)[39m (0 secs / 0.275 secs)
[1A[2KWARN: [36m'
  It looks like you're using the disabled attribute with a reactive form directive. If you set disabled to true
  when you set up this control in your component class, the disabled attribute will actually be set in the DOM for
  you. We recommend using this approach to avoid 'changed after checked' errors.

  Example:
  // Specify the `disabled` property at control creation time:
  form = new FormGroup({
    first: new FormControl({value: 'Nancy', disabled: true}, Validators.required),
    last: new FormControl('Drew', Validators.required)
  });

  // Controls can also be enabled/disabled after creation:
  form.get('first')?.enable();
  form.get('last')?.disable();
'[39m
Chrome Headless 139.0.0.0 (Windows 10): Executed 44 of 1370[31m (8 FAILED)[39m (0 secs / 0.275 secs)
WARN: '
  It looks like you're using the disabled attribute with a reactive form directive. If you set disabled to true
  when you set up this control in your component class, the disabled attribute will actually be set in the DOM for
  you. We recommend using this approach to avoid 'changed after checked' errors.

  Example:
  // Specify the `disabled` property at control creation time:
  form = new FormGroup({
    first: new FormControl({value: 'Nancy', disabled: true}, Validators.required),
    last: new FormControl('Drew', Validators.required)
  });

  // Controls can also be enabled/disabled after creation:
  form.get('first')?.enable();
  form.get('last')?.disable();
'
[1A[2KChrome Headless 139.0.0.0 (Windows 10): Executed 45 of 1370[31m (8 FAILED)[39m (0 secs / 0.279 secs)
[1A[2KWARN: [36m'
  It looks like you're using the disabled attribute with a reactive form directive. If you set disabled to true
  when you set up this control in your component class, the disabled attribute will actually be set in the DOM for
  you. We recommend using this approach to avoid 'changed after checked' errors.

  Example:
  // Specify the `disabled` property at control creation time:
  form = new FormGroup({
    first: new FormControl({value: 'Nancy', disabled: true}, Validators.required),
    last: new FormControl('Drew', Validators.required)
  });

  // Controls can also be enabled/disabled after creation:
  form.get('first')?.enable();
  form.get('last')?.disable();
'[39m
Chrome Headless 139.0.0.0 (Windows 10): Executed 45 of 1370[31m (8 FAILED)[39m (0 secs / 0.279 secs)
WARN: '
  It looks like you're using the disabled attribute with a reactive form directive. If you set disabled to true
  when you set up this control in your component class, the disabled attribute will actually be set in the DOM for
  you. We recommend using this approach to avoid 'changed after checked' errors.

  Example:
  // Specify the `disabled` property at control creation time:
  form = new FormGroup({
    first: new FormControl({value: 'Nancy', disabled: true}, Validators.required),
    last: new FormControl('Drew', Validators.required)
  });

  // Controls can also be enabled/disabled after creation:
  form.get('first')?.enable();
  form.get('last')?.disable();
'
[1A[2K[31mChrome Headless 139.0.0.0 (Windows 10) InputTextareaComponent Advanced Configuration should apply name configuration correctly FAILED[39m
	Expected '' to be 'test-textarea'.
	    at <Jasmine>
	    at UserContext.<anonymous> (spec-input-textarea.component.spec.js:320:50)
	    at _ZoneDelegate.invoke (node_modules/zone.js/fesm2015/zone.js:398:28)
	    at _ProxyZoneSpec.onInvoke (node_modules/zone.js/fesm2015/zone-testing.js:2132:39)
	    at _ZoneDelegate.invoke (node_modules/zone.js/fesm2015/zone.js:397:34)
Chrome Headless 139.0.0.0 (Windows 10): Executed 46 of 1370[31m (9 FAILED)[39m (0 secs / 0.285 secs)
[1A[2KWARN: [36m'
  It looks like you're using the disabled attribute with a reactive form directive. If you set disabled to true
  when you set up this control in your component class, the disabled attribute will actually be set in the DOM for
  you. We recommend using this approach to avoid 'changed after checked' errors.

  Example:
  // Specify the `disabled` property at control creation time:
  form = new FormGroup({
    first: new FormControl({value: 'Nancy', disabled: true}, Validators.required),
    last: new FormControl('Drew', Validators.required)
  });

  // Controls can also be enabled/disabled after creation:
  form.get('first')?.enable();
  form.get('last')?.disable();
'[39m
Chrome Headless 139.0.0.0 (Windows 10): Executed 46 of 1370[31m (9 FAILED)[39m (0 secs / 0.285 secs)
WARN: '
  It looks like you're using the disabled attribute with a reactive form directive. If you set disabled to true
  when you set up this control in your component class, the disabled attribute will actually be set in the DOM for
  you. We recommend using this approach to avoid 'changed after checked' errors.

  Example:
  // Specify the `disabled` property at control creation time:
  form = new FormGroup({
    first: new FormControl({value: 'Nancy', disabled: true}, Validators.required),
    last: new FormControl('Drew', Validators.required)
  });

  // Controls can also be enabled/disabled after creation:
  form.get('first')?.enable();
  form.get('last')?.disable();
'
[1A[2KChrome Headless 139.0.0.0 (Windows 10): Executed 47 of 1370[31m (9 FAILED)[39m (0 secs / 0.289 secs)
[1A[2KWARN: [36m'
  It looks like you're using the disabled attribute with a reactive form directive. If you set disabled to true
  when you set up this control in your component class, the disabled attribute will actually be set in the DOM for
  you. We recommend using this approach to avoid 'changed after checked' errors.

  Example:
  // Specify the `disabled` property at control creation time:
  form = new FormGroup({
    first: new FormControl({value: 'Nancy', disabled: true}, Validators.required),
    last: new FormControl('Drew', Validators.required)
  });

  // Controls can also be enabled/disabled after creation:
  form.get('first')?.enable();
  form.get('last')?.disable();
'[39m
Chrome Headless 139.0.0.0 (Windows 10): Executed 47 of 1370[31m (9 FAILED)[39m (0 secs / 0.289 secs)
WARN: '
  It looks like you're using the disabled attribute with a reactive form directive. If you set disabled to true
  when you set up this control in your component class, the disabled attribute will actually be set in the DOM for
  you. We recommend using this approach to avoid 'changed after checked' errors.

  Example:
  // Specify the `disabled` property at control creation time:
  form = new FormGroup({
    first: new FormControl({value: 'Nancy', disabled: true}, Validators.required),
    last: new FormControl('Drew', Validators.required)
  });

  // Controls can also be enabled/disabled after creation:
  form.get('first')?.enable();
  form.get('last')?.disable();
'
[1A[2KChrome Headless 139.0.0.0 (Windows 10): Executed 48 of 1370[31m (9 FAILED)[39m (0 secs / 0.293 secs)
[1A[2KWARN: [36m'
  It looks like you're using the disabled attribute with a reactive form directive. If you set disabled to true
  when you set up this control in your component class, the disabled attribute will actually be set in the DOM for
  you. We recommend using this approach to avoid 'changed after checked' errors.

  Example:
  // Specify the `disabled` property at control creation time:
  form = new FormGroup({
    first: new FormControl({value: 'Nancy', disabled: true}, Validators.required),
    last: new FormControl('Drew', Validators.required)
  });

  // Controls can also be enabled/disabled after creation:
  form.get('first')?.enable();
  form.get('last')?.disable();
'[39m
Chrome Headless 139.0.0.0 (Windows 10): Executed 48 of 1370[31m (9 FAILED)[39m (0 secs / 0.293 secs)
WARN: '
  It looks like you're using the disabled attribute with a reactive form directive. If you set disabled to true
  when you set up this control in your component class, the disabled attribute will actually be set in the DOM for
  you. We recommend using this approach to avoid 'changed after checked' errors.

  Example:
  // Specify the `disabled` property at control creation time:
  form = new FormGroup({
    first: new FormControl({value: 'Nancy', disabled: true}, Validators.required),
    last: new FormControl('Drew', Validators.required)
  });

  // Controls can also be enabled/disabled after creation:
  form.get('first')?.enable();
  form.get('last')?.disable();
'
[1A[2KChrome Headless 139.0.0.0 (Windows 10): Executed 49 of 1370[31m (9 FAILED)[39m (0 secs / 0.297 secs)
[1A[2KWARN: [36m'
  It looks like you're using the disabled attribute with a reactive form directive. If you set disabled to true
  when you set up this control in your component class, the disabled attribute will actually be set in the DOM for
  you. We recommend using this approach to avoid 'changed after checked' errors.

  Example:
  // Specify the `disabled` property at control creation time:
  form = new FormGroup({
    first: new FormControl({value: 'Nancy', disabled: true}, Validators.required),
    last: new FormControl('Drew', Validators.required)
  });

  // Controls can also be enabled/disabled after creation:
  form.get('first')?.enable();
  form.get('last')?.disable();
'[39m
Chrome Headless 139.0.0.0 (Windows 10): Executed 49 of 1370[31m (9 FAILED)[39m (0 secs / 0.297 secs)
WARN: '
  It looks like you're using the disabled attribute with a reactive form directive. If you set disabled to true
  when you set up this control in your component class, the disabled attribute will actually be set in the DOM for
  you. We recommend using this approach to avoid 'changed after checked' errors.

  Example:
  // Specify the `disabled` property at control creation time:
  form = new FormGroup({
    first: new FormControl({value: 'Nancy', disabled: true}, Validators.required),
    last: new FormControl('Drew', Validators.required)
  });

  // Controls can also be enabled/disabled after creation:
  form.get('first')?.enable();
  form.get('last')?.disable();
'
[1A[2KChrome Headless 139.0.0.0 (Windows 10): Executed 50 of 1370[31m (9 FAILED)[39m (0 secs / 0.302 secs)
[1A[2KWARN: [36m'
  It looks like you're using the disabled attribute with a reactive form directive. If you set disabled to true
  when you set up this control in your component class, the disabled attribute will actually be set in the DOM for
  you. We recommend using this approach to avoid 'changed after checked' errors.

  Example:
  // Specify the `disabled` property at control creation time:
  form = new FormGroup({
    first: new FormControl({value: 'Nancy', disabled: true}, Validators.required),
    last: new FormControl('Drew', Validators.required)
  });

  // Controls can also be enabled/disabled after creation:
  form.get('first')?.enable();
  form.get('last')?.disable();
'[39m
Chrome Headless 139.0.0.0 (Windows 10): Executed 50 of 1370[31m (9 FAILED)[39m (0 secs / 0.302 secs)
WARN: '
  It looks like you're using the disabled attribute with a reactive form directive. If you set disabled to true
  when you set up this control in your component class, the disabled attribute will actually be set in the DOM for
  you. We recommend using this approach to avoid 'changed after checked' errors.

  Example:
  // Specify the `disabled` property at control creation time:
  form = new FormGroup({
    first: new FormControl({value: 'Nancy', disabled: true}, Validators.required),
    last: new FormControl('Drew', Validators.required)
  });

  // Controls can also be enabled/disabled after creation:
  form.get('first')?.enable();
  form.get('last')?.disable();
'
[1A[2KChrome Headless 139.0.0.0 (Windows 10): Executed 51 of 1370[31m (9 FAILED)[39m (0 secs / 0.306 secs)
[1A[2KWARN: [36m'
  It looks like you're using the disabled attribute with a reactive form directive. If you set disabled to true
  when you set up this control in your component class, the disabled attribute will actually be set in the DOM for
  you. We recommend using this approach to avoid 'changed after checked' errors.

  Example:
  // Specify the `disabled` property at control creation time:
  form = new FormGroup({
    first: new FormControl({value: 'Nancy', disabled: true}, Validators.required),
    last: new FormControl('Drew', Validators.required)
  });

  // Controls can also be enabled/disabled after creation:
  form.get('first')?.enable();
  form.get('last')?.disable();
'[39m
Chrome Headless 139.0.0.0 (Windows 10): Executed 51 of 1370[31m (9 FAILED)[39m (0 secs / 0.306 secs)
WARN: '
  It looks like you're using the disabled attribute with a reactive form directive. If you set disabled to true
  when you set up this control in your component class, the disabled attribute will actually be set in the DOM for
  you. We recommend using this approach to avoid 'changed after checked' errors.

  Example:
  // Specify the `disabled` property at control creation time:
  form = new FormGroup({
    first: new FormControl({value: 'Nancy', disabled: true}, Validators.required),
    last: new FormControl('Drew', Validators.required)
  });

  // Controls can also be enabled/disabled after creation:
  form.get('first')?.enable();
  form.get('last')?.disable();
'
[1A[2K[31mChrome Headless 139.0.0.0 (Windows 10) InputTextareaComponent Placeholder Behavior should use default placeholder when no custom placeholder provided FAILED[39m
	Expected 'translated text' to be 'Introdueix text...'.
	    at <Jasmine>
	    at UserContext.<anonymous> (spec-input-textarea.component.spec.js:390:57)
	    at _ZoneDelegate.invoke (node_modules/zone.js/fesm2015/zone.js:398:28)
	    at _ProxyZoneSpec.onInvoke (node_modules/zone.js/fesm2015/zone-testing.js:2132:39)
	    at _ZoneDelegate.invoke (node_modules/zone.js/fesm2015/zone.js:397:34)
Chrome Headless 139.0.0.0 (Windows 10): Executed 52 of 1370[31m (10 FAILED)[39m (0 secs / 0.31 secs)
[1A[2KWARN: [36m'
  It looks like you're using the disabled attribute with a reactive form directive. If you set disabled to true
  when you set up this control in your component class, the disabled attribute will actually be set in the DOM for
  you. We recommend using this approach to avoid 'changed after checked' errors.

  Example:
  // Specify the `disabled` property at control creation time:
  form = new FormGroup({
    first: new FormControl({value: 'Nancy', disabled: true}, Validators.required),
    last: new FormControl('Drew', Validators.required)
  });

  // Controls can also be enabled/disabled after creation:
  form.get('first')?.enable();
  form.get('last')?.disable();
'[39m
Chrome Headless 139.0.0.0 (Windows 10): Executed 52 of 1370[31m (10 FAILED)[39m (0 secs / 0.31 secs)
WARN: '
  It looks like you're using the disabled attribute with a reactive form directive. If you set disabled to true
  when you set up this control in your component class, the disabled attribute will actually be set in the DOM for
  you. We recommend using this approach to avoid 'changed after checked' errors.

  Example:
  // Specify the `disabled` property at control creation time:
  form = new FormGroup({
    first: new FormControl({value: 'Nancy', disabled: true}, Validators.required),
    last: new FormControl('Drew', Validators.required)
  });

  // Controls can also be enabled/disabled after creation:
  form.get('first')?.enable();
  form.get('last')?.disable();
'
[1A[2K[31mChrome Headless 139.0.0.0 (Windows 10) InputTextareaComponent Placeholder Behavior should use custom placeholder when provided FAILED[39m
	Expected 'translated text' to be 'Custom textarea placeholder'.
	    at <Jasmine>
	    at UserContext.<anonymous> (spec-input-textarea.component.spec.js:384:57)
	    at _ZoneDelegate.invoke (node_modules/zone.js/fesm2015/zone.js:398:28)
	    at _ProxyZoneSpec.onInvoke (node_modules/zone.js/fesm2015/zone-testing.js:2132:39)
	    at _ZoneDelegate.invoke (node_modules/zone.js/fesm2015/zone.js:397:34)
Chrome Headless 139.0.0.0 (Windows 10): Executed 53 of 1370[31m (11 FAILED)[39m (0 secs / 0.315 secs)
[1A[2KWARN: [36m'
  It looks like you're using the disabled attribute with a reactive form directive. If you set disabled to true
  when you set up this control in your component class, the disabled attribute will actually be set in the DOM for
  you. We recommend using this approach to avoid 'changed after checked' errors.

  Example:
  // Specify the `disabled` property at control creation time:
  form = new FormGroup({
    first: new FormControl({value: 'Nancy', disabled: true}, Validators.required),
    last: new FormControl('Drew', Validators.required)
  });

  // Controls can also be enabled/disabled after creation:
  form.get('first')?.enable();
  form.get('last')?.disable();
'[39m
Chrome Headless 139.0.0.0 (Windows 10): Executed 53 of 1370[31m (11 FAILED)[39m (0 secs / 0.315 secs)
WARN: '
  It looks like you're using the disabled attribute with a reactive form directive. If you set disabled to true
  when you set up this control in your component class, the disabled attribute will actually be set in the DOM for
  you. We recommend using this approach to avoid 'changed after checked' errors.

  Example:
  // Specify the `disabled` property at control creation time:
  form = new FormGroup({
    first: new FormControl({value: 'Nancy', disabled: true}, Validators.required),
    last: new FormControl('Drew', Validators.required)
  });

  // Controls can also be enabled/disabled after creation:
  form.get('first')?.enable();
  form.get('last')?.disable();
'
[1A[2K[31mChrome Headless 139.0.0.0 (Windows 10) InputTextareaComponent Accessibility should have proper label text FAILED[39m
	Expected 'translated text' to be 'Notes'.
	    at <Jasmine>
	    at UserContext.<anonymous> (spec-input-textarea.component.spec.js:449:61)
	    at _ZoneDelegate.invoke (node_modules/zone.js/fesm2015/zone.js:398:28)
	    at _ProxyZoneSpec.onInvoke (node_modules/zone.js/fesm2015/zone-testing.js:2132:39)
	    at _ZoneDelegate.invoke (node_modules/zone.js/fesm2015/zone.js:397:34)
Chrome Headless 139.0.0.0 (Windows 10): Executed 54 of 1370[31m (12 FAILED)[39m (0 secs / 0.319 secs)
[1A[2KWARN: [36m'
  It looks like you're using the disabled attribute with a reactive form directive. If you set disabled to true
  when you set up this control in your component class, the disabled attribute will actually be set in the DOM for
  you. We recommend using this approach to avoid 'changed after checked' errors.

  Example:
  // Specify the `disabled` property at control creation time:
  form = new FormGroup({
    first: new FormControl({value: 'Nancy', disabled: true}, Validators.required),
    last: new FormControl('Drew', Validators.required)
  });

  // Controls can also be enabled/disabled after creation:
  form.get('first')?.enable();
  form.get('last')?.disable();
'[39m
Chrome Headless 139.0.0.0 (Windows 10): Executed 54 of 1370[31m (12 FAILED)[39m (0 secs / 0.319 secs)
WARN: '
  It looks like you're using the disabled attribute with a reactive form directive. If you set disabled to true
  when you set up this control in your component class, the disabled attribute will actually be set in the DOM for
  you. We recommend using this approach to avoid 'changed after checked' errors.

  Example:
  // Specify the `disabled` property at control creation time:
  form = new FormGroup({
    first: new FormControl({value: 'Nancy', disabled: true}, Validators.required),
    last: new FormControl('Drew', Validators.required)
  });

  // Controls can also be enabled/disabled after creation:
  form.get('first')?.enable();
  form.get('last')?.disable();
'
[1A[2KChrome Headless 139.0.0.0 (Windows 10): Executed 55 of 1370[31m (12 FAILED)[39m (0 secs / 0.323 secs)
[1A[2KWARN: [36m'
  It looks like you're using the disabled attribute with a reactive form directive. If you set disabled to true
  when you set up this control in your component class, the disabled attribute will actually be set in the DOM for
  you. We recommend using this approach to avoid 'changed after checked' errors.

  Example:
  // Specify the `disabled` property at control creation time:
  form = new FormGroup({
    first: new FormControl({value: 'Nancy', disabled: true}, Validators.required),
    last: new FormControl('Drew', Validators.required)
  });

  // Controls can also be enabled/disabled after creation:
  form.get('first')?.enable();
  form.get('last')?.disable();
'[39m
Chrome Headless 139.0.0.0 (Windows 10): Executed 55 of 1370[31m (12 FAILED)[39m (0 secs / 0.323 secs)
WARN: '
  It looks like you're using the disabled attribute with a reactive form directive. If you set disabled to true
  when you set up this control in your component class, the disabled attribute will actually be set in the DOM for
  you. We recommend using this approach to avoid 'changed after checked' errors.

  Example:
  // Specify the `disabled` property at control creation time:
  form = new FormGroup({
    first: new FormControl({value: 'Nancy', disabled: true}, Validators.required),
    last: new FormControl('Drew', Validators.required)
  });

  // Controls can also be enabled/disabled after creation:
  form.get('first')?.enable();
  form.get('last')?.disable();
'
[1A[2KWARN: [36m'
  It looks like you're using the disabled attribute with a reactive form directive. If you set disabled to true
  when you set up this control in your component class, the disabled attribute will actually be set in the DOM for
  you. We recommend using this approach to avoid 'changed after checked' errors.

  Example:
  // Specify the `disabled` property at control creation time:
  form = new FormGroup({
    first: new FormControl({value: 'Nancy', disabled: true}, Validators.required),
    last: new FormControl('Drew', Validators.required)
  });

  // Controls can also be enabled/disabled after creation:
  form.get('first')?.enable();
  form.get('last')?.disable();
'[39m
Chrome Headless 139.0.0.0 (Windows 10): Executed 55 of 1370[31m (12 FAILED)[39m (0 secs / 0.323 secs)
WARN: '
  It looks like you're using the disabled attribute with a reactive form directive. If you set disabled to true
  when you set up this control in your component class, the disabled attribute will actually be set in the DOM for
  you. We recommend using this approach to avoid 'changed after checked' errors.

  Example:
  // Specify the `disabled` property at control creation time:
  form = new FormGroup({
    first: new FormControl({value: 'Nancy', disabled: true}, Validators.required),
    last: new FormControl('Drew', Validators.required)
  });

  // Controls can also be enabled/disabled after creation:
  form.get('first')?.enable();
  form.get('last')?.disable();
'
[1A[2KChrome Headless 139.0.0.0 (Windows 10): Executed 56 of 1370[31m (12 FAILED)[39m (0 secs / 0.329 secs)
[1A[2KWARN: [36m'
  It looks like you're using the disabled attribute with a reactive form directive. If you set disabled to true
  when you set up this control in your component class, the disabled attribute will actually be set in the DOM for
  you. We recommend using this approach to avoid 'changed after checked' errors.

  Example:
  // Specify the `disabled` property at control creation time:
  form = new FormGroup({
    first: new FormControl({value: 'Nancy', disabled: true}, Validators.required),
    last: new FormControl('Drew', Validators.required)
  });

  // Controls can also be enabled/disabled after creation:
  form.get('first')?.enable();
  form.get('last')?.disable();
'[39m
Chrome Headless 139.0.0.0 (Windows 10): Executed 56 of 1370[31m (12 FAILED)[39m (0 secs / 0.329 secs)
WARN: '
  It looks like you're using the disabled attribute with a reactive form directive. If you set disabled to true
  when you set up this control in your component class, the disabled attribute will actually be set in the DOM for
  you. We recommend using this approach to avoid 'changed after checked' errors.

  Example:
  // Specify the `disabled` property at control creation time:
  form = new FormGroup({
    first: new FormControl({value: 'Nancy', disabled: true}, Validators.required),
    last: new FormControl('Drew', Validators.required)
  });

  // Controls can also be enabled/disabled after creation:
  form.get('first')?.enable();
  form.get('last')?.disable();
'
[1A[2K[31mChrome Headless 139.0.0.0 (Windows 10) InputTextareaComponent Form Integration should initialize with form control value FAILED[39m
	Expected '' to be 'Initial textarea value'.
	    at <Jasmine>
	    at UserContext.<anonymous> (spec-input-textarea.component.spec.js:398:51)
	    at _ZoneDelegate.invoke (node_modules/zone.js/fesm2015/zone.js:398:28)
	    at _ProxyZoneSpec.onInvoke (node_modules/zone.js/fesm2015/zone-testing.js:2132:39)
	    at _ZoneDelegate.invoke (node_modules/zone.js/fesm2015/zone.js:397:34)
Chrome Headless 139.0.0.0 (Windows 10): Executed 57 of 1370[31m (13 FAILED)[39m (0 secs / 0.334 secs)
[1A[2KWARN: [36m'
  It looks like you're using the disabled attribute with a reactive form directive. If you set disabled to true
  when you set up this control in your component class, the disabled attribute will actually be set in the DOM for
  you. We recommend using this approach to avoid 'changed after checked' errors.

  Example:
  // Specify the `disabled` property at control creation time:
  form = new FormGroup({
    first: new FormControl({value: 'Nancy', disabled: true}, Validators.required),
    last: new FormControl('Drew', Validators.required)
  });

  // Controls can also be enabled/disabled after creation:
  form.get('first')?.enable();
  form.get('last')?.disable();
'[39m
Chrome Headless 139.0.0.0 (Windows 10): Executed 57 of 1370[31m (13 FAILED)[39m (0 secs / 0.334 secs)
WARN: '
  It looks like you're using the disabled attribute with a reactive form directive. If you set disabled to true
  when you set up this control in your component class, the disabled attribute will actually be set in the DOM for
  you. We recommend using this approach to avoid 'changed after checked' errors.

  Example:
  // Specify the `disabled` property at control creation time:
  form = new FormGroup({
    first: new FormControl({value: 'Nancy', disabled: true}, Validators.required),
    last: new FormControl('Drew', Validators.required)
  });

  // Controls can also be enabled/disabled after creation:
  form.get('first')?.enable();
  form.get('last')?.disable();
'
[1A[2KChrome Headless 139.0.0.0 (Windows 10): Executed 58 of 1370[31m (13 FAILED)[39m (0 secs / 0.339 secs)
[1A[2KWARN: [36m'
  It looks like you're using the disabled attribute with a reactive form directive. If you set disabled to true
  when you set up this control in your component class, the disabled attribute will actually be set in the DOM for
  you. We recommend using this approach to avoid 'changed after checked' errors.

  Example:
  // Specify the `disabled` property at control creation time:
  form = new FormGroup({
    first: new FormControl({value: 'Nancy', disabled: true}, Validators.required),
    last: new FormControl('Drew', Validators.required)
  });

  // Controls can also be enabled/disabled after creation:
  form.get('first')?.enable();
  form.get('last')?.disable();
'[39m
Chrome Headless 139.0.0.0 (Windows 10): Executed 58 of 1370[31m (13 FAILED)[39m (0 secs / 0.339 secs)
WARN: '
  It looks like you're using the disabled attribute with a reactive form directive. If you set disabled to true
  when you set up this control in your component class, the disabled attribute will actually be set in the DOM for
  you. We recommend using this approach to avoid 'changed after checked' errors.

  Example:
  // Specify the `disabled` property at control creation time:
  form = new FormGroup({
    first: new FormControl({value: 'Nancy', disabled: true}, Validators.required),
    last: new FormControl('Drew', Validators.required)
  });

  // Controls can also be enabled/disabled after creation:
  form.get('first')?.enable();
  form.get('last')?.disable();
'
[1A[2KChrome Headless 139.0.0.0 (Windows 10): Executed 59 of 1370[31m (13 FAILED)[39m (0 secs / 0.343 secs)
[1A[2KWARN: [36m'
  It looks like you're using the disabled attribute with a reactive form directive. If you set disabled to true
  when you set up this control in your component class, the disabled attribute will actually be set in the DOM for
  you. We recommend using this approach to avoid 'changed after checked' errors.

  Example:
  // Specify the `disabled` property at control creation time:
  form = new FormGroup({
    first: new FormControl({value: 'Nancy', disabled: true}, Validators.required),
    last: new FormControl('Drew', Validators.required)
  });

  // Controls can also be enabled/disabled after creation:
  form.get('first')?.enable();
  form.get('last')?.disable();
'[39m
Chrome Headless 139.0.0.0 (Windows 10): Executed 59 of 1370[31m (13 FAILED)[39m (0 secs / 0.343 secs)
WARN: '
  It looks like you're using the disabled attribute with a reactive form directive. If you set disabled to true
  when you set up this control in your component class, the disabled attribute will actually be set in the DOM for
  you. We recommend using this approach to avoid 'changed after checked' errors.

  Example:
  // Specify the `disabled` property at control creation time:
  form = new FormGroup({
    first: new FormControl({value: 'Nancy', disabled: true}, Validators.required),
    last: new FormControl('Drew', Validators.required)
  });

  // Controls can also be enabled/disabled after creation:
  form.get('first')?.enable();
  form.get('last')?.disable();
'
[1A[2KChrome Headless 139.0.0.0 (Windows 10): Executed 60 of 1370[31m (13 FAILED)[39m (0 secs / 0.348 secs)
[1A[2KWARN: [36m'
  It looks like you're using the disabled attribute with a reactive form directive. If you set disabled to true
  when you set up this control in your component class, the disabled attribute will actually be set in the DOM for
  you. We recommend using this approach to avoid 'changed after checked' errors.

  Example:
  // Specify the `disabled` property at control creation time:
  form = new FormGroup({
    first: new FormControl({value: 'Nancy', disabled: true}, Validators.required),
    last: new FormControl('Drew', Validators.required)
  });

  // Controls can also be enabled/disabled after creation:
  form.get('first')?.enable();
  form.get('last')?.disable();
'[39m
Chrome Headless 139.0.0.0 (Windows 10): Executed 60 of 1370[31m (13 FAILED)[39m (0 secs / 0.348 secs)
WARN: '
  It looks like you're using the disabled attribute with a reactive form directive. If you set disabled to true
  when you set up this control in your component class, the disabled attribute will actually be set in the DOM for
  you. We recommend using this approach to avoid 'changed after checked' errors.

  Example:
  // Specify the `disabled` property at control creation time:
  form = new FormGroup({
    first: new FormControl({value: 'Nancy', disabled: true}, Validators.required),
    last: new FormControl('Drew', Validators.required)
  });

  // Controls can also be enabled/disabled after creation:
  form.get('first')?.enable();
  form.get('last')?.disable();
'
[1A[2KChrome Headless 139.0.0.0 (Windows 10): Executed 61 of 1370[31m (13 FAILED)[39m (0 secs / 0.353 secs)
[1A[2KWARN: [36m'
  It looks like you're using the disabled attribute with a reactive form directive. If you set disabled to true
  when you set up this control in your component class, the disabled attribute will actually be set in the DOM for
  you. We recommend using this approach to avoid 'changed after checked' errors.

  Example:
  // Specify the `disabled` property at control creation time:
  form = new FormGroup({
    first: new FormControl({value: 'Nancy', disabled: true}, Validators.required),
    last: new FormControl('Drew', Validators.required)
  });

  // Controls can also be enabled/disabled after creation:
  form.get('first')?.enable();
  form.get('last')?.disable();
'[39m
Chrome Headless 139.0.0.0 (Windows 10): Executed 61 of 1370[31m (13 FAILED)[39m (0 secs / 0.353 secs)
WARN: '
  It looks like you're using the disabled attribute with a reactive form directive. If you set disabled to true
  when you set up this control in your component class, the disabled attribute will actually be set in the DOM for
  you. We recommend using this approach to avoid 'changed after checked' errors.

  Example:
  // Specify the `disabled` property at control creation time:
  form = new FormGroup({
    first: new FormControl({value: 'Nancy', disabled: true}, Validators.required),
    last: new FormControl('Drew', Validators.required)
  });

  // Controls can also be enabled/disabled after creation:
  form.get('first')?.enable();
  form.get('last')?.disable();
'
[1A[2KChrome Headless 139.0.0.0 (Windows 10): Executed 62 of 1370[31m (13 FAILED)[39m (0 secs / 0.358 secs)
[1A[2KWARN: [36m'
  It looks like you're using the disabled attribute with a reactive form directive. If you set disabled to true
  when you set up this control in your component class, the disabled attribute will actually be set in the DOM for
  you. We recommend using this approach to avoid 'changed after checked' errors.

  Example:
  // Specify the `disabled` property at control creation time:
  form = new FormGroup({
    first: new FormControl({value: 'Nancy', disabled: true}, Validators.required),
    last: new FormControl('Drew', Validators.required)
  });

  // Controls can also be enabled/disabled after creation:
  form.get('first')?.enable();
  form.get('last')?.disable();
'[39m
Chrome Headless 139.0.0.0 (Windows 10): Executed 62 of 1370[31m (13 FAILED)[39m (0 secs / 0.358 secs)
WARN: '
  It looks like you're using the disabled attribute with a reactive form directive. If you set disabled to true
  when you set up this control in your component class, the disabled attribute will actually be set in the DOM for
  you. We recommend using this approach to avoid 'changed after checked' errors.

  Example:
  // Specify the `disabled` property at control creation time:
  form = new FormGroup({
    first: new FormControl({value: 'Nancy', disabled: true}, Validators.required),
    last: new FormControl('Drew', Validators.required)
  });

  // Controls can also be enabled/disabled after creation:
  form.get('first')?.enable();
  form.get('last')?.disable();
'
[1A[2KChrome Headless 139.0.0.0 (Windows 10): Executed 63 of 1370[31m (13 FAILED)[39m (0 secs / 0.362 secs)
[1A[2KWARN: [36m'
  It looks like you're using the disabled attribute with a reactive form directive. If you set disabled to true
  when you set up this control in your component class, the disabled attribute will actually be set in the DOM for
  you. We recommend using this approach to avoid 'changed after checked' errors.

  Example:
  // Specify the `disabled` property at control creation time:
  form = new FormGroup({
    first: new FormControl({value: 'Nancy', disabled: true}, Validators.required),
    last: new FormControl('Drew', Validators.required)
  });

  // Controls can also be enabled/disabled after creation:
  form.get('first')?.enable();
  form.get('last')?.disable();
'[39m
Chrome Headless 139.0.0.0 (Windows 10): Executed 63 of 1370[31m (13 FAILED)[39m (0 secs / 0.362 secs)
WARN: '
  It looks like you're using the disabled attribute with a reactive form directive. If you set disabled to true
  when you set up this control in your component class, the disabled attribute will actually be set in the DOM for
  you. We recommend using this approach to avoid 'changed after checked' errors.

  Example:
  // Specify the `disabled` property at control creation time:
  form = new FormGroup({
    first: new FormControl({value: 'Nancy', disabled: true}, Validators.required),
    last: new FormControl('Drew', Validators.required)
  });

  // Controls can also be enabled/disabled after creation:
  form.get('first')?.enable();
  form.get('last')?.disable();
'
[1A[2KChrome Headless 139.0.0.0 (Windows 10): Executed 64 of 1370[31m (13 FAILED)[39m (0 secs / 0.367 secs)
[1A[2KWARN: [36m'
  It looks like you're using the disabled attribute with a reactive form directive. If you set disabled to true
  when you set up this control in your component class, the disabled attribute will actually be set in the DOM for
  you. We recommend using this approach to avoid 'changed after checked' errors.

  Example:
  // Specify the `disabled` property at control creation time:
  form = new FormGroup({
    first: new FormControl({value: 'Nancy', disabled: true}, Validators.required),
    last: new FormControl('Drew', Validators.required)
  });

  // Controls can also be enabled/disabled after creation:
  form.get('first')?.enable();
  form.get('last')?.disable();
'[39m
Chrome Headless 139.0.0.0 (Windows 10): Executed 64 of 1370[31m (13 FAILED)[39m (0 secs / 0.367 secs)
WARN: '
  It looks like you're using the disabled attribute with a reactive form directive. If you set disabled to true
  when you set up this control in your component class, the disabled attribute will actually be set in the DOM for
  you. We recommend using this approach to avoid 'changed after checked' errors.

  Example:
  // Specify the `disabled` property at control creation time:
  form = new FormGroup({
    first: new FormControl({value: 'Nancy', disabled: true}, Validators.required),
    last: new FormControl('Drew', Validators.required)
  });

  // Controls can also be enabled/disabled after creation:
  form.get('first')?.enable();
  form.get('last')?.disable();
'
[1A[2KChrome Headless 139.0.0.0 (Windows 10): Executed 65 of 1370[31m (13 FAILED)[39m (0 secs / 0.372 secs)
[1A[2KWARN: [36m'
  It looks like you're using the disabled attribute with a reactive form directive. If you set disabled to true
  when you set up this control in your component class, the disabled attribute will actually be set in the DOM for
  you. We recommend using this approach to avoid 'changed after checked' errors.

  Example:
  // Specify the `disabled` property at control creation time:
  form = new FormGroup({
    first: new FormControl({value: 'Nancy', disabled: true}, Validators.required),
    last: new FormControl('Drew', Validators.required)
  });

  // Controls can also be enabled/disabled after creation:
  form.get('first')?.enable();
  form.get('last')?.disable();
'[39m
Chrome Headless 139.0.0.0 (Windows 10): Executed 65 of 1370[31m (13 FAILED)[39m (0 secs / 0.372 secs)
WARN: '
  It looks like you're using the disabled attribute with a reactive form directive. If you set disabled to true
  when you set up this control in your component class, the disabled attribute will actually be set in the DOM for
  you. We recommend using this approach to avoid 'changed after checked' errors.

  Example:
  // Specify the `disabled` property at control creation time:
  form = new FormGroup({
    first: new FormControl({value: 'Nancy', disabled: true}, Validators.required),
    last: new FormControl('Drew', Validators.required)
  });

  // Controls can also be enabled/disabled after creation:
  form.get('first')?.enable();
  form.get('last')?.disable();
'
[1A[2KChrome Headless 139.0.0.0 (Windows 10): Executed 66 of 1370[31m (13 FAILED)[39m (0 secs / 0.377 secs)
[1A[2KWARN: [36m'
  It looks like you're using the disabled attribute with a reactive form directive. If you set disabled to true
  when you set up this control in your component class, the disabled attribute will actually be set in the DOM for
  you. We recommend using this approach to avoid 'changed after checked' errors.

  Example:
  // Specify the `disabled` property at control creation time:
  form = new FormGroup({
    first: new FormControl({value: 'Nancy', disabled: true}, Validators.required),
    last: new FormControl('Drew', Validators.required)
  });

  // Controls can also be enabled/disabled after creation:
  form.get('first')?.enable();
  form.get('last')?.disable();
'[39m
Chrome Headless 139.0.0.0 (Windows 10): Executed 66 of 1370[31m (13 FAILED)[39m (0 secs / 0.377 secs)
WARN: '
  It looks like you're using the disabled attribute with a reactive form directive. If you set disabled to true
  when you set up this control in your component class, the disabled attribute will actually be set in the DOM for
  you. We recommend using this approach to avoid 'changed after checked' errors.

  Example:
  // Specify the `disabled` property at control creation time:
  form = new FormGroup({
    first: new FormControl({value: 'Nancy', disabled: true}, Validators.required),
    last: new FormControl('Drew', Validators.required)
  });

  // Controls can also be enabled/disabled after creation:
  form.get('first')?.enable();
  form.get('last')?.disable();
'
[1A[2K[31mChrome Headless 139.0.0.0 (Windows 10) InputTextareaComponent Component Mounting should render label when provided FAILED[39m
	Expected 'translated text' to be 'Descripci├│'.
	    at <Jasmine>
	    at UserContext.<anonymous> (spec-input-textarea.component.spec.js:180:61)
	    at _ZoneDelegate.invoke (node_modules/zone.js/fesm2015/zone.js:398:28)
	    at _ProxyZoneSpec.onInvoke (node_modules/zone.js/fesm2015/zone-testing.js:2132:39)
	    at _ZoneDelegate.invoke (node_modules/zone.js/fesm2015/zone.js:397:34)
Chrome Headless 139.0.0.0 (Windows 10): Executed 67 of 1370[31m (14 FAILED)[39m (0 secs / 0.382 secs)
[1A[2KChrome Headless 139.0.0.0 (Windows 10): Executed 68 of 1370[31m (14 FAILED)[39m (0 secs / 0.404 secs)
[1A[2KChrome Headless 139.0.0.0 (Windows 10): Executed 69 of 1370[31m (14 FAILED)[39m (0 secs / 0.411 secs)
[1A[2KChrome Headless 139.0.0.0 (Windows 10): Executed 70 of 1370[31m (14 FAILED)[39m (0 secs / 0.42 secs)
[1A[2KLOG: [36m'Button clicked: loading'[39m
Chrome Headless 139.0.0.0 (Windows 10): Executed 70 of 1370[31m (14 FAILED)[39m (0 secs / 0.42 secs)
LOG: 'Button clicked: loading'
[1A[2KChrome Headless 139.0.0.0 (Windows 10): Executed 71 of 1370[31m (14 FAILED)[39m (0 secs / 0.428 secs)
[1A[2KLOG: [36m'Button clicked: loading'[39m
Chrome Headless 139.0.0.0 (Windows 10): Executed 71 of 1370[31m (14 FAILED)[39m (0 secs / 0.428 secs)
LOG: 'Button clicked: loading'
[1A[2KChrome Headless 139.0.0.0 (Windows 10): Executed 72 of 1370[31m (14 FAILED)[39m (0 secs / 2.552 secs)
[1A[2KLOG: [36m'Button clicked: primary'[39m
Chrome Headless 139.0.0.0 (Windows 10): Executed 72 of 1370[31m (14 FAILED)[39m (0 secs / 2.552 secs)
LOG: 'Button clicked: primary'
[1A[2KLOG: [36m'Button clicked: secondary'[39m
Chrome Headless 139.0.0.0 (Windows 10): Executed 72 of 1370[31m (14 FAILED)[39m (0 secs / 2.552 secs)
LOG: 'Button clicked: secondary'
[1A[2KChrome Headless 139.0.0.0 (Windows 10): Executed 73 of 1370[31m (14 FAILED)[39m (0 secs / 2.558 secs)
[1A[2KChrome Headless 139.0.0.0 (Windows 10): Executed 74 of 1370[31m (14 FAILED)[39m (0 secs / 2.564 secs)
[1A[2KChrome Headless 139.0.0.0 (Windows 10): Executed 75 of 1370[31m (14 FAILED)[39m (0 secs / 2.57 secs)
[1A[2KChrome Headless 139.0.0.0 (Windows 10): Executed 76 of 1370[31m (14 FAILED)[39m (0 secs / 2.576 secs)
[1A[2KChrome Headless 139.0.0.0 (Windows 10): Executed 77 of 1370[31m (14 FAILED)[39m (0 secs / 2.596 secs)
[1A[2K[31mChrome Headless 139.0.0.0 (Windows 10) ButtonsDemoComponent should be a standalone component FAILED[39m
	Expected 'ButtonsDemoComponent2' to be 'ButtonsDemoComponent'.
	    at <Jasmine>
	    at UserContext.<anonymous> (spec-buttons-demo.component.spec.js:441:61)
	    at _ZoneDelegate.invoke (node_modules/zone.js/fesm2015/zone.js:398:28)
	    at _ProxyZoneSpec.onInvoke (node_modules/zone.js/fesm2015/zone-testing.js:2132:39)
	    at _ZoneDelegate.invoke (node_modules/zone.js/fesm2015/zone.js:397:34)
Chrome Headless 139.0.0.0 (Windows 10): Executed 78 of 1370[31m (15 FAILED)[39m (0 secs / 2.605 secs)
[1A[2K[31mChrome Headless 139.0.0.0 (Windows 10) HeaderComponent should have logout method FAILED[39m
	TypeError: Cannot read properties of undefined (reading 'subscribe')
	    at new _RouterLinkActive (node_modules/@angular/router/fesm2022/router_module.mjs:565:55)
	    at NodeInjectorFactory._RouterLinkActive_Factory [as factory] (ng:///_RouterLinkActive/╔Áfac.js:4:10)
	    at getNodeInjectable (node_modules/@angular/core/fesm2022/debug_node.mjs:1989:44)
	    at instantiateAllDirectives (node_modules/@angular/core/fesm2022/debug_node.mjs:8170:27)
	    at createDirectivesInstances (node_modules/@angular/core/fesm2022/debug_node.mjs:7943:5)
	    at ╔Á╔ÁelementStart (node_modules/@angular/core/fesm2022/debug_node.mjs:22419:9)
	    at HeaderComponent2_Template (ng:///HeaderComponent2.js:24:40)
	    at executeTemplate (node_modules/@angular/core/fesm2022/debug_node.mjs:7929:9)
	    at renderView (node_modules/@angular/core/fesm2022/debug_node.mjs:8545:13)
	    at renderComponent (node_modules/@angular/core/fesm2022/debug_node.mjs:8490:5)
Chrome Headless 139.0.0.0 (Windows 10): Executed 79 of 1370[31m (16 FAILED)[39m (0 secs / 2.661 secs)
[1A[2K[31mChrome Headless 139.0.0.0 (Windows 10) HeaderComponent should create FAILED[39m
	TypeError: Cannot read properties of undefined (reading 'subscribe')
	    at new _RouterLinkActive (node_modules/@angular/router/fesm2022/router_module.mjs:565:55)
	    at NodeInjectorFactory._RouterLinkActive_Factory [as factory] (ng:///_RouterLinkActive/╔Áfac.js:4:10)
	    at getNodeInjectable (node_modules/@angular/core/fesm2022/debug_node.mjs:1989:44)
	    at instantiateAllDirectives (node_modules/@angular/core/fesm2022/debug_node.mjs:8170:27)
	    at createDirectivesInstances (node_modules/@angular/core/fesm2022/debug_node.mjs:7943:5)
	    at ╔Á╔ÁelementStart (node_modules/@angular/core/fesm2022/debug_node.mjs:22419:9)
	    at HeaderComponent2_Template (ng:///HeaderComponent2.js:24:40)
	    at executeTemplate (node_modules/@angular/core/fesm2022/debug_node.mjs:7929:9)
	    at renderView (node_modules/@angular/core/fesm2022/debug_node.mjs:8545:13)
	    at renderComponent (node_modules/@angular/core/fesm2022/debug_node.mjs:8490:5)
Chrome Headless 139.0.0.0 (Windows 10): Executed 80 of 1370[31m (17 FAILED)[39m (0 secs / 2.664 secs)
[1A[2KChrome Headless 139.0.0.0 (Windows 10): Executed 81 of 1370[31m (17 FAILED)[39m (0 secs / 2.679 secs)
[1A[2KChrome Headless 139.0.0.0 (Windows 10): Executed 82 of 1370[31m (17 FAILED)[39m (0 secs / 2.683 secs)
[1A[2KChrome Headless 139.0.0.0 (Windows 10): Executed 83 of 1370[31m (17 FAILED)[39m (0 secs / 2.686 secs)
[1A[2KChrome Headless 139.0.0.0 (Windows 10): Executed 84 of 1370[31m (17 FAILED)[39m (0 secs / 2.69 secs)
[1A[2KChrome Headless 139.0.0.0 (Windows 10): Executed 85 of 1370[31m (17 FAILED)[39m (0 secs / 2.694 secs)
[1A[2KChrome Headless 139.0.0.0 (Windows 10): Executed 86 of 1370[31m (17 FAILED)[39m (0 secs / 2.696 secs)
[1A[2KChrome Headless 139.0.0.0 (Windows 10): Executed 87 of 1370[31m (17 FAILED)[39m (0 secs / 2.698 secs)
[1A[2KChrome Headless 139.0.0.0 (Windows 10): Executed 88 of 1370[31m (17 FAILED)[39m (0 secs / 2.701 secs)
[1A[2KChrome Headless 139.0.0.0 (Windows 10): Executed 89 of 1370[31m (17 FAILED)[39m (0 secs / 2.704 secs)
[1A[2KChrome Headless 139.0.0.0 (Windows 10): Executed 90 of 1370[31m (17 FAILED)[39m (0 secs / 2.711 secs)
[1A[2KChrome Headless 139.0.0.0 (Windows 10): Executed 91 of 1370[31m (17 FAILED)[39m (0 secs / 2.714 secs)
[1A[2KChrome Headless 139.0.0.0 (Windows 10): Executed 92 of 1370[31m (17 FAILED)[39m (0 secs / 2.719 secs)
[1A[2KChrome Headless 139.0.0.0 (Windows 10): Executed 93 of 1370[31m (17 FAILED)[39m (0 secs / 2.723 secs)
[1A[2KChrome Headless 139.0.0.0 (Windows 10): Executed 94 of 1370[31m (17 FAILED)[39m (0 secs / 2.725 secs)
[1A[2KChrome Headless 139.0.0.0 (Windows 10): Executed 95 of 1370[31m (17 FAILED)[39m (0 secs / 2.727 secs)
[1A[2KChrome Headless 139.0.0.0 (Windows 10): Executed 96 of 1370[31m (17 FAILED)[39m (0 secs / 2.729 secs)
[1A[2KChrome Headless 139.0.0.0 (Windows 10): Executed 97 of 1370[31m (17 FAILED)[39m (0 secs / 2.731 secs)
[1A[2KWARN: [36m'
  It looks like you're using the disabled attribute with a reactive form directive. If you set disabled to true
  when you set up this control in your component class, the disabled attribute will actually be set in the DOM for
  you. We recommend using this approach to avoid 'changed after checked' errors.

  Example:
  // Specify the `disabled` property at control creation time:
  form = new FormGroup({
    first: new FormControl({value: 'Nancy', disabled: true}, Validators.required),
    last: new FormControl('Drew', Validators.required)
  });

  // Controls can also be enabled/disabled after creation:
  form.get('first')?.enable();
  form.get('last')?.disable();
'[39m
Chrome Headless 139.0.0.0 (Windows 10): Executed 97 of 1370[31m (17 FAILED)[39m (0 secs / 2.731 secs)
WARN: '
  It looks like you're using the disabled attribute with a reactive form directive. If you set disabled to true
  when you set up this control in your component class, the disabled attribute will actually be set in the DOM for
  you. We recommend using this approach to avoid 'changed after checked' errors.

  Example:
  // Specify the `disabled` property at control creation time:
  form = new FormGroup({
    first: new FormControl({value: 'Nancy', disabled: true}, Validators.required),
    last: new FormControl('Drew', Validators.required)
  });

  // Controls can also be enabled/disabled after creation:
  form.get('first')?.enable();
  form.get('last')?.disable();
'
[1A[2KChrome Headless 139.0.0.0 (Windows 10): Executed 98 of 1370[31m (17 FAILED)[39m (0 secs / 2.759 secs)
[1A[2KWARN: [36m'
  It looks like you're using the disabled attribute with a reactive form directive. If you set disabled to true
  when you set up this control in your component class, the disabled attribute will actually be set in the DOM for
  you. We recommend using this approach to avoid 'changed after checked' errors.

  Example:
  // Specify the `disabled` property at control creation time:
  form = new FormGroup({
    first: new FormControl({value: 'Nancy', disabled: true}, Validators.required),
    last: new FormControl('Drew', Validators.required)
  });

  // Controls can also be enabled/disabled after creation:
  form.get('first')?.enable();
  form.get('last')?.disable();
'[39m
Chrome Headless 139.0.0.0 (Windows 10): Executed 98 of 1370[31m (17 FAILED)[39m (0 secs / 2.759 secs)
WARN: '
  It looks like you're using the disabled attribute with a reactive form directive. If you set disabled to true
  when you set up this control in your component class, the disabled attribute will actually be set in the DOM for
  you. We recommend using this approach to avoid 'changed after checked' errors.

  Example:
  // Specify the `disabled` property at control creation time:
  form = new FormGroup({
    first: new FormControl({value: 'Nancy', disabled: true}, Validators.required),
    last: new FormControl('Drew', Validators.required)
  });

  // Controls can also be enabled/disabled after creation:
  form.get('first')?.enable();
  form.get('last')?.disable();
'
[1A[2KChrome Headless 139.0.0.0 (Windows 10): Executed 99 of 1370[31m (17 FAILED)[39m (0 secs / 2.767 secs)
[1A[2KWARN: [36m'
  It looks like you're using the disabled attribute with a reactive form directive. If you set disabled to true
  when you set up this control in your component class, the disabled attribute will actually be set in the DOM for
  you. We recommend using this approach to avoid 'changed after checked' errors.

  Example:
  // Specify the `disabled` property at control creation time:
  form = new FormGroup({
    first: new FormControl({value: 'Nancy', disabled: true}, Validators.required),
    last: new FormControl('Drew', Validators.required)
  });

  // Controls can also be enabled/disabled after creation:
  form.get('first')?.enable();
  form.get('last')?.disable();
'[39m
Chrome Headless 139.0.0.0 (Windows 10): Executed 99 of 1370[31m (17 FAILED)[39m (0 secs / 2.767 secs)
WARN: '
  It looks like you're using the disabled attribute with a reactive form directive. If you set disabled to true
  when you set up this control in your component class, the disabled attribute will actually be set in the DOM for
  you. We recommend using this approach to avoid 'changed after checked' errors.

  Example:
  // Specify the `disabled` property at control creation time:
  form = new FormGroup({
    first: new FormControl({value: 'Nancy', disabled: true}, Validators.required),
    last: new FormControl('Drew', Validators.required)
  });

  // Controls can also be enabled/disabled after creation:
  form.get('first')?.enable();
  form.get('last')?.disable();
'
[1A[2KChrome Headless 139.0.0.0 (Windows 10): Executed 100 of 1370[31m (17 FAILED)[39m (0 secs / 2.774 secs)
[1A[2KWARN: [36m'
  It looks like you're using the disabled attribute with a reactive form directive. If you set disabled to true
  when you set up this control in your component class, the disabled attribute will actually be set in the DOM for
  you. We recommend using this approach to avoid 'changed after checked' errors.

  Example:
  // Specify the `disabled` property at control creation time:
  form = new FormGroup({
    first: new FormControl({value: 'Nancy', disabled: true}, Validators.required),
    last: new FormControl('Drew', Validators.required)
  });

  // Controls can also be enabled/disabled after creation:
  form.get('first')?.enable();
  form.get('last')?.disable();
'[39m
Chrome Headless 139.0.0.0 (Windows 10): Executed 100 of 1370[31m (17 FAILED)[39m (0 secs / 2.774 secs)
WARN: '
  It looks like you're using the disabled attribute with a reactive form directive. If you set disabled to true
  when you set up this control in your component class, the disabled attribute will actually be set in the DOM for
  you. We recommend using this approach to avoid 'changed after checked' errors.

  Example:
  // Specify the `disabled` property at control creation time:
  form = new FormGroup({
    first: new FormControl({value: 'Nancy', disabled: true}, Validators.required),
    last: new FormControl('Drew', Validators.required)
  });

  // Controls can also be enabled/disabled after creation:
  form.get('first')?.enable();
  form.get('last')?.disable();
'
[1A[2K[31mChrome Headless 139.0.0.0 (Windows 10) InputNumberComponent Number Input Interaction should handle blur event correctly FAILED[39m
	Error: <toHaveBeenCalledWith> : Expected a spy, but got Function.
	Usage: expect(<spyObj>).toHaveBeenCalledWith(...arguments)
	    at <Jasmine>
	    at UserContext.<anonymous> (spec-input-number.component.spec.js:249:58)
	    at _ZoneDelegate.invoke (node_modules/zone.js/fesm2015/zone.js:398:28)
	    at _ProxyZoneSpec.onInvoke (node_modules/zone.js/fesm2015/zone-testing.js:2132:39)
	    at _ZoneDelegate.invoke (node_modules/zone.js/fesm2015/zone.js:397:34)
	    at ZoneImpl.run (node_modules/zone.js/fesm2015/zone.js:113:43)
	    at runInTestZone (node_modules/zone.js/fesm2015/zone-testing.js:216:38)
	    at UserContext.<anonymous> (node_modules/zone.js/fesm2015/zone-testing.js:234:32)
Chrome Headless 139.0.0.0 (Windows 10): Executed 101 of 1370[31m (18 FAILED)[39m (0 secs / 2.781 secs)
[1A[2KWARN: [36m'
  It looks like you're using the disabled attribute with a reactive form directive. If you set disabled to true
  when you set up this control in your component class, the disabled attribute will actually be set in the DOM for
  you. We recommend using this approach to avoid 'changed after checked' errors.

  Example:
  // Specify the `disabled` property at control creation time:
  form = new FormGroup({
    first: new FormControl({value: 'Nancy', disabled: true}, Validators.required),
    last: new FormControl('Drew', Validators.required)
  });

  // Controls can also be enabled/disabled after creation:
  form.get('first')?.enable();
  form.get('last')?.disable();
'[39m
Chrome Headless 139.0.0.0 (Windows 10): Executed 101 of 1370[31m (18 FAILED)[39m (0 secs / 2.781 secs)
WARN: '
  It looks like you're using the disabled attribute with a reactive form directive. If you set disabled to true
  when you set up this control in your component class, the disabled attribute will actually be set in the DOM for
  you. We recommend using this approach to avoid 'changed after checked' errors.

  Example:
  // Specify the `disabled` property at control creation time:
  form = new FormGroup({
    first: new FormControl({value: 'Nancy', disabled: true}, Validators.required),
    last: new FormControl('Drew', Validators.required)
  });

  // Controls can also be enabled/disabled after creation:
  form.get('first')?.enable();
  form.get('last')?.disable();
'
[1A[2KChrome Headless 139.0.0.0 (Windows 10): Executed 102 of 1370[31m (18 FAILED)[39m (0 secs / 2.795 secs)
[1A[2KWARN: [36m'
  It looks like you're using the disabled attribute with a reactive form directive. If you set disabled to true
  when you set up this control in your component class, the disabled attribute will actually be set in the DOM for
  you. We recommend using this approach to avoid 'changed after checked' errors.

  Example:
  // Specify the `disabled` property at control creation time:
  form = new FormGroup({
    first: new FormControl({value: 'Nancy', disabled: true}, Validators.required),
    last: new FormControl('Drew', Validators.required)
  });

  // Controls can also be enabled/disabled after creation:
  form.get('first')?.enable();
  form.get('last')?.disable();
'[39m
Chrome Headless 139.0.0.0 (Windows 10): Executed 102 of 1370[31m (18 FAILED)[39m (0 secs / 2.795 secs)
WARN: '
  It looks like you're using the disabled attribute with a reactive form directive. If you set disabled to true
  when you set up this control in your component class, the disabled attribute will actually be set in the DOM for
  you. We recommend using this approach to avoid 'changed after checked' errors.

  Example:
  // Specify the `disabled` property at control creation time:
  form = new FormGroup({
    first: new FormControl({value: 'Nancy', disabled: true}, Validators.required),
    last: new FormControl('Drew', Validators.required)
  });

  // Controls can also be enabled/disabled after creation:
  form.get('first')?.enable();
  form.get('last')?.disable();
'
[1A[2KChrome Headless 139.0.0.0 (Windows 10): Executed 103 of 1370[31m (18 FAILED)[39m (0 secs / 2.801 secs)
[1A[2KWARN: [36m'
  It looks like you're using the disabled attribute with a reactive form directive. If you set disabled to true
  when you set up this control in your component class, the disabled attribute will actually be set in the DOM for
  you. We recommend using this approach to avoid 'changed after checked' errors.

  Example:
  // Specify the `disabled` property at control creation time:
  form = new FormGroup({
    first: new FormControl({value: 'Nancy', disabled: true}, Validators.required),
    last: new FormControl('Drew', Validators.required)
  });

  // Controls can also be enabled/disabled after creation:
  form.get('first')?.enable();
  form.get('last')?.disable();
'[39m
Chrome Headless 139.0.0.0 (Windows 10): Executed 103 of 1370[31m (18 FAILED)[39m (0 secs / 2.801 secs)
WARN: '
  It looks like you're using the disabled attribute with a reactive form directive. If you set disabled to true
  when you set up this control in your component class, the disabled attribute will actually be set in the DOM for
  you. We recommend using this approach to avoid 'changed after checked' errors.

  Example:
  // Specify the `disabled` property at control creation time:
  form = new FormGroup({
    first: new FormControl({value: 'Nancy', disabled: true}, Validators.required),
    last: new FormControl('Drew', Validators.required)
  });

  // Controls can also be enabled/disabled after creation:
  form.get('first')?.enable();
  form.get('last')?.disable();
'
[1A[2KChrome Headless 139.0.0.0 (Windows 10): Executed 104 of 1370[31m (18 FAILED)[39m (0 secs / 2.808 secs)
[1A[2KWARN: [36m'
  It looks like you're using the disabled attribute with a reactive form directive. If you set disabled to true
  when you set up this control in your component class, the disabled attribute will actually be set in the DOM for
  you. We recommend using this approach to avoid 'changed after checked' errors.

  Example:
  // Specify the `disabled` property at control creation time:
  form = new FormGroup({
    first: new FormControl({value: 'Nancy', disabled: true}, Validators.required),
    last: new FormControl('Drew', Validators.required)
  });

  // Controls can also be enabled/disabled after creation:
  form.get('first')?.enable();
  form.get('last')?.disable();
'[39m
Chrome Headless 139.0.0.0 (Windows 10): Executed 104 of 1370[31m (18 FAILED)[39m (0 secs / 2.808 secs)
WARN: '
  It looks like you're using the disabled attribute with a reactive form directive. If you set disabled to true
  when you set up this control in your component class, the disabled attribute will actually be set in the DOM for
  you. We recommend using this approach to avoid 'changed after checked' errors.

  Example:
  // Specify the `disabled` property at control creation time:
  form = new FormGroup({
    first: new FormControl({value: 'Nancy', disabled: true}, Validators.required),
    last: new FormControl('Drew', Validators.required)
  });

  // Controls can also be enabled/disabled after creation:
  form.get('first')?.enable();
  form.get('last')?.disable();
'
[1A[2KWARN: [36m'
  It looks like you're using the disabled attribute with a reactive form directive. If you set disabled to true
  when you set up this control in your component class, the disabled attribute will actually be set in the DOM for
  you. We recommend using this approach to avoid 'changed after checked' errors.

  Example:
  // Specify the `disabled` property at control creation time:
  form = new FormGroup({
    first: new FormControl({value: 'Nancy', disabled: true}, Validators.required),
    last: new FormControl('Drew', Validators.required)
  });

  // Controls can also be enabled/disabled after creation:
  form.get('first')?.enable();
  form.get('last')?.disable();
'[39m
Chrome Headless 139.0.0.0 (Windows 10): Executed 104 of 1370[31m (18 FAILED)[39m (0 secs / 2.808 secs)
WARN: '
  It looks like you're using the disabled attribute with a reactive form directive. If you set disabled to true
  when you set up this control in your component class, the disabled attribute will actually be set in the DOM for
  you. We recommend using this approach to avoid 'changed after checked' errors.

  Example:
  // Specify the `disabled` property at control creation time:
  form = new FormGroup({
    first: new FormControl({value: 'Nancy', disabled: true}, Validators.required),
    last: new FormControl('Drew', Validators.required)
  });

  // Controls can also be enabled/disabled after creation:
  form.get('first')?.enable();
  form.get('last')?.disable();
'
[1A[2KChrome Headless 139.0.0.0 (Windows 10): Executed 105 of 1370[31m (18 FAILED)[39m (0 secs / 2.817 secs)
[1A[2KWARN: [36m'
  It looks like you're using the disabled attribute with a reactive form directive. If you set disabled to true
  when you set up this control in your component class, the disabled attribute will actually be set in the DOM for
  you. We recommend using this approach to avoid 'changed after checked' errors.

  Example:
  // Specify the `disabled` property at control creation time:
  form = new FormGroup({
    first: new FormControl({value: 'Nancy', disabled: true}, Validators.required),
    last: new FormControl('Drew', Validators.required)
  });

  // Controls can also be enabled/disabled after creation:
  form.get('first')?.enable();
  form.get('last')?.disable();
'[39m
Chrome Headless 139.0.0.0 (Windows 10): Executed 105 of 1370[31m (18 FAILED)[39m (0 secs / 2.817 secs)
WARN: '
  It looks like you're using the disabled attribute with a reactive form directive. If you set disabled to true
  when you set up this control in your component class, the disabled attribute will actually be set in the DOM for
  you. We recommend using this approach to avoid 'changed after checked' errors.

  Example:
  // Specify the `disabled` property at control creation time:
  form = new FormGroup({
    first: new FormControl({value: 'Nancy', disabled: true}, Validators.required),
    last: new FormControl('Drew', Validators.required)
  });

  // Controls can also be enabled/disabled after creation:
  form.get('first')?.enable();
  form.get('last')?.disable();
'
[1A[2K[31mChrome Headless 139.0.0.0 (Windows 10) InputNumberComponent Component Mounting should render label when provided FAILED[39m
	Expected 'translated text' to be 'COMMON.AGE'.
	    at <Jasmine>
	    at UserContext.<anonymous> (spec-input-number.component.spec.js:193:49)
	    at _ZoneDelegate.invoke (node_modules/zone.js/fesm2015/zone.js:398:28)
	    at _ProxyZoneSpec.onInvoke (node_modules/zone.js/fesm2015/zone-testing.js:2132:39)
	    at _ZoneDelegate.invoke (node_modules/zone.js/fesm2015/zone.js:397:34)
Chrome Headless 139.0.0.0 (Windows 10): Executed 106 of 1370[31m (19 FAILED)[39m (0 secs / 2.827 secs)
[1A[2KWARN: [36m'
  It looks like you're using the disabled attribute with a reactive form directive. If you set disabled to true
  when you set up this control in your component class, the disabled attribute will actually be set in the DOM for
  you. We recommend using this approach to avoid 'changed after checked' errors.

  Example:
  // Specify the `disabled` property at control creation time:
  form = new FormGroup({
    first: new FormControl({value: 'Nancy', disabled: true}, Validators.required),
    last: new FormControl('Drew', Validators.required)
  });

  // Controls can also be enabled/disabled after creation:
  form.get('first')?.enable();
  form.get('last')?.disable();
'[39m
Chrome Headless 139.0.0.0 (Windows 10): Executed 106 of 1370[31m (19 FAILED)[39m (0 secs / 2.827 secs)
WARN: '
  It looks like you're using the disabled attribute with a reactive form directive. If you set disabled to true
  when you set up this control in your component class, the disabled attribute will actually be set in the DOM for
  you. We recommend using this approach to avoid 'changed after checked' errors.

  Example:
  // Specify the `disabled` property at control creation time:
  form = new FormGroup({
    first: new FormControl({value: 'Nancy', disabled: true}, Validators.required),
    last: new FormControl('Drew', Validators.required)
  });

  // Controls can also be enabled/disabled after creation:
  form.get('first')?.enable();
  form.get('last')?.disable();
'
[1A[2KChrome Headless 139.0.0.0 (Windows 10): Executed 107 of 1370[31m (19 FAILED)[39m (0 secs / 2.835 secs)
[1A[2KWARN: [36m'
  It looks like you're using the disabled attribute with a reactive form directive. If you set disabled to true
  when you set up this control in your component class, the disabled attribute will actually be set in the DOM for
  you. We recommend using this approach to avoid 'changed after checked' errors.

  Example:
  // Specify the `disabled` property at control creation time:
  form = new FormGroup({
    first: new FormControl({value: 'Nancy', disabled: true}, Validators.required),
    last: new FormControl('Drew', Validators.required)
  });

  // Controls can also be enabled/disabled after creation:
  form.get('first')?.enable();
  form.get('last')?.disable();
'[39m
Chrome Headless 139.0.0.0 (Windows 10): Executed 107 of 1370[31m (19 FAILED)[39m (0 secs / 2.835 secs)
WARN: '
  It looks like you're using the disabled attribute with a reactive form directive. If you set disabled to true
  when you set up this control in your component class, the disabled attribute will actually be set in the DOM for
  you. We recommend using this approach to avoid 'changed after checked' errors.

  Example:
  // Specify the `disabled` property at control creation time:
  form = new FormGroup({
    first: new FormControl({value: 'Nancy', disabled: true}, Validators.required),
    last: new FormControl('Drew', Validators.required)
  });

  // Controls can also be enabled/disabled after creation:
  form.get('first')?.enable();
  form.get('last')?.disable();
'
[1A[2KChrome Headless 139.0.0.0 (Windows 10): Executed 108 of 1370[31m (19 FAILED)[39m (0 secs / 2.844 secs)
[1A[2KWARN: [36m'
  It looks like you're using the disabled attribute with a reactive form directive. If you set disabled to true
  when you set up this control in your component class, the disabled attribute will actually be set in the DOM for
  you. We recommend using this approach to avoid 'changed after checked' errors.

  Example:
  // Specify the `disabled` property at control creation time:
  form = new FormGroup({
    first: new FormControl({value: 'Nancy', disabled: true}, Validators.required),
    last: new FormControl('Drew', Validators.required)
  });

  // Controls can also be enabled/disabled after creation:
  form.get('first')?.enable();
  form.get('last')?.disable();
'[39m
Chrome Headless 139.0.0.0 (Windows 10): Executed 108 of 1370[31m (19 FAILED)[39m (0 secs / 2.844 secs)
WARN: '
  It looks like you're using the disabled attribute with a reactive form directive. If you set disabled to true
  when you set up this control in your component class, the disabled attribute will actually be set in the DOM for
  you. We recommend using this approach to avoid 'changed after checked' errors.

  Example:
  // Specify the `disabled` property at control creation time:
  form = new FormGroup({
    first: new FormControl({value: 'Nancy', disabled: true}, Validators.required),
    last: new FormControl('Drew', Validators.required)
  });

  // Controls can also be enabled/disabled after creation:
  form.get('first')?.enable();
  form.get('last')?.disable();
'
[1A[2KChrome Headless 139.0.0.0 (Windows 10): Executed 109 of 1370[31m (19 FAILED)[39m (0 secs / 2.851 secs)
[1A[2KWARN: [36m'
  It looks like you're using the disabled attribute with a reactive form directive. If you set disabled to true
  when you set up this control in your component class, the disabled attribute will actually be set in the DOM for
  you. We recommend using this approach to avoid 'changed after checked' errors.

  Example:
  // Specify the `disabled` property at control creation time:
  form = new FormGroup({
    first: new FormControl({value: 'Nancy', disabled: true}, Validators.required),
    last: new FormControl('Drew', Validators.required)
  });

  // Controls can also be enabled/disabled after creation:
  form.get('first')?.enable();
  form.get('last')?.disable();
'[39m
Chrome Headless 139.0.0.0 (Windows 10): Executed 109 of 1370[31m (19 FAILED)[39m (0 secs / 2.851 secs)
WARN: '
  It looks like you're using the disabled attribute with a reactive form directive. If you set disabled to true
  when you set up this control in your component class, the disabled attribute will actually be set in the DOM for
  you. We recommend using this approach to avoid 'changed after checked' errors.

  Example:
  // Specify the `disabled` property at control creation time:
  form = new FormGroup({
    first: new FormControl({value: 'Nancy', disabled: true}, Validators.required),
    last: new FormControl('Drew', Validators.required)
  });

  // Controls can also be enabled/disabled after creation:
  form.get('first')?.enable();
  form.get('last')?.disable();
'
[1A[2KChrome Headless 139.0.0.0 (Windows 10): Executed 110 of 1370[31m (19 FAILED)[39m (0 secs / 2.858 secs)
[1A[2KWARN: [36m'
  It looks like you're using the disabled attribute with a reactive form directive. If you set disabled to true
  when you set up this control in your component class, the disabled attribute will actually be set in the DOM for
  you. We recommend using this approach to avoid 'changed after checked' errors.

  Example:
  // Specify the `disabled` property at control creation time:
  form = new FormGroup({
    first: new FormControl({value: 'Nancy', disabled: true}, Validators.required),
    last: new FormControl('Drew', Validators.required)
  });

  // Controls can also be enabled/disabled after creation:
  form.get('first')?.enable();
  form.get('last')?.disable();
'[39m
Chrome Headless 139.0.0.0 (Windows 10): Executed 110 of 1370[31m (19 FAILED)[39m (0 secs / 2.858 secs)
WARN: '
  It looks like you're using the disabled attribute with a reactive form directive. If you set disabled to true
  when you set up this control in your component class, the disabled attribute will actually be set in the DOM for
  you. We recommend using this approach to avoid 'changed after checked' errors.

  Example:
  // Specify the `disabled` property at control creation time:
  form = new FormGroup({
    first: new FormControl({value: 'Nancy', disabled: true}, Validators.required),
    last: new FormControl('Drew', Validators.required)
  });

  // Controls can also be enabled/disabled after creation:
  form.get('first')?.enable();
  form.get('last')?.disable();
'
[1A[2KChrome Headless 139.0.0.0 (Windows 10): Executed 111 of 1370[31m (19 FAILED)[39m (0 secs / 2.865 secs)
[1A[2KWARN: [36m'
  It looks like you're using the disabled attribute with a reactive form directive. If you set disabled to true
  when you set up this control in your component class, the disabled attribute will actually be set in the DOM for
  you. We recommend using this approach to avoid 'changed after checked' errors.

  Example:
  // Specify the `disabled` property at control creation time:
  form = new FormGroup({
    first: new FormControl({value: 'Nancy', disabled: true}, Validators.required),
    last: new FormControl('Drew', Validators.required)
  });

  // Controls can also be enabled/disabled after creation:
  form.get('first')?.enable();
  form.get('last')?.disable();
'[39m
Chrome Headless 139.0.0.0 (Windows 10): Executed 111 of 1370[31m (19 FAILED)[39m (0 secs / 2.865 secs)
WARN: '
  It looks like you're using the disabled attribute with a reactive form directive. If you set disabled to true
  when you set up this control in your component class, the disabled attribute will actually be set in the DOM for
  you. We recommend using this approach to avoid 'changed after checked' errors.

  Example:
  // Specify the `disabled` property at control creation time:
  form = new FormGroup({
    first: new FormControl({value: 'Nancy', disabled: true}, Validators.required),
    last: new FormControl('Drew', Validators.required)
  });

  // Controls can also be enabled/disabled after creation:
  form.get('first')?.enable();
  form.get('last')?.disable();
'
[1A[2K[31mChrome Headless 139.0.0.0 (Windows 10) InputNumberComponent Number Specific Properties should apply min configuration correctly FAILED[39m
	Expected Function to be 0.
	    at <Jasmine>
	    at UserContext.<anonymous> (spec-input-number.component.spec.js:287:50)
	    at _ZoneDelegate.invoke (node_modules/zone.js/fesm2015/zone.js:398:28)
	    at _ProxyZoneSpec.onInvoke (node_modules/zone.js/fesm2015/zone-testing.js:2132:39)
	    at _ZoneDelegate.invoke (node_modules/zone.js/fesm2015/zone.js:397:34)
Chrome Headless 139.0.0.0 (Windows 10): Executed 112 of 1370[31m (20 FAILED)[39m (0 secs / 2.872 secs)
[1A[2KWARN: [36m'
  It looks like you're using the disabled attribute with a reactive form directive. If you set disabled to true
  when you set up this control in your component class, the disabled attribute will actually be set in the DOM for
  you. We recommend using this approach to avoid 'changed after checked' errors.

  Example:
  // Specify the `disabled` property at control creation time:
  form = new FormGroup({
    first: new FormControl({value: 'Nancy', disabled: true}, Validators.required),
    last: new FormControl('Drew', Validators.required)
  });

  // Controls can also be enabled/disabled after creation:
  form.get('first')?.enable();
  form.get('last')?.disable();
'[39m
Chrome Headless 139.0.0.0 (Windows 10): Executed 112 of 1370[31m (20 FAILED)[39m (0 secs / 2.872 secs)
WARN: '
  It looks like you're using the disabled attribute with a reactive form directive. If you set disabled to true
  when you set up this control in your component class, the disabled attribute will actually be set in the DOM for
  you. We recommend using this approach to avoid 'changed after checked' errors.

  Example:
  // Specify the `disabled` property at control creation time:
  form = new FormGroup({
    first: new FormControl({value: 'Nancy', disabled: true}, Validators.required),
    last: new FormControl('Drew', Validators.required)
  });

  // Controls can also be enabled/disabled after creation:
  form.get('first')?.enable();
  form.get('last')?.disable();
'
[1A[2K[31mChrome Headless 139.0.0.0 (Windows 10) InputNumberComponent Number Specific Properties should apply step configuration correctly FAILED[39m
	Expected Function to be 5.
	    at <Jasmine>
	    at UserContext.<anonymous> (spec-input-number.component.spec.js:299:51)
	    at _ZoneDelegate.invoke (node_modules/zone.js/fesm2015/zone.js:398:28)
	    at _ProxyZoneSpec.onInvoke (node_modules/zone.js/fesm2015/zone-testing.js:2132:39)
	    at _ZoneDelegate.invoke (node_modules/zone.js/fesm2015/zone.js:397:34)
Chrome Headless 139.0.0.0 (Windows 10): Executed 113 of 1370[31m (21 FAILED)[39m (0 secs / 2.878 secs)
[1A[2KWARN: [36m'
  It looks like you're using the disabled attribute with a reactive form directive. If you set disabled to true
  when you set up this control in your component class, the disabled attribute will actually be set in the DOM for
  you. We recommend using this approach to avoid 'changed after checked' errors.

  Example:
  // Specify the `disabled` property at control creation time:
  form = new FormGroup({
    first: new FormControl({value: 'Nancy', disabled: true}, Validators.required),
    last: new FormControl('Drew', Validators.required)
  });

  // Controls can also be enabled/disabled after creation:
  form.get('first')?.enable();
  form.get('last')?.disable();
'[39m
Chrome Headless 139.0.0.0 (Windows 10): Executed 113 of 1370[31m (21 FAILED)[39m (0 secs / 2.878 secs)
WARN: '
  It looks like you're using the disabled attribute with a reactive form directive. If you set disabled to true
  when you set up this control in your component class, the disabled attribute will actually be set in the DOM for
  you. We recommend using this approach to avoid 'changed after checked' errors.

  Example:
  // Specify the `disabled` property at control creation time:
  form = new FormGroup({
    first: new FormControl({value: 'Nancy', disabled: true}, Validators.required),
    last: new FormControl('Drew', Validators.required)
  });

  // Controls can also be enabled/disabled after creation:
  form.get('first')?.enable();
  form.get('last')?.disable();
'
[1A[2K[31mChrome Headless 139.0.0.0 (Windows 10) InputNumberComponent Number Specific Properties should apply minFractionDigits configuration correctly FAILED[39m
	Expected undefined to be 2.
	    at <Jasmine>
	    at UserContext.<anonymous> (spec-input-number.component.spec.js:305:64)
	    at _ZoneDelegate.invoke (node_modules/zone.js/fesm2015/zone.js:398:28)
	    at _ProxyZoneSpec.onInvoke (node_modules/zone.js/fesm2015/zone-testing.js:2132:39)
	    at _ZoneDelegate.invoke (node_modules/zone.js/fesm2015/zone.js:397:34)
Chrome Headless 139.0.0.0 (Windows 10): Executed 114 of 1370[31m (22 FAILED)[39m (0 secs / 2.885 secs)
[1A[2KWARN: [36m'
  It looks like you're using the disabled attribute with a reactive form directive. If you set disabled to true
  when you set up this control in your component class, the disabled attribute will actually be set in the DOM for
  you. We recommend using this approach to avoid 'changed after checked' errors.

  Example:
  // Specify the `disabled` property at control creation time:
  form = new FormGroup({
    first: new FormControl({value: 'Nancy', disabled: true}, Validators.required),
    last: new FormControl('Drew', Validators.required)
  });

  // Controls can also be enabled/disabled after creation:
  form.get('first')?.enable();
  form.get('last')?.disable();
'[39m
Chrome Headless 139.0.0.0 (Windows 10): Executed 114 of 1370[31m (22 FAILED)[39m (0 secs / 2.885 secs)
WARN: '
  It looks like you're using the disabled attribute with a reactive form directive. If you set disabled to true
  when you set up this control in your component class, the disabled attribute will actually be set in the DOM for
  you. We recommend using this approach to avoid 'changed after checked' errors.

  Example:
  // Specify the `disabled` property at control creation time:
  form = new FormGroup({
    first: new FormControl({value: 'Nancy', disabled: true}, Validators.required),
    last: new FormControl('Drew', Validators.required)
  });

  // Controls can also be enabled/disabled after creation:
  form.get('first')?.enable();
  form.get('last')?.disable();
'
[1A[2K[31mChrome Headless 139.0.0.0 (Windows 10) InputNumberComponent Number Specific Properties should apply maxFractionDigits configuration correctly FAILED[39m
	Expected undefined to be 3.
	    at <Jasmine>
	    at UserContext.<anonymous> (spec-input-number.component.spec.js:311:64)
	    at _ZoneDelegate.invoke (node_modules/zone.js/fesm2015/zone.js:398:28)
	    at _ProxyZoneSpec.onInvoke (node_modules/zone.js/fesm2015/zone-testing.js:2132:39)
	    at _ZoneDelegate.invoke (node_modules/zone.js/fesm2015/zone.js:397:34)
Chrome Headless 139.0.0.0 (Windows 10): Executed 115 of 1370[31m (23 FAILED)[39m (0 secs / 2.892 secs)
[1A[2KWARN: [36m'
  It looks like you're using the disabled attribute with a reactive form directive. If you set disabled to true
  when you set up this control in your component class, the disabled attribute will actually be set in the DOM for
  you. We recommend using this approach to avoid 'changed after checked' errors.

  Example:
  // Specify the `disabled` property at control creation time:
  form = new FormGroup({
    first: new FormControl({value: 'Nancy', disabled: true}, Validators.required),
    last: new FormControl('Drew', Validators.required)
  });

  // Controls can also be enabled/disabled after creation:
  form.get('first')?.enable();
  form.get('last')?.disable();
'[39m
Chrome Headless 139.0.0.0 (Windows 10): Executed 115 of 1370[31m (23 FAILED)[39m (0 secs / 2.892 secs)
WARN: '
  It looks like you're using the disabled attribute with a reactive form directive. If you set disabled to true
  when you set up this control in your component class, the disabled attribute will actually be set in the DOM for
  you. We recommend using this approach to avoid 'changed after checked' errors.

  Example:
  // Specify the `disabled` property at control creation time:
  form = new FormGroup({
    first: new FormControl({value: 'Nancy', disabled: true}, Validators.required),
    last: new FormControl('Drew', Validators.required)
  });

  // Controls can also be enabled/disabled after creation:
  form.get('first')?.enable();
  form.get('last')?.disable();
'
[1A[2K[31mChrome Headless 139.0.0.0 (Windows 10) InputNumberComponent Number Specific Properties should apply max configuration correctly FAILED[39m
	Expected Function to be 100.
	    at <Jasmine>
	    at UserContext.<anonymous> (spec-input-number.component.spec.js:293:50)
	    at _ZoneDelegate.invoke (node_modules/zone.js/fesm2015/zone.js:398:28)
	    at _ProxyZoneSpec.onInvoke (node_modules/zone.js/fesm2015/zone-testing.js:2132:39)
	    at _ZoneDelegate.invoke (node_modules/zone.js/fesm2015/zone.js:397:34)
Chrome Headless 139.0.0.0 (Windows 10): Executed 116 of 1370[31m (24 FAILED)[39m (0 secs / 2.898 secs)
[1A[2KWARN: [36m'
  It looks like you're using the disabled attribute with a reactive form directive. If you set disabled to true
  when you set up this control in your component class, the disabled attribute will actually be set in the DOM for
  you. We recommend using this approach to avoid 'changed after checked' errors.

  Example:
  // Specify the `disabled` property at control creation time:
  form = new FormGroup({
    first: new FormControl({value: 'Nancy', disabled: true}, Validators.required),
    last: new FormControl('Drew', Validators.required)
  });

  // Controls can also be enabled/disabled after creation:
  form.get('first')?.enable();
  form.get('last')?.disable();
'[39m
Chrome Headless 139.0.0.0 (Windows 10): Executed 116 of 1370[31m (24 FAILED)[39m (0 secs / 2.898 secs)
WARN: '
  It looks like you're using the disabled attribute with a reactive form directive. If you set disabled to true
  when you set up this control in your component class, the disabled attribute will actually be set in the DOM for
  you. We recommend using this approach to avoid 'changed after checked' errors.

  Example:
  // Specify the `disabled` property at control creation time:
  form = new FormGroup({
    first: new FormControl({value: 'Nancy', disabled: true}, Validators.required),
    last: new FormControl('Drew', Validators.required)
  });

  // Controls can also be enabled/disabled after creation:
  form.get('first')?.enable();
  form.get('last')?.disable();
'
[1A[2KChrome Headless 139.0.0.0 (Windows 10): Executed 117 of 1370[31m (24 FAILED)[39m (0 secs / 2.905 secs)
[1A[2KWARN: [36m'
  It looks like you're using the disabled attribute with a reactive form directive. If you set disabled to true
  when you set up this control in your component class, the disabled attribute will actually be set in the DOM for
  you. We recommend using this approach to avoid 'changed after checked' errors.

  Example:
  // Specify the `disabled` property at control creation time:
  form = new FormGroup({
    first: new FormControl({value: 'Nancy', disabled: true}, Validators.required),
    last: new FormControl('Drew', Validators.required)
  });

  // Controls can also be enabled/disabled after creation:
  form.get('first')?.enable();
  form.get('last')?.disable();
'[39m
Chrome Headless 139.0.0.0 (Windows 10): Executed 117 of 1370[31m (24 FAILED)[39m (0 secs / 2.905 secs)
WARN: '
  It looks like you're using the disabled attribute with a reactive form directive. If you set disabled to true
  when you set up this control in your component class, the disabled attribute will actually be set in the DOM for
  you. We recommend using this approach to avoid 'changed after checked' errors.

  Example:
  // Specify the `disabled` property at control creation time:
  form = new FormGroup({
    first: new FormControl({value: 'Nancy', disabled: true}, Validators.required),
    last: new FormControl('Drew', Validators.required)
  });

  // Controls can also be enabled/disabled after creation:
  form.get('first')?.enable();
  form.get('last')?.disable();
'
[1A[2KChrome Headless 139.0.0.0 (Windows 10): Executed 118 of 1370[31m (24 FAILED)[39m (0 secs / 2.912 secs)
[1A[2KWARN: [36m'
  It looks like you're using the disabled attribute with a reactive form directive. If you set disabled to true
  when you set up this control in your component class, the disabled attribute will actually be set in the DOM for
  you. We recommend using this approach to avoid 'changed after checked' errors.

  Example:
  // Specify the `disabled` property at control creation time:
  form = new FormGroup({
    first: new FormControl({value: 'Nancy', disabled: true}, Validators.required),
    last: new FormControl('Drew', Validators.required)
  });

  // Controls can also be enabled/disabled after creation:
  form.get('first')?.enable();
  form.get('last')?.disable();
'[39m
Chrome Headless 139.0.0.0 (Windows 10): Executed 118 of 1370[31m (24 FAILED)[39m (0 secs / 2.912 secs)
WARN: '
  It looks like you're using the disabled attribute with a reactive form directive. If you set disabled to true
  when you set up this control in your component class, the disabled attribute will actually be set in the DOM for
  you. We recommend using this approach to avoid 'changed after checked' errors.

  Example:
  // Specify the `disabled` property at control creation time:
  form = new FormGroup({
    first: new FormControl({value: 'Nancy', disabled: true}, Validators.required),
    last: new FormControl('Drew', Validators.required)
  });

  // Controls can also be enabled/disabled after creation:
  form.get('first')?.enable();
  form.get('last')?.disable();
'
[1A[2KWARN: [36m'
  It looks like you're using the disabled attribute with a reactive form directive. If you set disabled to true
  when you set up this control in your component class, the disabled attribute will actually be set in the DOM for
  you. We recommend using this approach to avoid 'changed after checked' errors.

  Example:
  // Specify the `disabled` property at control creation time:
  form = new FormGroup({
    first: new FormControl({value: 'Nancy', disabled: true}, Validators.required),
    last: new FormControl('Drew', Validators.required)
  });

  // Controls can also be enabled/disabled after creation:
  form.get('first')?.enable();
  form.get('last')?.disable();
'[39m
Chrome Headless 139.0.0.0 (Windows 10): Executed 118 of 1370[31m (24 FAILED)[39m (0 secs / 2.912 secs)
WARN: '
  It looks like you're using the disabled attribute with a reactive form directive. If you set disabled to true
  when you set up this control in your component class, the disabled attribute will actually be set in the DOM for
  you. We recommend using this approach to avoid 'changed after checked' errors.

  Example:
  // Specify the `disabled` property at control creation time:
  form = new FormGroup({
    first: new FormControl({value: 'Nancy', disabled: true}, Validators.required),
    last: new FormControl('Drew', Validators.required)
  });

  // Controls can also be enabled/disabled after creation:
  form.get('first')?.enable();
  form.get('last')?.disable();
'
[1A[2KChrome Headless 139.0.0.0 (Windows 10): Executed 119 of 1370[31m (24 FAILED)[39m (0 secs / 2.919 secs)
[1A[2KWARN: [36m'
  It looks like you're using the disabled attribute with a reactive form directive. If you set disabled to true
  when you set up this control in your component class, the disabled attribute will actually be set in the DOM for
  you. We recommend using this approach to avoid 'changed after checked' errors.

  Example:
  // Specify the `disabled` property at control creation time:
  form = new FormGroup({
    first: new FormControl({value: 'Nancy', disabled: true}, Validators.required),
    last: new FormControl('Drew', Validators.required)
  });

  // Controls can also be enabled/disabled after creation:
  form.get('first')?.enable();
  form.get('last')?.disable();
'[39m
Chrome Headless 139.0.0.0 (Windows 10): Executed 119 of 1370[31m (24 FAILED)[39m (0 secs / 2.919 secs)
WARN: '
  It looks like you're using the disabled attribute with a reactive form directive. If you set disabled to true
  when you set up this control in your component class, the disabled attribute will actually be set in the DOM for
  you. We recommend using this approach to avoid 'changed after checked' errors.

  Example:
  // Specify the `disabled` property at control creation time:
  form = new FormGroup({
    first: new FormControl({value: 'Nancy', disabled: true}, Validators.required),
    last: new FormControl('Drew', Validators.required)
  });

  // Controls can also be enabled/disabled after creation:
  form.get('first')?.enable();
  form.get('last')?.disable();
'
[1A[2KChrome Headless 139.0.0.0 (Windows 10): Executed 120 of 1370[31m (24 FAILED)[39m (0 secs / 2.932 secs)
[1A[2KWARN: [36m'
  It looks like you're using the disabled attribute with a reactive form directive. If you set disabled to true
  when you set up this control in your component class, the disabled attribute will actually be set in the DOM for
  you. We recommend using this approach to avoid 'changed after checked' errors.

  Example:
  // Specify the `disabled` property at control creation time:
  form = new FormGroup({
    first: new FormControl({value: 'Nancy', disabled: true}, Validators.required),
    last: new FormControl('Drew', Validators.required)
  });

  // Controls can also be enabled/disabled after creation:
  form.get('first')?.enable();
  form.get('last')?.disable();
'[39m
Chrome Headless 139.0.0.0 (Windows 10): Executed 120 of 1370[31m (24 FAILED)[39m (0 secs / 2.932 secs)
WARN: '
  It looks like you're using the disabled attribute with a reactive form directive. If you set disabled to true
  when you set up this control in your component class, the disabled attribute will actually be set in the DOM for
  you. We recommend using this approach to avoid 'changed after checked' errors.

  Example:
  // Specify the `disabled` property at control creation time:
  form = new FormGroup({
    first: new FormControl({value: 'Nancy', disabled: true}, Validators.required),
    last: new FormControl('Drew', Validators.required)
  });

  // Controls can also be enabled/disabled after creation:
  form.get('first')?.enable();
  form.get('last')?.disable();
'
[1A[2KChrome Headless 139.0.0.0 (Windows 10): Executed 121 of 1370[31m (24 FAILED)[39m (0 secs / 2.947 secs)
[1A[2KWARN: [36m'
  It looks like you're using the disabled attribute with a reactive form directive. If you set disabled to true
  when you set up this control in your component class, the disabled attribute will actually be set in the DOM for
  you. We recommend using this approach to avoid 'changed after checked' errors.

  Example:
  // Specify the `disabled` property at control creation time:
  form = new FormGroup({
    first: new FormControl({value: 'Nancy', disabled: true}, Validators.required),
    last: new FormControl('Drew', Validators.required)
  });

  // Controls can also be enabled/disabled after creation:
  form.get('first')?.enable();
  form.get('last')?.disable();
'[39m
Chrome Headless 139.0.0.0 (Windows 10): Executed 121 of 1370[31m (24 FAILED)[39m (0 secs / 2.947 secs)
WARN: '
  It looks like you're using the disabled attribute with a reactive form directive. If you set disabled to true
  when you set up this control in your component class, the disabled attribute will actually be set in the DOM for
  you. We recommend using this approach to avoid 'changed after checked' errors.

  Example:
  // Specify the `disabled` property at control creation time:
  form = new FormGroup({
    first: new FormControl({value: 'Nancy', disabled: true}, Validators.required),
    last: new FormControl('Drew', Validators.required)
  });

  // Controls can also be enabled/disabled after creation:
  form.get('first')?.enable();
  form.get('last')?.disable();
'
[1A[2KChrome Headless 139.0.0.0 (Windows 10): Executed 122 of 1370[31m (24 FAILED)[39m (0 secs / 2.954 secs)
[1A[2KWARN: [36m'
  It looks like you're using the disabled attribute with a reactive form directive. If you set disabled to true
  when you set up this control in your component class, the disabled attribute will actually be set in the DOM for
  you. We recommend using this approach to avoid 'changed after checked' errors.

  Example:
  // Specify the `disabled` property at control creation time:
  form = new FormGroup({
    first: new FormControl({value: 'Nancy', disabled: true}, Validators.required),
    last: new FormControl('Drew', Validators.required)
  });

  // Controls can also be enabled/disabled after creation:
  form.get('first')?.enable();
  form.get('last')?.disable();
'[39m
Chrome Headless 139.0.0.0 (Windows 10): Executed 122 of 1370[31m (24 FAILED)[39m (0 secs / 2.954 secs)
WARN: '
  It looks like you're using the disabled attribute with a reactive form directive. If you set disabled to true
  when you set up this control in your component class, the disabled attribute will actually be set in the DOM for
  you. We recommend using this approach to avoid 'changed after checked' errors.

  Example:
  // Specify the `disabled` property at control creation time:
  form = new FormGroup({
    first: new FormControl({value: 'Nancy', disabled: true}, Validators.required),
    last: new FormControl('Drew', Validators.required)
  });

  // Controls can also be enabled/disabled after creation:
  form.get('first')?.enable();
  form.get('last')?.disable();
'
[1A[2KChrome Headless 139.0.0.0 (Windows 10): Executed 123 of 1370[31m (24 FAILED)[39m (0 secs / 2.962 secs)
[1A[2KWARN: [36m'
  It looks like you're using the disabled attribute with a reactive form directive. If you set disabled to true
  when you set up this control in your component class, the disabled attribute will actually be set in the DOM for
  you. We recommend using this approach to avoid 'changed after checked' errors.

  Example:
  // Specify the `disabled` property at control creation time:
  form = new FormGroup({
    first: new FormControl({value: 'Nancy', disabled: true}, Validators.required),
    last: new FormControl('Drew', Validators.required)
  });

  // Controls can also be enabled/disabled after creation:
  form.get('first')?.enable();
  form.get('last')?.disable();
'[39m
Chrome Headless 139.0.0.0 (Windows 10): Executed 123 of 1370[31m (24 FAILED)[39m (0 secs / 2.962 secs)
WARN: '
  It looks like you're using the disabled attribute with a reactive form directive. If you set disabled to true
  when you set up this control in your component class, the disabled attribute will actually be set in the DOM for
  you. We recommend using this approach to avoid 'changed after checked' errors.

  Example:
  // Specify the `disabled` property at control creation time:
  form = new FormGroup({
    first: new FormControl({value: 'Nancy', disabled: true}, Validators.required),
    last: new FormControl('Drew', Validators.required)
  });

  // Controls can also be enabled/disabled after creation:
  form.get('first')?.enable();
  form.get('last')?.disable();
'
[1A[2KChrome Headless 139.0.0.0 (Windows 10): Executed 124 of 1370[31m (24 FAILED)[39m (0 secs / 2.969 secs)
[1A[2KWARN: [36m'
  It looks like you're using the disabled attribute with a reactive form directive. If you set disabled to true
  when you set up this control in your component class, the disabled attribute will actually be set in the DOM for
  you. We recommend using this approach to avoid 'changed after checked' errors.

  Example:
  // Specify the `disabled` property at control creation time:
  form = new FormGroup({
    first: new FormControl({value: 'Nancy', disabled: true}, Validators.required),
    last: new FormControl('Drew', Validators.required)
  });

  // Controls can also be enabled/disabled after creation:
  form.get('first')?.enable();
  form.get('last')?.disable();
'[39m
Chrome Headless 139.0.0.0 (Windows 10): Executed 124 of 1370[31m (24 FAILED)[39m (0 secs / 2.969 secs)
WARN: '
  It looks like you're using the disabled attribute with a reactive form directive. If you set disabled to true
  when you set up this control in your component class, the disabled attribute will actually be set in the DOM for
  you. We recommend using this approach to avoid 'changed after checked' errors.

  Example:
  // Specify the `disabled` property at control creation time:
  form = new FormGroup({
    first: new FormControl({value: 'Nancy', disabled: true}, Validators.required),
    last: new FormControl('Drew', Validators.required)
  });

  // Controls can also be enabled/disabled after creation:
  form.get('first')?.enable();
  form.get('last')?.disable();
'
[1A[2K[31mChrome Headless 139.0.0.0 (Windows 10) InputNumberComponent Form Integration should mark form as dirty when value changes FAILED[39m
	TypeError: inputElement.componentInstance.onModelChange.emit is not a function
	    at UserContext.<anonymous> (spec-input-number.component.spec.js:459:52)
	    at _ZoneDelegate.invoke (node_modules/zone.js/fesm2015/zone.js:398:28)
	    at _ProxyZoneSpec.onInvoke (node_modules/zone.js/fesm2015/zone-testing.js:2132:39)
	    at _ZoneDelegate.invoke (node_modules/zone.js/fesm2015/zone.js:397:34)
	    at ZoneImpl.run (node_modules/zone.js/fesm2015/zone.js:113:43)
	    at runInTestZone (node_modules/zone.js/fesm2015/zone-testing.js:216:38)
	    at UserContext.<anonymous> (node_modules/zone.js/fesm2015/zone-testing.js:234:32)
	    at <Jasmine>
Chrome Headless 139.0.0.0 (Windows 10): Executed 125 of 1370[31m (25 FAILED)[39m (0 secs / 2.976 secs)
[1A[2KWARN: [36m'
  It looks like you're using the disabled attribute with a reactive form directive. If you set disabled to true
  when you set up this control in your component class, the disabled attribute will actually be set in the DOM for
  you. We recommend using this approach to avoid 'changed after checked' errors.

  Example:
  // Specify the `disabled` property at control creation time:
  form = new FormGroup({
    first: new FormControl({value: 'Nancy', disabled: true}, Validators.required),
    last: new FormControl('Drew', Validators.required)
  });

  // Controls can also be enabled/disabled after creation:
  form.get('first')?.enable();
  form.get('last')?.disable();
'[39m
Chrome Headless 139.0.0.0 (Windows 10): Executed 125 of 1370[31m (25 FAILED)[39m (0 secs / 2.976 secs)
WARN: '
  It looks like you're using the disabled attribute with a reactive form directive. If you set disabled to true
  when you set up this control in your component class, the disabled attribute will actually be set in the DOM for
  you. We recommend using this approach to avoid 'changed after checked' errors.

  Example:
  // Specify the `disabled` property at control creation time:
  form = new FormGroup({
    first: new FormControl({value: 'Nancy', disabled: true}, Validators.required),
    last: new FormControl('Drew', Validators.required)
  });

  // Controls can also be enabled/disabled after creation:
  form.get('first')?.enable();
  form.get('last')?.disable();
'
[1A[2KChrome Headless 139.0.0.0 (Windows 10): Executed 126 of 1370[31m (25 FAILED)[39m (0 secs / 2.982 secs)
[1A[2KWARN: [36m'
  It looks like you're using the disabled attribute with a reactive form directive. If you set disabled to true
  when you set up this control in your component class, the disabled attribute will actually be set in the DOM for
  you. We recommend using this approach to avoid 'changed after checked' errors.

  Example:
  // Specify the `disabled` property at control creation time:
  form = new FormGroup({
    first: new FormControl({value: 'Nancy', disabled: true}, Validators.required),
    last: new FormControl('Drew', Validators.required)
  });

  // Controls can also be enabled/disabled after creation:
  form.get('first')?.enable();
  form.get('last')?.disable();
'[39m
Chrome Headless 139.0.0.0 (Windows 10): Executed 126 of 1370[31m (25 FAILED)[39m (0 secs / 2.982 secs)
WARN: '
  It looks like you're using the disabled attribute with a reactive form directive. If you set disabled to true
  when you set up this control in your component class, the disabled attribute will actually be set in the DOM for
  you. We recommend using this approach to avoid 'changed after checked' errors.

  Example:
  // Specify the `disabled` property at control creation time:
  form = new FormGroup({
    first: new FormControl({value: 'Nancy', disabled: true}, Validators.required),
    last: new FormControl('Drew', Validators.required)
  });

  // Controls can also be enabled/disabled after creation:
  form.get('first')?.enable();
  form.get('last')?.disable();
'
[1A[2KChrome Headless 139.0.0.0 (Windows 10): Executed 127 of 1370[31m (25 FAILED)[39m (0 secs / 2.99 secs)
[1A[2KWARN: [36m'
  It looks like you're using the disabled attribute with a reactive form directive. If you set disabled to true
  when you set up this control in your component class, the disabled attribute will actually be set in the DOM for
  you. We recommend using this approach to avoid 'changed after checked' errors.

  Example:
  // Specify the `disabled` property at control creation time:
  form = new FormGroup({
    first: new FormControl({value: 'Nancy', disabled: true}, Validators.required),
    last: new FormControl('Drew', Validators.required)
  });

  // Controls can also be enabled/disabled after creation:
  form.get('first')?.enable();
  form.get('last')?.disable();
'[39m
Chrome Headless 139.0.0.0 (Windows 10): Executed 127 of 1370[31m (25 FAILED)[39m (0 secs / 2.99 secs)
WARN: '
  It looks like you're using the disabled attribute with a reactive form directive. If you set disabled to true
  when you set up this control in your component class, the disabled attribute will actually be set in the DOM for
  you. We recommend using this approach to avoid 'changed after checked' errors.

  Example:
  // Specify the `disabled` property at control creation time:
  form = new FormGroup({
    first: new FormControl({value: 'Nancy', disabled: true}, Validators.required),
    last: new FormControl('Drew', Validators.required)
  });

  // Controls can also be enabled/disabled after creation:
  form.get('first')?.enable();
  form.get('last')?.disable();
'
[1A[2KWARN: [36m'
  It looks like you're using the disabled attribute with a reactive form directive. If you set disabled to true
  when you set up this control in your component class, the disabled attribute will actually be set in the DOM for
  you. We recommend using this approach to avoid 'changed after checked' errors.

  Example:
  // Specify the `disabled` property at control creation time:
  form = new FormGroup({
    first: new FormControl({value: 'Nancy', disabled: true}, Validators.required),
    last: new FormControl('Drew', Validators.required)
  });

  // Controls can also be enabled/disabled after creation:
  form.get('first')?.enable();
  form.get('last')?.disable();
'[39m
Chrome Headless 139.0.0.0 (Windows 10): Executed 127 of 1370[31m (25 FAILED)[39m (0 secs / 2.99 secs)
WARN: '
  It looks like you're using the disabled attribute with a reactive form directive. If you set disabled to true
  when you set up this control in your component class, the disabled attribute will actually be set in the DOM for
  you. We recommend using this approach to avoid 'changed after checked' errors.

  Example:
  // Specify the `disabled` property at control creation time:
  form = new FormGroup({
    first: new FormControl({value: 'Nancy', disabled: true}, Validators.required),
    last: new FormControl('Drew', Validators.required)
  });

  // Controls can also be enabled/disabled after creation:
  form.get('first')?.enable();
  form.get('last')?.disable();
'
[1A[2KChrome Headless 139.0.0.0 (Windows 10): Executed 128 of 1370[31m (25 FAILED)[39m (0 secs / 3.001 secs)
[1A[2KWARN: [36m'
  It looks like you're using the disabled attribute with a reactive form directive. If you set disabled to true
  when you set up this control in your component class, the disabled attribute will actually be set in the DOM for
  you. We recommend using this approach to avoid 'changed after checked' errors.

  Example:
  // Specify the `disabled` property at control creation time:
  form = new FormGroup({
    first: new FormControl({value: 'Nancy', disabled: true}, Validators.required),
    last: new FormControl('Drew', Validators.required)
  });

  // Controls can also be enabled/disabled after creation:
  form.get('first')?.enable();
  form.get('last')?.disable();
'[39m
Chrome Headless 139.0.0.0 (Windows 10): Executed 128 of 1370[31m (25 FAILED)[39m (0 secs / 3.001 secs)
WARN: '
  It looks like you're using the disabled attribute with a reactive form directive. If you set disabled to true
  when you set up this control in your component class, the disabled attribute will actually be set in the DOM for
  you. We recommend using this approach to avoid 'changed after checked' errors.

  Example:
  // Specify the `disabled` property at control creation time:
  form = new FormGroup({
    first: new FormControl({value: 'Nancy', disabled: true}, Validators.required),
    last: new FormControl('Drew', Validators.required)
  });

  // Controls can also be enabled/disabled after creation:
  form.get('first')?.enable();
  form.get('last')?.disable();
'
[1A[2KChrome Headless 139.0.0.0 (Windows 10): Executed 129 of 1370[31m (25 FAILED)[39m (0 secs / 3.011 secs)
[1A[2KWARN: [36m'
  It looks like you're using the disabled attribute with a reactive form directive. If you set disabled to true
  when you set up this control in your component class, the disabled attribute will actually be set in the DOM for
  you. We recommend using this approach to avoid 'changed after checked' errors.

  Example:
  // Specify the `disabled` property at control creation time:
  form = new FormGroup({
    first: new FormControl({value: 'Nancy', disabled: true}, Validators.required),
    last: new FormControl('Drew', Validators.required)
  });

  // Controls can also be enabled/disabled after creation:
  form.get('first')?.enable();
  form.get('last')?.disable();
'[39m
Chrome Headless 139.0.0.0 (Windows 10): Executed 129 of 1370[31m (25 FAILED)[39m (0 secs / 3.011 secs)
WARN: '
  It looks like you're using the disabled attribute with a reactive form directive. If you set disabled to true
  when you set up this control in your component class, the disabled attribute will actually be set in the DOM for
  you. We recommend using this approach to avoid 'changed after checked' errors.

  Example:
  // Specify the `disabled` property at control creation time:
  form = new FormGroup({
    first: new FormControl({value: 'Nancy', disabled: true}, Validators.required),
    last: new FormControl('Drew', Validators.required)
  });

  // Controls can also be enabled/disabled after creation:
  form.get('first')?.enable();
  form.get('last')?.disable();
'
[1A[2K[31mChrome Headless 139.0.0.0 (Windows 10) InputNumberComponent Accessibility should have proper label text FAILED[39m
	Expected 'translated text' to be 'COMMON.PRICE'.
	    at <Jasmine>
	    at UserContext.<anonymous> (spec-input-number.component.spec.js:505:49)
	    at _ZoneDelegate.invoke (node_modules/zone.js/fesm2015/zone.js:398:28)
	    at _ProxyZoneSpec.onInvoke (node_modules/zone.js/fesm2015/zone-testing.js:2132:39)
	    at _ZoneDelegate.invoke (node_modules/zone.js/fesm2015/zone.js:397:34)
Chrome Headless 139.0.0.0 (Windows 10): Executed 130 of 1370[31m (26 FAILED)[39m (0 secs / 3.022 secs)
[1A[2KWARN: [36m'
  It looks like you're using the disabled attribute with a reactive form directive. If you set disabled to true
  when you set up this control in your component class, the disabled attribute will actually be set in the DOM for
  you. We recommend using this approach to avoid 'changed after checked' errors.

  Example:
  // Specify the `disabled` property at control creation time:
  form = new FormGroup({
    first: new FormControl({value: 'Nancy', disabled: true}, Validators.required),
    last: new FormControl('Drew', Validators.required)
  });

  // Controls can also be enabled/disabled after creation:
  form.get('first')?.enable();
  form.get('last')?.disable();
'[39m
Chrome Headless 139.0.0.0 (Windows 10): Executed 130 of 1370[31m (26 FAILED)[39m (0 secs / 3.022 secs)
WARN: '
  It looks like you're using the disabled attribute with a reactive form directive. If you set disabled to true
  when you set up this control in your component class, the disabled attribute will actually be set in the DOM for
  you. We recommend using this approach to avoid 'changed after checked' errors.

  Example:
  // Specify the `disabled` property at control creation time:
  form = new FormGroup({
    first: new FormControl({value: 'Nancy', disabled: true}, Validators.required),
    last: new FormControl('Drew', Validators.required)
  });

  // Controls can also be enabled/disabled after creation:
  form.get('first')?.enable();
  form.get('last')?.disable();
'
[1A[2K[31mChrome Headless 139.0.0.0 (Windows 10) InputNumberComponent Text Display should display help text when provided FAILED[39m
	Expected 'translated text' to be 'Aix├▓ ├®s un text d'ajuda'.
	    at <Jasmine>
	    at UserContext.<anonymous> (spec-input-number.component.spec.js:412:60)
	    at _ZoneDelegate.invoke (node_modules/zone.js/fesm2015/zone.js:398:28)
	    at _ProxyZoneSpec.onInvoke (node_modules/zone.js/fesm2015/zone-testing.js:2132:39)
	    at _ZoneDelegate.invoke (node_modules/zone.js/fesm2015/zone.js:397:34)
Chrome Headless 139.0.0.0 (Windows 10): Executed 131 of 1370[31m (27 FAILED)[39m (0 secs / 3.03 secs)
[1A[2KWARN: [36m'
  It looks like you're using the disabled attribute with a reactive form directive. If you set disabled to true
  when you set up this control in your component class, the disabled attribute will actually be set in the DOM for
  you. We recommend using this approach to avoid 'changed after checked' errors.

  Example:
  // Specify the `disabled` property at control creation time:
  form = new FormGroup({
    first: new FormControl({value: 'Nancy', disabled: true}, Validators.required),
    last: new FormControl('Drew', Validators.required)
  });

  // Controls can also be enabled/disabled after creation:
  form.get('first')?.enable();
  form.get('last')?.disable();
'[39m
Chrome Headless 139.0.0.0 (Windows 10): Executed 131 of 1370[31m (27 FAILED)[39m (0 secs / 3.03 secs)
WARN: '
  It looks like you're using the disabled attribute with a reactive form directive. If you set disabled to true
  when you set up this control in your component class, the disabled attribute will actually be set in the DOM for
  you. We recommend using this approach to avoid 'changed after checked' errors.

  Example:
  // Specify the `disabled` property at control creation time:
  form = new FormGroup({
    first: new FormControl({value: 'Nancy', disabled: true}, Validators.required),
    last: new FormControl('Drew', Validators.required)
  });

  // Controls can also be enabled/disabled after creation:
  form.get('first')?.enable();
  form.get('last')?.disable();
'
[1A[2K[31mChrome Headless 139.0.0.0 (Windows 10) InputNumberComponent Text Display should display success text when provided FAILED[39m
	Expected 'translated text' to be 'Aix├▓ ├®s un ├¿xit'.
	    at <Jasmine>
	    at UserContext.<anonymous> (spec-input-number.component.spec.js:426:63)
	    at _ZoneDelegate.invoke (node_modules/zone.js/fesm2015/zone.js:398:28)
	    at _ProxyZoneSpec.onInvoke (node_modules/zone.js/fesm2015/zone-testing.js:2132:39)
	    at _ZoneDelegate.invoke (node_modules/zone.js/fesm2015/zone.js:397:34)
Chrome Headless 139.0.0.0 (Windows 10): Executed 132 of 1370[31m (28 FAILED)[39m (0 secs / 3.037 secs)
[1A[2KWARN: [36m'
  It looks like you're using the disabled attribute with a reactive form directive. If you set disabled to true
  when you set up this control in your component class, the disabled attribute will actually be set in the DOM for
  you. We recommend using this approach to avoid 'changed after checked' errors.

  Example:
  // Specify the `disabled` property at control creation time:
  form = new FormGroup({
    first: new FormControl({value: 'Nancy', disabled: true}, Validators.required),
    last: new FormControl('Drew', Validators.required)
  });

  // Controls can also be enabled/disabled after creation:
  form.get('first')?.enable();
  form.get('last')?.disable();
'[39m
Chrome Headless 139.0.0.0 (Windows 10): Executed 132 of 1370[31m (28 FAILED)[39m (0 secs / 3.037 secs)
WARN: '
  It looks like you're using the disabled attribute with a reactive form directive. If you set disabled to true
  when you set up this control in your component class, the disabled attribute will actually be set in the DOM for
  you. We recommend using this approach to avoid 'changed after checked' errors.

  Example:
  // Specify the `disabled` property at control creation time:
  form = new FormGroup({
    first: new FormControl({value: 'Nancy', disabled: true}, Validators.required),
    last: new FormControl('Drew', Validators.required)
  });

  // Controls can also be enabled/disabled after creation:
  form.get('first')?.enable();
  form.get('last')?.disable();
'
[1A[2KChrome Headless 139.0.0.0 (Windows 10): Executed 133 of 1370[31m (28 FAILED)[39m (0 secs / 3.043 secs)
[1A[2KWARN: [36m'
  It looks like you're using the disabled attribute with a reactive form directive. If you set disabled to true
  when you set up this control in your component class, the disabled attribute will actually be set in the DOM for
  you. We recommend using this approach to avoid 'changed after checked' errors.

  Example:
  // Specify the `disabled` property at control creation time:
  form = new FormGroup({
    first: new FormControl({value: 'Nancy', disabled: true}, Validators.required),
    last: new FormControl('Drew', Validators.required)
  });

  // Controls can also be enabled/disabled after creation:
  form.get('first')?.enable();
  form.get('last')?.disable();
'[39m
Chrome Headless 139.0.0.0 (Windows 10): Executed 133 of 1370[31m (28 FAILED)[39m (0 secs / 3.043 secs)
WARN: '
  It looks like you're using the disabled attribute with a reactive form directive. If you set disabled to true
  when you set up this control in your component class, the disabled attribute will actually be set in the DOM for
  you. We recommend using this approach to avoid 'changed after checked' errors.

  Example:
  // Specify the `disabled` property at control creation time:
  form = new FormGroup({
    first: new FormControl({value: 'Nancy', disabled: true}, Validators.required),
    last: new FormControl('Drew', Validators.required)
  });

  // Controls can also be enabled/disabled after creation:
  form.get('first')?.enable();
  form.get('last')?.disable();
'
[1A[2K[31mChrome Headless 139.0.0.0 (Windows 10) InputNumberComponent Text Display should display error text when provided FAILED[39m
	Expected 'translated text' to be 'Aix├▓ ├®s un error'.
	    at <Jasmine>
	    at UserContext.<anonymous> (spec-input-number.component.spec.js:419:61)
	    at _ZoneDelegate.invoke (node_modules/zone.js/fesm2015/zone.js:398:28)
	    at _ProxyZoneSpec.onInvoke (node_modules/zone.js/fesm2015/zone-testing.js:2132:39)
	    at _ZoneDelegate.invoke (node_modules/zone.js/fesm2015/zone.js:397:34)
Chrome Headless 139.0.0.0 (Windows 10): Executed 134 of 1370[31m (29 FAILED)[39m (0 secs / 3.05 secs)
[1A[2KWARN: [36m'
  It looks like you're using the disabled attribute with a reactive form directive. If you set disabled to true
  when you set up this control in your component class, the disabled attribute will actually be set in the DOM for
  you. We recommend using this approach to avoid 'changed after checked' errors.

  Example:
  // Specify the `disabled` property at control creation time:
  form = new FormGroup({
    first: new FormControl({value: 'Nancy', disabled: true}, Validators.required),
    last: new FormControl('Drew', Validators.required)
  });

  // Controls can also be enabled/disabled after creation:
  form.get('first')?.enable();
  form.get('last')?.disable();
'[39m
Chrome Headless 139.0.0.0 (Windows 10): Executed 134 of 1370[31m (29 FAILED)[39m (0 secs / 3.05 secs)
WARN: '
  It looks like you're using the disabled attribute with a reactive form directive. If you set disabled to true
  when you set up this control in your component class, the disabled attribute will actually be set in the DOM for
  you. We recommend using this approach to avoid 'changed after checked' errors.

  Example:
  // Specify the `disabled` property at control creation time:
  form = new FormGroup({
    first: new FormControl({value: 'Nancy', disabled: true}, Validators.required),
    last: new FormControl('Drew', Validators.required)
  });

  // Controls can also be enabled/disabled after creation:
  form.get('first')?.enable();
  form.get('last')?.disable();
'
[1A[2KChrome Headless 139.0.0.0 (Windows 10): Executed 135 of 1370[31m (29 FAILED)[39m (0 secs / 3.062 secs)
[1A[2KWARN: [36m'
  It looks like you're using the disabled attribute with a reactive form directive. If you set disabled to true
  when you set up this control in your component class, the disabled attribute will actually be set in the DOM for
  you. We recommend using this approach to avoid 'changed after checked' errors.

  Example:
  // Specify the `disabled` property at control creation time:
  form = new FormGroup({
    first: new FormControl({value: 'Nancy', disabled: true}, Validators.required),
    last: new FormControl('Drew', Validators.required)
  });

  // Controls can also be enabled/disabled after creation:
  form.get('first')?.enable();
  form.get('last')?.disable();
'[39m
Chrome Headless 139.0.0.0 (Windows 10): Executed 135 of 1370[31m (29 FAILED)[39m (0 secs / 3.062 secs)
WARN: '
  It looks like you're using the disabled attribute with a reactive form directive. If you set disabled to true
  when you set up this control in your component class, the disabled attribute will actually be set in the DOM for
  you. We recommend using this approach to avoid 'changed after checked' errors.

  Example:
  // Specify the `disabled` property at control creation time:
  form = new FormGroup({
    first: new FormControl({value: 'Nancy', disabled: true}, Validators.required),
    last: new FormControl('Drew', Validators.required)
  });

  // Controls can also be enabled/disabled after creation:
  form.get('first')?.enable();
  form.get('last')?.disable();
'
[1A[2KChrome Headless 139.0.0.0 (Windows 10): Executed 136 of 1370[31m (29 FAILED)[39m (0 secs / 3.069 secs)
[1A[2KWARN: [36m'
  It looks like you're using the disabled attribute with a reactive form directive. If you set disabled to true
  when you set up this control in your component class, the disabled attribute will actually be set in the DOM for
  you. We recommend using this approach to avoid 'changed after checked' errors.

  Example:
  // Specify the `disabled` property at control creation time:
  form = new FormGroup({
    first: new FormControl({value: 'Nancy', disabled: true}, Validators.required),
    last: new FormControl('Drew', Validators.required)
  });

  // Controls can also be enabled/disabled after creation:
  form.get('first')?.enable();
  form.get('last')?.disable();
'[39m
Chrome Headless 139.0.0.0 (Windows 10): Executed 136 of 1370[31m (29 FAILED)[39m (0 secs / 3.069 secs)
WARN: '
  It looks like you're using the disabled attribute with a reactive form directive. If you set disabled to true
  when you set up this control in your component class, the disabled attribute will actually be set in the DOM for
  you. We recommend using this approach to avoid 'changed after checked' errors.

  Example:
  // Specify the `disabled` property at control creation time:
  form = new FormGroup({
    first: new FormControl({value: 'Nancy', disabled: true}, Validators.required),
    last: new FormControl('Drew', Validators.required)
  });

  // Controls can also be enabled/disabled after creation:
  form.get('first')?.enable();
  form.get('last')?.disable();
'
[1A[2KChrome Headless 139.0.0.0 (Windows 10): Executed 137 of 1370[31m (29 FAILED)[39m (0 secs / 3.075 secs)
[1A[2KWARN: [36m'
  It looks like you're using the disabled attribute with a reactive form directive. If you set disabled to true
  when you set up this control in your component class, the disabled attribute will actually be set in the DOM for
  you. We recommend using this approach to avoid 'changed after checked' errors.

  Example:
  // Specify the `disabled` property at control creation time:
  form = new FormGroup({
    first: new FormControl({value: 'Nancy', disabled: true}, Validators.required),
    last: new FormControl('Drew', Validators.required)
  });

  // Controls can also be enabled/disabled after creation:
  form.get('first')?.enable();
  form.get('last')?.disable();
'[39m
Chrome Headless 139.0.0.0 (Windows 10): Executed 137 of 1370[31m (29 FAILED)[39m (0 secs / 3.075 secs)
WARN: '
  It looks like you're using the disabled attribute with a reactive form directive. If you set disabled to true
  when you set up this control in your component class, the disabled attribute will actually be set in the DOM for
  you. We recommend using this approach to avoid 'changed after checked' errors.

  Example:
  // Specify the `disabled` property at control creation time:
  form = new FormGroup({
    first: new FormControl({value: 'Nancy', disabled: true}, Validators.required),
    last: new FormControl('Drew', Validators.required)
  });

  // Controls can also be enabled/disabled after creation:
  form.get('first')?.enable();
  form.get('last')?.disable();
'
[1A[2KChrome Headless 139.0.0.0 (Windows 10): Executed 138 of 1370[31m (29 FAILED)[39m (0 secs / 3.08 secs)
[1A[2KWARN: [36m'
  It looks like you're using the disabled attribute with a reactive form directive. If you set disabled to true
  when you set up this control in your component class, the disabled attribute will actually be set in the DOM for
  you. We recommend using this approach to avoid 'changed after checked' errors.

  Example:
  // Specify the `disabled` property at control creation time:
  form = new FormGroup({
    first: new FormControl({value: 'Nancy', disabled: true}, Validators.required),
    last: new FormControl('Drew', Validators.required)
  });

  // Controls can also be enabled/disabled after creation:
  form.get('first')?.enable();
  form.get('last')?.disable();
'[39m
Chrome Headless 139.0.0.0 (Windows 10): Executed 138 of 1370[31m (29 FAILED)[39m (0 secs / 3.08 secs)
WARN: '
  It looks like you're using the disabled attribute with a reactive form directive. If you set disabled to true
  when you set up this control in your component class, the disabled attribute will actually be set in the DOM for
  you. We recommend using this approach to avoid 'changed after checked' errors.

  Example:
  // Specify the `disabled` property at control creation time:
  form = new FormGroup({
    first: new FormControl({value: 'Nancy', disabled: true}, Validators.required),
    last: new FormControl('Drew', Validators.required)
  });

  // Controls can also be enabled/disabled after creation:
  form.get('first')?.enable();
  form.get('last')?.disable();
'
[1A[2KChrome Headless 139.0.0.0 (Windows 10): Executed 139 of 1370[31m (29 FAILED)[39m (0 secs / 3.085 secs)
[1A[2KWARN: [36m'
  It looks like you're using the disabled attribute with a reactive form directive. If you set disabled to true
  when you set up this control in your component class, the disabled attribute will actually be set in the DOM for
  you. We recommend using this approach to avoid 'changed after checked' errors.

  Example:
  // Specify the `disabled` property at control creation time:
  form = new FormGroup({
    first: new FormControl({value: 'Nancy', disabled: true}, Validators.required),
    last: new FormControl('Drew', Validators.required)
  });

  // Controls can also be enabled/disabled after creation:
  form.get('first')?.enable();
  form.get('last')?.disable();
'[39m
Chrome Headless 139.0.0.0 (Windows 10): Executed 139 of 1370[31m (29 FAILED)[39m (0 secs / 3.085 secs)
WARN: '
  It looks like you're using the disabled attribute with a reactive form directive. If you set disabled to true
  when you set up this control in your component class, the disabled attribute will actually be set in the DOM for
  you. We recommend using this approach to avoid 'changed after checked' errors.

  Example:
  // Specify the `disabled` property at control creation time:
  form = new FormGroup({
    first: new FormControl({value: 'Nancy', disabled: true}, Validators.required),
    last: new FormControl('Drew', Validators.required)
  });

  // Controls can also be enabled/disabled after creation:
  form.get('first')?.enable();
  form.get('last')?.disable();
'
[1A[2KChrome Headless 139.0.0.0 (Windows 10): Executed 140 of 1370[31m (29 FAILED)[39m (0 secs / 3.091 secs)
[1A[2KWARN: [36m'
  It looks like you're using the disabled attribute with a reactive form directive. If you set disabled to true
  when you set up this control in your component class, the disabled attribute will actually be set in the DOM for
  you. We recommend using this approach to avoid 'changed after checked' errors.

  Example:
  // Specify the `disabled` property at control creation time:
  form = new FormGroup({
    first: new FormControl({value: 'Nancy', disabled: true}, Validators.required),
    last: new FormControl('Drew', Validators.required)
  });

  // Controls can also be enabled/disabled after creation:
  form.get('first')?.enable();
  form.get('last')?.disable();
'[39m
Chrome Headless 139.0.0.0 (Windows 10): Executed 140 of 1370[31m (29 FAILED)[39m (0 secs / 3.091 secs)
WARN: '
  It looks like you're using the disabled attribute with a reactive form directive. If you set disabled to true
  when you set up this control in your component class, the disabled attribute will actually be set in the DOM for
  you. We recommend using this approach to avoid 'changed after checked' errors.

  Example:
  // Specify the `disabled` property at control creation time:
  form = new FormGroup({
    first: new FormControl({value: 'Nancy', disabled: true}, Validators.required),
    last: new FormControl('Drew', Validators.required)
  });

  // Controls can also be enabled/disabled after creation:
  form.get('first')?.enable();
  form.get('last')?.disable();
'
[1A[2KChrome Headless 139.0.0.0 (Windows 10): Executed 141 of 1370[31m (29 FAILED)[39m (0 secs / 3.097 secs)
[1A[2KWARN: [36m'
  It looks like you're using the disabled attribute with a reactive form directive. If you set disabled to true
  when you set up this control in your component class, the disabled attribute will actually be set in the DOM for
  you. We recommend using this approach to avoid 'changed after checked' errors.

  Example:
  // Specify the `disabled` property at control creation time:
  form = new FormGroup({
    first: new FormControl({value: 'Nancy', disabled: true}, Validators.required),
    last: new FormControl('Drew', Validators.required)
  });

  // Controls can also be enabled/disabled after creation:
  form.get('first')?.enable();
  form.get('last')?.disable();
'[39m
Chrome Headless 139.0.0.0 (Windows 10): Executed 141 of 1370[31m (29 FAILED)[39m (0 secs / 3.097 secs)
WARN: '
  It looks like you're using the disabled attribute with a reactive form directive. If you set disabled to true
  when you set up this control in your component class, the disabled attribute will actually be set in the DOM for
  you. We recommend using this approach to avoid 'changed after checked' errors.

  Example:
  // Specify the `disabled` property at control creation time:
  form = new FormGroup({
    first: new FormControl({value: 'Nancy', disabled: true}, Validators.required),
    last: new FormControl('Drew', Validators.required)
  });

  // Controls can also be enabled/disabled after creation:
  form.get('first')?.enable();
  form.get('last')?.disable();
'
[1A[2K[31mChrome Headless 139.0.0.0 (Windows 10) InputNumberComponent Placeholder Behavior should use default placeholder when no custom placeholder provided FAILED[39m
	Expected 'translated text' to be 'INPUTS.NUMBER_PLACEHOLDER'.
	    at <Jasmine>
	    at UserContext.<anonymous> (spec-input-number.component.spec.js:403:58)
	    at _ZoneDelegate.invoke (node_modules/zone.js/fesm2015/zone.js:398:28)
	    at _ProxyZoneSpec.onInvoke (node_modules/zone.js/fesm2015/zone-testing.js:2132:39)
	    at _ZoneDelegate.invoke (node_modules/zone.js/fesm2015/zone.js:397:34)
Chrome Headless 139.0.0.0 (Windows 10): Executed 142 of 1370[31m (30 FAILED)[39m (0 secs / 3.102 secs)
[1A[2KWARN: [36m'
  It looks like you're using the disabled attribute with a reactive form directive. If you set disabled to true
  when you set up this control in your component class, the disabled attribute will actually be set in the DOM for
  you. We recommend using this approach to avoid 'changed after checked' errors.

  Example:
  // Specify the `disabled` property at control creation time:
  form = new FormGroup({
    first: new FormControl({value: 'Nancy', disabled: true}, Validators.required),
    last: new FormControl('Drew', Validators.required)
  });

  // Controls can also be enabled/disabled after creation:
  form.get('first')?.enable();
  form.get('last')?.disable();
'[39m
Chrome Headless 139.0.0.0 (Windows 10): Executed 142 of 1370[31m (30 FAILED)[39m (0 secs / 3.102 secs)
WARN: '
  It looks like you're using the disabled attribute with a reactive form directive. If you set disabled to true
  when you set up this control in your component class, the disabled attribute will actually be set in the DOM for
  you. We recommend using this approach to avoid 'changed after checked' errors.

  Example:
  // Specify the `disabled` property at control creation time:
  form = new FormGroup({
    first: new FormControl({value: 'Nancy', disabled: true}, Validators.required),
    last: new FormControl('Drew', Validators.required)
  });

  // Controls can also be enabled/disabled after creation:
  form.get('first')?.enable();
  form.get('last')?.disable();
'
[1A[2K[31mChrome Headless 139.0.0.0 (Windows 10) InputNumberComponent Placeholder Behavior should use custom placeholder when provided FAILED[39m
	Expected 'translated text' to be 'Custom number placeholder'.
	    at <Jasmine>
	    at UserContext.<anonymous> (spec-input-number.component.spec.js:397:58)
	    at _ZoneDelegate.invoke (node_modules/zone.js/fesm2015/zone.js:398:28)
	    at _ProxyZoneSpec.onInvoke (node_modules/zone.js/fesm2015/zone-testing.js:2132:39)
	    at _ZoneDelegate.invoke (node_modules/zone.js/fesm2015/zone.js:397:34)
Chrome Headless 139.0.0.0 (Windows 10): Executed 143 of 1370[31m (31 FAILED)[39m (0 secs / 3.108 secs)
[1A[2KChrome Headless 139.0.0.0 (Windows 10): Executed 144 of 1370[31m (31 FAILED)[39m (0 secs / 3.108 secs)
[1A[2KChrome Headless 139.0.0.0 (Windows 10): Executed 145 of 1370[31m (31 FAILED)[39m (0 secs / 3.108 secs)
[1A[2KChrome Headless 139.0.0.0 (Windows 10): Executed 146 of 1370[31m (31 FAILED)[39m (0 secs / 3.112 secs)
[1A[2KChrome Headless 139.0.0.0 (Windows 10): Executed 147 of 1370[31m (31 FAILED)[39m (0 secs / 3.113 secs)
[1A[2KChrome Headless 139.0.0.0 (Windows 10): Executed 148 of 1370[31m (31 FAILED)[39m (0 secs / 3.114 secs)
[1A[2KChrome Headless 139.0.0.0 (Windows 10): Executed 149 of 1370[31m (31 FAILED)[39m (0 secs / 3.115 secs)
[1A[2KChrome Headless 139.0.0.0 (Windows 10): Executed 150 of 1370[31m (31 FAILED)[39m (0 secs / 3.116 secs)
[1A[2KChrome Headless 139.0.0.0 (Windows 10): Executed 151 of 1370[31m (31 FAILED)[39m (0 secs / 3.125 secs)
[1A[2KChrome Headless 139.0.0.0 (Windows 10): Executed 152 of 1370[31m (31 FAILED)[39m (0 secs / 3.128 secs)
[1A[2KChrome Headless 139.0.0.0 (Windows 10): Executed 153 of 1370[31m (31 FAILED)[39m (0 secs / 3.133 secs)
[1A[2KChrome Headless 139.0.0.0 (Windows 10): Executed 154 of 1370[31m (31 FAILED)[39m (0 secs / 3.141 secs)
[1A[2KChrome Headless 139.0.0.0 (Windows 10): Executed 155 of 1370[31m (31 FAILED)[39m (0 secs / 3.144 secs)
[1A[2KChrome Headless 139.0.0.0 (Windows 10): Executed 156 of 1370[31m (31 FAILED)[39m (0 secs / 3.147 secs)
[1A[2KChrome Headless 139.0.0.0 (Windows 10): Executed 157 of 1370[31m (31 FAILED)[39m (0 secs / 3.149 secs)
[1A[2K[31mChrome Headless 139.0.0.0 (Windows 10) AppComponent Error Handling should handle undefined service returns FAILED[39m
	╔ÁNotFound: NG0201: No provider found for `Firestore2`. Source: Standalone[AppComponent2]. Path: HybridEmailService2 -> FirebaseServicesService2 -> Firestore2. Find more at https://angular.dev/errors/NG0201
	error properties: Object({ code: -201, ngErrorCode: -201, ngErrorMessage: 'No provider found for `Firestore2`.', ngTokenPath: [ 'HybridEmailService2', 'FirebaseServicesService2', 'Firestore2' ] })
	╔ÁNotFound: NG0201: No provider found for `Firestore2`. Source: Standalone[AppComponent2]. Path: HybridEmailService2 -> FirebaseServicesService2 -> Firestore2. Find more at https://angular.dev/errors/NG0201
	    at createRuntimeError (node_modules/@angular/core/fesm2022/root_effect_scheduler.mjs:895:19)
	    at NullInjector.get (node_modules/@angular/core/fesm2022/root_effect_scheduler.mjs:1463:27)
	    at R3Injector.get (node_modules/@angular/core/fesm2022/root_effect_scheduler.mjs:2019:33)
	    at R3Injector.get (node_modules/@angular/core/fesm2022/root_effect_scheduler.mjs:2019:33)
	    at R3Injector.retrieve (node_modules/@angular/core/fesm2022/root_effect_scheduler.mjs:1903:25)
	    at injectInjectorOnly (node_modules/@angular/core/fesm2022/root_effect_scheduler.mjs:1020:39)
	    at ╔Á╔Áinject (node_modules/@angular/core/fesm2022/root_effect_scheduler.mjs:1032:42)
	    at inject2 (node_modules/@angular/core/fesm2022/root_effect_scheduler.mjs:1118:12)
	    at FirebaseServicesService2.<instance_members_initializer> (src/app/core/services/firebase-services.service.ts:48:32)
	    at new FirebaseServicesService2 (src/app/core/services/firebase-services.service.ts:115:3)
Chrome Headless 139.0.0.0 (Windows 10): Executed 158 of 1370[31m (32 FAILED)[39m (0 secs / 3.175 secs)
[1A[2K[31mChrome Headless 139.0.0.0 (Windows 10) AppComponent Error Handling should handle service errors gracefully FAILED[39m
	╔ÁNotFound: NG0201: No provider found for `Firestore2`. Source: Standalone[AppComponent2]. Path: HybridEmailService2 -> FirebaseServicesService2 -> Firestore2. Find more at https://angular.dev/errors/NG0201
	error properties: Object({ code: -201, ngErrorCode: -201, ngErrorMessage: 'No provider found for `Firestore2`.', ngTokenPath: [ 'HybridEmailService2', 'FirebaseServicesService2', 'Firestore2' ] })
	╔ÁNotFound: NG0201: No provider found for `Firestore2`. Source: Standalone[AppComponent2]. Path: HybridEmailService2 -> FirebaseServicesService2 -> Firestore2. Find more at https://angular.dev/errors/NG0201
	    at createRuntimeError (node_modules/@angular/core/fesm2022/root_effect_scheduler.mjs:895:19)
	    at NullInjector.get (node_modules/@angular/core/fesm2022/root_effect_scheduler.mjs:1463:27)
	    at R3Injector.get (node_modules/@angular/core/fesm2022/root_effect_scheduler.mjs:2019:33)
	    at R3Injector.get (node_modules/@angular/core/fesm2022/root_effect_scheduler.mjs:2019:33)
	    at R3Injector.retrieve (node_modules/@angular/core/fesm2022/root_effect_scheduler.mjs:1903:25)
	    at injectInjectorOnly (node_modules/@angular/core/fesm2022/root_effect_scheduler.mjs:1020:39)
	    at ╔Á╔Áinject (node_modules/@angular/core/fesm2022/root_effect_scheduler.mjs:1032:42)
	    at inject2 (node_modules/@angular/core/fesm2022/root_effect_scheduler.mjs:1118:12)
	    at FirebaseServicesService2.<instance_members_initializer> (src/app/core/services/firebase-services.service.ts:48:32)
	    at new FirebaseServicesService2 (src/app/core/services/firebase-services.service.ts:115:3)
Chrome Headless 139.0.0.0 (Windows 10): Executed 159 of 1370[31m (33 FAILED)[39m (0 secs / 3.178 secs)
[1A[2K[31mChrome Headless 139.0.0.0 (Windows 10) AppComponent Computed Signals should have shouldShowHeader computed signal FAILED[39m
	╔ÁNotFound: NG0201: No provider found for `Firestore2`. Source: Standalone[AppComponent2]. Path: HybridEmailService2 -> FirebaseServicesService2 -> Firestore2. Find more at https://angular.dev/errors/NG0201
	error properties: Object({ code: -201, ngErrorCode: -201, ngErrorMessage: 'No provider found for `Firestore2`.', ngTokenPath: [ 'HybridEmailService2', 'FirebaseServicesService2', 'Firestore2' ] })
	╔ÁNotFound: NG0201: No provider found for `Firestore2`. Source: Standalone[AppComponent2]. Path: HybridEmailService2 -> FirebaseServicesService2 -> Firestore2. Find more at https://angular.dev/errors/NG0201
	    at createRuntimeError (node_modules/@angular/core/fesm2022/root_effect_scheduler.mjs:895:19)
	    at NullInjector.get (node_modules/@angular/core/fesm2022/root_effect_scheduler.mjs:1463:27)
	    at R3Injector.get (node_modules/@angular/core/fesm2022/root_effect_scheduler.mjs:2019:33)
	    at R3Injector.get (node_modules/@angular/core/fesm2022/root_effect_scheduler.mjs:2019:33)
	    at R3Injector.retrieve (node_modules/@angular/core/fesm2022/root_effect_scheduler.mjs:1903:25)
	    at injectInjectorOnly (node_modules/@angular/core/fesm2022/root_effect_scheduler.mjs:1020:39)
	    at ╔Á╔Áinject (node_modules/@angular/core/fesm2022/root_effect_scheduler.mjs:1032:42)
	    at inject2 (node_modules/@angular/core/fesm2022/root_effect_scheduler.mjs:1118:12)
	    at FirebaseServicesService2.<instance_members_initializer> (src/app/core/services/firebase-services.service.ts:48:32)
	    at new FirebaseServicesService2 (src/app/core/services/firebase-services.service.ts:115:3)
Chrome Headless 139.0.0.0 (Windows 10): Executed 160 of 1370[31m (34 FAILED)[39m (0 secs / 3.18 secs)
[1A[2K[31mChrome Headless 139.0.0.0 (Windows 10) AppComponent Computed Signals should have isLoading computed signal FAILED[39m
	╔ÁNotFound: NG0201: No provider found for `Firestore2`. Source: Standalone[AppComponent2]. Path: HybridEmailService2 -> FirebaseServicesService2 -> Firestore2. Find more at https://angular.dev/errors/NG0201
	error properties: Object({ code: -201, ngErrorCode: -201, ngErrorMessage: 'No provider found for `Firestore2`.', ngTokenPath: [ 'HybridEmailService2', 'FirebaseServicesService2', 'Firestore2' ] })
	╔ÁNotFound: NG0201: No provider found for `Firestore2`. Source: Standalone[AppComponent2]. Path: HybridEmailService2 -> FirebaseServicesService2 -> Firestore2. Find more at https://angular.dev/errors/NG0201
	    at createRuntimeError (node_modules/@angular/core/fesm2022/root_effect_scheduler.mjs:895:19)
	    at NullInjector.get (node_modules/@angular/core/fesm2022/root_effect_scheduler.mjs:1463:27)
	    at R3Injector.get (node_modules/@angular/core/fesm2022/root_effect_scheduler.mjs:2019:33)
	    at R3Injector.get (node_modules/@angular/core/fesm2022/root_effect_scheduler.mjs:2019:33)
	    at R3Injector.retrieve (node_modules/@angular/core/fesm2022/root_effect_scheduler.mjs:1903:25)
	    at injectInjectorOnly (node_modules/@angular/core/fesm2022/root_effect_scheduler.mjs:1020:39)
	    at ╔Á╔Áinject (node_modules/@angular/core/fesm2022/root_effect_scheduler.mjs:1032:42)
	    at inject2 (node_modules/@angular/core/fesm2022/root_effect_scheduler.mjs:1118:12)
	    at FirebaseServicesService2.<instance_members_initializer> (src/app/core/services/firebase-services.service.ts:48:32)
	    at new FirebaseServicesService2 (src/app/core/services/firebase-services.service.ts:115:3)
Chrome Headless 139.0.0.0 (Windows 10): Executed 161 of 1370[31m (35 FAILED)[39m (0 secs / 3.182 secs)
[1A[2K[31mChrome Headless 139.0.0.0 (Windows 10) AppComponent Computed Signals should have isAuthenticated computed signal FAILED[39m
	╔ÁNotFound: NG0201: No provider found for `Firestore2`. Source: Standalone[AppComponent2]. Path: HybridEmailService2 -> FirebaseServicesService2 -> Firestore2. Find more at https://angular.dev/errors/NG0201
	error properties: Object({ code: -201, ngErrorCode: -201, ngErrorMessage: 'No provider found for `Firestore2`.', ngTokenPath: [ 'HybridEmailService2', 'FirebaseServicesService2', 'Firestore2' ] })
	╔ÁNotFound: NG0201: No provider found for `Firestore2`. Source: Standalone[AppComponent2]. Path: HybridEmailService2 -> FirebaseServicesService2 -> Firestore2. Find more at https://angular.dev/errors/NG0201
	    at createRuntimeError (node_modules/@angular/core/fesm2022/root_effect_scheduler.mjs:895:19)
	    at NullInjector.get (node_modules/@angular/core/fesm2022/root_effect_scheduler.mjs:1463:27)
	    at R3Injector.get (node_modules/@angular/core/fesm2022/root_effect_scheduler.mjs:2019:33)
	    at R3Injector.get (node_modules/@angular/core/fesm2022/root_effect_scheduler.mjs:2019:33)
	    at R3Injector.retrieve (node_modules/@angular/core/fesm2022/root_effect_scheduler.mjs:1903:25)
	    at injectInjectorOnly (node_modules/@angular/core/fesm2022/root_effect_scheduler.mjs:1020:39)
	    at ╔Á╔Áinject (node_modules/@angular/core/fesm2022/root_effect_scheduler.mjs:1032:42)
	    at inject2 (node_modules/@angular/core/fesm2022/root_effect_scheduler.mjs:1118:12)
	    at FirebaseServicesService2.<instance_members_initializer> (src/app/core/services/firebase-services.service.ts:48:32)
	    at new FirebaseServicesService2 (src/app/core/services/firebase-services.service.ts:115:3)
Chrome Headless 139.0.0.0 (Windows 10): Executed 162 of 1370[31m (36 FAILED)[39m (0 secs / 3.184 secs)
[1A[2K[31mChrome Headless 139.0.0.0 (Windows 10) AppComponent Computed Signals should return correct values from computed signals FAILED[39m
	╔ÁNotFound: NG0201: No provider found for `Firestore2`. Source: Standalone[AppComponent2]. Path: HybridEmailService2 -> FirebaseServicesService2 -> Firestore2. Find more at https://angular.dev/errors/NG0201
	error properties: Object({ code: -201, ngErrorCode: -201, ngErrorMessage: 'No provider found for `Firestore2`.', ngTokenPath: [ 'HybridEmailService2', 'FirebaseServicesService2', 'Firestore2' ] })
	╔ÁNotFound: NG0201: No provider found for `Firestore2`. Source: Standalone[AppComponent2]. Path: HybridEmailService2 -> FirebaseServicesService2 -> Firestore2. Find more at https://angular.dev/errors/NG0201
	    at createRuntimeError (node_modules/@angular/core/fesm2022/root_effect_scheduler.mjs:895:19)
	    at NullInjector.get (node_modules/@angular/core/fesm2022/root_effect_scheduler.mjs:1463:27)
	    at R3Injector.get (node_modules/@angular/core/fesm2022/root_effect_scheduler.mjs:2019:33)
	    at R3Injector.get (node_modules/@angular/core/fesm2022/root_effect_scheduler.mjs:2019:33)
	    at R3Injector.retrieve (node_modules/@angular/core/fesm2022/root_effect_scheduler.mjs:1903:25)
	    at injectInjectorOnly (node_modules/@angular/core/fesm2022/root_effect_scheduler.mjs:1020:39)
	    at ╔Á╔Áinject (node_modules/@angular/core/fesm2022/root_effect_scheduler.mjs:1032:42)
	    at inject2 (node_modules/@angular/core/fesm2022/root_effect_scheduler.mjs:1118:12)
	    at FirebaseServicesService2.<instance_members_initializer> (src/app/core/services/firebase-services.service.ts:48:32)
	    at new FirebaseServicesService2 (src/app/core/services/firebase-services.service.ts:115:3)
Chrome Headless 139.0.0.0 (Windows 10): Executed 163 of 1370[31m (37 FAILED)[39m (0 secs / 3.185 secs)
[1A[2K[31mChrome Headless 139.0.0.0 (Windows 10) AppComponent User Authentication State should handle authentication state changes FAILED[39m
	╔ÁNotFound: NG0201: No provider found for `Firestore2`. Source: Standalone[AppComponent2]. Path: HybridEmailService2 -> FirebaseServicesService2 -> Firestore2. Find more at https://angular.dev/errors/NG0201
	error properties: Object({ code: -201, ngErrorCode: -201, ngErrorMessage: 'No provider found for `Firestore2`.', ngTokenPath: [ 'HybridEmailService2', 'FirebaseServicesService2', 'Firestore2' ] })
	╔ÁNotFound: NG0201: No provider found for `Firestore2`. Source: Standalone[AppComponent2]. Path: HybridEmailService2 -> FirebaseServicesService2 -> Firestore2. Find more at https://angular.dev/errors/NG0201
	    at createRuntimeError (node_modules/@angular/core/fesm2022/root_effect_scheduler.mjs:895:19)
	    at NullInjector.get (node_modules/@angular/core/fesm2022/root_effect_scheduler.mjs:1463:27)
	    at R3Injector.get (node_modules/@angular/core/fesm2022/root_effect_scheduler.mjs:2019:33)
	    at R3Injector.get (node_modules/@angular/core/fesm2022/root_effect_scheduler.mjs:2019:33)
	    at R3Injector.retrieve (node_modules/@angular/core/fesm2022/root_effect_scheduler.mjs:1903:25)
	    at injectInjectorOnly (node_modules/@angular/core/fesm2022/root_effect_scheduler.mjs:1020:39)
	    at ╔Á╔Áinject (node_modules/@angular/core/fesm2022/root_effect_scheduler.mjs:1032:42)
	    at inject2 (node_modules/@angular/core/fesm2022/root_effect_scheduler.mjs:1118:12)
	    at FirebaseServicesService2.<instance_members_initializer> (src/app/core/services/firebase-services.service.ts:48:32)
	    at new FirebaseServicesService2 (src/app/core/services/firebase-services.service.ts:115:3)
Chrome Headless 139.0.0.0 (Windows 10): Executed 164 of 1370[31m (38 FAILED)[39m (0 secs / 3.186 secs)
[1A[2K[31mChrome Headless 139.0.0.0 (Windows 10) AppComponent User Authentication State should reflect authentication state from AuthService FAILED[39m
	╔ÁNotFound: NG0201: No provider found for `Firestore2`. Source: Standalone[AppComponent2]. Path: HybridEmailService2 -> FirebaseServicesService2 -> Firestore2. Find more at https://angular.dev/errors/NG0201
	error properties: Object({ code: -201, ngErrorCode: -201, ngErrorMessage: 'No provider found for `Firestore2`.', ngTokenPath: [ 'HybridEmailService2', 'FirebaseServicesService2', 'Firestore2' ] })
	╔ÁNotFound: NG0201: No provider found for `Firestore2`. Source: Standalone[AppComponent2]. Path: HybridEmailService2 -> FirebaseServicesService2 -> Firestore2. Find more at https://angular.dev/errors/NG0201
	    at createRuntimeError (node_modules/@angular/core/fesm2022/root_effect_scheduler.mjs:895:19)
	    at NullInjector.get (node_modules/@angular/core/fesm2022/root_effect_scheduler.mjs:1463:27)
	    at R3Injector.get (node_modules/@angular/core/fesm2022/root_effect_scheduler.mjs:2019:33)
	    at R3Injector.get (node_modules/@angular/core/fesm2022/root_effect_scheduler.mjs:2019:33)
	    at R3Injector.retrieve (node_modules/@angular/core/fesm2022/root_effect_scheduler.mjs:1903:25)
	    at injectInjectorOnly (node_modules/@angular/core/fesm2022/root_effect_scheduler.mjs:1020:39)
	    at ╔Á╔Áinject (node_modules/@angular/core/fesm2022/root_effect_scheduler.mjs:1032:42)
	    at inject2 (node_modules/@angular/core/fesm2022/root_effect_scheduler.mjs:1118:12)
	    at FirebaseServicesService2.<instance_members_initializer> (src/app/core/services/firebase-services.service.ts:48:32)
	    at new FirebaseServicesService2 (src/app/core/services/firebase-services.service.ts:115:3)
Chrome Headless 139.0.0.0 (Windows 10): Executed 165 of 1370[31m (39 FAILED)[39m (0 secs / 3.188 secs)
[1A[2K[31mChrome Headless 139.0.0.0 (Windows 10) AppComponent Signal Behavior should have reactive signals that update when dependencies change FAILED[39m
	╔ÁNotFound: NG0201: No provider found for `Firestore2`. Source: Standalone[AppComponent2]. Path: HybridEmailService2 -> FirebaseServicesService2 -> Firestore2. Find more at https://angular.dev/errors/NG0201
	error properties: Object({ code: -201, ngErrorCode: -201, ngErrorMessage: 'No provider found for `Firestore2`.', ngTokenPath: [ 'HybridEmailService2', 'FirebaseServicesService2', 'Firestore2' ] })
	╔ÁNotFound: NG0201: No provider found for `Firestore2`. Source: Standalone[AppComponent2]. Path: HybridEmailService2 -> FirebaseServicesService2 -> Firestore2. Find more at https://angular.dev/errors/NG0201
	    at createRuntimeError (node_modules/@angular/core/fesm2022/root_effect_scheduler.mjs:895:19)
	    at NullInjector.get (node_modules/@angular/core/fesm2022/root_effect_scheduler.mjs:1463:27)
	    at R3Injector.get (node_modules/@angular/core/fesm2022/root_effect_scheduler.mjs:2019:33)
	    at R3Injector.get (node_modules/@angular/core/fesm2022/root_effect_scheduler.mjs:2019:33)
	    at R3Injector.retrieve (node_modules/@angular/core/fesm2022/root_effect_scheduler.mjs:1903:25)
	    at injectInjectorOnly (node_modules/@angular/core/fesm2022/root_effect_scheduler.mjs:1020:39)
	    at ╔Á╔Áinject (node_modules/@angular/core/fesm2022/root_effect_scheduler.mjs:1032:42)
	    at inject2 (node_modules/@angular/core/fesm2022/root_effect_scheduler.mjs:1118:12)
	    at FirebaseServicesService2.<instance_members_initializer> (src/app/core/services/firebase-services.service.ts:48:32)
	    at new FirebaseServicesService2 (src/app/core/services/firebase-services.service.ts:115:3)
Chrome Headless 139.0.0.0 (Windows 10): Executed 166 of 1370[31m (40 FAILED)[39m (0 secs / 3.189 secs)
[1A[2K[31mChrome Headless 139.0.0.0 (Windows 10) AppComponent Signal Behavior should maintain signal consistency FAILED[39m
	╔ÁNotFound: NG0201: No provider found for `Firestore2`. Source: Standalone[AppComponent2]. Path: HybridEmailService2 -> FirebaseServicesService2 -> Firestore2. Find more at https://angular.dev/errors/NG0201
	error properties: Object({ code: -201, ngErrorCode: -201, ngErrorMessage: 'No provider found for `Firestore2`.', ngTokenPath: [ 'HybridEmailService2', 'FirebaseServicesService2', 'Firestore2' ] })
	╔ÁNotFound: NG0201: No provider found for `Firestore2`. Source: Standalone[AppComponent2]. Path: HybridEmailService2 -> FirebaseServicesService2 -> Firestore2. Find more at https://angular.dev/errors/NG0201
	    at createRuntimeError (node_modules/@angular/core/fesm2022/root_effect_scheduler.mjs:895:19)
	    at NullInjector.get (node_modules/@angular/core/fesm2022/root_effect_scheduler.mjs:1463:27)
	    at R3Injector.get (node_modules/@angular/core/fesm2022/root_effect_scheduler.mjs:2019:33)
	    at R3Injector.get (node_modules/@angular/core/fesm2022/root_effect_scheduler.mjs:2019:33)
	    at R3Injector.retrieve (node_modules/@angular/core/fesm2022/root_effect_scheduler.mjs:1903:25)
	    at injectInjectorOnly (node_modules/@angular/core/fesm2022/root_effect_scheduler.mjs:1020:39)
	    at ╔Á╔Áinject (node_modules/@angular/core/fesm2022/root_effect_scheduler.mjs:1032:42)
	    at inject2 (node_modules/@angular/core/fesm2022/root_effect_scheduler.mjs:1118:12)
	    at FirebaseServicesService2.<instance_members_initializer> (src/app/core/services/firebase-services.service.ts:48:32)
	    at new FirebaseServicesService2 (src/app/core/services/firebase-services.service.ts:115:3)
Chrome Headless 139.0.0.0 (Windows 10): Executed 167 of 1370[31m (41 FAILED)[39m (0 secs / 3.191 secs)
[1A[2K[31mChrome Headless 139.0.0.0 (Windows 10) AppComponent Authentication State Management should show header when user is authenticated and not loading FAILED[39m
	╔ÁNotFound: NG0201: No provider found for `Firestore2`. Source: Standalone[AppComponent2]. Path: HybridEmailService2 -> FirebaseServicesService2 -> Firestore2. Find more at https://angular.dev/errors/NG0201
	error properties: Object({ code: -201, ngErrorCode: -201, ngErrorMessage: 'No provider found for `Firestore2`.', ngTokenPath: [ 'HybridEmailService2', 'FirebaseServicesService2', 'Firestore2' ] })
	╔ÁNotFound: NG0201: No provider found for `Firestore2`. Source: Standalone[AppComponent2]. Path: HybridEmailService2 -> FirebaseServicesService2 -> Firestore2. Find more at https://angular.dev/errors/NG0201
	    at createRuntimeError (node_modules/@angular/core/fesm2022/root_effect_scheduler.mjs:895:19)
	    at NullInjector.get (node_modules/@angular/core/fesm2022/root_effect_scheduler.mjs:1463:27)
	    at R3Injector.get (node_modules/@angular/core/fesm2022/root_effect_scheduler.mjs:2019:33)
	    at R3Injector.get (node_modules/@angular/core/fesm2022/root_effect_scheduler.mjs:2019:33)
	    at R3Injector.retrieve (node_modules/@angular/core/fesm2022/root_effect_scheduler.mjs:1903:25)
	    at injectInjectorOnly (node_modules/@angular/core/fesm2022/root_effect_scheduler.mjs:1020:39)
	    at ╔Á╔Áinject (node_modules/@angular/core/fesm2022/root_effect_scheduler.mjs:1032:42)
	    at inject2 (node_modules/@angular/core/fesm2022/root_effect_scheduler.mjs:1118:12)
	    at FirebaseServicesService2.<instance_members_initializer> (src/app/core/services/firebase-services.service.ts:48:32)
	    at new FirebaseServicesService2 (src/app/core/services/firebase-services.service.ts:115:3)
Chrome Headless 139.0.0.0 (Windows 10): Executed 168 of 1370[31m (42 FAILED)[39m (0 secs / 3.193 secs)
[1A[2K[31mChrome Headless 139.0.0.0 (Windows 10) AppComponent Authentication State Management should not show header when user is not authenticated FAILED[39m
	╔ÁNotFound: NG0201: No provider found for `Firestore2`. Source: Standalone[AppComponent2]. Path: HybridEmailService2 -> FirebaseServicesService2 -> Firestore2. Find more at https://angular.dev/errors/NG0201
	error properties: Object({ code: -201, ngErrorCode: -201, ngErrorMessage: 'No provider found for `Firestore2`.', ngTokenPath: [ 'HybridEmailService2', 'FirebaseServicesService2', 'Firestore2' ] })
	╔ÁNotFound: NG0201: No provider found for `Firestore2`. Source: Standalone[AppComponent2]. Path: HybridEmailService2 -> FirebaseServicesService2 -> Firestore2. Find more at https://angular.dev/errors/NG0201
	    at createRuntimeError (node_modules/@angular/core/fesm2022/root_effect_scheduler.mjs:895:19)
	    at NullInjector.get (node_modules/@angular/core/fesm2022/root_effect_scheduler.mjs:1463:27)
	    at R3Injector.get (node_modules/@angular/core/fesm2022/root_effect_scheduler.mjs:2019:33)
	    at R3Injector.get (node_modules/@angular/core/fesm2022/root_effect_scheduler.mjs:2019:33)
	    at R3Injector.retrieve (node_modules/@angular/core/fesm2022/root_effect_scheduler.mjs:1903:25)
	    at injectInjectorOnly (node_modules/@angular/core/fesm2022/root_effect_scheduler.mjs:1020:39)
	    at ╔Á╔Áinject (node_modules/@angular/core/fesm2022/root_effect_scheduler.mjs:1032:42)
	    at inject2 (node_modules/@angular/core/fesm2022/root_effect_scheduler.mjs:1118:12)
	    at FirebaseServicesService2.<instance_members_initializer> (src/app/core/services/firebase-services.service.ts:48:32)
	    at new FirebaseServicesService2 (src/app/core/services/firebase-services.service.ts:115:3)
Chrome Headless 139.0.0.0 (Windows 10): Executed 169 of 1370[31m (43 FAILED)[39m (0 secs / 3.194 secs)
[1A[2K[31mChrome Headless 139.0.0.0 (Windows 10) AppComponent Authentication State Management should not show header when user is not authenticated and app is loading FAILED[39m
	╔ÁNotFound: NG0201: No provider found for `Firestore2`. Source: Standalone[AppComponent2]. Path: HybridEmailService2 -> FirebaseServicesService2 -> Firestore2. Find more at https://angular.dev/errors/NG0201
	error properties: Object({ code: -201, ngErrorCode: -201, ngErrorMessage: 'No provider found for `Firestore2`.', ngTokenPath: [ 'HybridEmailService2', 'FirebaseServicesService2', 'Firestore2' ] })
	╔ÁNotFound: NG0201: No provider found for `Firestore2`. Source: Standalone[AppComponent2]. Path: HybridEmailService2 -> FirebaseServicesService2 -> Firestore2. Find more at https://angular.dev/errors/NG0201
	    at createRuntimeError (node_modules/@angular/core/fesm2022/root_effect_scheduler.mjs:895:19)
	    at NullInjector.get (node_modules/@angular/core/fesm2022/root_effect_scheduler.mjs:1463:27)
	    at R3Injector.get (node_modules/@angular/core/fesm2022/root_effect_scheduler.mjs:2019:33)
	    at R3Injector.get (node_modules/@angular/core/fesm2022/root_effect_scheduler.mjs:2019:33)
	    at R3Injector.retrieve (node_modules/@angular/core/fesm2022/root_effect_scheduler.mjs:1903:25)
	    at injectInjectorOnly (node_modules/@angular/core/fesm2022/root_effect_scheduler.mjs:1020:39)
	    at ╔Á╔Áinject (node_modules/@angular/core/fesm2022/root_effect_scheduler.mjs:1032:42)
	    at inject2 (node_modules/@angular/core/fesm2022/root_effect_scheduler.mjs:1118:12)
	    at FirebaseServicesService2.<instance_members_initializer> (src/app/core/services/firebase-services.service.ts:48:32)
	    at new FirebaseServicesService2 (src/app/core/services/firebase-services.service.ts:115:3)
Chrome Headless 139.0.0.0 (Windows 10): Executed 170 of 1370[31m (44 FAILED)[39m (0 secs / 3.196 secs)
[1A[2K[31mChrome Headless 139.0.0.0 (Windows 10) AppComponent Authentication State Management should not show header when app is loading FAILED[39m
	╔ÁNotFound: NG0201: No provider found for `Firestore2`. Source: Standalone[AppComponent2]. Path: HybridEmailService2 -> FirebaseServicesService2 -> Firestore2. Find more at https://angular.dev/errors/NG0201
	error properties: Object({ code: -201, ngErrorCode: -201, ngErrorMessage: 'No provider found for `Firestore2`.', ngTokenPath: [ 'HybridEmailService2', 'FirebaseServicesService2', 'Firestore2' ] })
	╔ÁNotFound: NG0201: No provider found for `Firestore2`. Source: Standalone[AppComponent2]. Path: HybridEmailService2 -> FirebaseServicesService2 -> Firestore2. Find more at https://angular.dev/errors/NG0201
	    at createRuntimeError (node_modules/@angular/core/fesm2022/root_effect_scheduler.mjs:895:19)
	    at NullInjector.get (node_modules/@angular/core/fesm2022/root_effect_scheduler.mjs:1463:27)
	    at R3Injector.get (node_modules/@angular/core/fesm2022/root_effect_scheduler.mjs:2019:33)
	    at R3Injector.get (node_modules/@angular/core/fesm2022/root_effect_scheduler.mjs:2019:33)
	    at R3Injector.retrieve (node_modules/@angular/core/fesm2022/root_effect_scheduler.mjs:1903:25)
	    at injectInjectorOnly (node_modules/@angular/core/fesm2022/root_effect_scheduler.mjs:1020:39)
	    at ╔Á╔Áinject (node_modules/@angular/core/fesm2022/root_effect_scheduler.mjs:1032:42)
	    at inject2 (node_modules/@angular/core/fesm2022/root_effect_scheduler.mjs:1118:12)
	    at FirebaseServicesService2.<instance_members_initializer> (src/app/core/services/firebase-services.service.ts:48:32)
	    at new FirebaseServicesService2 (src/app/core/services/firebase-services.service.ts:115:3)
Chrome Headless 139.0.0.0 (Windows 10): Executed 171 of 1370[31m (45 FAILED)[39m (0 secs / 3.197 secs)
[1A[2K[31mChrome Headless 139.0.0.0 (Windows 10) AppComponent Component Creation and Basic Properties should have title as a signal FAILED[39m
	╔ÁNotFound: NG0201: No provider found for `Firestore2`. Source: Standalone[AppComponent2]. Path: HybridEmailService2 -> FirebaseServicesService2 -> Firestore2. Find more at https://angular.dev/errors/NG0201
	error properties: Object({ code: -201, ngErrorCode: -201, ngErrorMessage: 'No provider found for `Firestore2`.', ngTokenPath: [ 'HybridEmailService2', 'FirebaseServicesService2', 'Firestore2' ] })
	╔ÁNotFound: NG0201: No provider found for `Firestore2`. Source: Standalone[AppComponent2]. Path: HybridEmailService2 -> FirebaseServicesService2 -> Firestore2. Find more at https://angular.dev/errors/NG0201
	    at createRuntimeError (node_modules/@angular/core/fesm2022/root_effect_scheduler.mjs:895:19)
	    at NullInjector.get (node_modules/@angular/core/fesm2022/root_effect_scheduler.mjs:1463:27)
	    at R3Injector.get (node_modules/@angular/core/fesm2022/root_effect_scheduler.mjs:2019:33)
	    at R3Injector.get (node_modules/@angular/core/fesm2022/root_effect_scheduler.mjs:2019:33)
	    at R3Injector.retrieve (node_modules/@angular/core/fesm2022/root_effect_scheduler.mjs:1903:25)
	    at injectInjectorOnly (node_modules/@angular/core/fesm2022/root_effect_scheduler.mjs:1020:39)
	    at ╔Á╔Áinject (node_modules/@angular/core/fesm2022/root_effect_scheduler.mjs:1032:42)
	    at inject2 (node_modules/@angular/core/fesm2022/root_effect_scheduler.mjs:1118:12)
	    at FirebaseServicesService2.<instance_members_initializer> (src/app/core/services/firebase-services.service.ts:48:32)
	    at new FirebaseServicesService2 (src/app/core/services/firebase-services.service.ts:115:3)
Chrome Headless 139.0.0.0 (Windows 10): Executed 172 of 1370[31m (46 FAILED)[39m (0 secs / 3.199 secs)
[1A[2K[31mChrome Headless 139.0.0.0 (Windows 10) AppComponent Component Creation and Basic Properties should have the correct title FAILED[39m
	╔ÁNotFound: NG0201: No provider found for `Firestore2`. Source: Standalone[AppComponent2]. Path: HybridEmailService2 -> FirebaseServicesService2 -> Firestore2. Find more at https://angular.dev/errors/NG0201
	error properties: Object({ code: -201, ngErrorCode: -201, ngErrorMessage: 'No provider found for `Firestore2`.', ngTokenPath: [ 'HybridEmailService2', 'FirebaseServicesService2', 'Firestore2' ] })
	╔ÁNotFound: NG0201: No provider found for `Firestore2`. Source: Standalone[AppComponent2]. Path: HybridEmailService2 -> FirebaseServicesService2 -> Firestore2. Find more at https://angular.dev/errors/NG0201
	    at createRuntimeError (node_modules/@angular/core/fesm2022/root_effect_scheduler.mjs:895:19)
	    at NullInjector.get (node_modules/@angular/core/fesm2022/root_effect_scheduler.mjs:1463:27)
	    at R3Injector.get (node_modules/@angular/core/fesm2022/root_effect_scheduler.mjs:2019:33)
	    at R3Injector.get (node_modules/@angular/core/fesm2022/root_effect_scheduler.mjs:2019:33)
	    at R3Injector.retrieve (node_modules/@angular/core/fesm2022/root_effect_scheduler.mjs:1903:25)
	    at injectInjectorOnly (node_modules/@angular/core/fesm2022/root_effect_scheduler.mjs:1020:39)
	    at ╔Á╔Áinject (node_modules/@angular/core/fesm2022/root_effect_scheduler.mjs:1032:42)
	    at inject2 (node_modules/@angular/core/fesm2022/root_effect_scheduler.mjs:1118:12)
	    at FirebaseServicesService2.<instance_members_initializer> (src/app/core/services/firebase-services.service.ts:48:32)
	    at new FirebaseServicesService2 (src/app/core/services/firebase-services.service.ts:115:3)
Chrome Headless 139.0.0.0 (Windows 10): Executed 173 of 1370[31m (47 FAILED)[39m (0 secs / 3.201 secs)
[1A[2K[31mChrome Headless 139.0.0.0 (Windows 10) AppComponent Component Creation and Basic Properties should create the app FAILED[39m
	╔ÁNotFound: NG0201: No provider found for `Firestore2`. Source: Standalone[AppComponent2]. Path: HybridEmailService2 -> FirebaseServicesService2 -> Firestore2. Find more at https://angular.dev/errors/NG0201
	error properties: Object({ code: -201, ngErrorCode: -201, ngErrorMessage: 'No provider found for `Firestore2`.', ngTokenPath: [ 'HybridEmailService2', 'FirebaseServicesService2', 'Firestore2' ] })
	╔ÁNotFound: NG0201: No provider found for `Firestore2`. Source: Standalone[AppComponent2]. Path: HybridEmailService2 -> FirebaseServicesService2 -> Firestore2. Find more at https://angular.dev/errors/NG0201
	    at createRuntimeError (node_modules/@angular/core/fesm2022/root_effect_scheduler.mjs:895:19)
	    at NullInjector.get (node_modules/@angular/core/fesm2022/root_effect_scheduler.mjs:1463:27)
	    at R3Injector.get (node_modules/@angular/core/fesm2022/root_effect_scheduler.mjs:2019:33)
	    at R3Injector.get (node_modules/@angular/core/fesm2022/root_effect_scheduler.mjs:2019:33)
	    at R3Injector.retrieve (node_modules/@angular/core/fesm2022/root_effect_scheduler.mjs:1903:25)
	    at injectInjectorOnly (node_modules/@angular/core/fesm2022/root_effect_scheduler.mjs:1020:39)
	    at ╔Á╔Áinject (node_modules/@angular/core/fesm2022/root_effect_scheduler.mjs:1032:42)
	    at inject2 (node_modules/@angular/core/fesm2022/root_effect_scheduler.mjs:1118:12)
	    at FirebaseServicesService2.<instance_members_initializer> (src/app/core/services/firebase-services.service.ts:48:32)
	    at new FirebaseServicesService2 (src/app/core/services/firebase-services.service.ts:115:3)
Chrome Headless 139.0.0.0 (Windows 10): Executed 174 of 1370[31m (48 FAILED)[39m (0 secs / 3.203 secs)
[1A[2K[31mChrome Headless 139.0.0.0 (Windows 10) AppComponent Component Initialization should have all required services injected FAILED[39m
	╔ÁNotFound: NG0201: No provider found for `Firestore2`. Source: Standalone[AppComponent2]. Path: HybridEmailService2 -> FirebaseServicesService2 -> Firestore2. Find more at https://angular.dev/errors/NG0201
	error properties: Object({ code: -201, ngErrorCode: -201, ngErrorMessage: 'No provider found for `Firestore2`.', ngTokenPath: [ 'HybridEmailService2', 'FirebaseServicesService2', 'Firestore2' ] })
	╔ÁNotFound: NG0201: No provider found for `Firestore2`. Source: Standalone[AppComponent2]. Path: HybridEmailService2 -> FirebaseServicesService2 -> Firestore2. Find more at https://angular.dev/errors/NG0201
	    at createRuntimeError (node_modules/@angular/core/fesm2022/root_effect_scheduler.mjs:895:19)
	    at NullInjector.get (node_modules/@angular/core/fesm2022/root_effect_scheduler.mjs:1463:27)
	    at R3Injector.get (node_modules/@angular/core/fesm2022/root_effect_scheduler.mjs:2019:33)
	    at R3Injector.get (node_modules/@angular/core/fesm2022/root_effect_scheduler.mjs:2019:33)
	    at R3Injector.retrieve (node_modules/@angular/core/fesm2022/root_effect_scheduler.mjs:1903:25)
	    at injectInjectorOnly (node_modules/@angular/core/fesm2022/root_effect_scheduler.mjs:1020:39)
	    at ╔Á╔Áinject (node_modules/@angular/core/fesm2022/root_effect_scheduler.mjs:1032:42)
	    at inject2 (node_modules/@angular/core/fesm2022/root_effect_scheduler.mjs:1118:12)
	    at FirebaseServicesService2.<instance_members_initializer> (src/app/core/services/firebase-services.service.ts:48:32)
	    at new FirebaseServicesService2 (src/app/core/services/firebase-services.service.ts:115:3)
Chrome Headless 139.0.0.0 (Windows 10): Executed 175 of 1370[31m (49 FAILED)[39m (0 secs / 3.205 secs)
[1A[2K[31mChrome Headless 139.0.0.0 (Windows 10) AppComponent Component Initialization should initialize with correct default values FAILED[39m
	╔ÁNotFound: NG0201: No provider found for `Firestore2`. Source: Standalone[AppComponent2]. Path: HybridEmailService2 -> FirebaseServicesService2 -> Firestore2. Find more at https://angular.dev/errors/NG0201
	error properties: Object({ code: -201, ngErrorCode: -201, ngErrorMessage: 'No provider found for `Firestore2`.', ngTokenPath: [ 'HybridEmailService2', 'FirebaseServicesService2', 'Firestore2' ] })
	╔ÁNotFound: NG0201: No provider found for `Firestore2`. Source: Standalone[AppComponent2]. Path: HybridEmailService2 -> FirebaseServicesService2 -> Firestore2. Find more at https://angular.dev/errors/NG0201
	    at createRuntimeError (node_modules/@angular/core/fesm2022/root_effect_scheduler.mjs:895:19)
	    at NullInjector.get (node_modules/@angular/core/fesm2022/root_effect_scheduler.mjs:1463:27)
	    at R3Injector.get (node_modules/@angular/core/fesm2022/root_effect_scheduler.mjs:2019:33)
	    at R3Injector.get (node_modules/@angular/core/fesm2022/root_effect_scheduler.mjs:2019:33)
	    at R3Injector.retrieve (node_modules/@angular/core/fesm2022/root_effect_scheduler.mjs:1903:25)
	    at injectInjectorOnly (node_modules/@angular/core/fesm2022/root_effect_scheduler.mjs:1020:39)
	    at ╔Á╔Áinject (node_modules/@angular/core/fesm2022/root_effect_scheduler.mjs:1032:42)
	    at inject2 (node_modules/@angular/core/fesm2022/root_effect_scheduler.mjs:1118:12)
	    at FirebaseServicesService2.<instance_members_initializer> (src/app/core/services/firebase-services.service.ts:48:32)
	    at new FirebaseServicesService2 (src/app/core/services/firebase-services.service.ts:115:3)
Chrome Headless 139.0.0.0 (Windows 10): Executed 176 of 1370[31m (50 FAILED)[39m (0 secs / 3.206 secs)
[1A[2K[31mChrome Headless 139.0.0.0 (Windows 10) AppComponent Component Lifecycle should maintain signal references after multiple change detections FAILED[39m
	╔ÁNotFound: NG0201: No provider found for `Firestore2`. Source: Standalone[AppComponent2]. Path: HybridEmailService2 -> FirebaseServicesService2 -> Firestore2. Find more at https://angular.dev/errors/NG0201
	error properties: Object({ code: -201, ngErrorCode: -201, ngErrorMessage: 'No provider found for `Firestore2`.', ngTokenPath: [ 'HybridEmailService2', 'FirebaseServicesService2', 'Firestore2' ] })
	╔ÁNotFound: NG0201: No provider found for `Firestore2`. Source: Standalone[AppComponent2]. Path: HybridEmailService2 -> FirebaseServicesService2 -> Firestore2. Find more at https://angular.dev/errors/NG0201
	    at createRuntimeError (node_modules/@angular/core/fesm2022/root_effect_scheduler.mjs:895:19)
	    at NullInjector.get (node_modules/@angular/core/fesm2022/root_effect_scheduler.mjs:1463:27)
	    at R3Injector.get (node_modules/@angular/core/fesm2022/root_effect_scheduler.mjs:2019:33)
	    at R3Injector.get (node_modules/@angular/core/fesm2022/root_effect_scheduler.mjs:2019:33)
	    at R3Injector.retrieve (node_modules/@angular/core/fesm2022/root_effect_scheduler.mjs:1903:25)
	    at injectInjectorOnly (node_modules/@angular/core/fesm2022/root_effect_scheduler.mjs:1020:39)
	    at ╔Á╔Áinject (node_modules/@angular/core/fesm2022/root_effect_scheduler.mjs:1032:42)
	    at inject2 (node_modules/@angular/core/fesm2022/root_effect_scheduler.mjs:1118:12)
	    at FirebaseServicesService2.<instance_members_initializer> (src/app/core/services/firebase-services.service.ts:48:32)
	    at new FirebaseServicesService2 (src/app/core/services/firebase-services.service.ts:115:3)
Chrome Headless 139.0.0.0 (Windows 10): Executed 177 of 1370[31m (51 FAILED)[39m (0 secs / 3.207 secs)
[1A[2K[31mChrome Headless 139.0.0.0 (Windows 10) AppComponent Component Lifecycle should handle component destruction gracefully FAILED[39m
	╔ÁNotFound: NG0201: No provider found for `Firestore2`. Source: Standalone[AppComponent2]. Path: HybridEmailService2 -> FirebaseServicesService2 -> Firestore2. Find more at https://angular.dev/errors/NG0201
	error properties: Object({ code: -201, ngErrorCode: -201, ngErrorMessage: 'No provider found for `Firestore2`.', ngTokenPath: [ 'HybridEmailService2', 'FirebaseServicesService2', 'Firestore2' ] })
	╔ÁNotFound: NG0201: No provider found for `Firestore2`. Source: Standalone[AppComponent2]. Path: HybridEmailService2 -> FirebaseServicesService2 -> Firestore2. Find more at https://angular.dev/errors/NG0201
	    at createRuntimeError (node_modules/@angular/core/fesm2022/root_effect_scheduler.mjs:895:19)
	    at NullInjector.get (node_modules/@angular/core/fesm2022/root_effect_scheduler.mjs:1463:27)
	    at R3Injector.get (node_modules/@angular/core/fesm2022/root_effect_scheduler.mjs:2019:33)
	    at R3Injector.get (node_modules/@angular/core/fesm2022/root_effect_scheduler.mjs:2019:33)
	    at R3Injector.retrieve (node_modules/@angular/core/fesm2022/root_effect_scheduler.mjs:1903:25)
	    at injectInjectorOnly (node_modules/@angular/core/fesm2022/root_effect_scheduler.mjs:1020:39)
	    at ╔Á╔Áinject (node_modules/@angular/core/fesm2022/root_effect_scheduler.mjs:1032:42)
	    at inject2 (node_modules/@angular/core/fesm2022/root_effect_scheduler.mjs:1118:12)
	    at FirebaseServicesService2.<instance_members_initializer> (src/app/core/services/firebase-services.service.ts:48:32)
	    at new FirebaseServicesService2 (src/app/core/services/firebase-services.service.ts:115:3)
Chrome Headless 139.0.0.0 (Windows 10): Executed 178 of 1370[31m (52 FAILED)[39m (0 secs / 3.209 secs)
[1A[2K[31mChrome Headless 139.0.0.0 (Windows 10) AppComponent Template Rendering should have header component when authenticated FAILED[39m
	╔ÁNotFound: NG0201: No provider found for `Firestore2`. Source: Standalone[AppComponent2]. Path: HybridEmailService2 -> FirebaseServicesService2 -> Firestore2. Find more at https://angular.dev/errors/NG0201
	error properties: Object({ code: -201, ngErrorCode: -201, ngErrorMessage: 'No provider found for `Firestore2`.', ngTokenPath: [ 'HybridEmailService2', 'FirebaseServicesService2', 'Firestore2' ] })
	╔ÁNotFound: NG0201: No provider found for `Firestore2`. Source: Standalone[AppComponent2]. Path: HybridEmailService2 -> FirebaseServicesService2 -> Firestore2. Find more at https://angular.dev/errors/NG0201
	    at createRuntimeError (node_modules/@angular/core/fesm2022/root_effect_scheduler.mjs:895:19)
	    at NullInjector.get (node_modules/@angular/core/fesm2022/root_effect_scheduler.mjs:1463:27)
	    at R3Injector.get (node_modules/@angular/core/fesm2022/root_effect_scheduler.mjs:2019:33)
	    at R3Injector.get (node_modules/@angular/core/fesm2022/root_effect_scheduler.mjs:2019:33)
	    at R3Injector.retrieve (node_modules/@angular/core/fesm2022/root_effect_scheduler.mjs:1903:25)
	    at injectInjectorOnly (node_modules/@angular/core/fesm2022/root_effect_scheduler.mjs:1020:39)
	    at ╔Á╔Áinject (node_modules/@angular/core/fesm2022/root_effect_scheduler.mjs:1032:42)
	    at inject2 (node_modules/@angular/core/fesm2022/root_effect_scheduler.mjs:1118:12)
	    at FirebaseServicesService2.<instance_members_initializer> (src/app/core/services/firebase-services.service.ts:48:32)
	    at new FirebaseServicesService2 (src/app/core/services/firebase-services.service.ts:115:3)
Chrome Headless 139.0.0.0 (Windows 10): Executed 179 of 1370[31m (53 FAILED)[39m (0 secs / 3.21 secs)
[1A[2K[31mChrome Headless 139.0.0.0 (Windows 10) AppComponent Template Rendering should not have header component when loading FAILED[39m
	╔ÁNotFound: NG0201: No provider found for `Firestore2`. Source: Standalone[AppComponent2]. Path: HybridEmailService2 -> FirebaseServicesService2 -> Firestore2. Find more at https://angular.dev/errors/NG0201
	error properties: Object({ code: -201, ngErrorCode: -201, ngErrorMessage: 'No provider found for `Firestore2`.', ngTokenPath: [ 'HybridEmailService2', 'FirebaseServicesService2', 'Firestore2' ] })
	╔ÁNotFound: NG0201: No provider found for `Firestore2`. Source: Standalone[AppComponent2]. Path: HybridEmailService2 -> FirebaseServicesService2 -> Firestore2. Find more at https://angular.dev/errors/NG0201
	    at createRuntimeError (node_modules/@angular/core/fesm2022/root_effect_scheduler.mjs:895:19)
	    at NullInjector.get (node_modules/@angular/core/fesm2022/root_effect_scheduler.mjs:1463:27)
	    at R3Injector.get (node_modules/@angular/core/fesm2022/root_effect_scheduler.mjs:2019:33)
	    at R3Injector.get (node_modules/@angular/core/fesm2022/root_effect_scheduler.mjs:2019:33)
	    at R3Injector.retrieve (node_modules/@angular/core/fesm2022/root_effect_scheduler.mjs:1903:25)
	    at injectInjectorOnly (node_modules/@angular/core/fesm2022/root_effect_scheduler.mjs:1020:39)
	    at ╔Á╔Áinject (node_modules/@angular/core/fesm2022/root_effect_scheduler.mjs:1032:42)
	    at inject2 (node_modules/@angular/core/fesm2022/root_effect_scheduler.mjs:1118:12)
	    at FirebaseServicesService2.<instance_members_initializer> (src/app/core/services/firebase-services.service.ts:48:32)
	    at new FirebaseServicesService2 (src/app/core/services/firebase-services.service.ts:115:3)
Chrome Headless 139.0.0.0 (Windows 10): Executed 180 of 1370[31m (54 FAILED)[39m (0 secs / 3.211 secs)
[1A[2K[31mChrome Headless 139.0.0.0 (Windows 10) AppComponent Template Rendering should not have header component when not authenticated FAILED[39m
	╔ÁNotFound: NG0201: No provider found for `Firestore2`. Source: Standalone[AppComponent2]. Path: HybridEmailService2 -> FirebaseServicesService2 -> Firestore2. Find more at https://angular.dev/errors/NG0201
	error properties: Object({ code: -201, ngErrorCode: -201, ngErrorMessage: 'No provider found for `Firestore2`.', ngTokenPath: [ 'HybridEmailService2', 'FirebaseServicesService2', 'Firestore2' ] })
	╔ÁNotFound: NG0201: No provider found for `Firestore2`. Source: Standalone[AppComponent2]. Path: HybridEmailService2 -> FirebaseServicesService2 -> Firestore2. Find more at https://angular.dev/errors/NG0201
	    at createRuntimeError (node_modules/@angular/core/fesm2022/root_effect_scheduler.mjs:895:19)
	    at NullInjector.get (node_modules/@angular/core/fesm2022/root_effect_scheduler.mjs:1463:27)
	    at R3Injector.get (node_modules/@angular/core/fesm2022/root_effect_scheduler.mjs:2019:33)
	    at R3Injector.get (node_modules/@angular/core/fesm2022/root_effect_scheduler.mjs:2019:33)
	    at R3Injector.retrieve (node_modules/@angular/core/fesm2022/root_effect_scheduler.mjs:1903:25)
	    at injectInjectorOnly (node_modules/@angular/core/fesm2022/root_effect_scheduler.mjs:1020:39)
	    at ╔Á╔Áinject (node_modules/@angular/core/fesm2022/root_effect_scheduler.mjs:1032:42)
	    at inject2 (node_modules/@angular/core/fesm2022/root_effect_scheduler.mjs:1118:12)
	    at FirebaseServicesService2.<instance_members_initializer> (src/app/core/services/firebase-services.service.ts:48:32)
	    at new FirebaseServicesService2 (src/app/core/services/firebase-services.service.ts:115:3)
Chrome Headless 139.0.0.0 (Windows 10): Executed 181 of 1370[31m (55 FAILED)[39m (0 secs / 3.212 secs)
[1A[2K[31mChrome Headless 139.0.0.0 (Windows 10) AppComponent Template Rendering should have router outlet FAILED[39m
	╔ÁNotFound: NG0201: No provider found for `Firestore2`. Source: Standalone[AppComponent2]. Path: HybridEmailService2 -> FirebaseServicesService2 -> Firestore2. Find more at https://angular.dev/errors/NG0201
	error properties: Object({ code: -201, ngErrorCode: -201, ngErrorMessage: 'No provider found for `Firestore2`.', ngTokenPath: [ 'HybridEmailService2', 'FirebaseServicesService2', 'Firestore2' ] })
	╔ÁNotFound: NG0201: No provider found for `Firestore2`. Source: Standalone[AppComponent2]. Path: HybridEmailService2 -> FirebaseServicesService2 -> Firestore2. Find more at https://angular.dev/errors/NG0201
	    at createRuntimeError (node_modules/@angular/core/fesm2022/root_effect_scheduler.mjs:895:19)
	    at NullInjector.get (node_modules/@angular/core/fesm2022/root_effect_scheduler.mjs:1463:27)
	    at R3Injector.get (node_modules/@angular/core/fesm2022/root_effect_scheduler.mjs:2019:33)
	    at R3Injector.get (node_modules/@angular/core/fesm2022/root_effect_scheduler.mjs:2019:33)
	    at R3Injector.retrieve (node_modules/@angular/core/fesm2022/root_effect_scheduler.mjs:1903:25)
	    at injectInjectorOnly (node_modules/@angular/core/fesm2022/root_effect_scheduler.mjs:1020:39)
	    at ╔Á╔Áinject (node_modules/@angular/core/fesm2022/root_effect_scheduler.mjs:1032:42)
	    at inject2 (node_modules/@angular/core/fesm2022/root_effect_scheduler.mjs:1118:12)
	    at FirebaseServicesService2.<instance_members_initializer> (src/app/core/services/firebase-services.service.ts:48:32)
	    at new FirebaseServicesService2 (src/app/core/services/firebase-services.service.ts:115:3)
Chrome Headless 139.0.0.0 (Windows 10): Executed 182 of 1370[31m (56 FAILED)[39m (0 secs / 3.213 secs)
[1A[2K[31mChrome Headless 139.0.0.0 (Windows 10) AppComponent Template Rendering should render app title FAILED[39m
	╔ÁNotFound: NG0201: No provider found for `Firestore2`. Source: Standalone[AppComponent2]. Path: HybridEmailService2 -> FirebaseServicesService2 -> Firestore2. Find more at https://angular.dev/errors/NG0201
	error properties: Object({ code: -201, ngErrorCode: -201, ngErrorMessage: 'No provider found for `Firestore2`.', ngTokenPath: [ 'HybridEmailService2', 'FirebaseServicesService2', 'Firestore2' ] })
	╔ÁNotFound: NG0201: No provider found for `Firestore2`. Source: Standalone[AppComponent2]. Path: HybridEmailService2 -> FirebaseServicesService2 -> Firestore2. Find more at https://angular.dev/errors/NG0201
	    at createRuntimeError (node_modules/@angular/core/fesm2022/root_effect_scheduler.mjs:895:19)
	    at NullInjector.get (node_modules/@angular/core/fesm2022/root_effect_scheduler.mjs:1463:27)
	    at R3Injector.get (node_modules/@angular/core/fesm2022/root_effect_scheduler.mjs:2019:33)
	    at R3Injector.get (node_modules/@angular/core/fesm2022/root_effect_scheduler.mjs:2019:33)
	    at R3Injector.retrieve (node_modules/@angular/core/fesm2022/root_effect_scheduler.mjs:1903:25)
	    at injectInjectorOnly (node_modules/@angular/core/fesm2022/root_effect_scheduler.mjs:1020:39)
	    at ╔Á╔Áinject (node_modules/@angular/core/fesm2022/root_effect_scheduler.mjs:1032:42)
	    at inject2 (node_modules/@angular/core/fesm2022/root_effect_scheduler.mjs:1118:12)
	    at FirebaseServicesService2.<instance_members_initializer> (src/app/core/services/firebase-services.service.ts:48:32)
	    at new FirebaseServicesService2 (src/app/core/services/firebase-services.service.ts:115:3)
Chrome Headless 139.0.0.0 (Windows 10): Executed 183 of 1370[31m (57 FAILED)[39m (0 secs / 3.214 secs)
[1A[2K[31mChrome Headless 139.0.0.0 (Windows 10) AppComponent Loading State Management should reflect loading state from AuthService FAILED[39m
	╔ÁNotFound: NG0201: No provider found for `Firestore2`. Source: Standalone[AppComponent2]. Path: HybridEmailService2 -> FirebaseServicesService2 -> Firestore2. Find more at https://angular.dev/errors/NG0201
	error properties: Object({ code: -201, ngErrorCode: -201, ngErrorMessage: 'No provider found for `Firestore2`.', ngTokenPath: [ 'HybridEmailService2', 'FirebaseServicesService2', 'Firestore2' ] })
	╔ÁNotFound: NG0201: No provider found for `Firestore2`. Source: Standalone[AppComponent2]. Path: HybridEmailService2 -> FirebaseServicesService2 -> Firestore2. Find more at https://angular.dev/errors/NG0201
	    at createRuntimeError (node_modules/@angular/core/fesm2022/root_effect_scheduler.mjs:895:19)
	    at NullInjector.get (node_modules/@angular/core/fesm2022/root_effect_scheduler.mjs:1463:27)
	    at R3Injector.get (node_modules/@angular/core/fesm2022/root_effect_scheduler.mjs:2019:33)
	    at R3Injector.get (node_modules/@angular/core/fesm2022/root_effect_scheduler.mjs:2019:33)
	    at R3Injector.retrieve (node_modules/@angular/core/fesm2022/root_effect_scheduler.mjs:1903:25)
	    at injectInjectorOnly (node_modules/@angular/core/fesm2022/root_effect_scheduler.mjs:1020:39)
	    at ╔Á╔Áinject (node_modules/@angular/core/fesm2022/root_effect_scheduler.mjs:1032:42)
	    at inject2 (node_modules/@angular/core/fesm2022/root_effect_scheduler.mjs:1118:12)
	    at FirebaseServicesService2.<instance_members_initializer> (src/app/core/services/firebase-services.service.ts:48:32)
	    at new FirebaseServicesService2 (src/app/core/services/firebase-services.service.ts:115:3)
Chrome Headless 139.0.0.0 (Windows 10): Executed 184 of 1370[31m (58 FAILED)[39m (0 secs / 3.215 secs)
[1A[2K[31mChrome Headless 139.0.0.0 (Windows 10) AppComponent Loading State Management should handle loading state changes FAILED[39m
	╔ÁNotFound: NG0201: No provider found for `Firestore2`. Source: Standalone[AppComponent2]. Path: HybridEmailService2 -> FirebaseServicesService2 -> Firestore2. Find more at https://angular.dev/errors/NG0201
	error properties: Object({ code: -201, ngErrorCode: -201, ngErrorMessage: 'No provider found for `Firestore2`.', ngTokenPath: [ 'HybridEmailService2', 'FirebaseServicesService2', 'Firestore2' ] })
	╔ÁNotFound: NG0201: No provider found for `Firestore2`. Source: Standalone[AppComponent2]. Path: HybridEmailService2 -> FirebaseServicesService2 -> Firestore2. Find more at https://angular.dev/errors/NG0201
	    at createRuntimeError (node_modules/@angular/core/fesm2022/root_effect_scheduler.mjs:895:19)
	    at NullInjector.get (node_modules/@angular/core/fesm2022/root_effect_scheduler.mjs:1463:27)
	    at R3Injector.get (node_modules/@angular/core/fesm2022/root_effect_scheduler.mjs:2019:33)
	    at R3Injector.get (node_modules/@angular/core/fesm2022/root_effect_scheduler.mjs:2019:33)
	    at R3Injector.retrieve (node_modules/@angular/core/fesm2022/root_effect_scheduler.mjs:1903:25)
	    at injectInjectorOnly (node_modules/@angular/core/fesm2022/root_effect_scheduler.mjs:1020:39)
	    at ╔Á╔Áinject (node_modules/@angular/core/fesm2022/root_effect_scheduler.mjs:1032:42)
	    at inject2 (node_modules/@angular/core/fesm2022/root_effect_scheduler.mjs:1118:12)
	    at FirebaseServicesService2.<instance_members_initializer> (src/app/core/services/firebase-services.service.ts:48:32)
	    at new FirebaseServicesService2 (src/app/core/services/firebase-services.service.ts:115:3)
Chrome Headless 139.0.0.0 (Windows 10): Executed 185 of 1370[31m (59 FAILED)[39m (0 secs / 3.217 secs)
[1A[2KLOG: [36m'­ƒöä RoleService: Loading user role for:', 'mock-user-id'[39m
Chrome Headless 139.0.0.0 (Windows 10): Executed 185 of 1370[31m (59 FAILED)[39m (0 secs / 3.217 secs)
LOG: '­ƒöä RoleService: Loading user role for:', 'mock-user-id'
[1A[2KERROR: [36m'ÔØî RoleService: Error in loadUserRole:', FirebaseError: [code=invalid-argument]: Expected first argument to collection() to be a CollectionReference, a DocumentReference or FirebaseFirestore
FirebaseError: Expected first argument to collection() to be a CollectionReference, a DocumentReference or FirebaseFirestore[39m
Chrome Headless 139.0.0.0 (Windows 10): Executed 185 of 1370[31m (59 FAILED)[39m (0 secs / 3.217 secs)
ERROR: 'ÔØî RoleService: Error in loadUserRole:', FirebaseError: [code=invalid-argument]: Expected first argument to collection() to be a CollectionReference, a DocumentReference or FirebaseFirestore
FirebaseError: Expected first argument to collection() to be a CollectionReference, a DocumentReference or FirebaseFirestore
[1A[2KERROR: [36m'Error carregant par├ámetres del sistema:', FirebaseError: [code=invalid-argument]: Expected first argument to collection() to be a CollectionReference, a DocumentReference or FirebaseFirestore
FirebaseError: Expected first argument to collection() to be a CollectionReference, a DocumentReference or FirebaseFirestore[39m
Chrome Headless 139.0.0.0 (Windows 10): Executed 185 of 1370[31m (59 FAILED)[39m (0 secs / 3.217 secs)
ERROR: 'Error carregant par├ámetres del sistema:', FirebaseError: [code=invalid-argument]: Expected first argument to collection() to be a CollectionReference, a DocumentReference or FirebaseFirestore
FirebaseError: Expected first argument to collection() to be a CollectionReference, a DocumentReference or FirebaseFirestore
[1A[2KWARN: [36m'Calling Firebase APIs outside of an Injection context may destabilize your application leading to subtle change-detection and hydration bugs. Find more at https://github.com/angular/angularfire/blob/main/docs/zones.md'[39m
Chrome Headless 139.0.0.0 (Windows 10): Executed 185 of 1370[31m (59 FAILED)[39m (0 secs / 3.217 secs)
WARN: 'Calling Firebase APIs outside of an Injection context may destabilize your application leading to subtle change-detection and hydration bugs. Find more at https://github.com/angular/angularfire/blob/main/docs/zones.md'
[1A[2KERROR: [36m'2025-08-25T14:21:43.541Z ERROR MEDIUM [FirebaseServicesService].loadServices  Expected first argument to collection() to be a CollectionReference, a DocumentReference or FirebaseFirestore'[39m
Chrome Headless 139.0.0.0 (Windows 10): Executed 185 of 1370[31m (59 FAILED)[39m (0 secs / 3.217 secs)
ERROR: '2025-08-25T14:21:43.541Z ERROR MEDIUM [FirebaseServicesService].loadServices  Expected first argument to collection() to be a CollectionReference, a DocumentReference or FirebaseFirestore'
[1A[2KERROR: [36m'Error Stack:', 'FirebaseError: Expected first argument to collection() to be a CollectionReference, a DocumentReference or FirebaseFirestore'[39m
Chrome Headless 139.0.0.0 (Windows 10): Executed 185 of 1370[31m (59 FAILED)[39m (0 secs / 3.217 secs)
ERROR: 'Error Stack:', 'FirebaseError: Expected first argument to collection() to be a CollectionReference, a DocumentReference or FirebaseFirestore'
[1A[2KERROR: [36m'Error Context:', Object{timestamp: '2025-08-25T14:21:43.541Z', component: 'FirebaseServicesService', method: 'loadServices', data: '{"operation":"loadServices","firebaseError":true}'}[39m
Chrome Headless 139.0.0.0 (Windows 10): Executed 185 of 1370[31m (59 FAILED)[39m (0 secs / 3.217 secs)
ERROR: 'Error Context:', Object{timestamp: '2025-08-25T14:21:43.541Z', component: 'FirebaseServicesService', method: 'loadServices', data: '{"operation":"loadServices","firebaseError":true}'}
[1A[2KERROR: [36m'2025-08-25T14:21:43.541Z ERROR MEDIUM [FirebaseServicesService].loadCustomCategories  Expected first argument to collection() to be a CollectionReference, a DocumentReference or FirebaseFirestore'[39m
Chrome Headless 139.0.0.0 (Windows 10): Executed 185 of 1370[31m (59 FAILED)[39m (0 secs / 3.217 secs)
ERROR: '2025-08-25T14:21:43.541Z ERROR MEDIUM [FirebaseServicesService].loadCustomCategories  Expected first argument to collection() to be a CollectionReference, a DocumentReference or FirebaseFirestore'
[1A[2KERROR: [36m'Error Stack:', 'FirebaseError: Expected first argument to collection() to be a CollectionReference, a DocumentReference or FirebaseFirestore'[39m
Chrome Headless 139.0.0.0 (Windows 10): Executed 185 of 1370[31m (59 FAILED)[39m (0 secs / 3.217 secs)
ERROR: 'Error Stack:', 'FirebaseError: Expected first argument to collection() to be a CollectionReference, a DocumentReference or FirebaseFirestore'
[1A[2KERROR: [36m'Error Context:', Object{timestamp: '2025-08-25T14:21:43.541Z', component: 'FirebaseServicesService', method: 'loadCustomCategories', data: '{"operation":"loadCustomCategories","firebaseError":true}'}[39m
Chrome Headless 139.0.0.0 (Windows 10): Executed 185 of 1370[31m (59 FAILED)[39m (0 secs / 3.217 secs)
ERROR: 'Error Context:', Object{timestamp: '2025-08-25T14:21:43.541Z', component: 'FirebaseServicesService', method: 'loadCustomCategories', data: '{"operation":"loadCustomCategories","firebaseError":true}'}
[1A[2K[31mChrome Headless 139.0.0.0 (Windows 10) AppointmentDetailPageComponent should have formatTime method FAILED[39m
	TypeError: Cannot read properties of undefined (reading 'subscribe')
	    at new _ConfirmDialog (node_modules/primeng/fesm2022/primeng-confirmdialog.mjs:322:75)
	    at NodeInjectorFactory._ConfirmDialog_Factory [as factory] (ng:///_ConfirmDialog/╔Áfac.js:4:10)
	    at getNodeInjectable (node_modules/@angular/core/fesm2022/debug_node.mjs:1989:44)
	    at instantiateAllDirectives (node_modules/@angular/core/fesm2022/debug_node.mjs:8170:27)
	    at createDirectivesInstances (node_modules/@angular/core/fesm2022/debug_node.mjs:7943:5)
	    at ╔Á╔ÁelementStart (node_modules/@angular/core/fesm2022/debug_node.mjs:22419:9)
	    at PopupDialogComponent2_Template (ng:///PopupDialogComponent2.js:64:9)
	    at executeTemplate (node_modules/@angular/core/fesm2022/debug_node.mjs:7929:9)
	    at renderView (node_modules/@angular/core/fesm2022/debug_node.mjs:8545:13)
	    at renderComponent (node_modules/@angular/core/fesm2022/debug_node.mjs:8490:5)
Chrome Headless 139.0.0.0 (Windows 10): Executed 186 of 1370[31m (60 FAILED)[39m (0 secs / 3.301 secs)
[1A[2KERROR: [36m'2025-08-25T14:21:43.562Z ERROR MEDIUM [BookingService].loadBookings  Expected first argument to collection() to be a CollectionReference, a DocumentReference or FirebaseFirestore'[39m
Chrome Headless 139.0.0.0 (Windows 10): Executed 186 of 1370[31m (60 FAILED)[39m (0 secs / 3.301 secs)
ERROR: '2025-08-25T14:21:43.562Z ERROR MEDIUM [BookingService].loadBookings  Expected first argument to collection() to be a CollectionReference, a DocumentReference or FirebaseFirestore'
[1A[2KERROR: [36m'Error Stack:', 'FirebaseError: Expected first argument to collection() to be a CollectionReference, a DocumentReference or FirebaseFirestore'[39m
Chrome Headless 139.0.0.0 (Windows 10): Executed 186 of 1370[31m (60 FAILED)[39m (0 secs / 3.301 secs)
ERROR: 'Error Stack:', 'FirebaseError: Expected first argument to collection() to be a CollectionReference, a DocumentReference or FirebaseFirestore'
[1A[2KERROR: [36m'Error Context:', Object{timestamp: '2025-08-25T14:21:43.562Z', component: 'BookingService', method: 'loadBookings', data: '{"operation":"loadBookings","firebaseError":true}'}[39m
Chrome Headless 139.0.0.0 (Windows 10): Executed 186 of 1370[31m (60 FAILED)[39m (0 secs / 3.301 secs)
ERROR: 'Error Context:', Object{timestamp: '2025-08-25T14:21:43.562Z', component: 'BookingService', method: 'loadBookings', data: '{"operation":"loadBookings","firebaseError":true}'}
[1A[2KLOG: [36m'­ƒöä RoleService: Loading user role for:', 'mock-user-id'[39m
Chrome Headless 139.0.0.0 (Windows 10): Executed 186 of 1370[31m (60 FAILED)[39m (0 secs / 3.301 secs)
LOG: '­ƒöä RoleService: Loading user role for:', 'mock-user-id'
[1A[2KERROR: [36m'ÔØî RoleService: Error in loadUserRole:', FirebaseError: [code=invalid-argument]: Expected first argument to collection() to be a CollectionReference, a DocumentReference or FirebaseFirestore
FirebaseError: Expected first argument to collection() to be a CollectionReference, a DocumentReference or FirebaseFirestore[39m
Chrome Headless 139.0.0.0 (Windows 10): Executed 186 of 1370[31m (60 FAILED)[39m (0 secs / 3.301 secs)
ERROR: 'ÔØî RoleService: Error in loadUserRole:', FirebaseError: [code=invalid-argument]: Expected first argument to collection() to be a CollectionReference, a DocumentReference or FirebaseFirestore
FirebaseError: Expected first argument to collection() to be a CollectionReference, a DocumentReference or FirebaseFirestore
[1A[2KERROR: [36m'Error carregant par├ámetres del sistema:', FirebaseError: [code=invalid-argument]: Expected first argument to collection() to be a CollectionReference, a DocumentReference or FirebaseFirestore
FirebaseError: Expected first argument to collection() to be a CollectionReference, a DocumentReference or FirebaseFirestore[39m
Chrome Headless 139.0.0.0 (Windows 10): Executed 186 of 1370[31m (60 FAILED)[39m (0 secs / 3.301 secs)
ERROR: 'Error carregant par├ámetres del sistema:', FirebaseError: [code=invalid-argument]: Expected first argument to collection() to be a CollectionReference, a DocumentReference or FirebaseFirestore
FirebaseError: Expected first argument to collection() to be a CollectionReference, a DocumentReference or FirebaseFirestore
[1A[2KERROR: [36m'2025-08-25T14:21:43.568Z ERROR MEDIUM [FirebaseServicesService].loadServices  Expected first argument to collection() to be a CollectionReference, a DocumentReference or FirebaseFirestore'[39m
Chrome Headless 139.0.0.0 (Windows 10): Executed 186 of 1370[31m (60 FAILED)[39m (0 secs / 3.301 secs)
ERROR: '2025-08-25T14:21:43.568Z ERROR MEDIUM [FirebaseServicesService].loadServices  Expected first argument to collection() to be a CollectionReference, a DocumentReference or FirebaseFirestore'
[1A[2KERROR: [36m'Error Stack:', 'FirebaseError: Expected first argument to collection() to be a CollectionReference, a DocumentReference or FirebaseFirestore'[39m
Chrome Headless 139.0.0.0 (Windows 10): Executed 186 of 1370[31m (60 FAILED)[39m (0 secs / 3.301 secs)
ERROR: 'Error Stack:', 'FirebaseError: Expected first argument to collection() to be a CollectionReference, a DocumentReference or FirebaseFirestore'
[1A[2KERROR: [36m'Error Context:', Object{timestamp: '2025-08-25T14:21:43.568Z', component: 'FirebaseServicesService', method: 'loadServices', data: '{"operation":"loadServices","firebaseError":true}'}[39m
Chrome Headless 139.0.0.0 (Windows 10): Executed 186 of 1370[31m (60 FAILED)[39m (0 secs / 3.301 secs)
ERROR: 'Error Context:', Object{timestamp: '2025-08-25T14:21:43.568Z', component: 'FirebaseServicesService', method: 'loadServices', data: '{"operation":"loadServices","firebaseError":true}'}
[1A[2KERROR: [36m'2025-08-25T14:21:43.568Z ERROR MEDIUM [FirebaseServicesService].loadCustomCategories  Expected first argument to collection() to be a CollectionReference, a DocumentReference or FirebaseFirestore'[39m
Chrome Headless 139.0.0.0 (Windows 10): Executed 186 of 1370[31m (60 FAILED)[39m (0 secs / 3.301 secs)
ERROR: '2025-08-25T14:21:43.568Z ERROR MEDIUM [FirebaseServicesService].loadCustomCategories  Expected first argument to collection() to be a CollectionReference, a DocumentReference or FirebaseFirestore'
[1A[2KERROR: [36m'Error Stack:', 'FirebaseError: Expected first argument to collection() to be a CollectionReference, a DocumentReference or FirebaseFirestore'[39m
Chrome Headless 139.0.0.0 (Windows 10): Executed 186 of 1370[31m (60 FAILED)[39m (0 secs / 3.301 secs)
ERROR: 'Error Stack:', 'FirebaseError: Expected first argument to collection() to be a CollectionReference, a DocumentReference or FirebaseFirestore'
[1A[2KERROR: [36m'Error Context:', Object{timestamp: '2025-08-25T14:21:43.568Z', component: 'FirebaseServicesService', method: 'loadCustomCategories', data: '{"operation":"loadCustomCategories","firebaseError":true}'}[39m
Chrome Headless 139.0.0.0 (Windows 10): Executed 186 of 1370[31m (60 FAILED)[39m (0 secs / 3.301 secs)
ERROR: 'Error Context:', Object{timestamp: '2025-08-25T14:21:43.568Z', component: 'FirebaseServicesService', method: 'loadCustomCategories', data: '{"operation":"loadCustomCategories","firebaseError":true}'}
[1A[2K[31mChrome Headless 139.0.0.0 (Windows 10) AppointmentDetailPageComponent should have appointment signal FAILED[39m
	TypeError: Cannot read properties of undefined (reading 'subscribe')
	    at new _ConfirmDialog (node_modules/primeng/fesm2022/primeng-confirmdialog.mjs:322:75)
	    at NodeInjectorFactory._ConfirmDialog_Factory [as factory] (ng:///_ConfirmDialog/╔Áfac.js:4:10)
	    at getNodeInjectable (node_modules/@angular/core/fesm2022/debug_node.mjs:1989:44)
	    at instantiateAllDirectives (node_modules/@angular/core/fesm2022/debug_node.mjs:8170:27)
	    at createDirectivesInstances (node_modules/@angular/core/fesm2022/debug_node.mjs:7943:5)
	    at ╔Á╔ÁelementStart (node_modules/@angular/core/fesm2022/debug_node.mjs:22419:9)
	    at PopupDialogComponent2_Template (ng:///PopupDialogComponent2.js:64:9)
	    at executeTemplate (node_modules/@angular/core/fesm2022/debug_node.mjs:7929:9)
	    at renderView (node_modules/@angular/core/fesm2022/debug_node.mjs:8545:13)
	    at renderComponent (node_modules/@angular/core/fesm2022/debug_node.mjs:8490:5)
Chrome Headless 139.0.0.0 (Windows 10): Executed 187 of 1370[31m (61 FAILED)[39m (0 secs / 3.306 secs)
[1A[2KERROR: [36m'2025-08-25T14:21:43.569Z ERROR MEDIUM [BookingService].loadBookings  Expected first argument to collection() to be a CollectionReference, a DocumentReference or FirebaseFirestore'[39m
Chrome Headless 139.0.0.0 (Windows 10): Executed 187 of 1370[31m (61 FAILED)[39m (0 secs / 3.306 secs)
ERROR: '2025-08-25T14:21:43.569Z ERROR MEDIUM [BookingService].loadBookings  Expected first argument to collection() to be a CollectionReference, a DocumentReference or FirebaseFirestore'
[1A[2KERROR: [36m'Error Stack:', 'FirebaseError: Expected first argument to collection() to be a CollectionReference, a DocumentReference or FirebaseFirestore'[39m
Chrome Headless 139.0.0.0 (Windows 10): Executed 187 of 1370[31m (61 FAILED)[39m (0 secs / 3.306 secs)
ERROR: 'Error Stack:', 'FirebaseError: Expected first argument to collection() to be a CollectionReference, a DocumentReference or FirebaseFirestore'
[1A[2KERROR: [36m'Error Context:', Object{timestamp: '2025-08-25T14:21:43.569Z', component: 'BookingService', method: 'loadBookings', data: '{"operation":"loadBookings","firebaseError":true}'}[39m
Chrome Headless 139.0.0.0 (Windows 10): Executed 187 of 1370[31m (61 FAILED)[39m (0 secs / 3.306 secs)
ERROR: 'Error Context:', Object{timestamp: '2025-08-25T14:21:43.569Z', component: 'BookingService', method: 'loadBookings', data: '{"operation":"loadBookings","firebaseError":true}'}
[1A[2KLOG: [36m'­ƒöä RoleService: Loading user role for:', 'mock-user-id'[39m
Chrome Headless 139.0.0.0 (Windows 10): Executed 187 of 1370[31m (61 FAILED)[39m (0 secs / 3.306 secs)
LOG: '­ƒöä RoleService: Loading user role for:', 'mock-user-id'
[1A[2KERROR: [36m'ÔØî RoleService: Error in loadUserRole:', FirebaseError: [code=invalid-argument]: Expected first argument to collection() to be a CollectionReference, a DocumentReference or FirebaseFirestore
FirebaseError: Expected first argument to collection() to be a CollectionReference, a DocumentReference or FirebaseFirestore[39m
Chrome Headless 139.0.0.0 (Windows 10): Executed 187 of 1370[31m (61 FAILED)[39m (0 secs / 3.306 secs)
ERROR: 'ÔØî RoleService: Error in loadUserRole:', FirebaseError: [code=invalid-argument]: Expected first argument to collection() to be a CollectionReference, a DocumentReference or FirebaseFirestore
FirebaseError: Expected first argument to collection() to be a CollectionReference, a DocumentReference or FirebaseFirestore
[1A[2KERROR: [36m'Error carregant par├ámetres del sistema:', FirebaseError: [code=invalid-argument]: Expected first argument to collection() to be a CollectionReference, a DocumentReference or FirebaseFirestore
FirebaseError: Expected first argument to collection() to be a CollectionReference, a DocumentReference or FirebaseFirestore[39m
Chrome Headless 139.0.0.0 (Windows 10): Executed 187 of 1370[31m (61 FAILED)[39m (0 secs / 3.306 secs)
ERROR: 'Error carregant par├ámetres del sistema:', FirebaseError: [code=invalid-argument]: Expected first argument to collection() to be a CollectionReference, a DocumentReference or FirebaseFirestore
FirebaseError: Expected first argument to collection() to be a CollectionReference, a DocumentReference or FirebaseFirestore
[1A[2KERROR: [36m'2025-08-25T14:21:43.574Z ERROR MEDIUM [FirebaseServicesService].loadServices  Expected first argument to collection() to be a CollectionReference, a DocumentReference or FirebaseFirestore'[39m
Chrome Headless 139.0.0.0 (Windows 10): Executed 187 of 1370[31m (61 FAILED)[39m (0 secs / 3.306 secs)
ERROR: '2025-08-25T14:21:43.574Z ERROR MEDIUM [FirebaseServicesService].loadServices  Expected first argument to collection() to be a CollectionReference, a DocumentReference or FirebaseFirestore'
[1A[2KERROR: [36m'Error Stack:', 'FirebaseError: Expected first argument to collection() to be a CollectionReference, a DocumentReference or FirebaseFirestore'[39m
Chrome Headless 139.0.0.0 (Windows 10): Executed 187 of 1370[31m (61 FAILED)[39m (0 secs / 3.306 secs)
ERROR: 'Error Stack:', 'FirebaseError: Expected first argument to collection() to be a CollectionReference, a DocumentReference or FirebaseFirestore'
[1A[2KERROR: [36m'Error Context:', Object{timestamp: '2025-08-25T14:21:43.574Z', component: 'FirebaseServicesService', method: 'loadServices', data: '{"operation":"loadServices","firebaseError":true}'}[39m
Chrome Headless 139.0.0.0 (Windows 10): Executed 187 of 1370[31m (61 FAILED)[39m (0 secs / 3.306 secs)
ERROR: 'Error Context:', Object{timestamp: '2025-08-25T14:21:43.574Z', component: 'FirebaseServicesService', method: 'loadServices', data: '{"operation":"loadServices","firebaseError":true}'}
[1A[2KERROR: [36m'2025-08-25T14:21:43.574Z ERROR MEDIUM [FirebaseServicesService].loadCustomCategories  Expected first argument to collection() to be a CollectionReference, a DocumentReference or FirebaseFirestore'[39m
Chrome Headless 139.0.0.0 (Windows 10): Executed 187 of 1370[31m (61 FAILED)[39m (0 secs / 3.306 secs)
ERROR: '2025-08-25T14:21:43.574Z ERROR MEDIUM [FirebaseServicesService].loadCustomCategories  Expected first argument to collection() to be a CollectionReference, a DocumentReference or FirebaseFirestore'
[1A[2KERROR: [36m'Error Stack:', 'FirebaseError: Expected first argument to collection() to be a CollectionReference, a DocumentReference or FirebaseFirestore'[39m
Chrome Headless 139.0.0.0 (Windows 10): Executed 187 of 1370[31m (61 FAILED)[39m (0 secs / 3.306 secs)
ERROR: 'Error Stack:', 'FirebaseError: Expected first argument to collection() to be a CollectionReference, a DocumentReference or FirebaseFirestore'
[1A[2KERROR: [36m'Error Context:', Object{timestamp: '2025-08-25T14:21:43.574Z', component: 'FirebaseServicesService', method: 'loadCustomCategories', data: '{"operation":"loadCustomCategories","firebaseError":true}'}[39m
Chrome Headless 139.0.0.0 (Windows 10): Executed 187 of 1370[31m (61 FAILED)[39m (0 secs / 3.306 secs)
ERROR: 'Error Context:', Object{timestamp: '2025-08-25T14:21:43.574Z', component: 'FirebaseServicesService', method: 'loadCustomCategories', data: '{"operation":"loadCustomCategories","firebaseError":true}'}
[1A[2K[31mChrome Headless 139.0.0.0 (Windows 10) AppointmentDetailPageComponent should have isTodayDate method FAILED[39m
	TypeError: Cannot read properties of undefined (reading 'subscribe')
	    at new _ConfirmDialog (node_modules/primeng/fesm2022/primeng-confirmdialog.mjs:322:75)
	    at NodeInjectorFactory._ConfirmDialog_Factory [as factory] (ng:///_ConfirmDialog/╔Áfac.js:4:10)
	    at getNodeInjectable (node_modules/@angular/core/fesm2022/debug_node.mjs:1989:44)
	    at instantiateAllDirectives (node_modules/@angular/core/fesm2022/debug_node.mjs:8170:27)
	    at createDirectivesInstances (node_modules/@angular/core/fesm2022/debug_node.mjs:7943:5)
	    at ╔Á╔ÁelementStart (node_modules/@angular/core/fesm2022/debug_node.mjs:22419:9)
	    at PopupDialogComponent2_Template (ng:///PopupDialogComponent2.js:64:9)
	    at executeTemplate (node_modules/@angular/core/fesm2022/debug_node.mjs:7929:9)
	    at renderView (node_modules/@angular/core/fesm2022/debug_node.mjs:8545:13)
	    at renderComponent (node_modules/@angular/core/fesm2022/debug_node.mjs:8490:5)
Chrome Headless 139.0.0.0 (Windows 10): Executed 188 of 1370[31m (62 FAILED)[39m (0 secs / 3.311 secs)
[1A[2KERROR: [36m'2025-08-25T14:21:43.575Z ERROR MEDIUM [BookingService].loadBookings  Expected first argument to collection() to be a CollectionReference, a DocumentReference or FirebaseFirestore'[39m
Chrome Headless 139.0.0.0 (Windows 10): Executed 188 of 1370[31m (62 FAILED)[39m (0 secs / 3.311 secs)
ERROR: '2025-08-25T14:21:43.575Z ERROR MEDIUM [BookingService].loadBookings  Expected first argument to collection() to be a CollectionReference, a DocumentReference or FirebaseFirestore'
[1A[2KERROR: [36m'Error Stack:', 'FirebaseError: Expected first argument to collection() to be a CollectionReference, a DocumentReference or FirebaseFirestore'[39m
Chrome Headless 139.0.0.0 (Windows 10): Executed 188 of 1370[31m (62 FAILED)[39m (0 secs / 3.311 secs)
ERROR: 'Error Stack:', 'FirebaseError: Expected first argument to collection() to be a CollectionReference, a DocumentReference or FirebaseFirestore'
[1A[2KERROR: [36m'Error Context:', Object{timestamp: '2025-08-25T14:21:43.575Z', component: 'BookingService', method: 'loadBookings', data: '{"operation":"loadBookings","firebaseError":true}'}[39m
Chrome Headless 139.0.0.0 (Windows 10): Executed 188 of 1370[31m (62 FAILED)[39m (0 secs / 3.311 secs)
ERROR: 'Error Context:', Object{timestamp: '2025-08-25T14:21:43.575Z', component: 'BookingService', method: 'loadBookings', data: '{"operation":"loadBookings","firebaseError":true}'}
[1A[2KLOG: [36m'­ƒöä RoleService: Loading user role for:', 'mock-user-id'[39m
Chrome Headless 139.0.0.0 (Windows 10): Executed 188 of 1370[31m (62 FAILED)[39m (0 secs / 3.311 secs)
LOG: '­ƒöä RoleService: Loading user role for:', 'mock-user-id'
[1A[2KERROR: [36m'ÔØî RoleService: Error in loadUserRole:', FirebaseError: [code=invalid-argument]: Expected first argument to collection() to be a CollectionReference, a DocumentReference or FirebaseFirestore
FirebaseError: Expected first argument to collection() to be a CollectionReference, a DocumentReference or FirebaseFirestore[39m
Chrome Headless 139.0.0.0 (Windows 10): Executed 188 of 1370[31m (62 FAILED)[39m (0 secs / 3.311 secs)
ERROR: 'ÔØî RoleService: Error in loadUserRole:', FirebaseError: [code=invalid-argument]: Expected first argument to collection() to be a CollectionReference, a DocumentReference or FirebaseFirestore
FirebaseError: Expected first argument to collection() to be a CollectionReference, a DocumentReference or FirebaseFirestore
[1A[2KERROR: [36m'Error carregant par├ámetres del sistema:', FirebaseError: [code=invalid-argument]: Expected first argument to collection() to be a CollectionReference, a DocumentReference or FirebaseFirestore
FirebaseError: Expected first argument to collection() to be a CollectionReference, a DocumentReference or FirebaseFirestore[39m
Chrome Headless 139.0.0.0 (Windows 10): Executed 188 of 1370[31m (62 FAILED)[39m (0 secs / 3.311 secs)
ERROR: 'Error carregant par├ámetres del sistema:', FirebaseError: [code=invalid-argument]: Expected first argument to collection() to be a CollectionReference, a DocumentReference or FirebaseFirestore
FirebaseError: Expected first argument to collection() to be a CollectionReference, a DocumentReference or FirebaseFirestore
[1A[2KERROR: [36m'2025-08-25T14:21:43.581Z ERROR MEDIUM [FirebaseServicesService].loadServices  Expected first argument to collection() to be a CollectionReference, a DocumentReference or FirebaseFirestore'[39m
Chrome Headless 139.0.0.0 (Windows 10): Executed 188 of 1370[31m (62 FAILED)[39m (0 secs / 3.311 secs)
ERROR: '2025-08-25T14:21:43.581Z ERROR MEDIUM [FirebaseServicesService].loadServices  Expected first argument to collection() to be a CollectionReference, a DocumentReference or FirebaseFirestore'
[1A[2KERROR: [36m'Error Stack:', 'FirebaseError: Expected first argument to collection() to be a CollectionReference, a DocumentReference or FirebaseFirestore'[39m
Chrome Headless 139.0.0.0 (Windows 10): Executed 188 of 1370[31m (62 FAILED)[39m (0 secs / 3.311 secs)
ERROR: 'Error Stack:', 'FirebaseError: Expected first argument to collection() to be a CollectionReference, a DocumentReference or FirebaseFirestore'
[1A[2KERROR: [36m'Error Context:', Object{timestamp: '2025-08-25T14:21:43.581Z', component: 'FirebaseServicesService', method: 'loadServices', data: '{"operation":"loadServices","firebaseError":true}'}[39m
Chrome Headless 139.0.0.0 (Windows 10): Executed 188 of 1370[31m (62 FAILED)[39m (0 secs / 3.311 secs)
ERROR: 'Error Context:', Object{timestamp: '2025-08-25T14:21:43.581Z', component: 'FirebaseServicesService', method: 'loadServices', data: '{"operation":"loadServices","firebaseError":true}'}
[1A[2KERROR: [36m'2025-08-25T14:21:43.581Z ERROR MEDIUM [FirebaseServicesService].loadCustomCategories  Expected first argument to collection() to be a CollectionReference, a DocumentReference or FirebaseFirestore'[39m
Chrome Headless 139.0.0.0 (Windows 10): Executed 188 of 1370[31m (62 FAILED)[39m (0 secs / 3.311 secs)
ERROR: '2025-08-25T14:21:43.581Z ERROR MEDIUM [FirebaseServicesService].loadCustomCategories  Expected first argument to collection() to be a CollectionReference, a DocumentReference or FirebaseFirestore'
[1A[2KERROR: [36m'Error Stack:', 'FirebaseError: Expected first argument to collection() to be a CollectionReference, a DocumentReference or FirebaseFirestore'[39m
Chrome Headless 139.0.0.0 (Windows 10): Executed 188 of 1370[31m (62 FAILED)[39m (0 secs / 3.311 secs)
ERROR: 'Error Stack:', 'FirebaseError: Expected first argument to collection() to be a CollectionReference, a DocumentReference or FirebaseFirestore'
[1A[2KERROR: [36m'Error Context:', Object{timestamp: '2025-08-25T14:21:43.581Z', component: 'FirebaseServicesService', method: 'loadCustomCategories', data: '{"operation":"loadCustomCategories","firebaseError":true}'}[39m
Chrome Headless 139.0.0.0 (Windows 10): Executed 188 of 1370[31m (62 FAILED)[39m (0 secs / 3.311 secs)
ERROR: 'Error Context:', Object{timestamp: '2025-08-25T14:21:43.581Z', component: 'FirebaseServicesService', method: 'loadCustomCategories', data: '{"operation":"loadCustomCategories","firebaseError":true}'}
[1A[2K[31mChrome Headless 139.0.0.0 (Windows 10) AppointmentDetailPageComponent should have goBack method FAILED[39m
	TypeError: Cannot read properties of undefined (reading 'subscribe')
	    at new _ConfirmDialog (node_modules/primeng/fesm2022/primeng-confirmdialog.mjs:322:75)
	    at NodeInjectorFactory._ConfirmDialog_Factory [as factory] (ng:///_ConfirmDialog/╔Áfac.js:4:10)
	    at getNodeInjectable (node_modules/@angular/core/fesm2022/debug_node.mjs:1989:44)
	    at instantiateAllDirectives (node_modules/@angular/core/fesm2022/debug_node.mjs:8170:27)
	    at createDirectivesInstances (node_modules/@angular/core/fesm2022/debug_node.mjs:7943:5)
	    at ╔Á╔ÁelementStart (node_modules/@angular/core/fesm2022/debug_node.mjs:22419:9)
	    at PopupDialogComponent2_Template (ng:///PopupDialogComponent2.js:64:9)
	    at executeTemplate (node_modules/@angular/core/fesm2022/debug_node.mjs:7929:9)
	    at renderView (node_modules/@angular/core/fesm2022/debug_node.mjs:8545:13)
	    at renderComponent (node_modules/@angular/core/fesm2022/debug_node.mjs:8490:5)
Chrome Headless 139.0.0.0 (Windows 10): Executed 189 of 1370[31m (63 FAILED)[39m (0 secs / 3.316 secs)
[1A[2KERROR: [36m'2025-08-25T14:21:43.582Z ERROR MEDIUM [BookingService].loadBookings  Expected first argument to collection() to be a CollectionReference, a DocumentReference or FirebaseFirestore'[39m
Chrome Headless 139.0.0.0 (Windows 10): Executed 189 of 1370[31m (63 FAILED)[39m (0 secs / 3.316 secs)
ERROR: '2025-08-25T14:21:43.582Z ERROR MEDIUM [BookingService].loadBookings  Expected first argument to collection() to be a CollectionReference, a DocumentReference or FirebaseFirestore'
[1A[2KERROR: [36m'Error Stack:', 'FirebaseError: Expected first argument to collection() to be a CollectionReference, a DocumentReference or FirebaseFirestore'[39m
Chrome Headless 139.0.0.0 (Windows 10): Executed 189 of 1370[31m (63 FAILED)[39m (0 secs / 3.316 secs)
ERROR: 'Error Stack:', 'FirebaseError: Expected first argument to collection() to be a CollectionReference, a DocumentReference or FirebaseFirestore'
[1A[2KERROR: [36m'Error Context:', Object{timestamp: '2025-08-25T14:21:43.582Z', component: 'BookingService', method: 'loadBookings', data: '{"operation":"loadBookings","firebaseError":true}'}[39m
Chrome Headless 139.0.0.0 (Windows 10): Executed 189 of 1370[31m (63 FAILED)[39m (0 secs / 3.316 secs)
ERROR: 'Error Context:', Object{timestamp: '2025-08-25T14:21:43.582Z', component: 'BookingService', method: 'loadBookings', data: '{"operation":"loadBookings","firebaseError":true}'}
[1A[2KLOG: [36m'­ƒöä RoleService: Loading user role for:', 'mock-user-id'[39m
Chrome Headless 139.0.0.0 (Windows 10): Executed 189 of 1370[31m (63 FAILED)[39m (0 secs / 3.316 secs)
LOG: '­ƒöä RoleService: Loading user role for:', 'mock-user-id'
[1A[2KERROR: [36m'ÔØî RoleService: Error in loadUserRole:', FirebaseError: [code=invalid-argument]: Expected first argument to collection() to be a CollectionReference, a DocumentReference or FirebaseFirestore
FirebaseError: Expected first argument to collection() to be a CollectionReference, a DocumentReference or FirebaseFirestore[39m
Chrome Headless 139.0.0.0 (Windows 10): Executed 189 of 1370[31m (63 FAILED)[39m (0 secs / 3.316 secs)
ERROR: 'ÔØî RoleService: Error in loadUserRole:', FirebaseError: [code=invalid-argument]: Expected first argument to collection() to be a CollectionReference, a DocumentReference or FirebaseFirestore
FirebaseError: Expected first argument to collection() to be a CollectionReference, a DocumentReference or FirebaseFirestore
[1A[2KERROR: [36m'Error carregant par├ámetres del sistema:', FirebaseError: [code=invalid-argument]: Expected first argument to collection() to be a CollectionReference, a DocumentReference or FirebaseFirestore
FirebaseError: Expected first argument to collection() to be a CollectionReference, a DocumentReference or FirebaseFirestore[39m
Chrome Headless 139.0.0.0 (Windows 10): Executed 189 of 1370[31m (63 FAILED)[39m (0 secs / 3.316 secs)
ERROR: 'Error carregant par├ámetres del sistema:', FirebaseError: [code=invalid-argument]: Expected first argument to collection() to be a CollectionReference, a DocumentReference or FirebaseFirestore
FirebaseError: Expected first argument to collection() to be a CollectionReference, a DocumentReference or FirebaseFirestore
[1A[2KERROR: [36m'2025-08-25T14:21:43.587Z ERROR MEDIUM [FirebaseServicesService].loadServices  Expected first argument to collection() to be a CollectionReference, a DocumentReference or FirebaseFirestore'[39m
Chrome Headless 139.0.0.0 (Windows 10): Executed 189 of 1370[31m (63 FAILED)[39m (0 secs / 3.316 secs)
ERROR: '2025-08-25T14:21:43.587Z ERROR MEDIUM [FirebaseServicesService].loadServices  Expected first argument to collection() to be a CollectionReference, a DocumentReference or FirebaseFirestore'
[1A[2KERROR: [36m'Error Stack:', 'FirebaseError: Expected first argument to collection() to be a CollectionReference, a DocumentReference or FirebaseFirestore'[39m
Chrome Headless 139.0.0.0 (Windows 10): Executed 189 of 1370[31m (63 FAILED)[39m (0 secs / 3.316 secs)
ERROR: 'Error Stack:', 'FirebaseError: Expected first argument to collection() to be a CollectionReference, a DocumentReference or FirebaseFirestore'
[1A[2KERROR: [36m'Error Context:', Object{timestamp: '2025-08-25T14:21:43.587Z', component: 'FirebaseServicesService', method: 'loadServices', data: '{"operation":"loadServices","firebaseError":true}'}[39m
Chrome Headless 139.0.0.0 (Windows 10): Executed 189 of 1370[31m (63 FAILED)[39m (0 secs / 3.316 secs)
ERROR: 'Error Context:', Object{timestamp: '2025-08-25T14:21:43.587Z', component: 'FirebaseServicesService', method: 'loadServices', data: '{"operation":"loadServices","firebaseError":true}'}
[1A[2KERROR: [36m'2025-08-25T14:21:43.587Z ERROR MEDIUM [FirebaseServicesService].loadCustomCategories  Expected first argument to collection() to be a CollectionReference, a DocumentReference or FirebaseFirestore'[39m
Chrome Headless 139.0.0.0 (Windows 10): Executed 189 of 1370[31m (63 FAILED)[39m (0 secs / 3.316 secs)
ERROR: '2025-08-25T14:21:43.587Z ERROR MEDIUM [FirebaseServicesService].loadCustomCategories  Expected first argument to collection() to be a CollectionReference, a DocumentReference or FirebaseFirestore'
[1A[2KERROR: [36m'Error Stack:', 'FirebaseError: Expected first argument to collection() to be a CollectionReference, a DocumentReference or FirebaseFirestore'[39m
Chrome Headless 139.0.0.0 (Windows 10): Executed 189 of 1370[31m (63 FAILED)[39m (0 secs / 3.316 secs)
ERROR: 'Error Stack:', 'FirebaseError: Expected first argument to collection() to be a CollectionReference, a DocumentReference or FirebaseFirestore'
[1A[2KERROR: [36m'Error Context:', Object{timestamp: '2025-08-25T14:21:43.587Z', component: 'FirebaseServicesService', method: 'loadCustomCategories', data: '{"operation":"loadCustomCategories","firebaseError":true}'}[39m
Chrome Headless 139.0.0.0 (Windows 10): Executed 189 of 1370[31m (63 FAILED)[39m (0 secs / 3.316 secs)
ERROR: 'Error Context:', Object{timestamp: '2025-08-25T14:21:43.587Z', component: 'FirebaseServicesService', method: 'loadCustomCategories', data: '{"operation":"loadCustomCategories","firebaseError":true}'}
[1A[2K[31mChrome Headless 139.0.0.0 (Windows 10) AppointmentDetailPageComponent UI State Management should handle delete cancellation FAILED[39m
	TypeError: Cannot read properties of undefined (reading 'subscribe')
	    at new _ConfirmDialog (node_modules/primeng/fesm2022/primeng-confirmdialog.mjs:322:75)
	    at NodeInjectorFactory._ConfirmDialog_Factory [as factory] (ng:///_ConfirmDialog/╔Áfac.js:4:10)
	    at getNodeInjectable (node_modules/@angular/core/fesm2022/debug_node.mjs:1989:44)
	    at instantiateAllDirectives (node_modules/@angular/core/fesm2022/debug_node.mjs:8170:27)
	    at createDirectivesInstances (node_modules/@angular/core/fesm2022/debug_node.mjs:7943:5)
	    at ╔Á╔ÁelementStart (node_modules/@angular/core/fesm2022/debug_node.mjs:22419:9)
	    at PopupDialogComponent2_Template (ng:///PopupDialogComponent2.js:64:9)
	    at executeTemplate (node_modules/@angular/core/fesm2022/debug_node.mjs:7929:9)
	    at renderView (node_modules/@angular/core/fesm2022/debug_node.mjs:8545:13)
	    at renderComponent (node_modules/@angular/core/fesm2022/debug_node.mjs:8490:5)
Chrome Headless 139.0.0.0 (Windows 10): Executed 190 of 1370[31m (64 FAILED)[39m (0 secs / 3.321 secs)
[1A[2KERROR: [36m'2025-08-25T14:21:43.588Z ERROR MEDIUM [BookingService].loadBookings  Expected first argument to collection() to be a CollectionReference, a DocumentReference or FirebaseFirestore'[39m
Chrome Headless 139.0.0.0 (Windows 10): Executed 190 of 1370[31m (64 FAILED)[39m (0 secs / 3.321 secs)
ERROR: '2025-08-25T14:21:43.588Z ERROR MEDIUM [BookingService].loadBookings  Expected first argument to collection() to be a CollectionReference, a DocumentReference or FirebaseFirestore'
[1A[2KERROR: [36m'Error Stack:', 'FirebaseError: Expected first argument to collection() to be a CollectionReference, a DocumentReference or FirebaseFirestore'[39m
Chrome Headless 139.0.0.0 (Windows 10): Executed 190 of 1370[31m (64 FAILED)[39m (0 secs / 3.321 secs)
ERROR: 'Error Stack:', 'FirebaseError: Expected first argument to collection() to be a CollectionReference, a DocumentReference or FirebaseFirestore'
[1A[2KERROR: [36m'Error Context:', Object{timestamp: '2025-08-25T14:21:43.588Z', component: 'BookingService', method: 'loadBookings', data: '{"operation":"loadBookings","firebaseError":true}'}[39m
Chrome Headless 139.0.0.0 (Windows 10): Executed 190 of 1370[31m (64 FAILED)[39m (0 secs / 3.321 secs)
ERROR: 'Error Context:', Object{timestamp: '2025-08-25T14:21:43.588Z', component: 'BookingService', method: 'loadBookings', data: '{"operation":"loadBookings","firebaseError":true}'}
[1A[2KLOG: [36m'­ƒöä RoleService: Loading user role for:', 'mock-user-id'[39m
Chrome Headless 139.0.0.0 (Windows 10): Executed 190 of 1370[31m (64 FAILED)[39m (0 secs / 3.321 secs)
LOG: '­ƒöä RoleService: Loading user role for:', 'mock-user-id'
[1A[2KERROR: [36m'ÔØî RoleService: Error in loadUserRole:', FirebaseError: [code=invalid-argument]: Expected first argument to collection() to be a CollectionReference, a DocumentReference or FirebaseFirestore
FirebaseError: Expected first argument to collection() to be a CollectionReference, a DocumentReference or FirebaseFirestore[39m
Chrome Headless 139.0.0.0 (Windows 10): Executed 190 of 1370[31m (64 FAILED)[39m (0 secs / 3.321 secs)
ERROR: 'ÔØî RoleService: Error in loadUserRole:', FirebaseError: [code=invalid-argument]: Expected first argument to collection() to be a CollectionReference, a DocumentReference or FirebaseFirestore
FirebaseError: Expected first argument to collection() to be a CollectionReference, a DocumentReference or FirebaseFirestore
[1A[2KERROR: [36m'Error carregant par├ámetres del sistema:', FirebaseError: [code=invalid-argument]: Expected first argument to collection() to be a CollectionReference, a DocumentReference or FirebaseFirestore
FirebaseError: Expected first argument to collection() to be a CollectionReference, a DocumentReference or FirebaseFirestore[39m
Chrome Headless 139.0.0.0 (Windows 10): Executed 190 of 1370[31m (64 FAILED)[39m (0 secs / 3.321 secs)
ERROR: 'Error carregant par├ámetres del sistema:', FirebaseError: [code=invalid-argument]: Expected first argument to collection() to be a CollectionReference, a DocumentReference or FirebaseFirestore
FirebaseError: Expected first argument to collection() to be a CollectionReference, a DocumentReference or FirebaseFirestore
[1A[2KERROR: [36m'2025-08-25T14:21:43.593Z ERROR MEDIUM [FirebaseServicesService].loadServices  Expected first argument to collection() to be a CollectionReference, a DocumentReference or FirebaseFirestore'[39m
Chrome Headless 139.0.0.0 (Windows 10): Executed 190 of 1370[31m (64 FAILED)[39m (0 secs / 3.321 secs)
ERROR: '2025-08-25T14:21:43.593Z ERROR MEDIUM [FirebaseServicesService].loadServices  Expected first argument to collection() to be a CollectionReference, a DocumentReference or FirebaseFirestore'
[1A[2KERROR: [36m'Error Stack:', 'FirebaseError: Expected first argument to collection() to be a CollectionReference, a DocumentReference or FirebaseFirestore'[39m
Chrome Headless 139.0.0.0 (Windows 10): Executed 190 of 1370[31m (64 FAILED)[39m (0 secs / 3.321 secs)
ERROR: 'Error Stack:', 'FirebaseError: Expected first argument to collection() to be a CollectionReference, a DocumentReference or FirebaseFirestore'
[1A[2KERROR: [36m'Error Context:', Object{timestamp: '2025-08-25T14:21:43.593Z', component: 'FirebaseServicesService', method: 'loadServices', data: '{"operation":"loadServices","firebaseError":true}'}[39m
Chrome Headless 139.0.0.0 (Windows 10): Executed 190 of 1370[31m (64 FAILED)[39m (0 secs / 3.321 secs)
ERROR: 'Error Context:', Object{timestamp: '2025-08-25T14:21:43.593Z', component: 'FirebaseServicesService', method: 'loadServices', data: '{"operation":"loadServices","firebaseError":true}'}
[1A[2KERROR: [36m'2025-08-25T14:21:43.594Z ERROR MEDIUM [FirebaseServicesService].loadCustomCategories  Expected first argument to collection() to be a CollectionReference, a DocumentReference or FirebaseFirestore'[39m
Chrome Headless 139.0.0.0 (Windows 10): Executed 190 of 1370[31m (64 FAILED)[39m (0 secs / 3.321 secs)
ERROR: '2025-08-25T14:21:43.594Z ERROR MEDIUM [FirebaseServicesService].loadCustomCategories  Expected first argument to collection() to be a CollectionReference, a DocumentReference or FirebaseFirestore'
[1A[2KERROR: [36m'Error Stack:', 'FirebaseError: Expected first argument to collection() to be a CollectionReference, a DocumentReference or FirebaseFirestore'[39m
Chrome Headless 139.0.0.0 (Windows 10): Executed 190 of 1370[31m (64 FAILED)[39m (0 secs / 3.321 secs)
ERROR: 'Error Stack:', 'FirebaseError: Expected first argument to collection() to be a CollectionReference, a DocumentReference or FirebaseFirestore'
[1A[2KERROR: [36m'Error Context:', Object{timestamp: '2025-08-25T14:21:43.594Z', component: 'FirebaseServicesService', method: 'loadCustomCategories', data: '{"operation":"loadCustomCategories","firebaseError":true}'}[39m
Chrome Headless 139.0.0.0 (Windows 10): Executed 190 of 1370[31m (64 FAILED)[39m (0 secs / 3.321 secs)
ERROR: 'Error Context:', Object{timestamp: '2025-08-25T14:21:43.594Z', component: 'FirebaseServicesService', method: 'loadCustomCategories', data: '{"operation":"loadCustomCategories","firebaseError":true}'}
[1A[2K[31mChrome Headless 139.0.0.0 (Windows 10) AppointmentDetailPageComponent UI State Management should handle delete alert state FAILED[39m
	TypeError: Cannot read properties of undefined (reading 'subscribe')
	    at new _ConfirmDialog (node_modules/primeng/fesm2022/primeng-confirmdialog.mjs:322:75)
	    at NodeInjectorFactory._ConfirmDialog_Factory [as factory] (ng:///_ConfirmDialog/╔Áfac.js:4:10)
	    at getNodeInjectable (node_modules/@angular/core/fesm2022/debug_node.mjs:1989:44)
	    at instantiateAllDirectives (node_modules/@angular/core/fesm2022/debug_node.mjs:8170:27)
	    at createDirectivesInstances (node_modules/@angular/core/fesm2022/debug_node.mjs:7943:5)
	    at ╔Á╔ÁelementStart (node_modules/@angular/core/fesm2022/debug_node.mjs:22419:9)
	    at PopupDialogComponent2_Template (ng:///PopupDialogComponent2.js:64:9)
	    at executeTemplate (node_modules/@angular/core/fesm2022/debug_node.mjs:7929:9)
	    at renderView (node_modules/@angular/core/fesm2022/debug_node.mjs:8545:13)
	    at renderComponent (node_modules/@angular/core/fesm2022/debug_node.mjs:8490:5)
Chrome Headless 139.0.0.0 (Windows 10): Executed 191 of 1370[31m (65 FAILED)[39m (0 secs / 3.326 secs)
[1A[2KERROR: [36m'2025-08-25T14:21:43.594Z ERROR MEDIUM [BookingService].loadBookings  Expected first argument to collection() to be a CollectionReference, a DocumentReference or FirebaseFirestore'[39m
Chrome Headless 139.0.0.0 (Windows 10): Executed 191 of 1370[31m (65 FAILED)[39m (0 secs / 3.326 secs)
ERROR: '2025-08-25T14:21:43.594Z ERROR MEDIUM [BookingService].loadBookings  Expected first argument to collection() to be a CollectionReference, a DocumentReference or FirebaseFirestore'
[1A[2KERROR: [36m'Error Stack:', 'FirebaseError: Expected first argument to collection() to be a CollectionReference, a DocumentReference or FirebaseFirestore'[39m
Chrome Headless 139.0.0.0 (Windows 10): Executed 191 of 1370[31m (65 FAILED)[39m (0 secs / 3.326 secs)
ERROR: 'Error Stack:', 'FirebaseError: Expected first argument to collection() to be a CollectionReference, a DocumentReference or FirebaseFirestore'
[1A[2KERROR: [36m'Error Context:', Object{timestamp: '2025-08-25T14:21:43.594Z', component: 'BookingService', method: 'loadBookings', data: '{"operation":"loadBookings","firebaseError":true}'}[39m
Chrome Headless 139.0.0.0 (Windows 10): Executed 191 of 1370[31m (65 FAILED)[39m (0 secs / 3.326 secs)
ERROR: 'Error Context:', Object{timestamp: '2025-08-25T14:21:43.594Z', component: 'BookingService', method: 'loadBookings', data: '{"operation":"loadBookings","firebaseError":true}'}
[1A[2KLOG: [36m'­ƒöä RoleService: Loading user role for:', 'mock-user-id'[39m
Chrome Headless 139.0.0.0 (Windows 10): Executed 191 of 1370[31m (65 FAILED)[39m (0 secs / 3.326 secs)
LOG: '­ƒöä RoleService: Loading user role for:', 'mock-user-id'
[1A[2KERROR: [36m'ÔØî RoleService: Error in loadUserRole:', FirebaseError: [code=invalid-argument]: Expected first argument to collection() to be a CollectionReference, a DocumentReference or FirebaseFirestore
FirebaseError: Expected first argument to collection() to be a CollectionReference, a DocumentReference or FirebaseFirestore[39m
Chrome Headless 139.0.0.0 (Windows 10): Executed 191 of 1370[31m (65 FAILED)[39m (0 secs / 3.326 secs)
ERROR: 'ÔØî RoleService: Error in loadUserRole:', FirebaseError: [code=invalid-argument]: Expected first argument to collection() to be a CollectionReference, a DocumentReference or FirebaseFirestore
FirebaseError: Expected first argument to collection() to be a CollectionReference, a DocumentReference or FirebaseFirestore
[1A[2KERROR: [36m'Error carregant par├ámetres del sistema:', FirebaseError: [code=invalid-argument]: Expected first argument to collection() to be a CollectionReference, a DocumentReference or FirebaseFirestore
FirebaseError: Expected first argument to collection() to be a CollectionReference, a DocumentReference or FirebaseFirestore[39m
Chrome Headless 139.0.0.0 (Windows 10): Executed 191 of 1370[31m (65 FAILED)[39m (0 secs / 3.326 secs)
ERROR: 'Error carregant par├ámetres del sistema:', FirebaseError: [code=invalid-argument]: Expected first argument to collection() to be a CollectionReference, a DocumentReference or FirebaseFirestore
FirebaseError: Expected first argument to collection() to be a CollectionReference, a DocumentReference or FirebaseFirestore
[1A[2KERROR: [36m'2025-08-25T14:21:43.600Z ERROR MEDIUM [FirebaseServicesService].loadServices  Expected first argument to collection() to be a CollectionReference, a DocumentReference or FirebaseFirestore'[39m
Chrome Headless 139.0.0.0 (Windows 10): Executed 191 of 1370[31m (65 FAILED)[39m (0 secs / 3.326 secs)
ERROR: '2025-08-25T14:21:43.600Z ERROR MEDIUM [FirebaseServicesService].loadServices  Expected first argument to collection() to be a CollectionReference, a DocumentReference or FirebaseFirestore'
[1A[2KERROR: [36m'Error Stack:', 'FirebaseError: Expected first argument to collection() to be a CollectionReference, a DocumentReference or FirebaseFirestore'[39m
Chrome Headless 139.0.0.0 (Windows 10): Executed 191 of 1370[31m (65 FAILED)[39m (0 secs / 3.326 secs)
ERROR: 'Error Stack:', 'FirebaseError: Expected first argument to collection() to be a CollectionReference, a DocumentReference or FirebaseFirestore'
[1A[2KERROR: [36m'Error Context:', Object{timestamp: '2025-08-25T14:21:43.600Z', component: 'FirebaseServicesService', method: 'loadServices', data: '{"operation":"loadServices","firebaseError":true}'}[39m
Chrome Headless 139.0.0.0 (Windows 10): Executed 191 of 1370[31m (65 FAILED)[39m (0 secs / 3.326 secs)
ERROR: 'Error Context:', Object{timestamp: '2025-08-25T14:21:43.600Z', component: 'FirebaseServicesService', method: 'loadServices', data: '{"operation":"loadServices","firebaseError":true}'}
[1A[2KERROR: [36m'2025-08-25T14:21:43.600Z ERROR MEDIUM [FirebaseServicesService].loadCustomCategories  Expected first argument to collection() to be a CollectionReference, a DocumentReference or FirebaseFirestore'[39m
Chrome Headless 139.0.0.0 (Windows 10): Executed 191 of 1370[31m (65 FAILED)[39m (0 secs / 3.326 secs)
ERROR: '2025-08-25T14:21:43.600Z ERROR MEDIUM [FirebaseServicesService].loadCustomCategories  Expected first argument to collection() to be a CollectionReference, a DocumentReference or FirebaseFirestore'
[1A[2KERROR: [36m'Error Stack:', 'FirebaseError: Expected first argument to collection() to be a CollectionReference, a DocumentReference or FirebaseFirestore'[39m
Chrome Headless 139.0.0.0 (Windows 10): Executed 191 of 1370[31m (65 FAILED)[39m (0 secs / 3.326 secs)
ERROR: 'Error Stack:', 'FirebaseError: Expected first argument to collection() to be a CollectionReference, a DocumentReference or FirebaseFirestore'
[1A[2KERROR: [36m'Error Context:', Object{timestamp: '2025-08-25T14:21:43.600Z', component: 'FirebaseServicesService', method: 'loadCustomCategories', data: '{"operation":"loadCustomCategories","firebaseError":true}'}[39m
Chrome Headless 139.0.0.0 (Windows 10): Executed 191 of 1370[31m (65 FAILED)[39m (0 secs / 3.326 secs)
ERROR: 'Error Context:', Object{timestamp: '2025-08-25T14:21:43.600Z', component: 'FirebaseServicesService', method: 'loadCustomCategories', data: '{"operation":"loadCustomCategories","firebaseError":true}'}
[1A[2K[31mChrome Headless 139.0.0.0 (Windows 10) AppointmentDetailPageComponent UI State Management should handle edit requests FAILED[39m
	TypeError: Cannot read properties of undefined (reading 'subscribe')
	    at new _ConfirmDialog (node_modules/primeng/fesm2022/primeng-confirmdialog.mjs:322:75)
	    at NodeInjectorFactory._ConfirmDialog_Factory [as factory] (ng:///_ConfirmDialog/╔Áfac.js:4:10)
	    at getNodeInjectable (node_modules/@angular/core/fesm2022/debug_node.mjs:1989:44)
	    at instantiateAllDirectives (node_modules/@angular/core/fesm2022/debug_node.mjs:8170:27)
	    at createDirectivesInstances (node_modules/@angular/core/fesm2022/debug_node.mjs:7943:5)
	    at ╔Á╔ÁelementStart (node_modules/@angular/core/fesm2022/debug_node.mjs:22419:9)
	    at PopupDialogComponent2_Template (ng:///PopupDialogComponent2.js:64:9)
	    at executeTemplate (node_modules/@angular/core/fesm2022/debug_node.mjs:7929:9)
	    at renderView (node_modules/@angular/core/fesm2022/debug_node.mjs:8545:13)
	    at renderComponent (node_modules/@angular/core/fesm2022/debug_node.mjs:8490:5)
Chrome Headless 139.0.0.0 (Windows 10): Executed 192 of 1370[31m (66 FAILED)[39m (0 secs / 3.33 secs)
[1A[2KERROR: [36m'2025-08-25T14:21:43.601Z ERROR MEDIUM [BookingService].loadBookings  Expected first argument to collection() to be a CollectionReference, a DocumentReference or FirebaseFirestore'[39m
Chrome Headless 139.0.0.0 (Windows 10): Executed 192 of 1370[31m (66 FAILED)[39m (0 secs / 3.33 secs)
ERROR: '2025-08-25T14:21:43.601Z ERROR MEDIUM [BookingService].loadBookings  Expected first argument to collection() to be a CollectionReference, a DocumentReference or FirebaseFirestore'
[1A[2KERROR: [36m'Error Stack:', 'FirebaseError: Expected first argument to collection() to be a CollectionReference, a DocumentReference or FirebaseFirestore'[39m
Chrome Headless 139.0.0.0 (Windows 10): Executed 192 of 1370[31m (66 FAILED)[39m (0 secs / 3.33 secs)
ERROR: 'Error Stack:', 'FirebaseError: Expected first argument to collection() to be a CollectionReference, a DocumentReference or FirebaseFirestore'
[1A[2KERROR: [36m'Error Context:', Object{timestamp: '2025-08-25T14:21:43.601Z', component: 'BookingService', method: 'loadBookings', data: '{"operation":"loadBookings","firebaseError":true}'}[39m
Chrome Headless 139.0.0.0 (Windows 10): Executed 192 of 1370[31m (66 FAILED)[39m (0 secs / 3.33 secs)
ERROR: 'Error Context:', Object{timestamp: '2025-08-25T14:21:43.601Z', component: 'BookingService', method: 'loadBookings', data: '{"operation":"loadBookings","firebaseError":true}'}
[1A[2KLOG: [36m'­ƒöä RoleService: Loading user role for:', 'mock-user-id'[39m
Chrome Headless 139.0.0.0 (Windows 10): Executed 192 of 1370[31m (66 FAILED)[39m (0 secs / 3.33 secs)
LOG: '­ƒöä RoleService: Loading user role for:', 'mock-user-id'
[1A[2KERROR: [36m'ÔØî RoleService: Error in loadUserRole:', FirebaseError: [code=invalid-argument]: Expected first argument to collection() to be a CollectionReference, a DocumentReference or FirebaseFirestore
FirebaseError: Expected first argument to collection() to be a CollectionReference, a DocumentReference or FirebaseFirestore[39m
Chrome Headless 139.0.0.0 (Windows 10): Executed 192 of 1370[31m (66 FAILED)[39m (0 secs / 3.33 secs)
ERROR: 'ÔØî RoleService: Error in loadUserRole:', FirebaseError: [code=invalid-argument]: Expected first argument to collection() to be a CollectionReference, a DocumentReference or FirebaseFirestore
FirebaseError: Expected first argument to collection() to be a CollectionReference, a DocumentReference or FirebaseFirestore
[1A[2KERROR: [36m'Error carregant par├ámetres del sistema:', FirebaseError: [code=invalid-argument]: Expected first argument to collection() to be a CollectionReference, a DocumentReference or FirebaseFirestore
FirebaseError: Expected first argument to collection() to be a CollectionReference, a DocumentReference or FirebaseFirestore[39m
Chrome Headless 139.0.0.0 (Windows 10): Executed 192 of 1370[31m (66 FAILED)[39m (0 secs / 3.33 secs)
ERROR: 'Error carregant par├ámetres del sistema:', FirebaseError: [code=invalid-argument]: Expected first argument to collection() to be a CollectionReference, a DocumentReference or FirebaseFirestore
FirebaseError: Expected first argument to collection() to be a CollectionReference, a DocumentReference or FirebaseFirestore
[1A[2KERROR: [36m'2025-08-25T14:21:43.606Z ERROR MEDIUM [FirebaseServicesService].loadServices  Expected first argument to collection() to be a CollectionReference, a DocumentReference or FirebaseFirestore'[39m
Chrome Headless 139.0.0.0 (Windows 10): Executed 192 of 1370[31m (66 FAILED)[39m (0 secs / 3.33 secs)
ERROR: '2025-08-25T14:21:43.606Z ERROR MEDIUM [FirebaseServicesService].loadServices  Expected first argument to collection() to be a CollectionReference, a DocumentReference or FirebaseFirestore'
[1A[2KERROR: [36m'Error Stack:', 'FirebaseError: Expected first argument to collection() to be a CollectionReference, a DocumentReference or FirebaseFirestore'[39m
Chrome Headless 139.0.0.0 (Windows 10): Executed 192 of 1370[31m (66 FAILED)[39m (0 secs / 3.33 secs)
ERROR: 'Error Stack:', 'FirebaseError: Expected first argument to collection() to be a CollectionReference, a DocumentReference or FirebaseFirestore'
[1A[2KERROR: [36m'Error Context:', Object{timestamp: '2025-08-25T14:21:43.606Z', component: 'FirebaseServicesService', method: 'loadServices', data: '{"operation":"loadServices","firebaseError":true}'}[39m
Chrome Headless 139.0.0.0 (Windows 10): Executed 192 of 1370[31m (66 FAILED)[39m (0 secs / 3.33 secs)
ERROR: 'Error Context:', Object{timestamp: '2025-08-25T14:21:43.606Z', component: 'FirebaseServicesService', method: 'loadServices', data: '{"operation":"loadServices","firebaseError":true}'}
[1A[2KERROR: [36m'2025-08-25T14:21:43.606Z ERROR MEDIUM [FirebaseServicesService].loadCustomCategories  Expected first argument to collection() to be a CollectionReference, a DocumentReference or FirebaseFirestore'[39m
Chrome Headless 139.0.0.0 (Windows 10): Executed 192 of 1370[31m (66 FAILED)[39m (0 secs / 3.33 secs)
ERROR: '2025-08-25T14:21:43.606Z ERROR MEDIUM [FirebaseServicesService].loadCustomCategories  Expected first argument to collection() to be a CollectionReference, a DocumentReference or FirebaseFirestore'
[1A[2KERROR: [36m'Error Stack:', 'FirebaseError: Expected first argument to collection() to be a CollectionReference, a DocumentReference or FirebaseFirestore'[39m
Chrome Headless 139.0.0.0 (Windows 10): Executed 192 of 1370[31m (66 FAILED)[39m (0 secs / 3.33 secs)
ERROR: 'Error Stack:', 'FirebaseError: Expected first argument to collection() to be a CollectionReference, a DocumentReference or FirebaseFirestore'
[1A[2KERROR: [36m'Error Context:', Object{timestamp: '2025-08-25T14:21:43.606Z', component: 'FirebaseServicesService', method: 'loadCustomCategories', data: '{"operation":"loadCustomCategories","firebaseError":true}'}[39m
Chrome Headless 139.0.0.0 (Windows 10): Executed 192 of 1370[31m (66 FAILED)[39m (0 secs / 3.33 secs)
ERROR: 'Error Context:', Object{timestamp: '2025-08-25T14:21:43.606Z', component: 'FirebaseServicesService', method: 'loadCustomCategories', data: '{"operation":"loadCustomCategories","firebaseError":true}'}
[1A[2K[31mChrome Headless 139.0.0.0 (Windows 10) AppointmentDetailPageComponent UI State Management should handle view detail requests FAILED[39m
	TypeError: Cannot read properties of undefined (reading 'subscribe')
	    at new _ConfirmDialog (node_modules/primeng/fesm2022/primeng-confirmdialog.mjs:322:75)
	    at NodeInjectorFactory._ConfirmDialog_Factory [as factory] (ng:///_ConfirmDialog/╔Áfac.js:4:10)
	    at getNodeInjectable (node_modules/@angular/core/fesm2022/debug_node.mjs:1989:44)
	    at instantiateAllDirectives (node_modules/@angular/core/fesm2022/debug_node.mjs:8170:27)
	    at createDirectivesInstances (node_modules/@angular/core/fesm2022/debug_node.mjs:7943:5)
	    at ╔Á╔ÁelementStart (node_modules/@angular/core/fesm2022/debug_node.mjs:22419:9)
	    at PopupDialogComponent2_Template (ng:///PopupDialogComponent2.js:64:9)
	    at executeTemplate (node_modules/@angular/core/fesm2022/debug_node.mjs:7929:9)
	    at renderView (node_modules/@angular/core/fesm2022/debug_node.mjs:8545:13)
	    at renderComponent (node_modules/@angular/core/fesm2022/debug_node.mjs:8490:5)
Chrome Headless 139.0.0.0 (Windows 10): Executed 193 of 1370[31m (67 FAILED)[39m (0 secs / 3.335 secs)
[1A[2KERROR: [36m'2025-08-25T14:21:43.607Z ERROR MEDIUM [BookingService].loadBookings  Expected first argument to collection() to be a CollectionReference, a DocumentReference or FirebaseFirestore'[39m
Chrome Headless 139.0.0.0 (Windows 10): Executed 193 of 1370[31m (67 FAILED)[39m (0 secs / 3.335 secs)
ERROR: '2025-08-25T14:21:43.607Z ERROR MEDIUM [BookingService].loadBookings  Expected first argument to collection() to be a CollectionReference, a DocumentReference or FirebaseFirestore'
[1A[2KERROR: [36m'Error Stack:', 'FirebaseError: Expected first argument to collection() to be a CollectionReference, a DocumentReference or FirebaseFirestore'[39m
Chrome Headless 139.0.0.0 (Windows 10): Executed 193 of 1370[31m (67 FAILED)[39m (0 secs / 3.335 secs)
ERROR: 'Error Stack:', 'FirebaseError: Expected first argument to collection() to be a CollectionReference, a DocumentReference or FirebaseFirestore'
[1A[2KERROR: [36m'Error Context:', Object{timestamp: '2025-08-25T14:21:43.607Z', component: 'BookingService', method: 'loadBookings', data: '{"operation":"loadBookings","firebaseError":true}'}[39m
Chrome Headless 139.0.0.0 (Windows 10): Executed 193 of 1370[31m (67 FAILED)[39m (0 secs / 3.335 secs)
ERROR: 'Error Context:', Object{timestamp: '2025-08-25T14:21:43.607Z', component: 'BookingService', method: 'loadBookings', data: '{"operation":"loadBookings","firebaseError":true}'}
[1A[2KLOG: [36m'­ƒöä RoleService: Loading user role for:', 'mock-user-id'[39m
Chrome Headless 139.0.0.0 (Windows 10): Executed 193 of 1370[31m (67 FAILED)[39m (0 secs / 3.335 secs)
LOG: '­ƒöä RoleService: Loading user role for:', 'mock-user-id'
[1A[2KERROR: [36m'ÔØî RoleService: Error in loadUserRole:', FirebaseError: [code=invalid-argument]: Expected first argument to collection() to be a CollectionReference, a DocumentReference or FirebaseFirestore
FirebaseError: Expected first argument to collection() to be a CollectionReference, a DocumentReference or FirebaseFirestore[39m
Chrome Headless 139.0.0.0 (Windows 10): Executed 193 of 1370[31m (67 FAILED)[39m (0 secs / 3.335 secs)
ERROR: 'ÔØî RoleService: Error in loadUserRole:', FirebaseError: [code=invalid-argument]: Expected first argument to collection() to be a CollectionReference, a DocumentReference or FirebaseFirestore
FirebaseError: Expected first argument to collection() to be a CollectionReference, a DocumentReference or FirebaseFirestore
[1A[2KERROR: [36m'Error carregant par├ámetres del sistema:', FirebaseError: [code=invalid-argument]: Expected first argument to collection() to be a CollectionReference, a DocumentReference or FirebaseFirestore
FirebaseError: Expected first argument to collection() to be a CollectionReference, a DocumentReference or FirebaseFirestore[39m
Chrome Headless 139.0.0.0 (Windows 10): Executed 193 of 1370[31m (67 FAILED)[39m (0 secs / 3.335 secs)
ERROR: 'Error carregant par├ámetres del sistema:', FirebaseError: [code=invalid-argument]: Expected first argument to collection() to be a CollectionReference, a DocumentReference or FirebaseFirestore
FirebaseError: Expected first argument to collection() to be a CollectionReference, a DocumentReference or FirebaseFirestore
[1A[2KERROR: [36m'2025-08-25T14:21:43.613Z ERROR MEDIUM [FirebaseServicesService].loadServices  Expected first argument to collection() to be a CollectionReference, a DocumentReference or FirebaseFirestore'[39m
Chrome Headless 139.0.0.0 (Windows 10): Executed 193 of 1370[31m (67 FAILED)[39m (0 secs / 3.335 secs)
ERROR: '2025-08-25T14:21:43.613Z ERROR MEDIUM [FirebaseServicesService].loadServices  Expected first argument to collection() to be a CollectionReference, a DocumentReference or FirebaseFirestore'
[1A[2KERROR: [36m'Error Stack:', 'FirebaseError: Expected first argument to collection() to be a CollectionReference, a DocumentReference or FirebaseFirestore'[39m
Chrome Headless 139.0.0.0 (Windows 10): Executed 193 of 1370[31m (67 FAILED)[39m (0 secs / 3.335 secs)
ERROR: 'Error Stack:', 'FirebaseError: Expected first argument to collection() to be a CollectionReference, a DocumentReference or FirebaseFirestore'
[1A[2KERROR: [36m'Error Context:', Object{timestamp: '2025-08-25T14:21:43.613Z', component: 'FirebaseServicesService', method: 'loadServices', data: '{"operation":"loadServices","firebaseError":true}'}[39m
Chrome Headless 139.0.0.0 (Windows 10): Executed 193 of 1370[31m (67 FAILED)[39m (0 secs / 3.335 secs)
ERROR: 'Error Context:', Object{timestamp: '2025-08-25T14:21:43.613Z', component: 'FirebaseServicesService', method: 'loadServices', data: '{"operation":"loadServices","firebaseError":true}'}
[1A[2KERROR: [36m'2025-08-25T14:21:43.613Z ERROR MEDIUM [FirebaseServicesService].loadCustomCategories  Expected first argument to collection() to be a CollectionReference, a DocumentReference or FirebaseFirestore'[39m
Chrome Headless 139.0.0.0 (Windows 10): Executed 193 of 1370[31m (67 FAILED)[39m (0 secs / 3.335 secs)
ERROR: '2025-08-25T14:21:43.613Z ERROR MEDIUM [FirebaseServicesService].loadCustomCategories  Expected first argument to collection() to be a CollectionReference, a DocumentReference or FirebaseFirestore'
[1A[2KERROR: [36m'Error Stack:', 'FirebaseError: Expected first argument to collection() to be a CollectionReference, a DocumentReference or FirebaseFirestore'[39m
Chrome Headless 139.0.0.0 (Windows 10): Executed 193 of 1370[31m (67 FAILED)[39m (0 secs / 3.335 secs)
ERROR: 'Error Stack:', 'FirebaseError: Expected first argument to collection() to be a CollectionReference, a DocumentReference or FirebaseFirestore'
[1A[2KERROR: [36m'Error Context:', Object{timestamp: '2025-08-25T14:21:43.613Z', component: 'FirebaseServicesService', method: 'loadCustomCategories', data: '{"operation":"loadCustomCategories","firebaseError":true}'}[39m
Chrome Headless 139.0.0.0 (Windows 10): Executed 193 of 1370[31m (67 FAILED)[39m (0 secs / 3.335 secs)
ERROR: 'Error Context:', Object{timestamp: '2025-08-25T14:21:43.613Z', component: 'FirebaseServicesService', method: 'loadCustomCategories', data: '{"operation":"loadCustomCategories","firebaseError":true}'}
[1A[2K[31mChrome Headless 139.0.0.0 (Windows 10) AppointmentDetailPageComponent UI State Management should handle delete confirmation FAILED[39m
	TypeError: Cannot read properties of undefined (reading 'subscribe')
	    at new _ConfirmDialog (node_modules/primeng/fesm2022/primeng-confirmdialog.mjs:322:75)
	    at NodeInjectorFactory._ConfirmDialog_Factory [as factory] (ng:///_ConfirmDialog/╔Áfac.js:4:10)
	    at getNodeInjectable (node_modules/@angular/core/fesm2022/debug_node.mjs:1989:44)
	    at instantiateAllDirectives (node_modules/@angular/core/fesm2022/debug_node.mjs:8170:27)
	    at createDirectivesInstances (node_modules/@angular/core/fesm2022/debug_node.mjs:7943:5)
	    at ╔Á╔ÁelementStart (node_modules/@angular/core/fesm2022/debug_node.mjs:22419:9)
	    at PopupDialogComponent2_Template (ng:///PopupDialogComponent2.js:64:9)
	    at executeTemplate (node_modules/@angular/core/fesm2022/debug_node.mjs:7929:9)
	    at renderView (node_modules/@angular/core/fesm2022/debug_node.mjs:8545:13)
	    at renderComponent (node_modules/@angular/core/fesm2022/debug_node.mjs:8490:5)
Chrome Headless 139.0.0.0 (Windows 10): Executed 194 of 1370[31m (68 FAILED)[39m (0 secs / 3.339 secs)
[1A[2KERROR: [36m'2025-08-25T14:21:43.614Z ERROR MEDIUM [BookingService].loadBookings  Expected first argument to collection() to be a CollectionReference, a DocumentReference or FirebaseFirestore'[39m
Chrome Headless 139.0.0.0 (Windows 10): Executed 194 of 1370[31m (68 FAILED)[39m (0 secs / 3.339 secs)
ERROR: '2025-08-25T14:21:43.614Z ERROR MEDIUM [BookingService].loadBookings  Expected first argument to collection() to be a CollectionReference, a DocumentReference or FirebaseFirestore'
[1A[2KERROR: [36m'Error Stack:', 'FirebaseError: Expected first argument to collection() to be a CollectionReference, a DocumentReference or FirebaseFirestore'[39m
Chrome Headless 139.0.0.0 (Windows 10): Executed 194 of 1370[31m (68 FAILED)[39m (0 secs / 3.339 secs)
ERROR: 'Error Stack:', 'FirebaseError: Expected first argument to collection() to be a CollectionReference, a DocumentReference or FirebaseFirestore'
[1A[2KERROR: [36m'Error Context:', Object{timestamp: '2025-08-25T14:21:43.614Z', component: 'BookingService', method: 'loadBookings', data: '{"operation":"loadBookings","firebaseError":true}'}[39m
Chrome Headless 139.0.0.0 (Windows 10): Executed 194 of 1370[31m (68 FAILED)[39m (0 secs / 3.339 secs)
ERROR: 'Error Context:', Object{timestamp: '2025-08-25T14:21:43.614Z', component: 'BookingService', method: 'loadBookings', data: '{"operation":"loadBookings","firebaseError":true}'}
[1A[2KLOG: [36m'­ƒöä RoleService: Loading user role for:', 'mock-user-id'[39m
Chrome Headless 139.0.0.0 (Windows 10): Executed 194 of 1370[31m (68 FAILED)[39m (0 secs / 3.339 secs)
LOG: '­ƒöä RoleService: Loading user role for:', 'mock-user-id'
[1A[2KERROR: [36m'ÔØî RoleService: Error in loadUserRole:', FirebaseError: [code=invalid-argument]: Expected first argument to collection() to be a CollectionReference, a DocumentReference or FirebaseFirestore
FirebaseError: Expected first argument to collection() to be a CollectionReference, a DocumentReference or FirebaseFirestore[39m
Chrome Headless 139.0.0.0 (Windows 10): Executed 194 of 1370[31m (68 FAILED)[39m (0 secs / 3.339 secs)
ERROR: 'ÔØî RoleService: Error in loadUserRole:', FirebaseError: [code=invalid-argument]: Expected first argument to collection() to be a CollectionReference, a DocumentReference or FirebaseFirestore
FirebaseError: Expected first argument to collection() to be a CollectionReference, a DocumentReference or FirebaseFirestore
[1A[2KERROR: [36m'Error carregant par├ámetres del sistema:', FirebaseError: [code=invalid-argument]: Expected first argument to collection() to be a CollectionReference, a DocumentReference or FirebaseFirestore
FirebaseError: Expected first argument to collection() to be a CollectionReference, a DocumentReference or FirebaseFirestore[39m
Chrome Headless 139.0.0.0 (Windows 10): Executed 194 of 1370[31m (68 FAILED)[39m (0 secs / 3.339 secs)
ERROR: 'Error carregant par├ámetres del sistema:', FirebaseError: [code=invalid-argument]: Expected first argument to collection() to be a CollectionReference, a DocumentReference or FirebaseFirestore
FirebaseError: Expected first argument to collection() to be a CollectionReference, a DocumentReference or FirebaseFirestore
[1A[2KERROR: [36m'2025-08-25T14:21:43.618Z ERROR MEDIUM [FirebaseServicesService].loadServices  Expected first argument to collection() to be a CollectionReference, a DocumentReference or FirebaseFirestore'[39m
Chrome Headless 139.0.0.0 (Windows 10): Executed 194 of 1370[31m (68 FAILED)[39m (0 secs / 3.339 secs)
ERROR: '2025-08-25T14:21:43.618Z ERROR MEDIUM [FirebaseServicesService].loadServices  Expected first argument to collection() to be a CollectionReference, a DocumentReference or FirebaseFirestore'
[1A[2KERROR: [36m'Error Stack:', 'FirebaseError: Expected first argument to collection() to be a CollectionReference, a DocumentReference or FirebaseFirestore'[39m
Chrome Headless 139.0.0.0 (Windows 10): Executed 194 of 1370[31m (68 FAILED)[39m (0 secs / 3.339 secs)
ERROR: 'Error Stack:', 'FirebaseError: Expected first argument to collection() to be a CollectionReference, a DocumentReference or FirebaseFirestore'
[1A[2KERROR: [36m'Error Context:', Object{timestamp: '2025-08-25T14:21:43.618Z', component: 'FirebaseServicesService', method: 'loadServices', data: '{"operation":"loadServices","firebaseError":true}'}[39m
Chrome Headless 139.0.0.0 (Windows 10): Executed 194 of 1370[31m (68 FAILED)[39m (0 secs / 3.339 secs)
ERROR: 'Error Context:', Object{timestamp: '2025-08-25T14:21:43.618Z', component: 'FirebaseServicesService', method: 'loadServices', data: '{"operation":"loadServices","firebaseError":true}'}
[1A[2KERROR: [36m'2025-08-25T14:21:43.618Z ERROR MEDIUM [FirebaseServicesService].loadCustomCategories  Expected first argument to collection() to be a CollectionReference, a DocumentReference or FirebaseFirestore'[39m
Chrome Headless 139.0.0.0 (Windows 10): Executed 194 of 1370[31m (68 FAILED)[39m (0 secs / 3.339 secs)
ERROR: '2025-08-25T14:21:43.618Z ERROR MEDIUM [FirebaseServicesService].loadCustomCategories  Expected first argument to collection() to be a CollectionReference, a DocumentReference or FirebaseFirestore'
[1A[2KERROR: [36m'Error Stack:', 'FirebaseError: Expected first argument to collection() to be a CollectionReference, a DocumentReference or FirebaseFirestore'[39m
Chrome Headless 139.0.0.0 (Windows 10): Executed 194 of 1370[31m (68 FAILED)[39m (0 secs / 3.339 secs)
ERROR: 'Error Stack:', 'FirebaseError: Expected first argument to collection() to be a CollectionReference, a DocumentReference or FirebaseFirestore'
[1A[2KERROR: [36m'Error Context:', Object{timestamp: '2025-08-25T14:21:43.618Z', component: 'FirebaseServicesService', method: 'loadCustomCategories', data: '{"operation":"loadCustomCategories","firebaseError":true}'}[39m
Chrome Headless 139.0.0.0 (Windows 10): Executed 194 of 1370[31m (68 FAILED)[39m (0 secs / 3.339 secs)
ERROR: 'Error Context:', Object{timestamp: '2025-08-25T14:21:43.618Z', component: 'FirebaseServicesService', method: 'loadCustomCategories', data: '{"operation":"loadCustomCategories","firebaseError":true}'}
[1A[2K[31mChrome Headless 139.0.0.0 (Windows 10) AppointmentDetailPageComponent should have loading signal FAILED[39m
	TypeError: Cannot read properties of undefined (reading 'subscribe')
	    at new _ConfirmDialog (node_modules/primeng/fesm2022/primeng-confirmdialog.mjs:322:75)
	    at NodeInjectorFactory._ConfirmDialog_Factory [as factory] (ng:///_ConfirmDialog/╔Áfac.js:4:10)
	    at getNodeInjectable (node_modules/@angular/core/fesm2022/debug_node.mjs:1989:44)
	    at instantiateAllDirectives (node_modules/@angular/core/fesm2022/debug_node.mjs:8170:27)
	    at createDirectivesInstances (node_modules/@angular/core/fesm2022/debug_node.mjs:7943:5)
	    at ╔Á╔ÁelementStart (node_modules/@angular/core/fesm2022/debug_node.mjs:22419:9)
	    at PopupDialogComponent2_Template (ng:///PopupDialogComponent2.js:64:9)
	    at executeTemplate (node_modules/@angular/core/fesm2022/debug_node.mjs:7929:9)
	    at renderView (node_modules/@angular/core/fesm2022/debug_node.mjs:8545:13)
	    at renderComponent (node_modules/@angular/core/fesm2022/debug_node.mjs:8490:5)
Chrome Headless 139.0.0.0 (Windows 10): Executed 195 of 1370[31m (69 FAILED)[39m (0 secs / 3.344 secs)
[1A[2KERROR: [36m'2025-08-25T14:21:43.619Z ERROR MEDIUM [BookingService].loadBookings  Expected first argument to collection() to be a CollectionReference, a DocumentReference or FirebaseFirestore'[39m
Chrome Headless 139.0.0.0 (Windows 10): Executed 195 of 1370[31m (69 FAILED)[39m (0 secs / 3.344 secs)
ERROR: '2025-08-25T14:21:43.619Z ERROR MEDIUM [BookingService].loadBookings  Expected first argument to collection() to be a CollectionReference, a DocumentReference or FirebaseFirestore'
[1A[2KERROR: [36m'Error Stack:', 'FirebaseError: Expected first argument to collection() to be a CollectionReference, a DocumentReference or FirebaseFirestore'[39m
Chrome Headless 139.0.0.0 (Windows 10): Executed 195 of 1370[31m (69 FAILED)[39m (0 secs / 3.344 secs)
ERROR: 'Error Stack:', 'FirebaseError: Expected first argument to collection() to be a CollectionReference, a DocumentReference or FirebaseFirestore'
[1A[2KERROR: [36m'Error Context:', Object{timestamp: '2025-08-25T14:21:43.619Z', component: 'BookingService', method: 'loadBookings', data: '{"operation":"loadBookings","firebaseError":true}'}[39m
Chrome Headless 139.0.0.0 (Windows 10): Executed 195 of 1370[31m (69 FAILED)[39m (0 secs / 3.344 secs)
ERROR: 'Error Context:', Object{timestamp: '2025-08-25T14:21:43.619Z', component: 'BookingService', method: 'loadBookings', data: '{"operation":"loadBookings","firebaseError":true}'}
[1A[2KLOG: [36m'­ƒöä RoleService: Loading user role for:', 'mock-user-id'[39m
Chrome Headless 139.0.0.0 (Windows 10): Executed 195 of 1370[31m (69 FAILED)[39m (0 secs / 3.344 secs)
LOG: '­ƒöä RoleService: Loading user role for:', 'mock-user-id'
[1A[2KERROR: [36m'ÔØî RoleService: Error in loadUserRole:', FirebaseError: [code=invalid-argument]: Expected first argument to collection() to be a CollectionReference, a DocumentReference or FirebaseFirestore
FirebaseError: Expected first argument to collection() to be a CollectionReference, a DocumentReference or FirebaseFirestore[39m
Chrome Headless 139.0.0.0 (Windows 10): Executed 195 of 1370[31m (69 FAILED)[39m (0 secs / 3.344 secs)
ERROR: 'ÔØî RoleService: Error in loadUserRole:', FirebaseError: [code=invalid-argument]: Expected first argument to collection() to be a CollectionReference, a DocumentReference or FirebaseFirestore
FirebaseError: Expected first argument to collection() to be a CollectionReference, a DocumentReference or FirebaseFirestore
[1A[2KERROR: [36m'Error carregant par├ámetres del sistema:', FirebaseError: [code=invalid-argument]: Expected first argument to collection() to be a CollectionReference, a DocumentReference or FirebaseFirestore
FirebaseError: Expected first argument to collection() to be a CollectionReference, a DocumentReference or FirebaseFirestore[39m
Chrome Headless 139.0.0.0 (Windows 10): Executed 195 of 1370[31m (69 FAILED)[39m (0 secs / 3.344 secs)
ERROR: 'Error carregant par├ámetres del sistema:', FirebaseError: [code=invalid-argument]: Expected first argument to collection() to be a CollectionReference, a DocumentReference or FirebaseFirestore
FirebaseError: Expected first argument to collection() to be a CollectionReference, a DocumentReference or FirebaseFirestore
[1A[2KERROR: [36m'2025-08-25T14:21:43.623Z ERROR MEDIUM [FirebaseServicesService].loadServices  Expected first argument to collection() to be a CollectionReference, a DocumentReference or FirebaseFirestore'[39m
Chrome Headless 139.0.0.0 (Windows 10): Executed 195 of 1370[31m (69 FAILED)[39m (0 secs / 3.344 secs)
ERROR: '2025-08-25T14:21:43.623Z ERROR MEDIUM [FirebaseServicesService].loadServices  Expected first argument to collection() to be a CollectionReference, a DocumentReference or FirebaseFirestore'
[1A[2KERROR: [36m'Error Stack:', 'FirebaseError: Expected first argument to collection() to be a CollectionReference, a DocumentReference or FirebaseFirestore'[39m
Chrome Headless 139.0.0.0 (Windows 10): Executed 195 of 1370[31m (69 FAILED)[39m (0 secs / 3.344 secs)
ERROR: 'Error Stack:', 'FirebaseError: Expected first argument to collection() to be a CollectionReference, a DocumentReference or FirebaseFirestore'
[1A[2KERROR: [36m'Error Context:', Object{timestamp: '2025-08-25T14:21:43.623Z', component: 'FirebaseServicesService', method: 'loadServices', data: '{"operation":"loadServices","firebaseError":true}'}[39m
Chrome Headless 139.0.0.0 (Windows 10): Executed 195 of 1370[31m (69 FAILED)[39m (0 secs / 3.344 secs)
ERROR: 'Error Context:', Object{timestamp: '2025-08-25T14:21:43.623Z', component: 'FirebaseServicesService', method: 'loadServices', data: '{"operation":"loadServices","firebaseError":true}'}
[1A[2KERROR: [36m'2025-08-25T14:21:43.624Z ERROR MEDIUM [FirebaseServicesService].loadCustomCategories  Expected first argument to collection() to be a CollectionReference, a DocumentReference or FirebaseFirestore'[39m
Chrome Headless 139.0.0.0 (Windows 10): Executed 195 of 1370[31m (69 FAILED)[39m (0 secs / 3.344 secs)
ERROR: '2025-08-25T14:21:43.624Z ERROR MEDIUM [FirebaseServicesService].loadCustomCategories  Expected first argument to collection() to be a CollectionReference, a DocumentReference or FirebaseFirestore'
[1A[2KERROR: [36m'Error Stack:', 'FirebaseError: Expected first argument to collection() to be a CollectionReference, a DocumentReference or FirebaseFirestore'[39m
Chrome Headless 139.0.0.0 (Windows 10): Executed 195 of 1370[31m (69 FAILED)[39m (0 secs / 3.344 secs)
ERROR: 'Error Stack:', 'FirebaseError: Expected first argument to collection() to be a CollectionReference, a DocumentReference or FirebaseFirestore'
[1A[2KERROR: [36m'Error Context:', Object{timestamp: '2025-08-25T14:21:43.624Z', component: 'FirebaseServicesService', method: 'loadCustomCategories', data: '{"operation":"loadCustomCategories","firebaseError":true}'}[39m
Chrome Headless 139.0.0.0 (Windows 10): Executed 195 of 1370[31m (69 FAILED)[39m (0 secs / 3.344 secs)
ERROR: 'Error Context:', Object{timestamp: '2025-08-25T14:21:43.624Z', component: 'FirebaseServicesService', method: 'loadCustomCategories', data: '{"operation":"loadCustomCategories","firebaseError":true}'}
[1A[2K[31mChrome Headless 139.0.0.0 (Windows 10) AppointmentDetailPageComponent should have appointmentInfoItems computed FAILED[39m
	TypeError: Cannot read properties of undefined (reading 'subscribe')
	    at new _ConfirmDialog (node_modules/primeng/fesm2022/primeng-confirmdialog.mjs:322:75)
	    at NodeInjectorFactory._ConfirmDialog_Factory [as factory] (ng:///_ConfirmDialog/╔Áfac.js:4:10)
	    at getNodeInjectable (node_modules/@angular/core/fesm2022/debug_node.mjs:1989:44)
	    at instantiateAllDirectives (node_modules/@angular/core/fesm2022/debug_node.mjs:8170:27)
	    at createDirectivesInstances (node_modules/@angular/core/fesm2022/debug_node.mjs:7943:5)
	    at ╔Á╔ÁelementStart (node_modules/@angular/core/fesm2022/debug_node.mjs:22419:9)
	    at PopupDialogComponent2_Template (ng:///PopupDialogComponent2.js:64:9)
	    at executeTemplate (node_modules/@angular/core/fesm2022/debug_node.mjs:7929:9)
	    at renderView (node_modules/@angular/core/fesm2022/debug_node.mjs:8545:13)
	    at renderComponent (node_modules/@angular/core/fesm2022/debug_node.mjs:8490:5)
Chrome Headless 139.0.0.0 (Windows 10): Executed 196 of 1370[31m (70 FAILED)[39m (0 secs / 3.35 secs)
[1A[2KERROR: [36m'2025-08-25T14:21:43.625Z ERROR MEDIUM [BookingService].loadBookings  Expected first argument to collection() to be a CollectionReference, a DocumentReference or FirebaseFirestore'[39m
Chrome Headless 139.0.0.0 (Windows 10): Executed 196 of 1370[31m (70 FAILED)[39m (0 secs / 3.35 secs)
ERROR: '2025-08-25T14:21:43.625Z ERROR MEDIUM [BookingService].loadBookings  Expected first argument to collection() to be a CollectionReference, a DocumentReference or FirebaseFirestore'
[1A[2KERROR: [36m'Error Stack:', 'FirebaseError: Expected first argument to collection() to be a CollectionReference, a DocumentReference or FirebaseFirestore'[39m
Chrome Headless 139.0.0.0 (Windows 10): Executed 196 of 1370[31m (70 FAILED)[39m (0 secs / 3.35 secs)
ERROR: 'Error Stack:', 'FirebaseError: Expected first argument to collection() to be a CollectionReference, a DocumentReference or FirebaseFirestore'
[1A[2KERROR: [36m'Error Context:', Object{timestamp: '2025-08-25T14:21:43.625Z', component: 'BookingService', method: 'loadBookings', data: '{"operation":"loadBookings","firebaseError":true}'}[39m
Chrome Headless 139.0.0.0 (Windows 10): Executed 196 of 1370[31m (70 FAILED)[39m (0 secs / 3.35 secs)
ERROR: 'Error Context:', Object{timestamp: '2025-08-25T14:21:43.625Z', component: 'BookingService', method: 'loadBookings', data: '{"operation":"loadBookings","firebaseError":true}'}
[1A[2KLOG: [36m'­ƒöä RoleService: Loading user role for:', 'mock-user-id'[39m
Chrome Headless 139.0.0.0 (Windows 10): Executed 196 of 1370[31m (70 FAILED)[39m (0 secs / 3.35 secs)
LOG: '­ƒöä RoleService: Loading user role for:', 'mock-user-id'
[1A[2KERROR: [36m'ÔØî RoleService: Error in loadUserRole:', FirebaseError: [code=invalid-argument]: Expected first argument to collection() to be a CollectionReference, a DocumentReference or FirebaseFirestore
FirebaseError: Expected first argument to collection() to be a CollectionReference, a DocumentReference or FirebaseFirestore[39m
Chrome Headless 139.0.0.0 (Windows 10): Executed 196 of 1370[31m (70 FAILED)[39m (0 secs / 3.35 secs)
ERROR: 'ÔØî RoleService: Error in loadUserRole:', FirebaseError: [code=invalid-argument]: Expected first argument to collection() to be a CollectionReference, a DocumentReference or FirebaseFirestore
FirebaseError: Expected first argument to collection() to be a CollectionReference, a DocumentReference or FirebaseFirestore
[1A[2KERROR: [36m'Error carregant par├ámetres del sistema:', FirebaseError: [code=invalid-argument]: Expected first argument to collection() to be a CollectionReference, a DocumentReference or FirebaseFirestore
FirebaseError: Expected first argument to collection() to be a CollectionReference, a DocumentReference or FirebaseFirestore[39m
Chrome Headless 139.0.0.0 (Windows 10): Executed 196 of 1370[31m (70 FAILED)[39m (0 secs / 3.35 secs)
ERROR: 'Error carregant par├ámetres del sistema:', FirebaseError: [code=invalid-argument]: Expected first argument to collection() to be a CollectionReference, a DocumentReference or FirebaseFirestore
FirebaseError: Expected first argument to collection() to be a CollectionReference, a DocumentReference or FirebaseFirestore
[1A[2KERROR: [36m'2025-08-25T14:21:43.631Z ERROR MEDIUM [FirebaseServicesService].loadServices  Expected first argument to collection() to be a CollectionReference, a DocumentReference or FirebaseFirestore'[39m
Chrome Headless 139.0.0.0 (Windows 10): Executed 196 of 1370[31m (70 FAILED)[39m (0 secs / 3.35 secs)
ERROR: '2025-08-25T14:21:43.631Z ERROR MEDIUM [FirebaseServicesService].loadServices  Expected first argument to collection() to be a CollectionReference, a DocumentReference or FirebaseFirestore'
[1A[2KERROR: [36m'Error Stack:', 'FirebaseError: Expected first argument to collection() to be a CollectionReference, a DocumentReference or FirebaseFirestore'[39m
Chrome Headless 139.0.0.0 (Windows 10): Executed 196 of 1370[31m (70 FAILED)[39m (0 secs / 3.35 secs)
ERROR: 'Error Stack:', 'FirebaseError: Expected first argument to collection() to be a CollectionReference, a DocumentReference or FirebaseFirestore'
[1A[2KERROR: [36m'Error Context:', Object{timestamp: '2025-08-25T14:21:43.631Z', component: 'FirebaseServicesService', method: 'loadServices', data: '{"operation":"loadServices","firebaseError":true}'}[39m
Chrome Headless 139.0.0.0 (Windows 10): Executed 196 of 1370[31m (70 FAILED)[39m (0 secs / 3.35 secs)
ERROR: 'Error Context:', Object{timestamp: '2025-08-25T14:21:43.631Z', component: 'FirebaseServicesService', method: 'loadServices', data: '{"operation":"loadServices","firebaseError":true}'}
[1A[2KERROR: [36m'2025-08-25T14:21:43.631Z ERROR MEDIUM [FirebaseServicesService].loadCustomCategories  Expected first argument to collection() to be a CollectionReference, a DocumentReference or FirebaseFirestore'[39m
Chrome Headless 139.0.0.0 (Windows 10): Executed 196 of 1370[31m (70 FAILED)[39m (0 secs / 3.35 secs)
ERROR: '2025-08-25T14:21:43.631Z ERROR MEDIUM [FirebaseServicesService].loadCustomCategories  Expected first argument to collection() to be a CollectionReference, a DocumentReference or FirebaseFirestore'
[1A[2KERROR: [36m'Error Stack:', 'FirebaseError: Expected first argument to collection() to be a CollectionReference, a DocumentReference or FirebaseFirestore'[39m
Chrome Headless 139.0.0.0 (Windows 10): Executed 196 of 1370[31m (70 FAILED)[39m (0 secs / 3.35 secs)
ERROR: 'Error Stack:', 'FirebaseError: Expected first argument to collection() to be a CollectionReference, a DocumentReference or FirebaseFirestore'
[1A[2KERROR: [36m'Error Context:', Object{timestamp: '2025-08-25T14:21:43.631Z', component: 'FirebaseServicesService', method: 'loadCustomCategories', data: '{"operation":"loadCustomCategories","firebaseError":true}'}[39m
Chrome Headless 139.0.0.0 (Windows 10): Executed 196 of 1370[31m (70 FAILED)[39m (0 secs / 3.35 secs)
ERROR: 'Error Context:', Object{timestamp: '2025-08-25T14:21:43.631Z', component: 'FirebaseServicesService', method: 'loadCustomCategories', data: '{"operation":"loadCustomCategories","firebaseError":true}'}
[1A[2K[31mChrome Headless 139.0.0.0 (Windows 10) AppointmentDetailPageComponent should have formatDate method FAILED[39m
	TypeError: Cannot read properties of undefined (reading 'subscribe')
	    at new _ConfirmDialog (node_modules/primeng/fesm2022/primeng-confirmdialog.mjs:322:75)
	    at NodeInjectorFactory._ConfirmDialog_Factory [as factory] (ng:///_ConfirmDialog/╔Áfac.js:4:10)
	    at getNodeInjectable (node_modules/@angular/core/fesm2022/debug_node.mjs:1989:44)
	    at instantiateAllDirectives (node_modules/@angular/core/fesm2022/debug_node.mjs:8170:27)
	    at createDirectivesInstances (node_modules/@angular/core/fesm2022/debug_node.mjs:7943:5)
	    at ╔Á╔ÁelementStart (node_modules/@angular/core/fesm2022/debug_node.mjs:22419:9)
	    at PopupDialogComponent2_Template (ng:///PopupDialogComponent2.js:64:9)
	    at executeTemplate (node_modules/@angular/core/fesm2022/debug_node.mjs:7929:9)
	    at renderView (node_modules/@angular/core/fesm2022/debug_node.mjs:8545:13)
	    at renderComponent (node_modules/@angular/core/fesm2022/debug_node.mjs:8490:5)
Chrome Headless 139.0.0.0 (Windows 10): Executed 197 of 1370[31m (71 FAILED)[39m (0 secs / 3.354 secs)
[1A[2KERROR: [36m'2025-08-25T14:21:43.632Z ERROR MEDIUM [BookingService].loadBookings  Expected first argument to collection() to be a CollectionReference, a DocumentReference or FirebaseFirestore'[39m
Chrome Headless 139.0.0.0 (Windows 10): Executed 197 of 1370[31m (71 FAILED)[39m (0 secs / 3.354 secs)
ERROR: '2025-08-25T14:21:43.632Z ERROR MEDIUM [BookingService].loadBookings  Expected first argument to collection() to be a CollectionReference, a DocumentReference or FirebaseFirestore'
[1A[2KERROR: [36m'Error Stack:', 'FirebaseError: Expected first argument to collection() to be a CollectionReference, a DocumentReference or FirebaseFirestore'[39m
Chrome Headless 139.0.0.0 (Windows 10): Executed 197 of 1370[31m (71 FAILED)[39m (0 secs / 3.354 secs)
ERROR: 'Error Stack:', 'FirebaseError: Expected first argument to collection() to be a CollectionReference, a DocumentReference or FirebaseFirestore'
[1A[2KERROR: [36m'Error Context:', Object{timestamp: '2025-08-25T14:21:43.632Z', component: 'BookingService', method: 'loadBookings', data: '{"operation":"loadBookings","firebaseError":true}'}[39m
Chrome Headless 139.0.0.0 (Windows 10): Executed 197 of 1370[31m (71 FAILED)[39m (0 secs / 3.354 secs)
ERROR: 'Error Context:', Object{timestamp: '2025-08-25T14:21:43.632Z', component: 'BookingService', method: 'loadBookings', data: '{"operation":"loadBookings","firebaseError":true}'}
[1A[2KLOG: [36m'­ƒöä RoleService: Loading user role for:', 'mock-user-id'[39m
Chrome Headless 139.0.0.0 (Windows 10): Executed 197 of 1370[31m (71 FAILED)[39m (0 secs / 3.354 secs)
LOG: '­ƒöä RoleService: Loading user role for:', 'mock-user-id'
[1A[2KERROR: [36m'ÔØî RoleService: Error in loadUserRole:', FirebaseError: [code=invalid-argument]: Expected first argument to collection() to be a CollectionReference, a DocumentReference or FirebaseFirestore
FirebaseError: Expected first argument to collection() to be a CollectionReference, a DocumentReference or FirebaseFirestore[39m
Chrome Headless 139.0.0.0 (Windows 10): Executed 197 of 1370[31m (71 FAILED)[39m (0 secs / 3.354 secs)
ERROR: 'ÔØî RoleService: Error in loadUserRole:', FirebaseError: [code=invalid-argument]: Expected first argument to collection() to be a CollectionReference, a DocumentReference or FirebaseFirestore
FirebaseError: Expected first argument to collection() to be a CollectionReference, a DocumentReference or FirebaseFirestore
[1A[2KERROR: [36m'Error carregant par├ámetres del sistema:', FirebaseError: [code=invalid-argument]: Expected first argument to collection() to be a CollectionReference, a DocumentReference or FirebaseFirestore
FirebaseError: Expected first argument to collection() to be a CollectionReference, a DocumentReference or FirebaseFirestore[39m
Chrome Headless 139.0.0.0 (Windows 10): Executed 197 of 1370[31m (71 FAILED)[39m (0 secs / 3.354 secs)
ERROR: 'Error carregant par├ámetres del sistema:', FirebaseError: [code=invalid-argument]: Expected first argument to collection() to be a CollectionReference, a DocumentReference or FirebaseFirestore
FirebaseError: Expected first argument to collection() to be a CollectionReference, a DocumentReference or FirebaseFirestore
[1A[2KERROR: [36m'2025-08-25T14:21:43.636Z ERROR MEDIUM [FirebaseServicesService].loadServices  Expected first argument to collection() to be a CollectionReference, a DocumentReference or FirebaseFirestore'[39m
Chrome Headless 139.0.0.0 (Windows 10): Executed 197 of 1370[31m (71 FAILED)[39m (0 secs / 3.354 secs)
ERROR: '2025-08-25T14:21:43.636Z ERROR MEDIUM [FirebaseServicesService].loadServices  Expected first argument to collection() to be a CollectionReference, a DocumentReference or FirebaseFirestore'
[1A[2KERROR: [36m'Error Stack:', 'FirebaseError: Expected first argument to collection() to be a CollectionReference, a DocumentReference or FirebaseFirestore'[39m
Chrome Headless 139.0.0.0 (Windows 10): Executed 197 of 1370[31m (71 FAILED)[39m (0 secs / 3.354 secs)
ERROR: 'Error Stack:', 'FirebaseError: Expected first argument to collection() to be a CollectionReference, a DocumentReference or FirebaseFirestore'
[1A[2KERROR: [36m'Error Context:', Object{timestamp: '2025-08-25T14:21:43.636Z', component: 'FirebaseServicesService', method: 'loadServices', data: '{"operation":"loadServices","firebaseError":true}'}[39m
Chrome Headless 139.0.0.0 (Windows 10): Executed 197 of 1370[31m (71 FAILED)[39m (0 secs / 3.354 secs)
ERROR: 'Error Context:', Object{timestamp: '2025-08-25T14:21:43.636Z', component: 'FirebaseServicesService', method: 'loadServices', data: '{"operation":"loadServices","firebaseError":true}'}
[1A[2KERROR: [36m'2025-08-25T14:21:43.636Z ERROR MEDIUM [FirebaseServicesService].loadCustomCategories  Expected first argument to collection() to be a CollectionReference, a DocumentReference or FirebaseFirestore'[39m
Chrome Headless 139.0.0.0 (Windows 10): Executed 197 of 1370[31m (71 FAILED)[39m (0 secs / 3.354 secs)
ERROR: '2025-08-25T14:21:43.636Z ERROR MEDIUM [FirebaseServicesService].loadCustomCategories  Expected first argument to collection() to be a CollectionReference, a DocumentReference or FirebaseFirestore'
[1A[2KERROR: [36m'Error Stack:', 'FirebaseError: Expected first argument to collection() to be a CollectionReference, a DocumentReference or FirebaseFirestore'[39m
Chrome Headless 139.0.0.0 (Windows 10): Executed 197 of 1370[31m (71 FAILED)[39m (0 secs / 3.354 secs)
ERROR: 'Error Stack:', 'FirebaseError: Expected first argument to collection() to be a CollectionReference, a DocumentReference or FirebaseFirestore'
[1A[2KERROR: [36m'Error Context:', Object{timestamp: '2025-08-25T14:21:43.636Z', component: 'FirebaseServicesService', method: 'loadCustomCategories', data: '{"operation":"loadCustomCategories","firebaseError":true}'}[39m
Chrome Headless 139.0.0.0 (Windows 10): Executed 197 of 1370[31m (71 FAILED)[39m (0 secs / 3.354 secs)
ERROR: 'Error Context:', Object{timestamp: '2025-08-25T14:21:43.636Z', component: 'FirebaseServicesService', method: 'loadCustomCategories', data: '{"operation":"loadCustomCategories","firebaseError":true}'}
[1A[2K[31mChrome Headless 139.0.0.0 (Windows 10) AppointmentDetailPageComponent should create FAILED[39m
	TypeError: Cannot read properties of undefined (reading 'subscribe')
	    at new _ConfirmDialog (node_modules/primeng/fesm2022/primeng-confirmdialog.mjs:322:75)
	    at NodeInjectorFactory._ConfirmDialog_Factory [as factory] (ng:///_ConfirmDialog/╔Áfac.js:4:10)
	    at getNodeInjectable (node_modules/@angular/core/fesm2022/debug_node.mjs:1989:44)
	    at instantiateAllDirectives (node_modules/@angular/core/fesm2022/debug_node.mjs:8170:27)
	    at createDirectivesInstances (node_modules/@angular/core/fesm2022/debug_node.mjs:7943:5)
	    at ╔Á╔ÁelementStart (node_modules/@angular/core/fesm2022/debug_node.mjs:22419:9)
	    at PopupDialogComponent2_Template (ng:///PopupDialogComponent2.js:64:9)
	    at executeTemplate (node_modules/@angular/core/fesm2022/debug_node.mjs:7929:9)
	    at renderView (node_modules/@angular/core/fesm2022/debug_node.mjs:8545:13)
	    at renderComponent (node_modules/@angular/core/fesm2022/debug_node.mjs:8490:5)
Chrome Headless 139.0.0.0 (Windows 10): Executed 198 of 1370[31m (72 FAILED)[39m (0 secs / 3.359 secs)
[1A[2KERROR: [36m'2025-08-25T14:21:43.637Z ERROR MEDIUM [BookingService].loadBookings  Expected first argument to collection() to be a CollectionReference, a DocumentReference or FirebaseFirestore'[39m
Chrome Headless 139.0.0.0 (Windows 10): Executed 198 of 1370[31m (72 FAILED)[39m (0 secs / 3.359 secs)
ERROR: '2025-08-25T14:21:43.637Z ERROR MEDIUM [BookingService].loadBookings  Expected first argument to collection() to be a CollectionReference, a DocumentReference or FirebaseFirestore'
[1A[2KERROR: [36m'Error Stack:', 'FirebaseError: Expected first argument to collection() to be a CollectionReference, a DocumentReference or FirebaseFirestore'[39m
Chrome Headless 139.0.0.0 (Windows 10): Executed 198 of 1370[31m (72 FAILED)[39m (0 secs / 3.359 secs)
ERROR: 'Error Stack:', 'FirebaseError: Expected first argument to collection() to be a CollectionReference, a DocumentReference or FirebaseFirestore'
[1A[2KERROR: [36m'Error Context:', Object{timestamp: '2025-08-25T14:21:43.637Z', component: 'BookingService', method: 'loadBookings', data: '{"operation":"loadBookings","firebaseError":true}'}[39m
Chrome Headless 139.0.0.0 (Windows 10): Executed 198 of 1370[31m (72 FAILED)[39m (0 secs / 3.359 secs)
ERROR: 'Error Context:', Object{timestamp: '2025-08-25T14:21:43.637Z', component: 'BookingService', method: 'loadBookings', data: '{"operation":"loadBookings","firebaseError":true}'}
[1A[2KLOG: [36m'­ƒöä RoleService: Loading user role for:', 'mock-user-id'[39m
Chrome Headless 139.0.0.0 (Windows 10): Executed 198 of 1370[31m (72 FAILED)[39m (0 secs / 3.359 secs)
LOG: '­ƒöä RoleService: Loading user role for:', 'mock-user-id'
[1A[2KERROR: [36m'ÔØî RoleService: Error in loadUserRole:', FirebaseError: [code=invalid-argument]: Expected first argument to collection() to be a CollectionReference, a DocumentReference or FirebaseFirestore
FirebaseError: Expected first argument to collection() to be a CollectionReference, a DocumentReference or FirebaseFirestore[39m
Chrome Headless 139.0.0.0 (Windows 10): Executed 198 of 1370[31m (72 FAILED)[39m (0 secs / 3.359 secs)
ERROR: 'ÔØî RoleService: Error in loadUserRole:', FirebaseError: [code=invalid-argument]: Expected first argument to collection() to be a CollectionReference, a DocumentReference or FirebaseFirestore
FirebaseError: Expected first argument to collection() to be a CollectionReference, a DocumentReference or FirebaseFirestore
[1A[2KERROR: [36m'Error carregant par├ámetres del sistema:', FirebaseError: [code=invalid-argument]: Expected first argument to collection() to be a CollectionReference, a DocumentReference or FirebaseFirestore
FirebaseError: Expected first argument to collection() to be a CollectionReference, a DocumentReference or FirebaseFirestore[39m
Chrome Headless 139.0.0.0 (Windows 10): Executed 198 of 1370[31m (72 FAILED)[39m (0 secs / 3.359 secs)
ERROR: 'Error carregant par├ámetres del sistema:', FirebaseError: [code=invalid-argument]: Expected first argument to collection() to be a CollectionReference, a DocumentReference or FirebaseFirestore
FirebaseError: Expected first argument to collection() to be a CollectionReference, a DocumentReference or FirebaseFirestore
[1A[2KERROR: [36m'2025-08-25T14:21:43.641Z ERROR MEDIUM [FirebaseServicesService].loadServices  Expected first argument to collection() to be a CollectionReference, a DocumentReference or FirebaseFirestore'[39m
Chrome Headless 139.0.0.0 (Windows 10): Executed 198 of 1370[31m (72 FAILED)[39m (0 secs / 3.359 secs)
ERROR: '2025-08-25T14:21:43.641Z ERROR MEDIUM [FirebaseServicesService].loadServices  Expected first argument to collection() to be a CollectionReference, a DocumentReference or FirebaseFirestore'
[1A[2KERROR: [36m'Error Stack:', 'FirebaseError: Expected first argument to collection() to be a CollectionReference, a DocumentReference or FirebaseFirestore'[39m
Chrome Headless 139.0.0.0 (Windows 10): Executed 198 of 1370[31m (72 FAILED)[39m (0 secs / 3.359 secs)
ERROR: 'Error Stack:', 'FirebaseError: Expected first argument to collection() to be a CollectionReference, a DocumentReference or FirebaseFirestore'
[1A[2KERROR: [36m'Error Context:', Object{timestamp: '2025-08-25T14:21:43.641Z', component: 'FirebaseServicesService', method: 'loadServices', data: '{"operation":"loadServices","firebaseError":true}'}[39m
Chrome Headless 139.0.0.0 (Windows 10): Executed 198 of 1370[31m (72 FAILED)[39m (0 secs / 3.359 secs)
ERROR: 'Error Context:', Object{timestamp: '2025-08-25T14:21:43.641Z', component: 'FirebaseServicesService', method: 'loadServices', data: '{"operation":"loadServices","firebaseError":true}'}
[1A[2KERROR: [36m'2025-08-25T14:21:43.642Z ERROR MEDIUM [FirebaseServicesService].loadCustomCategories  Expected first argument to collection() to be a CollectionReference, a DocumentReference or FirebaseFirestore'[39m
Chrome Headless 139.0.0.0 (Windows 10): Executed 198 of 1370[31m (72 FAILED)[39m (0 secs / 3.359 secs)
ERROR: '2025-08-25T14:21:43.642Z ERROR MEDIUM [FirebaseServicesService].loadCustomCategories  Expected first argument to collection() to be a CollectionReference, a DocumentReference or FirebaseFirestore'
[1A[2KERROR: [36m'Error Stack:', 'FirebaseError: Expected first argument to collection() to be a CollectionReference, a DocumentReference or FirebaseFirestore'[39m
Chrome Headless 139.0.0.0 (Windows 10): Executed 198 of 1370[31m (72 FAILED)[39m (0 secs / 3.359 secs)
ERROR: 'Error Stack:', 'FirebaseError: Expected first argument to collection() to be a CollectionReference, a DocumentReference or FirebaseFirestore'
[1A[2KERROR: [36m'Error Context:', Object{timestamp: '2025-08-25T14:21:43.642Z', component: 'FirebaseServicesService', method: 'loadCustomCategories', data: '{"operation":"loadCustomCategories","firebaseError":true}'}[39m
Chrome Headless 139.0.0.0 (Windows 10): Executed 198 of 1370[31m (72 FAILED)[39m (0 secs / 3.359 secs)
ERROR: 'Error Context:', Object{timestamp: '2025-08-25T14:21:43.642Z', component: 'FirebaseServicesService', method: 'loadCustomCategories', data: '{"operation":"loadCustomCategories","firebaseError":true}'}
[1A[2K[31mChrome Headless 139.0.0.0 (Windows 10) AppointmentDetailPageComponent should have deleteAppointment method FAILED[39m
	TypeError: Cannot read properties of undefined (reading 'subscribe')
	    at new _ConfirmDialog (node_modules/primeng/fesm2022/primeng-confirmdialog.mjs:322:75)
	    at NodeInjectorFactory._ConfirmDialog_Factory [as factory] (ng:///_ConfirmDialog/╔Áfac.js:4:10)
	    at getNodeInjectable (node_modules/@angular/core/fesm2022/debug_node.mjs:1989:44)
	    at instantiateAllDirectives (node_modules/@angular/core/fesm2022/debug_node.mjs:8170:27)
	    at createDirectivesInstances (node_modules/@angular/core/fesm2022/debug_node.mjs:7943:5)
	    at ╔Á╔ÁelementStart (node_modules/@angular/core/fesm2022/debug_node.mjs:22419:9)
	    at PopupDialogComponent2_Template (ng:///PopupDialogComponent2.js:64:9)
	    at executeTemplate (node_modules/@angular/core/fesm2022/debug_node.mjs:7929:9)
	    at renderView (node_modules/@angular/core/fesm2022/debug_node.mjs:8545:13)
	    at renderComponent (node_modules/@angular/core/fesm2022/debug_node.mjs:8490:5)
Chrome Headless 139.0.0.0 (Windows 10): Executed 199 of 1370[31m (73 FAILED)[39m (0 secs / 3.363 secs)
[1A[2KERROR: [36m'2025-08-25T14:21:43.642Z ERROR MEDIUM [BookingService].loadBookings  Expected first argument to collection() to be a CollectionReference, a DocumentReference or FirebaseFirestore'[39m
Chrome Headless 139.0.0.0 (Windows 10): Executed 199 of 1370[31m (73 FAILED)[39m (0 secs / 3.363 secs)
ERROR: '2025-08-25T14:21:43.642Z ERROR MEDIUM [BookingService].loadBookings  Expected first argument to collection() to be a CollectionReference, a DocumentReference or FirebaseFirestore'
[1A[2KERROR: [36m'Error Stack:', 'FirebaseError: Expected first argument to collection() to be a CollectionReference, a DocumentReference or FirebaseFirestore'[39m
Chrome Headless 139.0.0.0 (Windows 10): Executed 199 of 1370[31m (73 FAILED)[39m (0 secs / 3.363 secs)
ERROR: 'Error Stack:', 'FirebaseError: Expected first argument to collection() to be a CollectionReference, a DocumentReference or FirebaseFirestore'
[1A[2KERROR: [36m'Error Context:', Object{timestamp: '2025-08-25T14:21:43.642Z', component: 'BookingService', method: 'loadBookings', data: '{"operation":"loadBookings","firebaseError":true}'}[39m
Chrome Headless 139.0.0.0 (Windows 10): Executed 199 of 1370[31m (73 FAILED)[39m (0 secs / 3.363 secs)
ERROR: 'Error Context:', Object{timestamp: '2025-08-25T14:21:43.642Z', component: 'BookingService', method: 'loadBookings', data: '{"operation":"loadBookings","firebaseError":true}'}
[1A[2KLOG: [36m'­ƒöä RoleService: Loading user role for:', 'mock-user-id'[39m
Chrome Headless 139.0.0.0 (Windows 10): Executed 199 of 1370[31m (73 FAILED)[39m (0 secs / 3.363 secs)
LOG: '­ƒöä RoleService: Loading user role for:', 'mock-user-id'
[1A[2KERROR: [36m'ÔØî RoleService: Error in loadUserRole:', FirebaseError: [code=invalid-argument]: Expected first argument to collection() to be a CollectionReference, a DocumentReference or FirebaseFirestore
FirebaseError: Expected first argument to collection() to be a CollectionReference, a DocumentReference or FirebaseFirestore[39m
Chrome Headless 139.0.0.0 (Windows 10): Executed 199 of 1370[31m (73 FAILED)[39m (0 secs / 3.363 secs)
ERROR: 'ÔØî RoleService: Error in loadUserRole:', FirebaseError: [code=invalid-argument]: Expected first argument to collection() to be a CollectionReference, a DocumentReference or FirebaseFirestore
FirebaseError: Expected first argument to collection() to be a CollectionReference, a DocumentReference or FirebaseFirestore
[1A[2KERROR: [36m'Error carregant par├ámetres del sistema:', FirebaseError: [code=invalid-argument]: Expected first argument to collection() to be a CollectionReference, a DocumentReference or FirebaseFirestore
FirebaseError: Expected first argument to collection() to be a CollectionReference, a DocumentReference or FirebaseFirestore[39m
Chrome Headless 139.0.0.0 (Windows 10): Executed 199 of 1370[31m (73 FAILED)[39m (0 secs / 3.363 secs)
ERROR: 'Error carregant par├ámetres del sistema:', FirebaseError: [code=invalid-argument]: Expected first argument to collection() to be a CollectionReference, a DocumentReference or FirebaseFirestore
FirebaseError: Expected first argument to collection() to be a CollectionReference, a DocumentReference or FirebaseFirestore
[1A[2KERROR: [36m'2025-08-25T14:21:43.647Z ERROR MEDIUM [FirebaseServicesService].loadServices  Expected first argument to collection() to be a CollectionReference, a DocumentReference or FirebaseFirestore'[39m
Chrome Headless 139.0.0.0 (Windows 10): Executed 199 of 1370[31m (73 FAILED)[39m (0 secs / 3.363 secs)
ERROR: '2025-08-25T14:21:43.647Z ERROR MEDIUM [FirebaseServicesService].loadServices  Expected first argument to collection() to be a CollectionReference, a DocumentReference or FirebaseFirestore'
[1A[2KERROR: [36m'Error Stack:', 'FirebaseError: Expected first argument to collection() to be a CollectionReference, a DocumentReference or FirebaseFirestore'[39m
Chrome Headless 139.0.0.0 (Windows 10): Executed 199 of 1370[31m (73 FAILED)[39m (0 secs / 3.363 secs)
ERROR: 'Error Stack:', 'FirebaseError: Expected first argument to collection() to be a CollectionReference, a DocumentReference or FirebaseFirestore'
[1A[2KERROR: [36m'Error Context:', Object{timestamp: '2025-08-25T14:21:43.647Z', component: 'FirebaseServicesService', method: 'loadServices', data: '{"operation":"loadServices","firebaseError":true}'}[39m
Chrome Headless 139.0.0.0 (Windows 10): Executed 199 of 1370[31m (73 FAILED)[39m (0 secs / 3.363 secs)
ERROR: 'Error Context:', Object{timestamp: '2025-08-25T14:21:43.647Z', component: 'FirebaseServicesService', method: 'loadServices', data: '{"operation":"loadServices","firebaseError":true}'}
[1A[2KERROR: [36m'2025-08-25T14:21:43.648Z ERROR MEDIUM [FirebaseServicesService].loadCustomCategories  Expected first argument to collection() to be a CollectionReference, a DocumentReference or FirebaseFirestore'[39m
Chrome Headless 139.0.0.0 (Windows 10): Executed 199 of 1370[31m (73 FAILED)[39m (0 secs / 3.363 secs)
ERROR: '2025-08-25T14:21:43.648Z ERROR MEDIUM [FirebaseServicesService].loadCustomCategories  Expected first argument to collection() to be a CollectionReference, a DocumentReference or FirebaseFirestore'
[1A[2KERROR: [36m'Error Stack:', 'FirebaseError: Expected first argument to collection() to be a CollectionReference, a DocumentReference or FirebaseFirestore'[39m
Chrome Headless 139.0.0.0 (Windows 10): Executed 199 of 1370[31m (73 FAILED)[39m (0 secs / 3.363 secs)
ERROR: 'Error Stack:', 'FirebaseError: Expected first argument to collection() to be a CollectionReference, a DocumentReference or FirebaseFirestore'
[1A[2KERROR: [36m'Error Context:', Object{timestamp: '2025-08-25T14:21:43.648Z', component: 'FirebaseServicesService', method: 'loadCustomCategories', data: '{"operation":"loadCustomCategories","firebaseError":true}'}[39m
Chrome Headless 139.0.0.0 (Windows 10): Executed 199 of 1370[31m (73 FAILED)[39m (0 secs / 3.363 secs)
ERROR: 'Error Context:', Object{timestamp: '2025-08-25T14:21:43.648Z', component: 'FirebaseServicesService', method: 'loadCustomCategories', data: '{"operation":"loadCustomCategories","firebaseError":true}'}
[1A[2K[31mChrome Headless 139.0.0.0 (Windows 10) AppointmentDetailPageComponent should have editAppointment method FAILED[39m
	TypeError: Cannot read properties of undefined (reading 'subscribe')
	    at new _ConfirmDialog (node_modules/primeng/fesm2022/primeng-confirmdialog.mjs:322:75)
	    at NodeInjectorFactory._ConfirmDialog_Factory [as factory] (ng:///_ConfirmDialog/╔Áfac.js:4:10)
	    at getNodeInjectable (node_modules/@angular/core/fesm2022/debug_node.mjs:1989:44)
	    at instantiateAllDirectives (node_modules/@angular/core/fesm2022/debug_node.mjs:8170:27)
	    at createDirectivesInstances (node_modules/@angular/core/fesm2022/debug_node.mjs:7943:5)
	    at ╔Á╔ÁelementStart (node_modules/@angular/core/fesm2022/debug_node.mjs:22419:9)
	    at PopupDialogComponent2_Template (ng:///PopupDialogComponent2.js:64:9)
	    at executeTemplate (node_modules/@angular/core/fesm2022/debug_node.mjs:7929:9)
	    at renderView (node_modules/@angular/core/fesm2022/debug_node.mjs:8545:13)
	    at renderComponent (node_modules/@angular/core/fesm2022/debug_node.mjs:8490:5)
Chrome Headless 139.0.0.0 (Windows 10): Executed 200 of 1370[31m (74 FAILED)[39m (0 secs / 3.367 secs)
[1A[2KERROR: [36m'2025-08-25T14:21:43.649Z ERROR MEDIUM [BookingService].loadBookings  Expected first argument to collection() to be a CollectionReference, a DocumentReference or FirebaseFirestore'[39m
Chrome Headless 139.0.0.0 (Windows 10): Executed 200 of 1370[31m (74 FAILED)[39m (0 secs / 3.367 secs)
ERROR: '2025-08-25T14:21:43.649Z ERROR MEDIUM [BookingService].loadBookings  Expected first argument to collection() to be a CollectionReference, a DocumentReference or FirebaseFirestore'
[1A[2KERROR: [36m'Error Stack:', 'FirebaseError: Expected first argument to collection() to be a CollectionReference, a DocumentReference or FirebaseFirestore'[39m
Chrome Headless 139.0.0.0 (Windows 10): Executed 200 of 1370[31m (74 FAILED)[39m (0 secs / 3.367 secs)
ERROR: 'Error Stack:', 'FirebaseError: Expected first argument to collection() to be a CollectionReference, a DocumentReference or FirebaseFirestore'
[1A[2KERROR: [36m'Error Context:', Object{timestamp: '2025-08-25T14:21:43.649Z', component: 'BookingService', method: 'loadBookings', data: '{"operation":"loadBookings","firebaseError":true}'}[39m
Chrome Headless 139.0.0.0 (Windows 10): Executed 200 of 1370[31m (74 FAILED)[39m (0 secs / 3.367 secs)
ERROR: 'Error Context:', Object{timestamp: '2025-08-25T14:21:43.649Z', component: 'BookingService', method: 'loadBookings', data: '{"operation":"loadBookings","firebaseError":true}'}
[1A[2KLOG: [36m'­ƒöä RoleService: Loading user role for:', 'mock-user-id'[39m
Chrome Headless 139.0.0.0 (Windows 10): Executed 200 of 1370[31m (74 FAILED)[39m (0 secs / 3.367 secs)
LOG: '­ƒöä RoleService: Loading user role for:', 'mock-user-id'
[1A[2KERROR: [36m'ÔØî RoleService: Error in loadUserRole:', FirebaseError: [code=invalid-argument]: Expected first argument to collection() to be a CollectionReference, a DocumentReference or FirebaseFirestore
FirebaseError: Expected first argument to collection() to be a CollectionReference, a DocumentReference or FirebaseFirestore[39m
Chrome Headless 139.0.0.0 (Windows 10): Executed 200 of 1370[31m (74 FAILED)[39m (0 secs / 3.367 secs)
ERROR: 'ÔØî RoleService: Error in loadUserRole:', FirebaseError: [code=invalid-argument]: Expected first argument to collection() to be a CollectionReference, a DocumentReference or FirebaseFirestore
FirebaseError: Expected first argument to collection() to be a CollectionReference, a DocumentReference or FirebaseFirestore
[1A[2KERROR: [36m'Error carregant par├ámetres del sistema:', FirebaseError: [code=invalid-argument]: Expected first argument to collection() to be a CollectionReference, a DocumentReference or FirebaseFirestore
FirebaseError: Expected first argument to collection() to be a CollectionReference, a DocumentReference or FirebaseFirestore[39m
Chrome Headless 139.0.0.0 (Windows 10): Executed 200 of 1370[31m (74 FAILED)[39m (0 secs / 3.367 secs)
ERROR: 'Error carregant par├ámetres del sistema:', FirebaseError: [code=invalid-argument]: Expected first argument to collection() to be a CollectionReference, a DocumentReference or FirebaseFirestore
FirebaseError: Expected first argument to collection() to be a CollectionReference, a DocumentReference or FirebaseFirestore
[1A[2KERROR: [36m'2025-08-25T14:21:43.652Z ERROR MEDIUM [FirebaseServicesService].loadServices  Expected first argument to collection() to be a CollectionReference, a DocumentReference or FirebaseFirestore'[39m
Chrome Headless 139.0.0.0 (Windows 10): Executed 200 of 1370[31m (74 FAILED)[39m (0 secs / 3.367 secs)
ERROR: '2025-08-25T14:21:43.652Z ERROR MEDIUM [FirebaseServicesService].loadServices  Expected first argument to collection() to be a CollectionReference, a DocumentReference or FirebaseFirestore'
[1A[2KERROR: [36m'Error Stack:', 'FirebaseError: Expected first argument to collection() to be a CollectionReference, a DocumentReference or FirebaseFirestore'[39m
Chrome Headless 139.0.0.0 (Windows 10): Executed 200 of 1370[31m (74 FAILED)[39m (0 secs / 3.367 secs)
ERROR: 'Error Stack:', 'FirebaseError: Expected first argument to collection() to be a CollectionReference, a DocumentReference or FirebaseFirestore'
[1A[2KERROR: [36m'Error Context:', Object{timestamp: '2025-08-25T14:21:43.652Z', component: 'FirebaseServicesService', method: 'loadServices', data: '{"operation":"loadServices","firebaseError":true}'}[39m
Chrome Headless 139.0.0.0 (Windows 10): Executed 200 of 1370[31m (74 FAILED)[39m (0 secs / 3.367 secs)
ERROR: 'Error Context:', Object{timestamp: '2025-08-25T14:21:43.652Z', component: 'FirebaseServicesService', method: 'loadServices', data: '{"operation":"loadServices","firebaseError":true}'}
[1A[2KERROR: [36m'2025-08-25T14:21:43.653Z ERROR MEDIUM [FirebaseServicesService].loadCustomCategories  Expected first argument to collection() to be a CollectionReference, a DocumentReference or FirebaseFirestore'[39m
Chrome Headless 139.0.0.0 (Windows 10): Executed 200 of 1370[31m (74 FAILED)[39m (0 secs / 3.367 secs)
ERROR: '2025-08-25T14:21:43.653Z ERROR MEDIUM [FirebaseServicesService].loadCustomCategories  Expected first argument to collection() to be a CollectionReference, a DocumentReference or FirebaseFirestore'
[1A[2KERROR: [36m'Error Stack:', 'FirebaseError: Expected first argument to collection() to be a CollectionReference, a DocumentReference or FirebaseFirestore'[39m
Chrome Headless 139.0.0.0 (Windows 10): Executed 200 of 1370[31m (74 FAILED)[39m (0 secs / 3.367 secs)
ERROR: 'Error Stack:', 'FirebaseError: Expected first argument to collection() to be a CollectionReference, a DocumentReference or FirebaseFirestore'
[1A[2KERROR: [36m'Error Context:', Object{timestamp: '2025-08-25T14:21:43.653Z', component: 'FirebaseServicesService', method: 'loadCustomCategories', data: '{"operation":"loadCustomCategories","firebaseError":true}'}[39m
Chrome Headless 139.0.0.0 (Windows 10): Executed 200 of 1370[31m (74 FAILED)[39m (0 secs / 3.367 secs)
ERROR: 'Error Context:', Object{timestamp: '2025-08-25T14:21:43.653Z', component: 'FirebaseServicesService', method: 'loadCustomCategories', data: '{"operation":"loadCustomCategories","firebaseError":true}'}
[1A[2K[31mChrome Headless 139.0.0.0 (Windows 10) AppointmentDetailPageComponent should have isPast computed FAILED[39m
	TypeError: Cannot read properties of undefined (reading 'subscribe')
	    at new _ConfirmDialog (node_modules/primeng/fesm2022/primeng-confirmdialog.mjs:322:75)
	    at NodeInjectorFactory._ConfirmDialog_Factory [as factory] (ng:///_ConfirmDialog/╔Áfac.js:4:10)
	    at getNodeInjectable (node_modules/@angular/core/fesm2022/debug_node.mjs:1989:44)
	    at instantiateAllDirectives (node_modules/@angular/core/fesm2022/debug_node.mjs:8170:27)
	    at createDirectivesInstances (node_modules/@angular/core/fesm2022/debug_node.mjs:7943:5)
	    at ╔Á╔ÁelementStart (node_modules/@angular/core/fesm2022/debug_node.mjs:22419:9)
	    at PopupDialogComponent2_Template (ng:///PopupDialogComponent2.js:64:9)
	    at executeTemplate (node_modules/@angular/core/fesm2022/debug_node.mjs:7929:9)
	    at renderView (node_modules/@angular/core/fesm2022/debug_node.mjs:8545:13)
	    at renderComponent (node_modules/@angular/core/fesm2022/debug_node.mjs:8490:5)
Chrome Headless 139.0.0.0 (Windows 10): Executed 201 of 1370[31m (75 FAILED)[39m (0 secs / 3.375 secs)
[1A[2KERROR: [36m'2025-08-25T14:21:43.657Z ERROR MEDIUM [BookingService].loadBookings  Expected first argument to collection() to be a CollectionReference, a DocumentReference or FirebaseFirestore'[39m
Chrome Headless 139.0.0.0 (Windows 10): Executed 201 of 1370[31m (75 FAILED)[39m (0 secs / 3.375 secs)
ERROR: '2025-08-25T14:21:43.657Z ERROR MEDIUM [BookingService].loadBookings  Expected first argument to collection() to be a CollectionReference, a DocumentReference or FirebaseFirestore'
[1A[2KERROR: [36m'Error Stack:', 'FirebaseError: Expected first argument to collection() to be a CollectionReference, a DocumentReference or FirebaseFirestore'[39m
Chrome Headless 139.0.0.0 (Windows 10): Executed 201 of 1370[31m (75 FAILED)[39m (0 secs / 3.375 secs)
ERROR: 'Error Stack:', 'FirebaseError: Expected first argument to collection() to be a CollectionReference, a DocumentReference or FirebaseFirestore'
[1A[2KERROR: [36m'Error Context:', Object{timestamp: '2025-08-25T14:21:43.657Z', component: 'BookingService', method: 'loadBookings', data: '{"operation":"loadBookings","firebaseError":true}'}[39m
Chrome Headless 139.0.0.0 (Windows 10): Executed 201 of 1370[31m (75 FAILED)[39m (0 secs / 3.375 secs)
ERROR: 'Error Context:', Object{timestamp: '2025-08-25T14:21:43.657Z', component: 'BookingService', method: 'loadBookings', data: '{"operation":"loadBookings","firebaseError":true}'}
[1A[2KLOG: [36m'­ƒöä RoleService: Loading user role for:', 'mock-user-id'[39m
Chrome Headless 139.0.0.0 (Windows 10): Executed 201 of 1370[31m (75 FAILED)[39m (0 secs / 3.375 secs)
LOG: '­ƒöä RoleService: Loading user role for:', 'mock-user-id'
[1A[2KERROR: [36m'ÔØî RoleService: Error in loadUserRole:', FirebaseError: [code=invalid-argument]: Expected first argument to collection() to be a CollectionReference, a DocumentReference or FirebaseFirestore
FirebaseError: Expected first argument to collection() to be a CollectionReference, a DocumentReference or FirebaseFirestore[39m
Chrome Headless 139.0.0.0 (Windows 10): Executed 201 of 1370[31m (75 FAILED)[39m (0 secs / 3.375 secs)
ERROR: 'ÔØî RoleService: Error in loadUserRole:', FirebaseError: [code=invalid-argument]: Expected first argument to collection() to be a CollectionReference, a DocumentReference or FirebaseFirestore
FirebaseError: Expected first argument to collection() to be a CollectionReference, a DocumentReference or FirebaseFirestore
[1A[2KERROR: [36m'Error carregant par├ámetres del sistema:', FirebaseError: [code=invalid-argument]: Expected first argument to collection() to be a CollectionReference, a DocumentReference or FirebaseFirestore
FirebaseError: Expected first argument to collection() to be a CollectionReference, a DocumentReference or FirebaseFirestore[39m
Chrome Headless 139.0.0.0 (Windows 10): Executed 201 of 1370[31m (75 FAILED)[39m (0 secs / 3.375 secs)
ERROR: 'Error carregant par├ámetres del sistema:', FirebaseError: [code=invalid-argument]: Expected first argument to collection() to be a CollectionReference, a DocumentReference or FirebaseFirestore
FirebaseError: Expected first argument to collection() to be a CollectionReference, a DocumentReference or FirebaseFirestore
[1A[2KERROR: [36m'2025-08-25T14:21:43.663Z ERROR MEDIUM [FirebaseServicesService].loadServices  Expected first argument to collection() to be a CollectionReference, a DocumentReference or FirebaseFirestore'[39m
Chrome Headless 139.0.0.0 (Windows 10): Executed 201 of 1370[31m (75 FAILED)[39m (0 secs / 3.375 secs)
ERROR: '2025-08-25T14:21:43.663Z ERROR MEDIUM [FirebaseServicesService].loadServices  Expected first argument to collection() to be a CollectionReference, a DocumentReference or FirebaseFirestore'
[1A[2KERROR: [36m'Error Stack:', 'FirebaseError: Expected first argument to collection() to be a CollectionReference, a DocumentReference or FirebaseFirestore'[39m
Chrome Headless 139.0.0.0 (Windows 10): Executed 201 of 1370[31m (75 FAILED)[39m (0 secs / 3.375 secs)
ERROR: 'Error Stack:', 'FirebaseError: Expected first argument to collection() to be a CollectionReference, a DocumentReference or FirebaseFirestore'
[1A[2KERROR: [36m'Error Context:', Object{timestamp: '2025-08-25T14:21:43.663Z', component: 'FirebaseServicesService', method: 'loadServices', data: '{"operation":"loadServices","firebaseError":true}'}[39m
Chrome Headless 139.0.0.0 (Windows 10): Executed 201 of 1370[31m (75 FAILED)[39m (0 secs / 3.375 secs)
ERROR: 'Error Context:', Object{timestamp: '2025-08-25T14:21:43.663Z', component: 'FirebaseServicesService', method: 'loadServices', data: '{"operation":"loadServices","firebaseError":true}'}
[1A[2KERROR: [36m'2025-08-25T14:21:43.663Z ERROR MEDIUM [FirebaseServicesService].loadCustomCategories  Expected first argument to collection() to be a CollectionReference, a DocumentReference or FirebaseFirestore'[39m
Chrome Headless 139.0.0.0 (Windows 10): Executed 201 of 1370[31m (75 FAILED)[39m (0 secs / 3.375 secs)
ERROR: '2025-08-25T14:21:43.663Z ERROR MEDIUM [FirebaseServicesService].loadCustomCategories  Expected first argument to collection() to be a CollectionReference, a DocumentReference or FirebaseFirestore'
[1A[2KERROR: [36m'Error Stack:', 'FirebaseError: Expected first argument to collection() to be a CollectionReference, a DocumentReference or FirebaseFirestore'[39m
Chrome Headless 139.0.0.0 (Windows 10): Executed 201 of 1370[31m (75 FAILED)[39m (0 secs / 3.375 secs)
ERROR: 'Error Stack:', 'FirebaseError: Expected first argument to collection() to be a CollectionReference, a DocumentReference or FirebaseFirestore'
[1A[2KERROR: [36m'Error Context:', Object{timestamp: '2025-08-25T14:21:43.663Z', component: 'FirebaseServicesService', method: 'loadCustomCategories', data: '{"operation":"loadCustomCategories","firebaseError":true}'}[39m
Chrome Headless 139.0.0.0 (Windows 10): Executed 201 of 1370[31m (75 FAILED)[39m (0 secs / 3.375 secs)
ERROR: 'Error Context:', Object{timestamp: '2025-08-25T14:21:43.663Z', component: 'FirebaseServicesService', method: 'loadCustomCategories', data: '{"operation":"loadCustomCategories","firebaseError":true}'}
[1A[2K[31mChrome Headless 139.0.0.0 (Windows 10) AppointmentDetailPageComponent should have statusBadge computed FAILED[39m
	TypeError: Cannot read properties of undefined (reading 'subscribe')
	    at new _ConfirmDialog (node_modules/primeng/fesm2022/primeng-confirmdialog.mjs:322:75)
	    at NodeInjectorFactory._ConfirmDialog_Factory [as factory] (ng:///_ConfirmDialog/╔Áfac.js:4:10)
	    at getNodeInjectable (node_modules/@angular/core/fesm2022/debug_node.mjs:1989:44)
	    at instantiateAllDirectives (node_modules/@angular/core/fesm2022/debug_node.mjs:8170:27)
	    at createDirectivesInstances (node_modules/@angular/core/fesm2022/debug_node.mjs:7943:5)
	    at ╔Á╔ÁelementStart (node_modules/@angular/core/fesm2022/debug_node.mjs:22419:9)
	    at PopupDialogComponent2_Template (ng:///PopupDialogComponent2.js:64:9)
	    at executeTemplate (node_modules/@angular/core/fesm2022/debug_node.mjs:7929:9)
	    at renderView (node_modules/@angular/core/fesm2022/debug_node.mjs:8545:13)
	    at renderComponent (node_modules/@angular/core/fesm2022/debug_node.mjs:8490:5)
Chrome Headless 139.0.0.0 (Windows 10): Executed 202 of 1370[31m (76 FAILED)[39m (0 secs / 3.38 secs)
[1A[2KERROR: [36m'2025-08-25T14:21:43.664Z ERROR MEDIUM [BookingService].loadBookings  Expected first argument to collection() to be a CollectionReference, a DocumentReference or FirebaseFirestore'[39m
Chrome Headless 139.0.0.0 (Windows 10): Executed 202 of 1370[31m (76 FAILED)[39m (0 secs / 3.38 secs)
ERROR: '2025-08-25T14:21:43.664Z ERROR MEDIUM [BookingService].loadBookings  Expected first argument to collection() to be a CollectionReference, a DocumentReference or FirebaseFirestore'
[1A[2KERROR: [36m'Error Stack:', 'FirebaseError: Expected first argument to collection() to be a CollectionReference, a DocumentReference or FirebaseFirestore'[39m
Chrome Headless 139.0.0.0 (Windows 10): Executed 202 of 1370[31m (76 FAILED)[39m (0 secs / 3.38 secs)
ERROR: 'Error Stack:', 'FirebaseError: Expected first argument to collection() to be a CollectionReference, a DocumentReference or FirebaseFirestore'
[1A[2KERROR: [36m'Error Context:', Object{timestamp: '2025-08-25T14:21:43.664Z', component: 'BookingService', method: 'loadBookings', data: '{"operation":"loadBookings","firebaseError":true}'}[39m
Chrome Headless 139.0.0.0 (Windows 10): Executed 202 of 1370[31m (76 FAILED)[39m (0 secs / 3.38 secs)
ERROR: 'Error Context:', Object{timestamp: '2025-08-25T14:21:43.664Z', component: 'BookingService', method: 'loadBookings', data: '{"operation":"loadBookings","firebaseError":true}'}
[1A[2KLOG: [36m'­ƒöä RoleService: Loading user role for:', 'mock-user-id'[39m
Chrome Headless 139.0.0.0 (Windows 10): Executed 202 of 1370[31m (76 FAILED)[39m (0 secs / 3.38 secs)
LOG: '­ƒöä RoleService: Loading user role for:', 'mock-user-id'
[1A[2KERROR: [36m'ÔØî RoleService: Error in loadUserRole:', FirebaseError: [code=invalid-argument]: Expected first argument to collection() to be a CollectionReference, a DocumentReference or FirebaseFirestore
FirebaseError: Expected first argument to collection() to be a CollectionReference, a DocumentReference or FirebaseFirestore[39m
Chrome Headless 139.0.0.0 (Windows 10): Executed 202 of 1370[31m (76 FAILED)[39m (0 secs / 3.38 secs)
ERROR: 'ÔØî RoleService: Error in loadUserRole:', FirebaseError: [code=invalid-argument]: Expected first argument to collection() to be a CollectionReference, a DocumentReference or FirebaseFirestore
FirebaseError: Expected first argument to collection() to be a CollectionReference, a DocumentReference or FirebaseFirestore
[1A[2KERROR: [36m'Error carregant par├ámetres del sistema:', FirebaseError: [code=invalid-argument]: Expected first argument to collection() to be a CollectionReference, a DocumentReference or FirebaseFirestore
FirebaseError: Expected first argument to collection() to be a CollectionReference, a DocumentReference or FirebaseFirestore[39m
Chrome Headless 139.0.0.0 (Windows 10): Executed 202 of 1370[31m (76 FAILED)[39m (0 secs / 3.38 secs)
ERROR: 'Error carregant par├ámetres del sistema:', FirebaseError: [code=invalid-argument]: Expected first argument to collection() to be a CollectionReference, a DocumentReference or FirebaseFirestore
FirebaseError: Expected first argument to collection() to be a CollectionReference, a DocumentReference or FirebaseFirestore
[1A[2KERROR: [36m'2025-08-25T14:21:43.668Z ERROR MEDIUM [FirebaseServicesService].loadServices  Expected first argument to collection() to be a CollectionReference, a DocumentReference or FirebaseFirestore'[39m
Chrome Headless 139.0.0.0 (Windows 10): Executed 202 of 1370[31m (76 FAILED)[39m (0 secs / 3.38 secs)
ERROR: '2025-08-25T14:21:43.668Z ERROR MEDIUM [FirebaseServicesService].loadServices  Expected first argument to collection() to be a CollectionReference, a DocumentReference or FirebaseFirestore'
[1A[2KERROR: [36m'Error Stack:', 'FirebaseError: Expected first argument to collection() to be a CollectionReference, a DocumentReference or FirebaseFirestore'[39m
Chrome Headless 139.0.0.0 (Windows 10): Executed 202 of 1370[31m (76 FAILED)[39m (0 secs / 3.38 secs)
ERROR: 'Error Stack:', 'FirebaseError: Expected first argument to collection() to be a CollectionReference, a DocumentReference or FirebaseFirestore'
[1A[2KERROR: [36m'Error Context:', Object{timestamp: '2025-08-25T14:21:43.668Z', component: 'FirebaseServicesService', method: 'loadServices', data: '{"operation":"loadServices","firebaseError":true}'}[39m
Chrome Headless 139.0.0.0 (Windows 10): Executed 202 of 1370[31m (76 FAILED)[39m (0 secs / 3.38 secs)
ERROR: 'Error Context:', Object{timestamp: '2025-08-25T14:21:43.668Z', component: 'FirebaseServicesService', method: 'loadServices', data: '{"operation":"loadServices","firebaseError":true}'}
[1A[2KERROR: [36m'2025-08-25T14:21:43.668Z ERROR MEDIUM [FirebaseServicesService].loadCustomCategories  Expected first argument to collection() to be a CollectionReference, a DocumentReference or FirebaseFirestore'[39m
Chrome Headless 139.0.0.0 (Windows 10): Executed 202 of 1370[31m (76 FAILED)[39m (0 secs / 3.38 secs)
ERROR: '2025-08-25T14:21:43.668Z ERROR MEDIUM [FirebaseServicesService].loadCustomCategories  Expected first argument to collection() to be a CollectionReference, a DocumentReference or FirebaseFirestore'
[1A[2KERROR: [36m'Error Stack:', 'FirebaseError: Expected first argument to collection() to be a CollectionReference, a DocumentReference or FirebaseFirestore'[39m
Chrome Headless 139.0.0.0 (Windows 10): Executed 202 of 1370[31m (76 FAILED)[39m (0 secs / 3.38 secs)
ERROR: 'Error Stack:', 'FirebaseError: Expected first argument to collection() to be a CollectionReference, a DocumentReference or FirebaseFirestore'
[1A[2KERROR: [36m'Error Context:', Object{timestamp: '2025-08-25T14:21:43.668Z', component: 'FirebaseServicesService', method: 'loadCustomCategories', data: '{"operation":"loadCustomCategories","firebaseError":true}'}[39m
Chrome Headless 139.0.0.0 (Windows 10): Executed 202 of 1370[31m (76 FAILED)[39m (0 secs / 3.38 secs)
ERROR: 'Error Context:', Object{timestamp: '2025-08-25T14:21:43.668Z', component: 'FirebaseServicesService', method: 'loadCustomCategories', data: '{"operation":"loadCustomCategories","firebaseError":true}'}
[1A[2K[31mChrome Headless 139.0.0.0 (Windows 10) AppointmentDetailPageComponent should have notFound computed via detailConfig FAILED[39m
	TypeError: Cannot read properties of undefined (reading 'subscribe')
	    at new _ConfirmDialog (node_modules/primeng/fesm2022/primeng-confirmdialog.mjs:322:75)
	    at NodeInjectorFactory._ConfirmDialog_Factory [as factory] (ng:///_ConfirmDialog/╔Áfac.js:4:10)
	    at getNodeInjectable (node_modules/@angular/core/fesm2022/debug_node.mjs:1989:44)
	    at instantiateAllDirectives (node_modules/@angular/core/fesm2022/debug_node.mjs:8170:27)
	    at createDirectivesInstances (node_modules/@angular/core/fesm2022/debug_node.mjs:7943:5)
	    at ╔Á╔ÁelementStart (node_modules/@angular/core/fesm2022/debug_node.mjs:22419:9)
	    at PopupDialogComponent2_Template (ng:///PopupDialogComponent2.js:64:9)
	    at executeTemplate (node_modules/@angular/core/fesm2022/debug_node.mjs:7929:9)
	    at renderView (node_modules/@angular/core/fesm2022/debug_node.mjs:8545:13)
	    at renderComponent (node_modules/@angular/core/fesm2022/debug_node.mjs:8490:5)
Chrome Headless 139.0.0.0 (Windows 10): Executed 203 of 1370[31m (77 FAILED)[39m (0 secs / 3.384 secs)
[1A[2KERROR: [36m'2025-08-25T14:21:43.669Z ERROR MEDIUM [BookingService].loadBookings  Expected first argument to collection() to be a CollectionReference, a DocumentReference or FirebaseFirestore'[39m
Chrome Headless 139.0.0.0 (Windows 10): Executed 203 of 1370[31m (77 FAILED)[39m (0 secs / 3.384 secs)
ERROR: '2025-08-25T14:21:43.669Z ERROR MEDIUM [BookingService].loadBookings  Expected first argument to collection() to be a CollectionReference, a DocumentReference or FirebaseFirestore'
[1A[2KERROR: [36m'Error Stack:', 'FirebaseError: Expected first argument to collection() to be a CollectionReference, a DocumentReference or FirebaseFirestore'[39m
Chrome Headless 139.0.0.0 (Windows 10): Executed 203 of 1370[31m (77 FAILED)[39m (0 secs / 3.384 secs)
ERROR: 'Error Stack:', 'FirebaseError: Expected first argument to collection() to be a CollectionReference, a DocumentReference or FirebaseFirestore'
[1A[2KERROR: [36m'Error Context:', Object{timestamp: '2025-08-25T14:21:43.669Z', component: 'BookingService', method: 'loadBookings', data: '{"operation":"loadBookings","firebaseError":true}'}[39m
Chrome Headless 139.0.0.0 (Windows 10): Executed 203 of 1370[31m (77 FAILED)[39m (0 secs / 3.384 secs)
ERROR: 'Error Context:', Object{timestamp: '2025-08-25T14:21:43.669Z', component: 'BookingService', method: 'loadBookings', data: '{"operation":"loadBookings","firebaseError":true}'}
[1A[2KLOG: [36m'­ƒöä RoleService: Loading user role for:', 'mock-user-id'[39m
Chrome Headless 139.0.0.0 (Windows 10): Executed 203 of 1370[31m (77 FAILED)[39m (0 secs / 3.384 secs)
LOG: '­ƒöä RoleService: Loading user role for:', 'mock-user-id'
[1A[2KERROR: [36m'ÔØî RoleService: Error in loadUserRole:', FirebaseError: [code=invalid-argument]: Expected first argument to collection() to be a CollectionReference, a DocumentReference or FirebaseFirestore
FirebaseError: Expected first argument to collection() to be a CollectionReference, a DocumentReference or FirebaseFirestore[39m
Chrome Headless 139.0.0.0 (Windows 10): Executed 203 of 1370[31m (77 FAILED)[39m (0 secs / 3.384 secs)
ERROR: 'ÔØî RoleService: Error in loadUserRole:', FirebaseError: [code=invalid-argument]: Expected first argument to collection() to be a CollectionReference, a DocumentReference or FirebaseFirestore
FirebaseError: Expected first argument to collection() to be a CollectionReference, a DocumentReference or FirebaseFirestore
[1A[2KERROR: [36m'Error carregant par├ámetres del sistema:', FirebaseError: [code=invalid-argument]: Expected first argument to collection() to be a CollectionReference, a DocumentReference or FirebaseFirestore
FirebaseError: Expected first argument to collection() to be a CollectionReference, a DocumentReference or FirebaseFirestore[39m
Chrome Headless 139.0.0.0 (Windows 10): Executed 203 of 1370[31m (77 FAILED)[39m (0 secs / 3.384 secs)
ERROR: 'Error carregant par├ámetres del sistema:', FirebaseError: [code=invalid-argument]: Expected first argument to collection() to be a CollectionReference, a DocumentReference or FirebaseFirestore
FirebaseError: Expected first argument to collection() to be a CollectionReference, a DocumentReference or FirebaseFirestore
[1A[2KERROR: [36m'2025-08-25T14:21:43.674Z ERROR MEDIUM [FirebaseServicesService].loadServices  Expected first argument to collection() to be a CollectionReference, a DocumentReference or FirebaseFirestore'[39m
Chrome Headless 139.0.0.0 (Windows 10): Executed 203 of 1370[31m (77 FAILED)[39m (0 secs / 3.384 secs)
ERROR: '2025-08-25T14:21:43.674Z ERROR MEDIUM [FirebaseServicesService].loadServices  Expected first argument to collection() to be a CollectionReference, a DocumentReference or FirebaseFirestore'
[1A[2KERROR: [36m'Error Stack:', 'FirebaseError: Expected first argument to collection() to be a CollectionReference, a DocumentReference or FirebaseFirestore'[39m
Chrome Headless 139.0.0.0 (Windows 10): Executed 203 of 1370[31m (77 FAILED)[39m (0 secs / 3.384 secs)
ERROR: 'Error Stack:', 'FirebaseError: Expected first argument to collection() to be a CollectionReference, a DocumentReference or FirebaseFirestore'
[1A[2KERROR: [36m'Error Context:', Object{timestamp: '2025-08-25T14:21:43.674Z', component: 'FirebaseServicesService', method: 'loadServices', data: '{"operation":"loadServices","firebaseError":true}'}[39m
Chrome Headless 139.0.0.0 (Windows 10): Executed 203 of 1370[31m (77 FAILED)[39m (0 secs / 3.384 secs)
ERROR: 'Error Context:', Object{timestamp: '2025-08-25T14:21:43.674Z', component: 'FirebaseServicesService', method: 'loadServices', data: '{"operation":"loadServices","firebaseError":true}'}
[1A[2KERROR: [36m'2025-08-25T14:21:43.674Z ERROR MEDIUM [FirebaseServicesService].loadCustomCategories  Expected first argument to collection() to be a CollectionReference, a DocumentReference or FirebaseFirestore'[39m
Chrome Headless 139.0.0.0 (Windows 10): Executed 203 of 1370[31m (77 FAILED)[39m (0 secs / 3.384 secs)
ERROR: '2025-08-25T14:21:43.674Z ERROR MEDIUM [FirebaseServicesService].loadCustomCategories  Expected first argument to collection() to be a CollectionReference, a DocumentReference or FirebaseFirestore'
[1A[2KERROR: [36m'Error Stack:', 'FirebaseError: Expected first argument to collection() to be a CollectionReference, a DocumentReference or FirebaseFirestore'[39m
Chrome Headless 139.0.0.0 (Windows 10): Executed 203 of 1370[31m (77 FAILED)[39m (0 secs / 3.384 secs)
ERROR: 'Error Stack:', 'FirebaseError: Expected first argument to collection() to be a CollectionReference, a DocumentReference or FirebaseFirestore'
[1A[2KERROR: [36m'Error Context:', Object{timestamp: '2025-08-25T14:21:43.674Z', component: 'FirebaseServicesService', method: 'loadCustomCategories', data: '{"operation":"loadCustomCategories","firebaseError":true}'}[39m
Chrome Headless 139.0.0.0 (Windows 10): Executed 203 of 1370[31m (77 FAILED)[39m (0 secs / 3.384 secs)
ERROR: 'Error Context:', Object{timestamp: '2025-08-25T14:21:43.674Z', component: 'FirebaseServicesService', method: 'loadCustomCategories', data: '{"operation":"loadCustomCategories","firebaseError":true}'}
[1A[2K[31mChrome Headless 139.0.0.0 (Windows 10) AppointmentDetailPageComponent Service Integration should use ServicesService for service data FAILED[39m
	TypeError: Cannot read properties of undefined (reading 'subscribe')
	    at new _ConfirmDialog (node_modules/primeng/fesm2022/primeng-confirmdialog.mjs:322:75)
	    at NodeInjectorFactory._ConfirmDialog_Factory [as factory] (ng:///_ConfirmDialog/╔Áfac.js:4:10)
	    at getNodeInjectable (node_modules/@angular/core/fesm2022/debug_node.mjs:1989:44)
	    at instantiateAllDirectives (node_modules/@angular/core/fesm2022/debug_node.mjs:8170:27)
	    at createDirectivesInstances (node_modules/@angular/core/fesm2022/debug_node.mjs:7943:5)
	    at ╔Á╔ÁelementStart (node_modules/@angular/core/fesm2022/debug_node.mjs:22419:9)
	    at PopupDialogComponent2_Template (ng:///PopupDialogComponent2.js:64:9)
	    at executeTemplate (node_modules/@angular/core/fesm2022/debug_node.mjs:7929:9)
	    at renderView (node_modules/@angular/core/fesm2022/debug_node.mjs:8545:13)
	    at renderComponent (node_modules/@angular/core/fesm2022/debug_node.mjs:8490:5)
Chrome Headless 139.0.0.0 (Windows 10): Executed 204 of 1370[31m (78 FAILED)[39m (0 secs / 3.389 secs)
[1A[2KERROR: [36m'2025-08-25T14:21:43.675Z ERROR MEDIUM [BookingService].loadBookings  Expected first argument to collection() to be a CollectionReference, a DocumentReference or FirebaseFirestore'[39m
Chrome Headless 139.0.0.0 (Windows 10): Executed 204 of 1370[31m (78 FAILED)[39m (0 secs / 3.389 secs)
ERROR: '2025-08-25T14:21:43.675Z ERROR MEDIUM [BookingService].loadBookings  Expected first argument to collection() to be a CollectionReference, a DocumentReference or FirebaseFirestore'
[1A[2KERROR: [36m'Error Stack:', 'FirebaseError: Expected first argument to collection() to be a CollectionReference, a DocumentReference or FirebaseFirestore'[39m
Chrome Headless 139.0.0.0 (Windows 10): Executed 204 of 1370[31m (78 FAILED)[39m (0 secs / 3.389 secs)
ERROR: 'Error Stack:', 'FirebaseError: Expected first argument to collection() to be a CollectionReference, a DocumentReference or FirebaseFirestore'
[1A[2KERROR: [36m'Error Context:', Object{timestamp: '2025-08-25T14:21:43.675Z', component: 'BookingService', method: 'loadBookings', data: '{"operation":"loadBookings","firebaseError":true}'}[39m
Chrome Headless 139.0.0.0 (Windows 10): Executed 204 of 1370[31m (78 FAILED)[39m (0 secs / 3.389 secs)
ERROR: 'Error Context:', Object{timestamp: '2025-08-25T14:21:43.675Z', component: 'BookingService', method: 'loadBookings', data: '{"operation":"loadBookings","firebaseError":true}'}
[1A[2KLOG: [36m'­ƒöä RoleService: Loading user role for:', 'mock-user-id'[39m
Chrome Headless 139.0.0.0 (Windows 10): Executed 204 of 1370[31m (78 FAILED)[39m (0 secs / 3.389 secs)
LOG: '­ƒöä RoleService: Loading user role for:', 'mock-user-id'
[1A[2KERROR: [36m'ÔØî RoleService: Error in loadUserRole:', FirebaseError: [code=invalid-argument]: Expected first argument to collection() to be a CollectionReference, a DocumentReference or FirebaseFirestore
FirebaseError: Expected first argument to collection() to be a CollectionReference, a DocumentReference or FirebaseFirestore[39m
Chrome Headless 139.0.0.0 (Windows 10): Executed 204 of 1370[31m (78 FAILED)[39m (0 secs / 3.389 secs)
ERROR: 'ÔØî RoleService: Error in loadUserRole:', FirebaseError: [code=invalid-argument]: Expected first argument to collection() to be a CollectionReference, a DocumentReference or FirebaseFirestore
FirebaseError: Expected first argument to collection() to be a CollectionReference, a DocumentReference or FirebaseFirestore
[1A[2KERROR: [36m'Error carregant par├ámetres del sistema:', FirebaseError: [code=invalid-argument]: Expected first argument to collection() to be a CollectionReference, a DocumentReference or FirebaseFirestore
FirebaseError: Expected first argument to collection() to be a CollectionReference, a DocumentReference or FirebaseFirestore[39m
Chrome Headless 139.0.0.0 (Windows 10): Executed 204 of 1370[31m (78 FAILED)[39m (0 secs / 3.389 secs)
ERROR: 'Error carregant par├ámetres del sistema:', FirebaseError: [code=invalid-argument]: Expected first argument to collection() to be a CollectionReference, a DocumentReference or FirebaseFirestore
FirebaseError: Expected first argument to collection() to be a CollectionReference, a DocumentReference or FirebaseFirestore
[1A[2KERROR: [36m'2025-08-25T14:21:43.680Z ERROR MEDIUM [FirebaseServicesService].loadServices  Expected first argument to collection() to be a CollectionReference, a DocumentReference or FirebaseFirestore'[39m
Chrome Headless 139.0.0.0 (Windows 10): Executed 204 of 1370[31m (78 FAILED)[39m (0 secs / 3.389 secs)
ERROR: '2025-08-25T14:21:43.680Z ERROR MEDIUM [FirebaseServicesService].loadServices  Expected first argument to collection() to be a CollectionReference, a DocumentReference or FirebaseFirestore'
[1A[2KERROR: [36m'Error Stack:', 'FirebaseError: Expected first argument to collection() to be a CollectionReference, a DocumentReference or FirebaseFirestore'[39m
Chrome Headless 139.0.0.0 (Windows 10): Executed 204 of 1370[31m (78 FAILED)[39m (0 secs / 3.389 secs)
ERROR: 'Error Stack:', 'FirebaseError: Expected first argument to collection() to be a CollectionReference, a DocumentReference or FirebaseFirestore'
[1A[2KERROR: [36m'Error Context:', Object{timestamp: '2025-08-25T14:21:43.680Z', component: 'FirebaseServicesService', method: 'loadServices', data: '{"operation":"loadServices","firebaseError":true}'}[39m
Chrome Headless 139.0.0.0 (Windows 10): Executed 204 of 1370[31m (78 FAILED)[39m (0 secs / 3.389 secs)
ERROR: 'Error Context:', Object{timestamp: '2025-08-25T14:21:43.680Z', component: 'FirebaseServicesService', method: 'loadServices', data: '{"operation":"loadServices","firebaseError":true}'}
[1A[2KERROR: [36m'2025-08-25T14:21:43.680Z ERROR MEDIUM [FirebaseServicesService].loadCustomCategories  Expected first argument to collection() to be a CollectionReference, a DocumentReference or FirebaseFirestore'[39m
Chrome Headless 139.0.0.0 (Windows 10): Executed 204 of 1370[31m (78 FAILED)[39m (0 secs / 3.389 secs)
ERROR: '2025-08-25T14:21:43.680Z ERROR MEDIUM [FirebaseServicesService].loadCustomCategories  Expected first argument to collection() to be a CollectionReference, a DocumentReference or FirebaseFirestore'
[1A[2KERROR: [36m'Error Stack:', 'FirebaseError: Expected first argument to collection() to be a CollectionReference, a DocumentReference or FirebaseFirestore'[39m
Chrome Headless 139.0.0.0 (Windows 10): Executed 204 of 1370[31m (78 FAILED)[39m (0 secs / 3.389 secs)
ERROR: 'Error Stack:', 'FirebaseError: Expected first argument to collection() to be a CollectionReference, a DocumentReference or FirebaseFirestore'
[1A[2KERROR: [36m'Error Context:', Object{timestamp: '2025-08-25T14:21:43.680Z', component: 'FirebaseServicesService', method: 'loadCustomCategories', data: '{"operation":"loadCustomCategories","firebaseError":true}'}[39m
Chrome Headless 139.0.0.0 (Windows 10): Executed 204 of 1370[31m (78 FAILED)[39m (0 secs / 3.389 secs)
ERROR: 'Error Context:', Object{timestamp: '2025-08-25T14:21:43.680Z', component: 'FirebaseServicesService', method: 'loadCustomCategories', data: '{"operation":"loadCustomCategories","firebaseError":true}'}
[1A[2K[31mChrome Headless 139.0.0.0 (Windows 10) AppointmentDetailPageComponent Service Integration should use CurrencyService for formatting FAILED[39m
	TypeError: Cannot read properties of undefined (reading 'subscribe')
	    at new _ConfirmDialog (node_modules/primeng/fesm2022/primeng-confirmdialog.mjs:322:75)
	    at NodeInjectorFactory._ConfirmDialog_Factory [as factory] (ng:///_ConfirmDialog/╔Áfac.js:4:10)
	    at getNodeInjectable (node_modules/@angular/core/fesm2022/debug_node.mjs:1989:44)
	    at instantiateAllDirectives (node_modules/@angular/core/fesm2022/debug_node.mjs:8170:27)
	    at createDirectivesInstances (node_modules/@angular/core/fesm2022/debug_node.mjs:7943:5)
	    at ╔Á╔ÁelementStart (node_modules/@angular/core/fesm2022/debug_node.mjs:22419:9)
	    at PopupDialogComponent2_Template (ng:///PopupDialogComponent2.js:64:9)
	    at executeTemplate (node_modules/@angular/core/fesm2022/debug_node.mjs:7929:9)
	    at renderView (node_modules/@angular/core/fesm2022/debug_node.mjs:8545:13)
	    at renderComponent (node_modules/@angular/core/fesm2022/debug_node.mjs:8490:5)
Chrome Headless 139.0.0.0 (Windows 10): Executed 205 of 1370[31m (79 FAILED)[39m (0 secs / 3.393 secs)
[1A[2KERROR: [36m'2025-08-25T14:21:43.681Z ERROR MEDIUM [BookingService].loadBookings  Expected first argument to collection() to be a CollectionReference, a DocumentReference or FirebaseFirestore'[39m
Chrome Headless 139.0.0.0 (Windows 10): Executed 205 of 1370[31m (79 FAILED)[39m (0 secs / 3.393 secs)
ERROR: '2025-08-25T14:21:43.681Z ERROR MEDIUM [BookingService].loadBookings  Expected first argument to collection() to be a CollectionReference, a DocumentReference or FirebaseFirestore'
[1A[2KERROR: [36m'Error Stack:', 'FirebaseError: Expected first argument to collection() to be a CollectionReference, a DocumentReference or FirebaseFirestore'[39m
Chrome Headless 139.0.0.0 (Windows 10): Executed 205 of 1370[31m (79 FAILED)[39m (0 secs / 3.393 secs)
ERROR: 'Error Stack:', 'FirebaseError: Expected first argument to collection() to be a CollectionReference, a DocumentReference or FirebaseFirestore'
[1A[2KERROR: [36m'Error Context:', Object{timestamp: '2025-08-25T14:21:43.681Z', component: 'BookingService', method: 'loadBookings', data: '{"operation":"loadBookings","firebaseError":true}'}[39m
Chrome Headless 139.0.0.0 (Windows 10): Executed 205 of 1370[31m (79 FAILED)[39m (0 secs / 3.393 secs)
ERROR: 'Error Context:', Object{timestamp: '2025-08-25T14:21:43.681Z', component: 'BookingService', method: 'loadBookings', data: '{"operation":"loadBookings","firebaseError":true}'}
[1A[2KLOG: [36m'­ƒöä RoleService: Loading user role for:', 'mock-user-id'[39m
Chrome Headless 139.0.0.0 (Windows 10): Executed 205 of 1370[31m (79 FAILED)[39m (0 secs / 3.393 secs)
LOG: '­ƒöä RoleService: Loading user role for:', 'mock-user-id'
[1A[2KERROR: [36m'ÔØî RoleService: Error in loadUserRole:', FirebaseError: [code=invalid-argument]: Expected first argument to collection() to be a CollectionReference, a DocumentReference or FirebaseFirestore
FirebaseError: Expected first argument to collection() to be a CollectionReference, a DocumentReference or FirebaseFirestore[39m
Chrome Headless 139.0.0.0 (Windows 10): Executed 205 of 1370[31m (79 FAILED)[39m (0 secs / 3.393 secs)
ERROR: 'ÔØî RoleService: Error in loadUserRole:', FirebaseError: [code=invalid-argument]: Expected first argument to collection() to be a CollectionReference, a DocumentReference or FirebaseFirestore
FirebaseError: Expected first argument to collection() to be a CollectionReference, a DocumentReference or FirebaseFirestore
[1A[2KERROR: [36m'Error carregant par├ámetres del sistema:', FirebaseError: [code=invalid-argument]: Expected first argument to collection() to be a CollectionReference, a DocumentReference or FirebaseFirestore
FirebaseError: Expected first argument to collection() to be a CollectionReference, a DocumentReference or FirebaseFirestore[39m
Chrome Headless 139.0.0.0 (Windows 10): Executed 205 of 1370[31m (79 FAILED)[39m (0 secs / 3.393 secs)
ERROR: 'Error carregant par├ámetres del sistema:', FirebaseError: [code=invalid-argument]: Expected first argument to collection() to be a CollectionReference, a DocumentReference or FirebaseFirestore
FirebaseError: Expected first argument to collection() to be a CollectionReference, a DocumentReference or FirebaseFirestore
[1A[2KERROR: [36m'2025-08-25T14:21:43.685Z ERROR MEDIUM [FirebaseServicesService].loadServices  Expected first argument to collection() to be a CollectionReference, a DocumentReference or FirebaseFirestore'[39m
Chrome Headless 139.0.0.0 (Windows 10): Executed 205 of 1370[31m (79 FAILED)[39m (0 secs / 3.393 secs)
ERROR: '2025-08-25T14:21:43.685Z ERROR MEDIUM [FirebaseServicesService].loadServices  Expected first argument to collection() to be a CollectionReference, a DocumentReference or FirebaseFirestore'
[1A[2KERROR: [36m'Error Stack:', 'FirebaseError: Expected first argument to collection() to be a CollectionReference, a DocumentReference or FirebaseFirestore'[39m
Chrome Headless 139.0.0.0 (Windows 10): Executed 205 of 1370[31m (79 FAILED)[39m (0 secs / 3.393 secs)
ERROR: 'Error Stack:', 'FirebaseError: Expected first argument to collection() to be a CollectionReference, a DocumentReference or FirebaseFirestore'
[1A[2KERROR: [36m'Error Context:', Object{timestamp: '2025-08-25T14:21:43.685Z', component: 'FirebaseServicesService', method: 'loadServices', data: '{"operation":"loadServices","firebaseError":true}'}[39m
Chrome Headless 139.0.0.0 (Windows 10): Executed 205 of 1370[31m (79 FAILED)[39m (0 secs / 3.393 secs)
ERROR: 'Error Context:', Object{timestamp: '2025-08-25T14:21:43.685Z', component: 'FirebaseServicesService', method: 'loadServices', data: '{"operation":"loadServices","firebaseError":true}'}
[1A[2KERROR: [36m'2025-08-25T14:21:43.685Z ERROR MEDIUM [FirebaseServicesService].loadCustomCategories  Expected first argument to collection() to be a CollectionReference, a DocumentReference or FirebaseFirestore'[39m
Chrome Headless 139.0.0.0 (Windows 10): Executed 205 of 1370[31m (79 FAILED)[39m (0 secs / 3.393 secs)
ERROR: '2025-08-25T14:21:43.685Z ERROR MEDIUM [FirebaseServicesService].loadCustomCategories  Expected first argument to collection() to be a CollectionReference, a DocumentReference or FirebaseFirestore'
[1A[2KERROR: [36m'Error Stack:', 'FirebaseError: Expected first argument to collection() to be a CollectionReference, a DocumentReference or FirebaseFirestore'[39m
Chrome Headless 139.0.0.0 (Windows 10): Executed 205 of 1370[31m (79 FAILED)[39m (0 secs / 3.393 secs)
ERROR: 'Error Stack:', 'FirebaseError: Expected first argument to collection() to be a CollectionReference, a DocumentReference or FirebaseFirestore'
[1A[2KERROR: [36m'Error Context:', Object{timestamp: '2025-08-25T14:21:43.685Z', component: 'FirebaseServicesService', method: 'loadCustomCategories', data: '{"operation":"loadCustomCategories","firebaseError":true}'}[39m
Chrome Headless 139.0.0.0 (Windows 10): Executed 205 of 1370[31m (79 FAILED)[39m (0 secs / 3.393 secs)
ERROR: 'Error Context:', Object{timestamp: '2025-08-25T14:21:43.685Z', component: 'FirebaseServicesService', method: 'loadCustomCategories', data: '{"operation":"loadCustomCategories","firebaseError":true}'}
[1A[2K[31mChrome Headless 139.0.0.0 (Windows 10) AppointmentDetailPageComponent Service Integration should use AppointmentManagementService FAILED[39m
	TypeError: Cannot read properties of undefined (reading 'subscribe')
	    at new _ConfirmDialog (node_modules/primeng/fesm2022/primeng-confirmdialog.mjs:322:75)
	    at NodeInjectorFactory._ConfirmDialog_Factory [as factory] (ng:///_ConfirmDialog/╔Áfac.js:4:10)
	    at getNodeInjectable (node_modules/@angular/core/fesm2022/debug_node.mjs:1989:44)
	    at instantiateAllDirectives (node_modules/@angular/core/fesm2022/debug_node.mjs:8170:27)
	    at createDirectivesInstances (node_modules/@angular/core/fesm2022/debug_node.mjs:7943:5)
	    at ╔Á╔ÁelementStart (node_modules/@angular/core/fesm2022/debug_node.mjs:22419:9)
	    at PopupDialogComponent2_Template (ng:///PopupDialogComponent2.js:64:9)
	    at executeTemplate (node_modules/@angular/core/fesm2022/debug_node.mjs:7929:9)
	    at renderView (node_modules/@angular/core/fesm2022/debug_node.mjs:8545:13)
	    at renderComponent (node_modules/@angular/core/fesm2022/debug_node.mjs:8490:5)
Chrome Headless 139.0.0.0 (Windows 10): Executed 206 of 1370[31m (80 FAILED)[39m (0 secs / 3.397 secs)
[1A[2KERROR: [36m'2025-08-25T14:21:43.686Z ERROR MEDIUM [BookingService].loadBookings  Expected first argument to collection() to be a CollectionReference, a DocumentReference or FirebaseFirestore'[39m
Chrome Headless 139.0.0.0 (Windows 10): Executed 206 of 1370[31m (80 FAILED)[39m (0 secs / 3.397 secs)
ERROR: '2025-08-25T14:21:43.686Z ERROR MEDIUM [BookingService].loadBookings  Expected first argument to collection() to be a CollectionReference, a DocumentReference or FirebaseFirestore'
[1A[2KERROR: [36m'Error Stack:', 'FirebaseError: Expected first argument to collection() to be a CollectionReference, a DocumentReference or FirebaseFirestore'[39m
Chrome Headless 139.0.0.0 (Windows 10): Executed 206 of 1370[31m (80 FAILED)[39m (0 secs / 3.397 secs)
ERROR: 'Error Stack:', 'FirebaseError: Expected first argument to collection() to be a CollectionReference, a DocumentReference or FirebaseFirestore'
[1A[2KERROR: [36m'Error Context:', Object{timestamp: '2025-08-25T14:21:43.686Z', component: 'BookingService', method: 'loadBookings', data: '{"operation":"loadBookings","firebaseError":true}'}[39m
Chrome Headless 139.0.0.0 (Windows 10): Executed 206 of 1370[31m (80 FAILED)[39m (0 secs / 3.397 secs)
ERROR: 'Error Context:', Object{timestamp: '2025-08-25T14:21:43.686Z', component: 'BookingService', method: 'loadBookings', data: '{"operation":"loadBookings","firebaseError":true}'}
[1A[2KLOG: [36m'­ƒöä RoleService: Loading user role for:', 'mock-user-id'[39m
Chrome Headless 139.0.0.0 (Windows 10): Executed 206 of 1370[31m (80 FAILED)[39m (0 secs / 3.397 secs)
LOG: '­ƒöä RoleService: Loading user role for:', 'mock-user-id'
[1A[2KERROR: [36m'ÔØî RoleService: Error in loadUserRole:', FirebaseError: [code=invalid-argument]: Expected first argument to collection() to be a CollectionReference, a DocumentReference or FirebaseFirestore
FirebaseError: Expected first argument to collection() to be a CollectionReference, a DocumentReference or FirebaseFirestore[39m
Chrome Headless 139.0.0.0 (Windows 10): Executed 206 of 1370[31m (80 FAILED)[39m (0 secs / 3.397 secs)
ERROR: 'ÔØî RoleService: Error in loadUserRole:', FirebaseError: [code=invalid-argument]: Expected first argument to collection() to be a CollectionReference, a DocumentReference or FirebaseFirestore
FirebaseError: Expected first argument to collection() to be a CollectionReference, a DocumentReference or FirebaseFirestore
[1A[2KERROR: [36m'Error carregant par├ámetres del sistema:', FirebaseError: [code=invalid-argument]: Expected first argument to collection() to be a CollectionReference, a DocumentReference or FirebaseFirestore
FirebaseError: Expected first argument to collection() to be a CollectionReference, a DocumentReference or FirebaseFirestore[39m
Chrome Headless 139.0.0.0 (Windows 10): Executed 206 of 1370[31m (80 FAILED)[39m (0 secs / 3.397 secs)
ERROR: 'Error carregant par├ámetres del sistema:', FirebaseError: [code=invalid-argument]: Expected first argument to collection() to be a CollectionReference, a DocumentReference or FirebaseFirestore
FirebaseError: Expected first argument to collection() to be a CollectionReference, a DocumentReference or FirebaseFirestore
[1A[2KERROR: [36m'2025-08-25T14:21:43.690Z ERROR MEDIUM [FirebaseServicesService].loadServices  Expected first argument to collection() to be a CollectionReference, a DocumentReference or FirebaseFirestore'[39m
Chrome Headless 139.0.0.0 (Windows 10): Executed 206 of 1370[31m (80 FAILED)[39m (0 secs / 3.397 secs)
ERROR: '2025-08-25T14:21:43.690Z ERROR MEDIUM [FirebaseServicesService].loadServices  Expected first argument to collection() to be a CollectionReference, a DocumentReference or FirebaseFirestore'
[1A[2KERROR: [36m'Error Stack:', 'FirebaseError: Expected first argument to collection() to be a CollectionReference, a DocumentReference or FirebaseFirestore'[39m
Chrome Headless 139.0.0.0 (Windows 10): Executed 206 of 1370[31m (80 FAILED)[39m (0 secs / 3.397 secs)
ERROR: 'Error Stack:', 'FirebaseError: Expected first argument to collection() to be a CollectionReference, a DocumentReference or FirebaseFirestore'
[1A[2KERROR: [36m'Error Context:', Object{timestamp: '2025-08-25T14:21:43.690Z', component: 'FirebaseServicesService', method: 'loadServices', data: '{"operation":"loadServices","firebaseError":true}'}[39m
Chrome Headless 139.0.0.0 (Windows 10): Executed 206 of 1370[31m (80 FAILED)[39m (0 secs / 3.397 secs)
ERROR: 'Error Context:', Object{timestamp: '2025-08-25T14:21:43.690Z', component: 'FirebaseServicesService', method: 'loadServices', data: '{"operation":"loadServices","firebaseError":true}'}
[1A[2KERROR: [36m'2025-08-25T14:21:43.690Z ERROR MEDIUM [FirebaseServicesService].loadCustomCategories  Expected first argument to collection() to be a CollectionReference, a DocumentReference or FirebaseFirestore'[39m
Chrome Headless 139.0.0.0 (Windows 10): Executed 206 of 1370[31m (80 FAILED)[39m (0 secs / 3.397 secs)
ERROR: '2025-08-25T14:21:43.690Z ERROR MEDIUM [FirebaseServicesService].loadCustomCategories  Expected first argument to collection() to be a CollectionReference, a DocumentReference or FirebaseFirestore'
[1A[2KERROR: [36m'Error Stack:', 'FirebaseError: Expected first argument to collection() to be a CollectionReference, a DocumentReference or FirebaseFirestore'[39m
Chrome Headless 139.0.0.0 (Windows 10): Executed 206 of 1370[31m (80 FAILED)[39m (0 secs / 3.397 secs)
ERROR: 'Error Stack:', 'FirebaseError: Expected first argument to collection() to be a CollectionReference, a DocumentReference or FirebaseFirestore'
[1A[2KERROR: [36m'Error Context:', Object{timestamp: '2025-08-25T14:21:43.690Z', component: 'FirebaseServicesService', method: 'loadCustomCategories', data: '{"operation":"loadCustomCategories","firebaseError":true}'}[39m
Chrome Headless 139.0.0.0 (Windows 10): Executed 206 of 1370[31m (80 FAILED)[39m (0 secs / 3.397 secs)
ERROR: 'Error Context:', Object{timestamp: '2025-08-25T14:21:43.690Z', component: 'FirebaseServicesService', method: 'loadCustomCategories', data: '{"operation":"loadCustomCategories","firebaseError":true}'}
[1A[2K[31mChrome Headless 139.0.0.0 (Windows 10) AppointmentDetailPageComponent Service Integration should use ResponsiveService for mobile detection FAILED[39m
	TypeError: Cannot read properties of undefined (reading 'subscribe')
	    at new _ConfirmDialog (node_modules/primeng/fesm2022/primeng-confirmdialog.mjs:322:75)
	    at NodeInjectorFactory._ConfirmDialog_Factory [as factory] (ng:///_ConfirmDialog/╔Áfac.js:4:10)
	    at getNodeInjectable (node_modules/@angular/core/fesm2022/debug_node.mjs:1989:44)
	    at instantiateAllDirectives (node_modules/@angular/core/fesm2022/debug_node.mjs:8170:27)
	    at createDirectivesInstances (node_modules/@angular/core/fesm2022/debug_node.mjs:7943:5)
	    at ╔Á╔ÁelementStart (node_modules/@angular/core/fesm2022/debug_node.mjs:22419:9)
	    at PopupDialogComponent2_Template (ng:///PopupDialogComponent2.js:64:9)
	    at executeTemplate (node_modules/@angular/core/fesm2022/debug_node.mjs:7929:9)
	    at renderView (node_modules/@angular/core/fesm2022/debug_node.mjs:8545:13)
	    at renderComponent (node_modules/@angular/core/fesm2022/debug_node.mjs:8490:5)
Chrome Headless 139.0.0.0 (Windows 10): Executed 207 of 1370[31m (81 FAILED)[39m (0 secs / 3.401 secs)
[1A[2KERROR: [36m'2025-08-25T14:21:43.691Z ERROR MEDIUM [BookingService].loadBookings  Expected first argument to collection() to be a CollectionReference, a DocumentReference or FirebaseFirestore'[39m
Chrome Headless 139.0.0.0 (Windows 10): Executed 207 of 1370[31m (81 FAILED)[39m (0 secs / 3.401 secs)
ERROR: '2025-08-25T14:21:43.691Z ERROR MEDIUM [BookingService].loadBookings  Expected first argument to collection() to be a CollectionReference, a DocumentReference or FirebaseFirestore'
[1A[2KERROR: [36m'Error Stack:', 'FirebaseError: Expected first argument to collection() to be a CollectionReference, a DocumentReference or FirebaseFirestore'[39m
Chrome Headless 139.0.0.0 (Windows 10): Executed 207 of 1370[31m (81 FAILED)[39m (0 secs / 3.401 secs)
ERROR: 'Error Stack:', 'FirebaseError: Expected first argument to collection() to be a CollectionReference, a DocumentReference or FirebaseFirestore'
[1A[2KERROR: [36m'Error Context:', Object{timestamp: '2025-08-25T14:21:43.691Z', component: 'BookingService', method: 'loadBookings', data: '{"operation":"loadBookings","firebaseError":true}'}[39m
Chrome Headless 139.0.0.0 (Windows 10): Executed 207 of 1370[31m (81 FAILED)[39m (0 secs / 3.401 secs)
ERROR: 'Error Context:', Object{timestamp: '2025-08-25T14:21:43.691Z', component: 'BookingService', method: 'loadBookings', data: '{"operation":"loadBookings","firebaseError":true}'}
[1A[2KLOG: [36m'­ƒöä RoleService: Loading user role for:', 'mock-user-id'[39m
Chrome Headless 139.0.0.0 (Windows 10): Executed 207 of 1370[31m (81 FAILED)[39m (0 secs / 3.401 secs)
LOG: '­ƒöä RoleService: Loading user role for:', 'mock-user-id'
[1A[2KERROR: [36m'ÔØî RoleService: Error in loadUserRole:', FirebaseError: [code=invalid-argument]: Expected first argument to collection() to be a CollectionReference, a DocumentReference or FirebaseFirestore
FirebaseError: Expected first argument to collection() to be a CollectionReference, a DocumentReference or FirebaseFirestore[39m
Chrome Headless 139.0.0.0 (Windows 10): Executed 207 of 1370[31m (81 FAILED)[39m (0 secs / 3.401 secs)
ERROR: 'ÔØî RoleService: Error in loadUserRole:', FirebaseError: [code=invalid-argument]: Expected first argument to collection() to be a CollectionReference, a DocumentReference or FirebaseFirestore
FirebaseError: Expected first argument to collection() to be a CollectionReference, a DocumentReference or FirebaseFirestore
[1A[2KERROR: [36m'Error carregant par├ámetres del sistema:', FirebaseError: [code=invalid-argument]: Expected first argument to collection() to be a CollectionReference, a DocumentReference or FirebaseFirestore
FirebaseError: Expected first argument to collection() to be a CollectionReference, a DocumentReference or FirebaseFirestore[39m
Chrome Headless 139.0.0.0 (Windows 10): Executed 207 of 1370[31m (81 FAILED)[39m (0 secs / 3.401 secs)
ERROR: 'Error carregant par├ámetres del sistema:', FirebaseError: [code=invalid-argument]: Expected first argument to collection() to be a CollectionReference, a DocumentReference or FirebaseFirestore
FirebaseError: Expected first argument to collection() to be a CollectionReference, a DocumentReference or FirebaseFirestore
[1A[2KERROR: [36m'2025-08-25T14:21:43.696Z ERROR MEDIUM [FirebaseServicesService].loadServices  Expected first argument to collection() to be a CollectionReference, a DocumentReference or FirebaseFirestore'[39m
Chrome Headless 139.0.0.0 (Windows 10): Executed 207 of 1370[31m (81 FAILED)[39m (0 secs / 3.401 secs)
ERROR: '2025-08-25T14:21:43.696Z ERROR MEDIUM [FirebaseServicesService].loadServices  Expected first argument to collection() to be a CollectionReference, a DocumentReference or FirebaseFirestore'
[1A[2KERROR: [36m'Error Stack:', 'FirebaseError: Expected first argument to collection() to be a CollectionReference, a DocumentReference or FirebaseFirestore'[39m
Chrome Headless 139.0.0.0 (Windows 10): Executed 207 of 1370[31m (81 FAILED)[39m (0 secs / 3.401 secs)
ERROR: 'Error Stack:', 'FirebaseError: Expected first argument to collection() to be a CollectionReference, a DocumentReference or FirebaseFirestore'
[1A[2KERROR: [36m'Error Context:', Object{timestamp: '2025-08-25T14:21:43.696Z', component: 'FirebaseServicesService', method: 'loadServices', data: '{"operation":"loadServices","firebaseError":true}'}[39m
Chrome Headless 139.0.0.0 (Windows 10): Executed 207 of 1370[31m (81 FAILED)[39m (0 secs / 3.401 secs)
ERROR: 'Error Context:', Object{timestamp: '2025-08-25T14:21:43.696Z', component: 'FirebaseServicesService', method: 'loadServices', data: '{"operation":"loadServices","firebaseError":true}'}
[1A[2KERROR: [36m'2025-08-25T14:21:43.696Z ERROR MEDIUM [FirebaseServicesService].loadCustomCategories  Expected first argument to collection() to be a CollectionReference, a DocumentReference or FirebaseFirestore'[39m
Chrome Headless 139.0.0.0 (Windows 10): Executed 207 of 1370[31m (81 FAILED)[39m (0 secs / 3.401 secs)
ERROR: '2025-08-25T14:21:43.696Z ERROR MEDIUM [FirebaseServicesService].loadCustomCategories  Expected first argument to collection() to be a CollectionReference, a DocumentReference or FirebaseFirestore'
[1A[2KERROR: [36m'Error Stack:', 'FirebaseError: Expected first argument to collection() to be a CollectionReference, a DocumentReference or FirebaseFirestore'[39m
Chrome Headless 139.0.0.0 (Windows 10): Executed 207 of 1370[31m (81 FAILED)[39m (0 secs / 3.401 secs)
ERROR: 'Error Stack:', 'FirebaseError: Expected first argument to collection() to be a CollectionReference, a DocumentReference or FirebaseFirestore'
[1A[2KERROR: [36m'Error Context:', Object{timestamp: '2025-08-25T14:21:43.696Z', component: 'FirebaseServicesService', method: 'loadCustomCategories', data: '{"operation":"loadCustomCategories","firebaseError":true}'}[39m
Chrome Headless 139.0.0.0 (Windows 10): Executed 207 of 1370[31m (81 FAILED)[39m (0 secs / 3.401 secs)
ERROR: 'Error Context:', Object{timestamp: '2025-08-25T14:21:43.696Z', component: 'FirebaseServicesService', method: 'loadCustomCategories', data: '{"operation":"loadCustomCategories","firebaseError":true}'}
[1A[2K[31mChrome Headless 139.0.0.0 (Windows 10) AppointmentDetailPageComponent should have isToday computed FAILED[39m
	TypeError: Cannot read properties of undefined (reading 'subscribe')
	    at new _ConfirmDialog (node_modules/primeng/fesm2022/primeng-confirmdialog.mjs:322:75)
	    at NodeInjectorFactory._ConfirmDialog_Factory [as factory] (ng:///_ConfirmDialog/╔Áfac.js:4:10)
	    at getNodeInjectable (node_modules/@angular/core/fesm2022/debug_node.mjs:1989:44)
	    at instantiateAllDirectives (node_modules/@angular/core/fesm2022/debug_node.mjs:8170:27)
	    at createDirectivesInstances (node_modules/@angular/core/fesm2022/debug_node.mjs:7943:5)
	    at ╔Á╔ÁelementStart (node_modules/@angular/core/fesm2022/debug_node.mjs:22419:9)
	    at PopupDialogComponent2_Template (ng:///PopupDialogComponent2.js:64:9)
	    at executeTemplate (node_modules/@angular/core/fesm2022/debug_node.mjs:7929:9)
	    at renderView (node_modules/@angular/core/fesm2022/debug_node.mjs:8545:13)
	    at renderComponent (node_modules/@angular/core/fesm2022/debug_node.mjs:8490:5)
Chrome Headless 139.0.0.0 (Windows 10): Executed 208 of 1370[31m (82 FAILED)[39m (0 secs / 3.405 secs)
[1A[2KERROR: [36m'2025-08-25T14:21:43.697Z ERROR MEDIUM [BookingService].loadBookings  Expected first argument to collection() to be a CollectionReference, a DocumentReference or FirebaseFirestore'[39m
Chrome Headless 139.0.0.0 (Windows 10): Executed 208 of 1370[31m (82 FAILED)[39m (0 secs / 3.405 secs)
ERROR: '2025-08-25T14:21:43.697Z ERROR MEDIUM [BookingService].loadBookings  Expected first argument to collection() to be a CollectionReference, a DocumentReference or FirebaseFirestore'
[1A[2KERROR: [36m'Error Stack:', 'FirebaseError: Expected first argument to collection() to be a CollectionReference, a DocumentReference or FirebaseFirestore'[39m
Chrome Headless 139.0.0.0 (Windows 10): Executed 208 of 1370[31m (82 FAILED)[39m (0 secs / 3.405 secs)
ERROR: 'Error Stack:', 'FirebaseError: Expected first argument to collection() to be a CollectionReference, a DocumentReference or FirebaseFirestore'
[1A[2KERROR: [36m'Error Context:', Object{timestamp: '2025-08-25T14:21:43.697Z', component: 'BookingService', method: 'loadBookings', data: '{"operation":"loadBookings","firebaseError":true}'}[39m
Chrome Headless 139.0.0.0 (Windows 10): Executed 208 of 1370[31m (82 FAILED)[39m (0 secs / 3.405 secs)
ERROR: 'Error Context:', Object{timestamp: '2025-08-25T14:21:43.697Z', component: 'BookingService', method: 'loadBookings', data: '{"operation":"loadBookings","firebaseError":true}'}
[1A[2KLOG: [36m'­ƒöä RoleService: Loading user role for:', 'mock-user-id'[39m
Chrome Headless 139.0.0.0 (Windows 10): Executed 208 of 1370[31m (82 FAILED)[39m (0 secs / 3.405 secs)
LOG: '­ƒöä RoleService: Loading user role for:', 'mock-user-id'
[1A[2KERROR: [36m'ÔØî RoleService: Error in loadUserRole:', FirebaseError: [code=invalid-argument]: Expected first argument to collection() to be a CollectionReference, a DocumentReference or FirebaseFirestore
FirebaseError: Expected first argument to collection() to be a CollectionReference, a DocumentReference or FirebaseFirestore[39m
Chrome Headless 139.0.0.0 (Windows 10): Executed 208 of 1370[31m (82 FAILED)[39m (0 secs / 3.405 secs)
ERROR: 'ÔØî RoleService: Error in loadUserRole:', FirebaseError: [code=invalid-argument]: Expected first argument to collection() to be a CollectionReference, a DocumentReference or FirebaseFirestore
FirebaseError: Expected first argument to collection() to be a CollectionReference, a DocumentReference or FirebaseFirestore
[1A[2KERROR: [36m'Error carregant par├ámetres del sistema:', FirebaseError: [code=invalid-argument]: Expected first argument to collection() to be a CollectionReference, a DocumentReference or FirebaseFirestore
FirebaseError: Expected first argument to collection() to be a CollectionReference, a DocumentReference or FirebaseFirestore[39m
Chrome Headless 139.0.0.0 (Windows 10): Executed 208 of 1370[31m (82 FAILED)[39m (0 secs / 3.405 secs)
ERROR: 'Error carregant par├ámetres del sistema:', FirebaseError: [code=invalid-argument]: Expected first argument to collection() to be a CollectionReference, a DocumentReference or FirebaseFirestore
FirebaseError: Expected first argument to collection() to be a CollectionReference, a DocumentReference or FirebaseFirestore
[1A[2KERROR: [36m'2025-08-25T14:21:43.701Z ERROR MEDIUM [FirebaseServicesService].loadServices  Expected first argument to collection() to be a CollectionReference, a DocumentReference or FirebaseFirestore'[39m
Chrome Headless 139.0.0.0 (Windows 10): Executed 208 of 1370[31m (82 FAILED)[39m (0 secs / 3.405 secs)
ERROR: '2025-08-25T14:21:43.701Z ERROR MEDIUM [FirebaseServicesService].loadServices  Expected first argument to collection() to be a CollectionReference, a DocumentReference or FirebaseFirestore'
[1A[2KERROR: [36m'Error Stack:', 'FirebaseError: Expected first argument to collection() to be a CollectionReference, a DocumentReference or FirebaseFirestore'[39m
Chrome Headless 139.0.0.0 (Windows 10): Executed 208 of 1370[31m (82 FAILED)[39m (0 secs / 3.405 secs)
ERROR: 'Error Stack:', 'FirebaseError: Expected first argument to collection() to be a CollectionReference, a DocumentReference or FirebaseFirestore'
[1A[2KERROR: [36m'Error Context:', Object{timestamp: '2025-08-25T14:21:43.701Z', component: 'FirebaseServicesService', method: 'loadServices', data: '{"operation":"loadServices","firebaseError":true}'}[39m
Chrome Headless 139.0.0.0 (Windows 10): Executed 208 of 1370[31m (82 FAILED)[39m (0 secs / 3.405 secs)
ERROR: 'Error Context:', Object{timestamp: '2025-08-25T14:21:43.701Z', component: 'FirebaseServicesService', method: 'loadServices', data: '{"operation":"loadServices","firebaseError":true}'}
[1A[2KERROR: [36m'2025-08-25T14:21:43.701Z ERROR MEDIUM [FirebaseServicesService].loadCustomCategories  Expected first argument to collection() to be a CollectionReference, a DocumentReference or FirebaseFirestore'[39m
Chrome Headless 139.0.0.0 (Windows 10): Executed 208 of 1370[31m (82 FAILED)[39m (0 secs / 3.405 secs)
ERROR: '2025-08-25T14:21:43.701Z ERROR MEDIUM [FirebaseServicesService].loadCustomCategories  Expected first argument to collection() to be a CollectionReference, a DocumentReference or FirebaseFirestore'
[1A[2KERROR: [36m'Error Stack:', 'FirebaseError: Expected first argument to collection() to be a CollectionReference, a DocumentReference or FirebaseFirestore'[39m
Chrome Headless 139.0.0.0 (Windows 10): Executed 208 of 1370[31m (82 FAILED)[39m (0 secs / 3.405 secs)
ERROR: 'Error Stack:', 'FirebaseError: Expected first argument to collection() to be a CollectionReference, a DocumentReference or FirebaseFirestore'
[1A[2KERROR: [36m'Error Context:', Object{timestamp: '2025-08-25T14:21:43.701Z', component: 'FirebaseServicesService', method: 'loadCustomCategories', data: '{"operation":"loadCustomCategories","firebaseError":true}'}[39m
Chrome Headless 139.0.0.0 (Windows 10): Executed 208 of 1370[31m (82 FAILED)[39m (0 secs / 3.405 secs)
ERROR: 'Error Context:', Object{timestamp: '2025-08-25T14:21:43.701Z', component: 'FirebaseServicesService', method: 'loadCustomCategories', data: '{"operation":"loadCustomCategories","firebaseError":true}'}
[1A[2K[31mChrome Headless 139.0.0.0 (Windows 10) AppointmentDetailPageComponent should have isPastDate method FAILED[39m
	TypeError: Cannot read properties of undefined (reading 'subscribe')
	    at new _ConfirmDialog (node_modules/primeng/fesm2022/primeng-confirmdialog.mjs:322:75)
	    at NodeInjectorFactory._ConfirmDialog_Factory [as factory] (ng:///_ConfirmDialog/╔Áfac.js:4:10)
	    at getNodeInjectable (node_modules/@angular/core/fesm2022/debug_node.mjs:1989:44)
	    at instantiateAllDirectives (node_modules/@angular/core/fesm2022/debug_node.mjs:8170:27)
	    at createDirectivesInstances (node_modules/@angular/core/fesm2022/debug_node.mjs:7943:5)
	    at ╔Á╔ÁelementStart (node_modules/@angular/core/fesm2022/debug_node.mjs:22419:9)
	    at PopupDialogComponent2_Template (ng:///PopupDialogComponent2.js:64:9)
	    at executeTemplate (node_modules/@angular/core/fesm2022/debug_node.mjs:7929:9)
	    at renderView (node_modules/@angular/core/fesm2022/debug_node.mjs:8545:13)
	    at renderComponent (node_modules/@angular/core/fesm2022/debug_node.mjs:8490:5)
Chrome Headless 139.0.0.0 (Windows 10): Executed 209 of 1370[31m (83 FAILED)[39m (0 secs / 3.409 secs)
[1A[2KERROR: [36m'2025-08-25T14:21:43.702Z ERROR MEDIUM [BookingService].loadBookings  Expected first argument to collection() to be a CollectionReference, a DocumentReference or FirebaseFirestore'[39m
Chrome Headless 139.0.0.0 (Windows 10): Executed 209 of 1370[31m (83 FAILED)[39m (0 secs / 3.409 secs)
ERROR: '2025-08-25T14:21:43.702Z ERROR MEDIUM [BookingService].loadBookings  Expected first argument to collection() to be a CollectionReference, a DocumentReference or FirebaseFirestore'
[1A[2KERROR: [36m'Error Stack:', 'FirebaseError: Expected first argument to collection() to be a CollectionReference, a DocumentReference or FirebaseFirestore'[39m
Chrome Headless 139.0.0.0 (Windows 10): Executed 209 of 1370[31m (83 FAILED)[39m (0 secs / 3.409 secs)
ERROR: 'Error Stack:', 'FirebaseError: Expected first argument to collection() to be a CollectionReference, a DocumentReference or FirebaseFirestore'
[1A[2KERROR: [36m'Error Context:', Object{timestamp: '2025-08-25T14:21:43.702Z', component: 'BookingService', method: 'loadBookings', data: '{"operation":"loadBookings","firebaseError":true}'}[39m
Chrome Headless 139.0.0.0 (Windows 10): Executed 209 of 1370[31m (83 FAILED)[39m (0 secs / 3.409 secs)
ERROR: 'Error Context:', Object{timestamp: '2025-08-25T14:21:43.702Z', component: 'BookingService', method: 'loadBookings', data: '{"operation":"loadBookings","firebaseError":true}'}
[1A[2KLOG: [36m'­ƒöä RoleService: Loading user role for:', 'mock-user-id'[39m
Chrome Headless 139.0.0.0 (Windows 10): Executed 209 of 1370[31m (83 FAILED)[39m (0 secs / 3.409 secs)
LOG: '­ƒöä RoleService: Loading user role for:', 'mock-user-id'
[1A[2KERROR: [36m'ÔØî RoleService: Error in loadUserRole:', FirebaseError: [code=invalid-argument]: Expected first argument to collection() to be a CollectionReference, a DocumentReference or FirebaseFirestore
FirebaseError: Expected first argument to collection() to be a CollectionReference, a DocumentReference or FirebaseFirestore[39m
Chrome Headless 139.0.0.0 (Windows 10): Executed 209 of 1370[31m (83 FAILED)[39m (0 secs / 3.409 secs)
ERROR: 'ÔØî RoleService: Error in loadUserRole:', FirebaseError: [code=invalid-argument]: Expected first argument to collection() to be a CollectionReference, a DocumentReference or FirebaseFirestore
FirebaseError: Expected first argument to collection() to be a CollectionReference, a DocumentReference or FirebaseFirestore
[1A[2KERROR: [36m'Error carregant par├ámetres del sistema:', FirebaseError: [code=invalid-argument]: Expected first argument to collection() to be a CollectionReference, a DocumentReference or FirebaseFirestore
FirebaseError: Expected first argument to collection() to be a CollectionReference, a DocumentReference or FirebaseFirestore[39m
Chrome Headless 139.0.0.0 (Windows 10): Executed 209 of 1370[31m (83 FAILED)[39m (0 secs / 3.409 secs)
ERROR: 'Error carregant par├ámetres del sistema:', FirebaseError: [code=invalid-argument]: Expected first argument to collection() to be a CollectionReference, a DocumentReference or FirebaseFirestore
FirebaseError: Expected first argument to collection() to be a CollectionReference, a DocumentReference or FirebaseFirestore
[1A[2KERROR: [36m'2025-08-25T14:21:43.707Z ERROR MEDIUM [FirebaseServicesService].loadServices  Expected first argument to collection() to be a CollectionReference, a DocumentReference or FirebaseFirestore'[39m
Chrome Headless 139.0.0.0 (Windows 10): Executed 209 of 1370[31m (83 FAILED)[39m (0 secs / 3.409 secs)
ERROR: '2025-08-25T14:21:43.707Z ERROR MEDIUM [FirebaseServicesService].loadServices  Expected first argument to collection() to be a CollectionReference, a DocumentReference or FirebaseFirestore'
[1A[2KERROR: [36m'Error Stack:', 'FirebaseError: Expected first argument to collection() to be a CollectionReference, a DocumentReference or FirebaseFirestore'[39m
Chrome Headless 139.0.0.0 (Windows 10): Executed 209 of 1370[31m (83 FAILED)[39m (0 secs / 3.409 secs)
ERROR: 'Error Stack:', 'FirebaseError: Expected first argument to collection() to be a CollectionReference, a DocumentReference or FirebaseFirestore'
[1A[2KERROR: [36m'Error Context:', Object{timestamp: '2025-08-25T14:21:43.707Z', component: 'FirebaseServicesService', method: 'loadServices', data: '{"operation":"loadServices","firebaseError":true}'}[39m
Chrome Headless 139.0.0.0 (Windows 10): Executed 209 of 1370[31m (83 FAILED)[39m (0 secs / 3.409 secs)
ERROR: 'Error Context:', Object{timestamp: '2025-08-25T14:21:43.707Z', component: 'FirebaseServicesService', method: 'loadServices', data: '{"operation":"loadServices","firebaseError":true}'}
[1A[2KERROR: [36m'2025-08-25T14:21:43.708Z ERROR MEDIUM [FirebaseServicesService].loadCustomCategories  Expected first argument to collection() to be a CollectionReference, a DocumentReference or FirebaseFirestore'[39m
Chrome Headless 139.0.0.0 (Windows 10): Executed 209 of 1370[31m (83 FAILED)[39m (0 secs / 3.409 secs)
ERROR: '2025-08-25T14:21:43.708Z ERROR MEDIUM [FirebaseServicesService].loadCustomCategories  Expected first argument to collection() to be a CollectionReference, a DocumentReference or FirebaseFirestore'
[1A[2KERROR: [36m'Error Stack:', 'FirebaseError: Expected first argument to collection() to be a CollectionReference, a DocumentReference or FirebaseFirestore'[39m
Chrome Headless 139.0.0.0 (Windows 10): Executed 209 of 1370[31m (83 FAILED)[39m (0 secs / 3.409 secs)
ERROR: 'Error Stack:', 'FirebaseError: Expected first argument to collection() to be a CollectionReference, a DocumentReference or FirebaseFirestore'
[1A[2KERROR: [36m'Error Context:', Object{timestamp: '2025-08-25T14:21:43.708Z', component: 'FirebaseServicesService', method: 'loadCustomCategories', data: '{"operation":"loadCustomCategories","firebaseError":true}'}[39m
Chrome Headless 139.0.0.0 (Windows 10): Executed 209 of 1370[31m (83 FAILED)[39m (0 secs / 3.409 secs)
ERROR: 'Error Context:', Object{timestamp: '2025-08-25T14:21:43.708Z', component: 'FirebaseServicesService', method: 'loadCustomCategories', data: '{"operation":"loadCustomCategories","firebaseError":true}'}
[1A[2K[31mChrome Headless 139.0.0.0 (Windows 10) AppointmentDetailPageComponent Component Behavior should handle appointment ID from route FAILED[39m
	TypeError: Cannot read properties of undefined (reading 'subscribe')
	    at new _ConfirmDialog (node_modules/primeng/fesm2022/primeng-confirmdialog.mjs:322:75)
	    at NodeInjectorFactory._ConfirmDialog_Factory [as factory] (ng:///_ConfirmDialog/╔Áfac.js:4:10)
	    at getNodeInjectable (node_modules/@angular/core/fesm2022/debug_node.mjs:1989:44)
	    at instantiateAllDirectives (node_modules/@angular/core/fesm2022/debug_node.mjs:8170:27)
	    at createDirectivesInstances (node_modules/@angular/core/fesm2022/debug_node.mjs:7943:5)
	    at ╔Á╔ÁelementStart (node_modules/@angular/core/fesm2022/debug_node.mjs:22419:9)
	    at PopupDialogComponent2_Template (ng:///PopupDialogComponent2.js:64:9)
	    at executeTemplate (node_modules/@angular/core/fesm2022/debug_node.mjs:7929:9)
	    at renderView (node_modules/@angular/core/fesm2022/debug_node.mjs:8545:13)
	    at renderComponent (node_modules/@angular/core/fesm2022/debug_node.mjs:8490:5)
Chrome Headless 139.0.0.0 (Windows 10): Executed 210 of 1370[31m (84 FAILED)[39m (0 secs / 3.413 secs)
[1A[2KERROR: [36m'2025-08-25T14:21:43.709Z ERROR MEDIUM [BookingService].loadBookings  Expected first argument to collection() to be a CollectionReference, a DocumentReference or FirebaseFirestore'[39m
Chrome Headless 139.0.0.0 (Windows 10): Executed 210 of 1370[31m (84 FAILED)[39m (0 secs / 3.413 secs)
ERROR: '2025-08-25T14:21:43.709Z ERROR MEDIUM [BookingService].loadBookings  Expected first argument to collection() to be a CollectionReference, a DocumentReference or FirebaseFirestore'
[1A[2KERROR: [36m'Error Stack:', 'FirebaseError: Expected first argument to collection() to be a CollectionReference, a DocumentReference or FirebaseFirestore'[39m
Chrome Headless 139.0.0.0 (Windows 10): Executed 210 of 1370[31m (84 FAILED)[39m (0 secs / 3.413 secs)
ERROR: 'Error Stack:', 'FirebaseError: Expected first argument to collection() to be a CollectionReference, a DocumentReference or FirebaseFirestore'
[1A[2KERROR: [36m'Error Context:', Object{timestamp: '2025-08-25T14:21:43.709Z', component: 'BookingService', method: 'loadBookings', data: '{"operation":"loadBookings","firebaseError":true}'}[39m
Chrome Headless 139.0.0.0 (Windows 10): Executed 210 of 1370[31m (84 FAILED)[39m (0 secs / 3.413 secs)
ERROR: 'Error Context:', Object{timestamp: '2025-08-25T14:21:43.709Z', component: 'BookingService', method: 'loadBookings', data: '{"operation":"loadBookings","firebaseError":true}'}
[1A[2KLOG: [36m'­ƒöä RoleService: Loading user role for:', 'mock-user-id'[39m
Chrome Headless 139.0.0.0 (Windows 10): Executed 210 of 1370[31m (84 FAILED)[39m (0 secs / 3.413 secs)
LOG: '­ƒöä RoleService: Loading user role for:', 'mock-user-id'
[1A[2KERROR: [36m'ÔØî RoleService: Error in loadUserRole:', FirebaseError: [code=invalid-argument]: Expected first argument to collection() to be a CollectionReference, a DocumentReference or FirebaseFirestore
FirebaseError: Expected first argument to collection() to be a CollectionReference, a DocumentReference or FirebaseFirestore[39m
Chrome Headless 139.0.0.0 (Windows 10): Executed 210 of 1370[31m (84 FAILED)[39m (0 secs / 3.413 secs)
ERROR: 'ÔØî RoleService: Error in loadUserRole:', FirebaseError: [code=invalid-argument]: Expected first argument to collection() to be a CollectionReference, a DocumentReference or FirebaseFirestore
FirebaseError: Expected first argument to collection() to be a CollectionReference, a DocumentReference or FirebaseFirestore
[1A[2KERROR: [36m'Error carregant par├ámetres del sistema:', FirebaseError: [code=invalid-argument]: Expected first argument to collection() to be a CollectionReference, a DocumentReference or FirebaseFirestore
FirebaseError: Expected first argument to collection() to be a CollectionReference, a DocumentReference or FirebaseFirestore[39m
Chrome Headless 139.0.0.0 (Windows 10): Executed 210 of 1370[31m (84 FAILED)[39m (0 secs / 3.413 secs)
ERROR: 'Error carregant par├ámetres del sistema:', FirebaseError: [code=invalid-argument]: Expected first argument to collection() to be a CollectionReference, a DocumentReference or FirebaseFirestore
FirebaseError: Expected first argument to collection() to be a CollectionReference, a DocumentReference or FirebaseFirestore
[1A[2KERROR: [36m'2025-08-25T14:21:43.714Z ERROR MEDIUM [FirebaseServicesService].loadServices  Expected first argument to collection() to be a CollectionReference, a DocumentReference or FirebaseFirestore'[39m
Chrome Headless 139.0.0.0 (Windows 10): Executed 210 of 1370[31m (84 FAILED)[39m (0 secs / 3.413 secs)
ERROR: '2025-08-25T14:21:43.714Z ERROR MEDIUM [FirebaseServicesService].loadServices  Expected first argument to collection() to be a CollectionReference, a DocumentReference or FirebaseFirestore'
[1A[2KERROR: [36m'Error Stack:', 'FirebaseError: Expected first argument to collection() to be a CollectionReference, a DocumentReference or FirebaseFirestore'[39m
Chrome Headless 139.0.0.0 (Windows 10): Executed 210 of 1370[31m (84 FAILED)[39m (0 secs / 3.413 secs)
ERROR: 'Error Stack:', 'FirebaseError: Expected first argument to collection() to be a CollectionReference, a DocumentReference or FirebaseFirestore'
[1A[2KERROR: [36m'Error Context:', Object{timestamp: '2025-08-25T14:21:43.714Z', component: 'FirebaseServicesService', method: 'loadServices', data: '{"operation":"loadServices","firebaseError":true}'}[39m
Chrome Headless 139.0.0.0 (Windows 10): Executed 210 of 1370[31m (84 FAILED)[39m (0 secs / 3.413 secs)
ERROR: 'Error Context:', Object{timestamp: '2025-08-25T14:21:43.714Z', component: 'FirebaseServicesService', method: 'loadServices', data: '{"operation":"loadServices","firebaseError":true}'}
[1A[2KERROR: [36m'2025-08-25T14:21:43.714Z ERROR MEDIUM [FirebaseServicesService].loadCustomCategories  Expected first argument to collection() to be a CollectionReference, a DocumentReference or FirebaseFirestore'[39m
Chrome Headless 139.0.0.0 (Windows 10): Executed 210 of 1370[31m (84 FAILED)[39m (0 secs / 3.413 secs)
ERROR: '2025-08-25T14:21:43.714Z ERROR MEDIUM [FirebaseServicesService].loadCustomCategories  Expected first argument to collection() to be a CollectionReference, a DocumentReference or FirebaseFirestore'
[1A[2KERROR: [36m'Error Stack:', 'FirebaseError: Expected first argument to collection() to be a CollectionReference, a DocumentReference or FirebaseFirestore'[39m
Chrome Headless 139.0.0.0 (Windows 10): Executed 210 of 1370[31m (84 FAILED)[39m (0 secs / 3.413 secs)
ERROR: 'Error Stack:', 'FirebaseError: Expected first argument to collection() to be a CollectionReference, a DocumentReference or FirebaseFirestore'
[1A[2KERROR: [36m'Error Context:', Object{timestamp: '2025-08-25T14:21:43.714Z', component: 'FirebaseServicesService', method: 'loadCustomCategories', data: '{"operation":"loadCustomCategories","firebaseError":true}'}[39m
Chrome Headless 139.0.0.0 (Windows 10): Executed 210 of 1370[31m (84 FAILED)[39m (0 secs / 3.413 secs)
ERROR: 'Error Context:', Object{timestamp: '2025-08-25T14:21:43.714Z', component: 'FirebaseServicesService', method: 'loadCustomCategories', data: '{"operation":"loadCustomCategories","firebaseError":true}'}
[1A[2K[31mChrome Headless 139.0.0.0 (Windows 10) AppointmentDetailPageComponent Component Behavior should handle mobile detection FAILED[39m
	TypeError: Cannot read properties of undefined (reading 'subscribe')
	    at new _ConfirmDialog (node_modules/primeng/fesm2022/primeng-confirmdialog.mjs:322:75)
	    at NodeInjectorFactory._ConfirmDialog_Factory [as factory] (ng:///_ConfirmDialog/╔Áfac.js:4:10)
	    at getNodeInjectable (node_modules/@angular/core/fesm2022/debug_node.mjs:1989:44)
	    at instantiateAllDirectives (node_modules/@angular/core/fesm2022/debug_node.mjs:8170:27)
	    at createDirectivesInstances (node_modules/@angular/core/fesm2022/debug_node.mjs:7943:5)
	    at ╔Á╔ÁelementStart (node_modules/@angular/core/fesm2022/debug_node.mjs:22419:9)
	    at PopupDialogComponent2_Template (ng:///PopupDialogComponent2.js:64:9)
	    at executeTemplate (node_modules/@angular/core/fesm2022/debug_node.mjs:7929:9)
	    at renderView (node_modules/@angular/core/fesm2022/debug_node.mjs:8545:13)
	    at renderComponent (node_modules/@angular/core/fesm2022/debug_node.mjs:8490:5)
Chrome Headless 139.0.0.0 (Windows 10): Executed 211 of 1370[31m (85 FAILED)[39m (0 secs / 3.418 secs)
[1A[2KERROR: [36m'2025-08-25T14:21:43.715Z ERROR MEDIUM [BookingService].loadBookings  Expected first argument to collection() to be a CollectionReference, a DocumentReference or FirebaseFirestore'[39m
Chrome Headless 139.0.0.0 (Windows 10): Executed 211 of 1370[31m (85 FAILED)[39m (0 secs / 3.418 secs)
ERROR: '2025-08-25T14:21:43.715Z ERROR MEDIUM [BookingService].loadBookings  Expected first argument to collection() to be a CollectionReference, a DocumentReference or FirebaseFirestore'
[1A[2KERROR: [36m'Error Stack:', 'FirebaseError: Expected first argument to collection() to be a CollectionReference, a DocumentReference or FirebaseFirestore'[39m
Chrome Headless 139.0.0.0 (Windows 10): Executed 211 of 1370[31m (85 FAILED)[39m (0 secs / 3.418 secs)
ERROR: 'Error Stack:', 'FirebaseError: Expected first argument to collection() to be a CollectionReference, a DocumentReference or FirebaseFirestore'
[1A[2KERROR: [36m'Error Context:', Object{timestamp: '2025-08-25T14:21:43.715Z', component: 'BookingService', method: 'loadBookings', data: '{"operation":"loadBookings","firebaseError":true}'}[39m
Chrome Headless 139.0.0.0 (Windows 10): Executed 211 of 1370[31m (85 FAILED)[39m (0 secs / 3.418 secs)
ERROR: 'Error Context:', Object{timestamp: '2025-08-25T14:21:43.715Z', component: 'BookingService', method: 'loadBookings', data: '{"operation":"loadBookings","firebaseError":true}'}
[1A[2KLOG: [36m'­ƒöä RoleService: Loading user role for:', 'mock-user-id'[39m
Chrome Headless 139.0.0.0 (Windows 10): Executed 211 of 1370[31m (85 FAILED)[39m (0 secs / 3.418 secs)
LOG: '­ƒöä RoleService: Loading user role for:', 'mock-user-id'
[1A[2KERROR: [36m'ÔØî RoleService: Error in loadUserRole:', FirebaseError: [code=invalid-argument]: Expected first argument to collection() to be a CollectionReference, a DocumentReference or FirebaseFirestore
FirebaseError: Expected first argument to collection() to be a CollectionReference, a DocumentReference or FirebaseFirestore[39m
Chrome Headless 139.0.0.0 (Windows 10): Executed 211 of 1370[31m (85 FAILED)[39m (0 secs / 3.418 secs)
ERROR: 'ÔØî RoleService: Error in loadUserRole:', FirebaseError: [code=invalid-argument]: Expected first argument to collection() to be a CollectionReference, a DocumentReference or FirebaseFirestore
FirebaseError: Expected first argument to collection() to be a CollectionReference, a DocumentReference or FirebaseFirestore
[1A[2KERROR: [36m'Error carregant par├ámetres del sistema:', FirebaseError: [code=invalid-argument]: Expected first argument to collection() to be a CollectionReference, a DocumentReference or FirebaseFirestore
FirebaseError: Expected first argument to collection() to be a CollectionReference, a DocumentReference or FirebaseFirestore[39m
Chrome Headless 139.0.0.0 (Windows 10): Executed 211 of 1370[31m (85 FAILED)[39m (0 secs / 3.418 secs)
ERROR: 'Error carregant par├ámetres del sistema:', FirebaseError: [code=invalid-argument]: Expected first argument to collection() to be a CollectionReference, a DocumentReference or FirebaseFirestore
FirebaseError: Expected first argument to collection() to be a CollectionReference, a DocumentReference or FirebaseFirestore
[1A[2KERROR: [36m'2025-08-25T14:21:43.719Z ERROR MEDIUM [FirebaseServicesService].loadServices  Expected first argument to collection() to be a CollectionReference, a DocumentReference or FirebaseFirestore'[39m
Chrome Headless 139.0.0.0 (Windows 10): Executed 211 of 1370[31m (85 FAILED)[39m (0 secs / 3.418 secs)
ERROR: '2025-08-25T14:21:43.719Z ERROR MEDIUM [FirebaseServicesService].loadServices  Expected first argument to collection() to be a CollectionReference, a DocumentReference or FirebaseFirestore'
[1A[2KERROR: [36m'Error Stack:', 'FirebaseError: Expected first argument to collection() to be a CollectionReference, a DocumentReference or FirebaseFirestore'[39m
Chrome Headless 139.0.0.0 (Windows 10): Executed 211 of 1370[31m (85 FAILED)[39m (0 secs / 3.418 secs)
ERROR: 'Error Stack:', 'FirebaseError: Expected first argument to collection() to be a CollectionReference, a DocumentReference or FirebaseFirestore'
[1A[2KERROR: [36m'Error Context:', Object{timestamp: '2025-08-25T14:21:43.719Z', component: 'FirebaseServicesService', method: 'loadServices', data: '{"operation":"loadServices","firebaseError":true}'}[39m
Chrome Headless 139.0.0.0 (Windows 10): Executed 211 of 1370[31m (85 FAILED)[39m (0 secs / 3.418 secs)
ERROR: 'Error Context:', Object{timestamp: '2025-08-25T14:21:43.719Z', component: 'FirebaseServicesService', method: 'loadServices', data: '{"operation":"loadServices","firebaseError":true}'}
[1A[2KERROR: [36m'2025-08-25T14:21:43.719Z ERROR MEDIUM [FirebaseServicesService].loadCustomCategories  Expected first argument to collection() to be a CollectionReference, a DocumentReference or FirebaseFirestore'[39m
Chrome Headless 139.0.0.0 (Windows 10): Executed 211 of 1370[31m (85 FAILED)[39m (0 secs / 3.418 secs)
ERROR: '2025-08-25T14:21:43.719Z ERROR MEDIUM [FirebaseServicesService].loadCustomCategories  Expected first argument to collection() to be a CollectionReference, a DocumentReference or FirebaseFirestore'
[1A[2KERROR: [36m'Error Stack:', 'FirebaseError: Expected first argument to collection() to be a CollectionReference, a DocumentReference or FirebaseFirestore'[39m
Chrome Headless 139.0.0.0 (Windows 10): Executed 211 of 1370[31m (85 FAILED)[39m (0 secs / 3.418 secs)
ERROR: 'Error Stack:', 'FirebaseError: Expected first argument to collection() to be a CollectionReference, a DocumentReference or FirebaseFirestore'
[1A[2KERROR: [36m'Error Context:', Object{timestamp: '2025-08-25T14:21:43.719Z', component: 'FirebaseServicesService', method: 'loadCustomCategories', data: '{"operation":"loadCustomCategories","firebaseError":true}'}[39m
Chrome Headless 139.0.0.0 (Windows 10): Executed 211 of 1370[31m (85 FAILED)[39m (0 secs / 3.418 secs)
ERROR: 'Error Context:', Object{timestamp: '2025-08-25T14:21:43.719Z', component: 'FirebaseServicesService', method: 'loadCustomCategories', data: '{"operation":"loadCustomCategories","firebaseError":true}'}
[1A[2K[31mChrome Headless 139.0.0.0 (Windows 10) AppointmentDetailPageComponent Component Behavior should handle service loading FAILED[39m
	TypeError: Cannot read properties of undefined (reading 'subscribe')
	    at new _ConfirmDialog (node_modules/primeng/fesm2022/primeng-confirmdialog.mjs:322:75)
	    at NodeInjectorFactory._ConfirmDialog_Factory [as factory] (ng:///_ConfirmDialog/╔Áfac.js:4:10)
	    at getNodeInjectable (node_modules/@angular/core/fesm2022/debug_node.mjs:1989:44)
	    at instantiateAllDirectives (node_modules/@angular/core/fesm2022/debug_node.mjs:8170:27)
	    at createDirectivesInstances (node_modules/@angular/core/fesm2022/debug_node.mjs:7943:5)
	    at ╔Á╔ÁelementStart (node_modules/@angular/core/fesm2022/debug_node.mjs:22419:9)
	    at PopupDialogComponent2_Template (ng:///PopupDialogComponent2.js:64:9)
	    at executeTemplate (node_modules/@angular/core/fesm2022/debug_node.mjs:7929:9)
	    at renderView (node_modules/@angular/core/fesm2022/debug_node.mjs:8545:13)
	    at renderComponent (node_modules/@angular/core/fesm2022/debug_node.mjs:8490:5)
Chrome Headless 139.0.0.0 (Windows 10): Executed 212 of 1370[31m (86 FAILED)[39m (0 secs / 3.422 secs)
[1A[2KERROR: [36m'2025-08-25T14:21:43.720Z ERROR MEDIUM [BookingService].loadBookings  Expected first argument to collection() to be a CollectionReference, a DocumentReference or FirebaseFirestore'[39m
Chrome Headless 139.0.0.0 (Windows 10): Executed 212 of 1370[31m (86 FAILED)[39m (0 secs / 3.422 secs)
ERROR: '2025-08-25T14:21:43.720Z ERROR MEDIUM [BookingService].loadBookings  Expected first argument to collection() to be a CollectionReference, a DocumentReference or FirebaseFirestore'
[1A[2KERROR: [36m'Error Stack:', 'FirebaseError: Expected first argument to collection() to be a CollectionReference, a DocumentReference or FirebaseFirestore'[39m
Chrome Headless 139.0.0.0 (Windows 10): Executed 212 of 1370[31m (86 FAILED)[39m (0 secs / 3.422 secs)
ERROR: 'Error Stack:', 'FirebaseError: Expected first argument to collection() to be a CollectionReference, a DocumentReference or FirebaseFirestore'
[1A[2KERROR: [36m'Error Context:', Object{timestamp: '2025-08-25T14:21:43.720Z', component: 'BookingService', method: 'loadBookings', data: '{"operation":"loadBookings","firebaseError":true}'}[39m
Chrome Headless 139.0.0.0 (Windows 10): Executed 212 of 1370[31m (86 FAILED)[39m (0 secs / 3.422 secs)
ERROR: 'Error Context:', Object{timestamp: '2025-08-25T14:21:43.720Z', component: 'BookingService', method: 'loadBookings', data: '{"operation":"loadBookings","firebaseError":true}'}
[1A[2KLOG: [36m'­ƒöä RoleService: Loading user role for:', 'mock-user-id'[39m
Chrome Headless 139.0.0.0 (Windows 10): Executed 212 of 1370[31m (86 FAILED)[39m (0 secs / 3.422 secs)
LOG: '­ƒöä RoleService: Loading user role for:', 'mock-user-id'
[1A[2KERROR: [36m'ÔØî RoleService: Error in loadUserRole:', FirebaseError: [code=invalid-argument]: Expected first argument to collection() to be a CollectionReference, a DocumentReference or FirebaseFirestore
FirebaseError: Expected first argument to collection() to be a CollectionReference, a DocumentReference or FirebaseFirestore[39m
Chrome Headless 139.0.0.0 (Windows 10): Executed 212 of 1370[31m (86 FAILED)[39m (0 secs / 3.422 secs)
ERROR: 'ÔØî RoleService: Error in loadUserRole:', FirebaseError: [code=invalid-argument]: Expected first argument to collection() to be a CollectionReference, a DocumentReference or FirebaseFirestore
FirebaseError: Expected first argument to collection() to be a CollectionReference, a DocumentReference or FirebaseFirestore
[1A[2KERROR: [36m'Error carregant par├ámetres del sistema:', FirebaseError: [code=invalid-argument]: Expected first argument to collection() to be a CollectionReference, a DocumentReference or FirebaseFirestore
FirebaseError: Expected first argument to collection() to be a CollectionReference, a DocumentReference or FirebaseFirestore[39m
Chrome Headless 139.0.0.0 (Windows 10): Executed 212 of 1370[31m (86 FAILED)[39m (0 secs / 3.422 secs)
ERROR: 'Error carregant par├ámetres del sistema:', FirebaseError: [code=invalid-argument]: Expected first argument to collection() to be a CollectionReference, a DocumentReference or FirebaseFirestore
FirebaseError: Expected first argument to collection() to be a CollectionReference, a DocumentReference or FirebaseFirestore
[1A[2KERROR: [36m'2025-08-25T14:21:43.724Z ERROR MEDIUM [FirebaseServicesService].loadServices  Expected first argument to collection() to be a CollectionReference, a DocumentReference or FirebaseFirestore'[39m
Chrome Headless 139.0.0.0 (Windows 10): Executed 212 of 1370[31m (86 FAILED)[39m (0 secs / 3.422 secs)
ERROR: '2025-08-25T14:21:43.724Z ERROR MEDIUM [FirebaseServicesService].loadServices  Expected first argument to collection() to be a CollectionReference, a DocumentReference or FirebaseFirestore'
[1A[2KERROR: [36m'Error Stack:', 'FirebaseError: Expected first argument to collection() to be a CollectionReference, a DocumentReference or FirebaseFirestore'[39m
Chrome Headless 139.0.0.0 (Windows 10): Executed 212 of 1370[31m (86 FAILED)[39m (0 secs / 3.422 secs)
ERROR: 'Error Stack:', 'FirebaseError: Expected first argument to collection() to be a CollectionReference, a DocumentReference or FirebaseFirestore'
[1A[2KERROR: [36m'Error Context:', Object{timestamp: '2025-08-25T14:21:43.724Z', component: 'FirebaseServicesService', method: 'loadServices', data: '{"operation":"loadServices","firebaseError":true}'}[39m
Chrome Headless 139.0.0.0 (Windows 10): Executed 212 of 1370[31m (86 FAILED)[39m (0 secs / 3.422 secs)
ERROR: 'Error Context:', Object{timestamp: '2025-08-25T14:21:43.724Z', component: 'FirebaseServicesService', method: 'loadServices', data: '{"operation":"loadServices","firebaseError":true}'}
[1A[2KERROR: [36m'2025-08-25T14:21:43.724Z ERROR MEDIUM [FirebaseServicesService].loadCustomCategories  Expected first argument to collection() to be a CollectionReference, a DocumentReference or FirebaseFirestore'[39m
Chrome Headless 139.0.0.0 (Windows 10): Executed 212 of 1370[31m (86 FAILED)[39m (0 secs / 3.422 secs)
ERROR: '2025-08-25T14:21:43.724Z ERROR MEDIUM [FirebaseServicesService].loadCustomCategories  Expected first argument to collection() to be a CollectionReference, a DocumentReference or FirebaseFirestore'
[1A[2KERROR: [36m'Error Stack:', 'FirebaseError: Expected first argument to collection() to be a CollectionReference, a DocumentReference or FirebaseFirestore'[39m
Chrome Headless 139.0.0.0 (Windows 10): Executed 212 of 1370[31m (86 FAILED)[39m (0 secs / 3.422 secs)
ERROR: 'Error Stack:', 'FirebaseError: Expected first argument to collection() to be a CollectionReference, a DocumentReference or FirebaseFirestore'
[1A[2KERROR: [36m'Error Context:', Object{timestamp: '2025-08-25T14:21:43.724Z', component: 'FirebaseServicesService', method: 'loadCustomCategories', data: '{"operation":"loadCustomCategories","firebaseError":true}'}[39m
Chrome Headless 139.0.0.0 (Windows 10): Executed 212 of 1370[31m (86 FAILED)[39m (0 secs / 3.422 secs)
ERROR: 'Error Context:', Object{timestamp: '2025-08-25T14:21:43.724Z', component: 'FirebaseServicesService', method: 'loadCustomCategories', data: '{"operation":"loadCustomCategories","firebaseError":true}'}
[1A[2K[31mChrome Headless 139.0.0.0 (Windows 10) AppointmentDetailPageComponent Component Behavior should initialize with default values FAILED[39m
	TypeError: Cannot read properties of undefined (reading 'subscribe')
	    at new _ConfirmDialog (node_modules/primeng/fesm2022/primeng-confirmdialog.mjs:322:75)
	    at NodeInjectorFactory._ConfirmDialog_Factory [as factory] (ng:///_ConfirmDialog/╔Áfac.js:4:10)
	    at getNodeInjectable (node_modules/@angular/core/fesm2022/debug_node.mjs:1989:44)
	    at instantiateAllDirectives (node_modules/@angular/core/fesm2022/debug_node.mjs:8170:27)
	    at createDirectivesInstances (node_modules/@angular/core/fesm2022/debug_node.mjs:7943:5)
	    at ╔Á╔ÁelementStart (node_modules/@angular/core/fesm2022/debug_node.mjs:22419:9)
	    at PopupDialogComponent2_Template (ng:///PopupDialogComponent2.js:64:9)
	    at executeTemplate (node_modules/@angular/core/fesm2022/debug_node.mjs:7929:9)
	    at renderView (node_modules/@angular/core/fesm2022/debug_node.mjs:8545:13)
	    at renderComponent (node_modules/@angular/core/fesm2022/debug_node.mjs:8490:5)
Chrome Headless 139.0.0.0 (Windows 10): Executed 213 of 1370[31m (87 FAILED)[39m (0 secs / 3.426 secs)
[1A[2KERROR: [36m'2025-08-25T14:21:43.725Z ERROR MEDIUM [BookingService].loadBookings  Expected first argument to collection() to be a CollectionReference, a DocumentReference or FirebaseFirestore'[39m
Chrome Headless 139.0.0.0 (Windows 10): Executed 213 of 1370[31m (87 FAILED)[39m (0 secs / 3.426 secs)
ERROR: '2025-08-25T14:21:43.725Z ERROR MEDIUM [BookingService].loadBookings  Expected first argument to collection() to be a CollectionReference, a DocumentReference or FirebaseFirestore'
[1A[2KERROR: [36m'Error Stack:', 'FirebaseError: Expected first argument to collection() to be a CollectionReference, a DocumentReference or FirebaseFirestore'[39m
Chrome Headless 139.0.0.0 (Windows 10): Executed 213 of 1370[31m (87 FAILED)[39m (0 secs / 3.426 secs)
ERROR: 'Error Stack:', 'FirebaseError: Expected first argument to collection() to be a CollectionReference, a DocumentReference or FirebaseFirestore'
[1A[2KERROR: [36m'Error Context:', Object{timestamp: '2025-08-25T14:21:43.725Z', component: 'BookingService', method: 'loadBookings', data: '{"operation":"loadBookings","firebaseError":true}'}[39m
Chrome Headless 139.0.0.0 (Windows 10): Executed 213 of 1370[31m (87 FAILED)[39m (0 secs / 3.426 secs)
ERROR: 'Error Context:', Object{timestamp: '2025-08-25T14:21:43.725Z', component: 'BookingService', method: 'loadBookings', data: '{"operation":"loadBookings","firebaseError":true}'}
[1A[2KLOG: [36m'­ƒöä RoleService: Loading user role for:', 'mock-user-id'[39m
Chrome Headless 139.0.0.0 (Windows 10): Executed 213 of 1370[31m (87 FAILED)[39m (0 secs / 3.426 secs)
LOG: '­ƒöä RoleService: Loading user role for:', 'mock-user-id'
[1A[2KERROR: [36m'ÔØî RoleService: Error in loadUserRole:', FirebaseError: [code=invalid-argument]: Expected first argument to collection() to be a CollectionReference, a DocumentReference or FirebaseFirestore
FirebaseError: Expected first argument to collection() to be a CollectionReference, a DocumentReference or FirebaseFirestore[39m
Chrome Headless 139.0.0.0 (Windows 10): Executed 213 of 1370[31m (87 FAILED)[39m (0 secs / 3.426 secs)
ERROR: 'ÔØî RoleService: Error in loadUserRole:', FirebaseError: [code=invalid-argument]: Expected first argument to collection() to be a CollectionReference, a DocumentReference or FirebaseFirestore
FirebaseError: Expected first argument to collection() to be a CollectionReference, a DocumentReference or FirebaseFirestore
[1A[2KERROR: [36m'Error carregant par├ámetres del sistema:', FirebaseError: [code=invalid-argument]: Expected first argument to collection() to be a CollectionReference, a DocumentReference or FirebaseFirestore
FirebaseError: Expected first argument to collection() to be a CollectionReference, a DocumentReference or FirebaseFirestore[39m
Chrome Headless 139.0.0.0 (Windows 10): Executed 213 of 1370[31m (87 FAILED)[39m (0 secs / 3.426 secs)
ERROR: 'Error carregant par├ámetres del sistema:', FirebaseError: [code=invalid-argument]: Expected first argument to collection() to be a CollectionReference, a DocumentReference or FirebaseFirestore
FirebaseError: Expected first argument to collection() to be a CollectionReference, a DocumentReference or FirebaseFirestore
[1A[2KERROR: [36m'2025-08-25T14:21:43.730Z ERROR MEDIUM [FirebaseServicesService].loadServices  Expected first argument to collection() to be a CollectionReference, a DocumentReference or FirebaseFirestore'[39m
Chrome Headless 139.0.0.0 (Windows 10): Executed 213 of 1370[31m (87 FAILED)[39m (0 secs / 3.426 secs)
ERROR: '2025-08-25T14:21:43.730Z ERROR MEDIUM [FirebaseServicesService].loadServices  Expected first argument to collection() to be a CollectionReference, a DocumentReference or FirebaseFirestore'
[1A[2KERROR: [36m'Error Stack:', 'FirebaseError: Expected first argument to collection() to be a CollectionReference, a DocumentReference or FirebaseFirestore'[39m
Chrome Headless 139.0.0.0 (Windows 10): Executed 213 of 1370[31m (87 FAILED)[39m (0 secs / 3.426 secs)
ERROR: 'Error Stack:', 'FirebaseError: Expected first argument to collection() to be a CollectionReference, a DocumentReference or FirebaseFirestore'
[1A[2KERROR: [36m'Error Context:', Object{timestamp: '2025-08-25T14:21:43.730Z', component: 'FirebaseServicesService', method: 'loadServices', data: '{"operation":"loadServices","firebaseError":true}'}[39m
Chrome Headless 139.0.0.0 (Windows 10): Executed 213 of 1370[31m (87 FAILED)[39m (0 secs / 3.426 secs)
ERROR: 'Error Context:', Object{timestamp: '2025-08-25T14:21:43.730Z', component: 'FirebaseServicesService', method: 'loadServices', data: '{"operation":"loadServices","firebaseError":true}'}
[1A[2KERROR: [36m'2025-08-25T14:21:43.731Z ERROR MEDIUM [FirebaseServicesService].loadCustomCategories  Expected first argument to collection() to be a CollectionReference, a DocumentReference or FirebaseFirestore'[39m
Chrome Headless 139.0.0.0 (Windows 10): Executed 213 of 1370[31m (87 FAILED)[39m (0 secs / 3.426 secs)
ERROR: '2025-08-25T14:21:43.731Z ERROR MEDIUM [FirebaseServicesService].loadCustomCategories  Expected first argument to collection() to be a CollectionReference, a DocumentReference or FirebaseFirestore'
[1A[2KERROR: [36m'Error Stack:', 'FirebaseError: Expected first argument to collection() to be a CollectionReference, a DocumentReference or FirebaseFirestore'[39m
Chrome Headless 139.0.0.0 (Windows 10): Executed 213 of 1370[31m (87 FAILED)[39m (0 secs / 3.426 secs)
ERROR: 'Error Stack:', 'FirebaseError: Expected first argument to collection() to be a CollectionReference, a DocumentReference or FirebaseFirestore'
[1A[2KERROR: [36m'Error Context:', Object{timestamp: '2025-08-25T14:21:43.731Z', component: 'FirebaseServicesService', method: 'loadCustomCategories', data: '{"operation":"loadCustomCategories","firebaseError":true}'}[39m
Chrome Headless 139.0.0.0 (Windows 10): Executed 213 of 1370[31m (87 FAILED)[39m (0 secs / 3.426 secs)
ERROR: 'Error Context:', Object{timestamp: '2025-08-25T14:21:43.731Z', component: 'FirebaseServicesService', method: 'loadCustomCategories', data: '{"operation":"loadCustomCategories","firebaseError":true}'}
[1A[2K[31mChrome Headless 139.0.0.0 (Windows 10) AppointmentDetailPageComponent Method Functionality should check if date is today FAILED[39m
	TypeError: Cannot read properties of undefined (reading 'subscribe')
	    at new _ConfirmDialog (node_modules/primeng/fesm2022/primeng-confirmdialog.mjs:322:75)
	    at NodeInjectorFactory._ConfirmDialog_Factory [as factory] (ng:///_ConfirmDialog/╔Áfac.js:4:10)
	    at getNodeInjectable (node_modules/@angular/core/fesm2022/debug_node.mjs:1989:44)
	    at instantiateAllDirectives (node_modules/@angular/core/fesm2022/debug_node.mjs:8170:27)
	    at createDirectivesInstances (node_modules/@angular/core/fesm2022/debug_node.mjs:7943:5)
	    at ╔Á╔ÁelementStart (node_modules/@angular/core/fesm2022/debug_node.mjs:22419:9)
	    at PopupDialogComponent2_Template (ng:///PopupDialogComponent2.js:64:9)
	    at executeTemplate (node_modules/@angular/core/fesm2022/debug_node.mjs:7929:9)
	    at renderView (node_modules/@angular/core/fesm2022/debug_node.mjs:8545:13)
	    at renderComponent (node_modules/@angular/core/fesm2022/debug_node.mjs:8490:5)
Chrome Headless 139.0.0.0 (Windows 10): Executed 214 of 1370[31m (88 FAILED)[39m (0 secs / 3.431 secs)
[1A[2KERROR: [36m'2025-08-25T14:21:43.732Z ERROR MEDIUM [BookingService].loadBookings  Expected first argument to collection() to be a CollectionReference, a DocumentReference or FirebaseFirestore'[39m
Chrome Headless 139.0.0.0 (Windows 10): Executed 214 of 1370[31m (88 FAILED)[39m (0 secs / 3.431 secs)
ERROR: '2025-08-25T14:21:43.732Z ERROR MEDIUM [BookingService].loadBookings  Expected first argument to collection() to be a CollectionReference, a DocumentReference or FirebaseFirestore'
[1A[2KERROR: [36m'Error Stack:', 'FirebaseError: Expected first argument to collection() to be a CollectionReference, a DocumentReference or FirebaseFirestore'[39m
Chrome Headless 139.0.0.0 (Windows 10): Executed 214 of 1370[31m (88 FAILED)[39m (0 secs / 3.431 secs)
ERROR: 'Error Stack:', 'FirebaseError: Expected first argument to collection() to be a CollectionReference, a DocumentReference or FirebaseFirestore'
[1A[2KERROR: [36m'Error Context:', Object{timestamp: '2025-08-25T14:21:43.732Z', component: 'BookingService', method: 'loadBookings', data: '{"operation":"loadBookings","firebaseError":true}'}[39m
Chrome Headless 139.0.0.0 (Windows 10): Executed 214 of 1370[31m (88 FAILED)[39m (0 secs / 3.431 secs)
ERROR: 'Error Context:', Object{timestamp: '2025-08-25T14:21:43.732Z', component: 'BookingService', method: 'loadBookings', data: '{"operation":"loadBookings","firebaseError":true}'}
[1A[2KLOG: [36m'­ƒöä RoleService: Loading user role for:', 'mock-user-id'[39m
Chrome Headless 139.0.0.0 (Windows 10): Executed 214 of 1370[31m (88 FAILED)[39m (0 secs / 3.431 secs)
LOG: '­ƒöä RoleService: Loading user role for:', 'mock-user-id'
[1A[2KERROR: [36m'ÔØî RoleService: Error in loadUserRole:', FirebaseError: [code=invalid-argument]: Expected first argument to collection() to be a CollectionReference, a DocumentReference or FirebaseFirestore
FirebaseError: Expected first argument to collection() to be a CollectionReference, a DocumentReference or FirebaseFirestore[39m
Chrome Headless 139.0.0.0 (Windows 10): Executed 214 of 1370[31m (88 FAILED)[39m (0 secs / 3.431 secs)
ERROR: 'ÔØî RoleService: Error in loadUserRole:', FirebaseError: [code=invalid-argument]: Expected first argument to collection() to be a CollectionReference, a DocumentReference or FirebaseFirestore
FirebaseError: Expected first argument to collection() to be a CollectionReference, a DocumentReference or FirebaseFirestore
[1A[2KERROR: [36m'Error carregant par├ámetres del sistema:', FirebaseError: [code=invalid-argument]: Expected first argument to collection() to be a CollectionReference, a DocumentReference or FirebaseFirestore
FirebaseError: Expected first argument to collection() to be a CollectionReference, a DocumentReference or FirebaseFirestore[39m
Chrome Headless 139.0.0.0 (Windows 10): Executed 214 of 1370[31m (88 FAILED)[39m (0 secs / 3.431 secs)
ERROR: 'Error carregant par├ámetres del sistema:', FirebaseError: [code=invalid-argument]: Expected first argument to collection() to be a CollectionReference, a DocumentReference or FirebaseFirestore
FirebaseError: Expected first argument to collection() to be a CollectionReference, a DocumentReference or FirebaseFirestore
[1A[2KERROR: [36m'2025-08-25T14:21:43.736Z ERROR MEDIUM [FirebaseServicesService].loadServices  Expected first argument to collection() to be a CollectionReference, a DocumentReference or FirebaseFirestore'[39m
Chrome Headless 139.0.0.0 (Windows 10): Executed 214 of 1370[31m (88 FAILED)[39m (0 secs / 3.431 secs)
ERROR: '2025-08-25T14:21:43.736Z ERROR MEDIUM [FirebaseServicesService].loadServices  Expected first argument to collection() to be a CollectionReference, a DocumentReference or FirebaseFirestore'
[1A[2KERROR: [36m'Error Stack:', 'FirebaseError: Expected first argument to collection() to be a CollectionReference, a DocumentReference or FirebaseFirestore'[39m
Chrome Headless 139.0.0.0 (Windows 10): Executed 214 of 1370[31m (88 FAILED)[39m (0 secs / 3.431 secs)
ERROR: 'Error Stack:', 'FirebaseError: Expected first argument to collection() to be a CollectionReference, a DocumentReference or FirebaseFirestore'
[1A[2KERROR: [36m'Error Context:', Object{timestamp: '2025-08-25T14:21:43.736Z', component: 'FirebaseServicesService', method: 'loadServices', data: '{"operation":"loadServices","firebaseError":true}'}[39m
Chrome Headless 139.0.0.0 (Windows 10): Executed 214 of 1370[31m (88 FAILED)[39m (0 secs / 3.431 secs)
ERROR: 'Error Context:', Object{timestamp: '2025-08-25T14:21:43.736Z', component: 'FirebaseServicesService', method: 'loadServices', data: '{"operation":"loadServices","firebaseError":true}'}
[1A[2KERROR: [36m'2025-08-25T14:21:43.736Z ERROR MEDIUM [FirebaseServicesService].loadCustomCategories  Expected first argument to collection() to be a CollectionReference, a DocumentReference or FirebaseFirestore'[39m
Chrome Headless 139.0.0.0 (Windows 10): Executed 214 of 1370[31m (88 FAILED)[39m (0 secs / 3.431 secs)
ERROR: '2025-08-25T14:21:43.736Z ERROR MEDIUM [FirebaseServicesService].loadCustomCategories  Expected first argument to collection() to be a CollectionReference, a DocumentReference or FirebaseFirestore'
[1A[2KERROR: [36m'Error Stack:', 'FirebaseError: Expected first argument to collection() to be a CollectionReference, a DocumentReference or FirebaseFirestore'[39m
Chrome Headless 139.0.0.0 (Windows 10): Executed 214 of 1370[31m (88 FAILED)[39m (0 secs / 3.431 secs)
ERROR: 'Error Stack:', 'FirebaseError: Expected first argument to collection() to be a CollectionReference, a DocumentReference or FirebaseFirestore'
[1A[2KERROR: [36m'Error Context:', Object{timestamp: '2025-08-25T14:21:43.736Z', component: 'FirebaseServicesService', method: 'loadCustomCategories', data: '{"operation":"loadCustomCategories","firebaseError":true}'}[39m
Chrome Headless 139.0.0.0 (Windows 10): Executed 214 of 1370[31m (88 FAILED)[39m (0 secs / 3.431 secs)
ERROR: 'Error Context:', Object{timestamp: '2025-08-25T14:21:43.736Z', component: 'FirebaseServicesService', method: 'loadCustomCategories', data: '{"operation":"loadCustomCategories","firebaseError":true}'}
[1A[2K[31mChrome Headless 139.0.0.0 (Windows 10) AppointmentDetailPageComponent Method Functionality should check if date is past FAILED[39m
	TypeError: Cannot read properties of undefined (reading 'subscribe')
	    at new _ConfirmDialog (node_modules/primeng/fesm2022/primeng-confirmdialog.mjs:322:75)
	    at NodeInjectorFactory._ConfirmDialog_Factory [as factory] (ng:///_ConfirmDialog/╔Áfac.js:4:10)
	    at getNodeInjectable (node_modules/@angular/core/fesm2022/debug_node.mjs:1989:44)
	    at instantiateAllDirectives (node_modules/@angular/core/fesm2022/debug_node.mjs:8170:27)
	    at createDirectivesInstances (node_modules/@angular/core/fesm2022/debug_node.mjs:7943:5)
	    at ╔Á╔ÁelementStart (node_modules/@angular/core/fesm2022/debug_node.mjs:22419:9)
	    at PopupDialogComponent2_Template (ng:///PopupDialogComponent2.js:64:9)
	    at executeTemplate (node_modules/@angular/core/fesm2022/debug_node.mjs:7929:9)
	    at renderView (node_modules/@angular/core/fesm2022/debug_node.mjs:8545:13)
	    at renderComponent (node_modules/@angular/core/fesm2022/debug_node.mjs:8490:5)
Chrome Headless 139.0.0.0 (Windows 10): Executed 215 of 1370[31m (89 FAILED)[39m (0 secs / 3.435 secs)
[1A[2KERROR: [36m'2025-08-25T14:21:43.737Z ERROR MEDIUM [BookingService].loadBookings  Expected first argument to collection() to be a CollectionReference, a DocumentReference or FirebaseFirestore'[39m
Chrome Headless 139.0.0.0 (Windows 10): Executed 215 of 1370[31m (89 FAILED)[39m (0 secs / 3.435 secs)
ERROR: '2025-08-25T14:21:43.737Z ERROR MEDIUM [BookingService].loadBookings  Expected first argument to collection() to be a CollectionReference, a DocumentReference or FirebaseFirestore'
[1A[2KERROR: [36m'Error Stack:', 'FirebaseError: Expected first argument to collection() to be a CollectionReference, a DocumentReference or FirebaseFirestore'[39m
Chrome Headless 139.0.0.0 (Windows 10): Executed 215 of 1370[31m (89 FAILED)[39m (0 secs / 3.435 secs)
ERROR: 'Error Stack:', 'FirebaseError: Expected first argument to collection() to be a CollectionReference, a DocumentReference or FirebaseFirestore'
[1A[2KERROR: [36m'Error Context:', Object{timestamp: '2025-08-25T14:21:43.737Z', component: 'BookingService', method: 'loadBookings', data: '{"operation":"loadBookings","firebaseError":true}'}[39m
Chrome Headless 139.0.0.0 (Windows 10): Executed 215 of 1370[31m (89 FAILED)[39m (0 secs / 3.435 secs)
ERROR: 'Error Context:', Object{timestamp: '2025-08-25T14:21:43.737Z', component: 'BookingService', method: 'loadBookings', data: '{"operation":"loadBookings","firebaseError":true}'}
[1A[2KLOG: [36m'­ƒöä RoleService: Loading user role for:', 'mock-user-id'[39m
Chrome Headless 139.0.0.0 (Windows 10): Executed 215 of 1370[31m (89 FAILED)[39m (0 secs / 3.435 secs)
LOG: '­ƒöä RoleService: Loading user role for:', 'mock-user-id'
[1A[2KERROR: [36m'ÔØî RoleService: Error in loadUserRole:', FirebaseError: [code=invalid-argument]: Expected first argument to collection() to be a CollectionReference, a DocumentReference or FirebaseFirestore
FirebaseError: Expected first argument to collection() to be a CollectionReference, a DocumentReference or FirebaseFirestore[39m
Chrome Headless 139.0.0.0 (Windows 10): Executed 215 of 1370[31m (89 FAILED)[39m (0 secs / 3.435 secs)
ERROR: 'ÔØî RoleService: Error in loadUserRole:', FirebaseError: [code=invalid-argument]: Expected first argument to collection() to be a CollectionReference, a DocumentReference or FirebaseFirestore
FirebaseError: Expected first argument to collection() to be a CollectionReference, a DocumentReference or FirebaseFirestore
[1A[2KERROR: [36m'Error carregant par├ámetres del sistema:', FirebaseError: [code=invalid-argument]: Expected first argument to collection() to be a CollectionReference, a DocumentReference or FirebaseFirestore
FirebaseError: Expected first argument to collection() to be a CollectionReference, a DocumentReference or FirebaseFirestore[39m
Chrome Headless 139.0.0.0 (Windows 10): Executed 215 of 1370[31m (89 FAILED)[39m (0 secs / 3.435 secs)
ERROR: 'Error carregant par├ámetres del sistema:', FirebaseError: [code=invalid-argument]: Expected first argument to collection() to be a CollectionReference, a DocumentReference or FirebaseFirestore
FirebaseError: Expected first argument to collection() to be a CollectionReference, a DocumentReference or FirebaseFirestore
[1A[2KERROR: [36m'2025-08-25T14:21:43.741Z ERROR MEDIUM [FirebaseServicesService].loadServices  Expected first argument to collection() to be a CollectionReference, a DocumentReference or FirebaseFirestore'[39m
Chrome Headless 139.0.0.0 (Windows 10): Executed 215 of 1370[31m (89 FAILED)[39m (0 secs / 3.435 secs)
ERROR: '2025-08-25T14:21:43.741Z ERROR MEDIUM [FirebaseServicesService].loadServices  Expected first argument to collection() to be a CollectionReference, a DocumentReference or FirebaseFirestore'
[1A[2KERROR: [36m'Error Stack:', 'FirebaseError: Expected first argument to collection() to be a CollectionReference, a DocumentReference or FirebaseFirestore'[39m
Chrome Headless 139.0.0.0 (Windows 10): Executed 215 of 1370[31m (89 FAILED)[39m (0 secs / 3.435 secs)
ERROR: 'Error Stack:', 'FirebaseError: Expected first argument to collection() to be a CollectionReference, a DocumentReference or FirebaseFirestore'
[1A[2KERROR: [36m'Error Context:', Object{timestamp: '2025-08-25T14:21:43.741Z', component: 'FirebaseServicesService', method: 'loadServices', data: '{"operation":"loadServices","firebaseError":true}'}[39m
Chrome Headless 139.0.0.0 (Windows 10): Executed 215 of 1370[31m (89 FAILED)[39m (0 secs / 3.435 secs)
ERROR: 'Error Context:', Object{timestamp: '2025-08-25T14:21:43.741Z', component: 'FirebaseServicesService', method: 'loadServices', data: '{"operation":"loadServices","firebaseError":true}'}
[1A[2KERROR: [36m'2025-08-25T14:21:43.742Z ERROR MEDIUM [FirebaseServicesService].loadCustomCategories  Expected first argument to collection() to be a CollectionReference, a DocumentReference or FirebaseFirestore'[39m
Chrome Headless 139.0.0.0 (Windows 10): Executed 215 of 1370[31m (89 FAILED)[39m (0 secs / 3.435 secs)
ERROR: '2025-08-25T14:21:43.742Z ERROR MEDIUM [FirebaseServicesService].loadCustomCategories  Expected first argument to collection() to be a CollectionReference, a DocumentReference or FirebaseFirestore'
[1A[2KERROR: [36m'Error Stack:', 'FirebaseError: Expected first argument to collection() to be a CollectionReference, a DocumentReference or FirebaseFirestore'[39m
Chrome Headless 139.0.0.0 (Windows 10): Executed 215 of 1370[31m (89 FAILED)[39m (0 secs / 3.435 secs)
ERROR: 'Error Stack:', 'FirebaseError: Expected first argument to collection() to be a CollectionReference, a DocumentReference or FirebaseFirestore'
[1A[2KERROR: [36m'Error Context:', Object{timestamp: '2025-08-25T14:21:43.742Z', component: 'FirebaseServicesService', method: 'loadCustomCategories', data: '{"operation":"loadCustomCategories","firebaseError":true}'}[39m
Chrome Headless 139.0.0.0 (Windows 10): Executed 215 of 1370[31m (89 FAILED)[39m (0 secs / 3.435 secs)
ERROR: 'Error Context:', Object{timestamp: '2025-08-25T14:21:43.742Z', component: 'FirebaseServicesService', method: 'loadCustomCategories', data: '{"operation":"loadCustomCategories","firebaseError":true}'}
[1A[2K[31mChrome Headless 139.0.0.0 (Windows 10) AppointmentDetailPageComponent Method Functionality should format date correctly FAILED[39m
	TypeError: Cannot read properties of undefined (reading 'subscribe')
	    at new _ConfirmDialog (node_modules/primeng/fesm2022/primeng-confirmdialog.mjs:322:75)
	    at NodeInjectorFactory._ConfirmDialog_Factory [as factory] (ng:///_ConfirmDialog/╔Áfac.js:4:10)
	    at getNodeInjectable (node_modules/@angular/core/fesm2022/debug_node.mjs:1989:44)
	    at instantiateAllDirectives (node_modules/@angular/core/fesm2022/debug_node.mjs:8170:27)
	    at createDirectivesInstances (node_modules/@angular/core/fesm2022/debug_node.mjs:7943:5)
	    at ╔Á╔ÁelementStart (node_modules/@angular/core/fesm2022/debug_node.mjs:22419:9)
	    at PopupDialogComponent2_Template (ng:///PopupDialogComponent2.js:64:9)
	    at executeTemplate (node_modules/@angular/core/fesm2022/debug_node.mjs:7929:9)
	    at renderView (node_modules/@angular/core/fesm2022/debug_node.mjs:8545:13)
	    at renderComponent (node_modules/@angular/core/fesm2022/debug_node.mjs:8490:5)
Chrome Headless 139.0.0.0 (Windows 10): Executed 216 of 1370[31m (90 FAILED)[39m (0 secs / 3.439 secs)
[1A[2KERROR: [36m'2025-08-25T14:21:43.743Z ERROR MEDIUM [BookingService].loadBookings  Expected first argument to collection() to be a CollectionReference, a DocumentReference or FirebaseFirestore'[39m
Chrome Headless 139.0.0.0 (Windows 10): Executed 216 of 1370[31m (90 FAILED)[39m (0 secs / 3.439 secs)
ERROR: '2025-08-25T14:21:43.743Z ERROR MEDIUM [BookingService].loadBookings  Expected first argument to collection() to be a CollectionReference, a DocumentReference or FirebaseFirestore'
[1A[2KERROR: [36m'Error Stack:', 'FirebaseError: Expected first argument to collection() to be a CollectionReference, a DocumentReference or FirebaseFirestore'[39m
Chrome Headless 139.0.0.0 (Windows 10): Executed 216 of 1370[31m (90 FAILED)[39m (0 secs / 3.439 secs)
ERROR: 'Error Stack:', 'FirebaseError: Expected first argument to collection() to be a CollectionReference, a DocumentReference or FirebaseFirestore'
[1A[2KERROR: [36m'Error Context:', Object{timestamp: '2025-08-25T14:21:43.743Z', component: 'BookingService', method: 'loadBookings', data: '{"operation":"loadBookings","firebaseError":true}'}[39m
Chrome Headless 139.0.0.0 (Windows 10): Executed 216 of 1370[31m (90 FAILED)[39m (0 secs / 3.439 secs)
ERROR: 'Error Context:', Object{timestamp: '2025-08-25T14:21:43.743Z', component: 'BookingService', method: 'loadBookings', data: '{"operation":"loadBookings","firebaseError":true}'}
[1A[2KLOG: [36m'­ƒöä RoleService: Loading user role for:', 'mock-user-id'[39m
Chrome Headless 139.0.0.0 (Windows 10): Executed 216 of 1370[31m (90 FAILED)[39m (0 secs / 3.439 secs)
LOG: '­ƒöä RoleService: Loading user role for:', 'mock-user-id'
[1A[2KERROR: [36m'ÔØî RoleService: Error in loadUserRole:', FirebaseError: [code=invalid-argument]: Expected first argument to collection() to be a CollectionReference, a DocumentReference or FirebaseFirestore
FirebaseError: Expected first argument to collection() to be a CollectionReference, a DocumentReference or FirebaseFirestore[39m
Chrome Headless 139.0.0.0 (Windows 10): Executed 216 of 1370[31m (90 FAILED)[39m (0 secs / 3.439 secs)
ERROR: 'ÔØî RoleService: Error in loadUserRole:', FirebaseError: [code=invalid-argument]: Expected first argument to collection() to be a CollectionReference, a DocumentReference or FirebaseFirestore
FirebaseError: Expected first argument to collection() to be a CollectionReference, a DocumentReference or FirebaseFirestore
[1A[2KERROR: [36m'Error carregant par├ámetres del sistema:', FirebaseError: [code=invalid-argument]: Expected first argument to collection() to be a CollectionReference, a DocumentReference or FirebaseFirestore
FirebaseError: Expected first argument to collection() to be a CollectionReference, a DocumentReference or FirebaseFirestore[39m
Chrome Headless 139.0.0.0 (Windows 10): Executed 216 of 1370[31m (90 FAILED)[39m (0 secs / 3.439 secs)
ERROR: 'Error carregant par├ámetres del sistema:', FirebaseError: [code=invalid-argument]: Expected first argument to collection() to be a CollectionReference, a DocumentReference or FirebaseFirestore
FirebaseError: Expected first argument to collection() to be a CollectionReference, a DocumentReference or FirebaseFirestore
[1A[2KERROR: [36m'2025-08-25T14:21:43.748Z ERROR MEDIUM [FirebaseServicesService].loadServices  Expected first argument to collection() to be a CollectionReference, a DocumentReference or FirebaseFirestore'[39m
Chrome Headless 139.0.0.0 (Windows 10): Executed 216 of 1370[31m (90 FAILED)[39m (0 secs / 3.439 secs)
ERROR: '2025-08-25T14:21:43.748Z ERROR MEDIUM [FirebaseServicesService].loadServices  Expected first argument to collection() to be a CollectionReference, a DocumentReference or FirebaseFirestore'
[1A[2KERROR: [36m'Error Stack:', 'FirebaseError: Expected first argument to collection() to be a CollectionReference, a DocumentReference or FirebaseFirestore'[39m
Chrome Headless 139.0.0.0 (Windows 10): Executed 216 of 1370[31m (90 FAILED)[39m (0 secs / 3.439 secs)
ERROR: 'Error Stack:', 'FirebaseError: Expected first argument to collection() to be a CollectionReference, a DocumentReference or FirebaseFirestore'
[1A[2KERROR: [36m'Error Context:', Object{timestamp: '2025-08-25T14:21:43.748Z', component: 'FirebaseServicesService', method: 'loadServices', data: '{"operation":"loadServices","firebaseError":true}'}[39m
Chrome Headless 139.0.0.0 (Windows 10): Executed 216 of 1370[31m (90 FAILED)[39m (0 secs / 3.439 secs)
ERROR: 'Error Context:', Object{timestamp: '2025-08-25T14:21:43.748Z', component: 'FirebaseServicesService', method: 'loadServices', data: '{"operation":"loadServices","firebaseError":true}'}
[1A[2KERROR: [36m'2025-08-25T14:21:43.748Z ERROR MEDIUM [FirebaseServicesService].loadCustomCategories  Expected first argument to collection() to be a CollectionReference, a DocumentReference or FirebaseFirestore'[39m
Chrome Headless 139.0.0.0 (Windows 10): Executed 216 of 1370[31m (90 FAILED)[39m (0 secs / 3.439 secs)
ERROR: '2025-08-25T14:21:43.748Z ERROR MEDIUM [FirebaseServicesService].loadCustomCategories  Expected first argument to collection() to be a CollectionReference, a DocumentReference or FirebaseFirestore'
[1A[2KERROR: [36m'Error Stack:', 'FirebaseError: Expected first argument to collection() to be a CollectionReference, a DocumentReference or FirebaseFirestore'[39m
Chrome Headless 139.0.0.0 (Windows 10): Executed 216 of 1370[31m (90 FAILED)[39m (0 secs / 3.439 secs)
ERROR: 'Error Stack:', 'FirebaseError: Expected first argument to collection() to be a CollectionReference, a DocumentReference or FirebaseFirestore'
[1A[2KERROR: [36m'Error Context:', Object{timestamp: '2025-08-25T14:21:43.748Z', component: 'FirebaseServicesService', method: 'loadCustomCategories', data: '{"operation":"loadCustomCategories","firebaseError":true}'}[39m
Chrome Headless 139.0.0.0 (Windows 10): Executed 216 of 1370[31m (90 FAILED)[39m (0 secs / 3.439 secs)
ERROR: 'Error Context:', Object{timestamp: '2025-08-25T14:21:43.748Z', component: 'FirebaseServicesService', method: 'loadCustomCategories', data: '{"operation":"loadCustomCategories","firebaseError":true}'}
[1A[2K[31mChrome Headless 139.0.0.0 (Windows 10) AppointmentDetailPageComponent Method Functionality should format time correctly FAILED[39m
	TypeError: Cannot read properties of undefined (reading 'subscribe')
	    at new _ConfirmDialog (node_modules/primeng/fesm2022/primeng-confirmdialog.mjs:322:75)
	    at NodeInjectorFactory._ConfirmDialog_Factory [as factory] (ng:///_ConfirmDialog/╔Áfac.js:4:10)
	    at getNodeInjectable (node_modules/@angular/core/fesm2022/debug_node.mjs:1989:44)
	    at instantiateAllDirectives (node_modules/@angular/core/fesm2022/debug_node.mjs:8170:27)
	    at createDirectivesInstances (node_modules/@angular/core/fesm2022/debug_node.mjs:7943:5)
	    at ╔Á╔ÁelementStart (node_modules/@angular/core/fesm2022/debug_node.mjs:22419:9)
	    at PopupDialogComponent2_Template (ng:///PopupDialogComponent2.js:64:9)
	    at executeTemplate (node_modules/@angular/core/fesm2022/debug_node.mjs:7929:9)
	    at renderView (node_modules/@angular/core/fesm2022/debug_node.mjs:8545:13)
	    at renderComponent (node_modules/@angular/core/fesm2022/debug_node.mjs:8490:5)
Chrome Headless 139.0.0.0 (Windows 10): Executed 217 of 1370[31m (91 FAILED)[39m (0 secs / 3.444 secs)
[1A[2KERROR: [36m'2025-08-25T14:21:43.749Z ERROR MEDIUM [BookingService].loadBookings  Expected first argument to collection() to be a CollectionReference, a DocumentReference or FirebaseFirestore'[39m
Chrome Headless 139.0.0.0 (Windows 10): Executed 217 of 1370[31m (91 FAILED)[39m (0 secs / 3.444 secs)
ERROR: '2025-08-25T14:21:43.749Z ERROR MEDIUM [BookingService].loadBookings  Expected first argument to collection() to be a CollectionReference, a DocumentReference or FirebaseFirestore'
[1A[2KERROR: [36m'Error Stack:', 'FirebaseError: Expected first argument to collection() to be a CollectionReference, a DocumentReference or FirebaseFirestore'[39m
Chrome Headless 139.0.0.0 (Windows 10): Executed 217 of 1370[31m (91 FAILED)[39m (0 secs / 3.444 secs)
ERROR: 'Error Stack:', 'FirebaseError: Expected first argument to collection() to be a CollectionReference, a DocumentReference or FirebaseFirestore'
[1A[2KERROR: [36m'Error Context:', Object{timestamp: '2025-08-25T14:21:43.749Z', component: 'BookingService', method: 'loadBookings', data: '{"operation":"loadBookings","firebaseError":true}'}[39m
Chrome Headless 139.0.0.0 (Windows 10): Executed 217 of 1370[31m (91 FAILED)[39m (0 secs / 3.444 secs)
ERROR: 'Error Context:', Object{timestamp: '2025-08-25T14:21:43.749Z', component: 'BookingService', method: 'loadBookings', data: '{"operation":"loadBookings","firebaseError":true}'}
[1A[2KChrome Headless 139.0.0.0 (Windows 10): Executed 218 of 1370[31m (91 FAILED)[39m (0 secs / 3.45 secs)
[1A[2KChrome Headless 139.0.0.0 (Windows 10): Executed 219 of 1370[31m (91 FAILED)[39m (0 secs / 3.451 secs)
[1A[2KChrome Headless 139.0.0.0 (Windows 10): Executed 220 of 1370[31m (91 FAILED)[39m (0 secs / 3.452 secs)
[1A[2KChrome Headless 139.0.0.0 (Windows 10): Executed 221 of 1370[31m (91 FAILED)[39m (0 secs / 3.454 secs)
[1A[2KChrome Headless 139.0.0.0 (Windows 10): Executed 222 of 1370[31m (91 FAILED)[39m (0 secs / 3.455 secs)
[1A[2KChrome Headless 139.0.0.0 (Windows 10): Executed 223 of 1370[31m (91 FAILED)[39m (0 secs / 3.456 secs)
[1A[2KChrome Headless 139.0.0.0 (Windows 10): Executed 224 of 1370[31m (91 FAILED)[39m (0 secs / 3.457 secs)
[1A[2KChrome Headless 139.0.0.0 (Windows 10): Executed 225 of 1370[31m (91 FAILED)[39m (0 secs / 3.458 secs)
[1A[2KChrome Headless 139.0.0.0 (Windows 10): Executed 226 of 1370[31m (91 FAILED)[39m (0 secs / 3.463 secs)
[1A[2KChrome Headless 139.0.0.0 (Windows 10): Executed 227 of 1370[31m (91 FAILED)[39m (0 secs / 3.464 secs)
[1A[2KChrome Headless 139.0.0.0 (Windows 10): Executed 228 of 1370[31m (91 FAILED)[39m (0 secs / 3.465 secs)
[1A[2KChrome Headless 139.0.0.0 (Windows 10): Executed 229 of 1370[31m (91 FAILED)[39m (0 secs / 3.466 secs)
[1A[2KChrome Headless 139.0.0.0 (Windows 10): Executed 230 of 1370[31m (91 FAILED)[39m (0 secs / 3.467 secs)
[1A[2KChrome Headless 139.0.0.0 (Windows 10): Executed 231 of 1370[31m (91 FAILED)[39m (0 secs / 3.469 secs)
[1A[2KChrome Headless 139.0.0.0 (Windows 10): Executed 232 of 1370[31m (91 FAILED)[39m (0 secs / 3.47 secs)
[1A[2KChrome Headless 139.0.0.0 (Windows 10): Executed 233 of 1370[31m (91 FAILED)[39m (0 secs / 3.471 secs)
[1A[2KChrome Headless 139.0.0.0 (Windows 10): Executed 234 of 1370[31m (91 FAILED)[39m (0 secs / 3.472 secs)
[1A[2KChrome Headless 139.0.0.0 (Windows 10): Executed 235 of 1370[31m (91 FAILED)[39m (0 secs / 3.473 secs)
[1A[2KChrome Headless 139.0.0.0 (Windows 10): Executed 236 of 1370[31m (91 FAILED)[39m (0 secs / 3.474 secs)
[1A[2KChrome Headless 139.0.0.0 (Windows 10): Executed 237 of 1370[31m (91 FAILED)[39m (0 secs / 3.475 secs)
[1A[2KChrome Headless 139.0.0.0 (Windows 10): Executed 238 of 1370[31m (91 FAILED)[39m (0 secs / 3.476 secs)
[1A[2KERROR: [36m'Error carregant par├ámetres del sistema:', FirebaseError: [code=invalid-argument]: Expected first argument to collection() to be a CollectionReference, a DocumentReference or FirebaseFirestore
FirebaseError: Expected first argument to collection() to be a CollectionReference, a DocumentReference or FirebaseFirestore[39m
Chrome Headless 139.0.0.0 (Windows 10): Executed 238 of 1370[31m (91 FAILED)[39m (0 secs / 3.476 secs)
ERROR: 'Error carregant par├ámetres del sistema:', FirebaseError: [code=invalid-argument]: Expected first argument to collection() to be a CollectionReference, a DocumentReference or FirebaseFirestore
FirebaseError: Expected first argument to collection() to be a CollectionReference, a DocumentReference or FirebaseFirestore
[1A[2KChrome Headless 139.0.0.0 (Windows 10): Executed 239 of 1370[31m (91 FAILED)[39m (0 secs / 3.478 secs)
[1A[2KERROR: [36m'Error carregant par├ámetres del sistema:', FirebaseError: [code=invalid-argument]: Expected first argument to collection() to be a CollectionReference, a DocumentReference or FirebaseFirestore
FirebaseError: Expected first argument to collection() to be a CollectionReference, a DocumentReference or FirebaseFirestore[39m
Chrome Headless 139.0.0.0 (Windows 10): Executed 239 of 1370[31m (91 FAILED)[39m (0 secs / 3.478 secs)
ERROR: 'Error carregant par├ámetres del sistema:', FirebaseError: [code=invalid-argument]: Expected first argument to collection() to be a CollectionReference, a DocumentReference or FirebaseFirestore
FirebaseError: Expected first argument to collection() to be a CollectionReference, a DocumentReference or FirebaseFirestore
[1A[2KChrome Headless 139.0.0.0 (Windows 10): Executed 240 of 1370[31m (91 FAILED)[39m (0 secs / 3.479 secs)
[1A[2KERROR: [36m'Error carregant par├ámetres del sistema:', FirebaseError: [code=invalid-argument]: Expected first argument to collection() to be a CollectionReference, a DocumentReference or FirebaseFirestore
FirebaseError: Expected first argument to collection() to be a CollectionReference, a DocumentReference or FirebaseFirestore[39m
Chrome Headless 139.0.0.0 (Windows 10): Executed 240 of 1370[31m (91 FAILED)[39m (0 secs / 3.479 secs)
ERROR: 'Error carregant par├ámetres del sistema:', FirebaseError: [code=invalid-argument]: Expected first argument to collection() to be a CollectionReference, a DocumentReference or FirebaseFirestore
FirebaseError: Expected first argument to collection() to be a CollectionReference, a DocumentReference or FirebaseFirestore
[1A[2KChrome Headless 139.0.0.0 (Windows 10): Executed 241 of 1370[31m (91 FAILED)[39m (0 secs / 3.48 secs)
[1A[2KERROR: [36m'Error carregant par├ámetres del sistema:', FirebaseError: [code=invalid-argument]: Expected first argument to collection() to be a CollectionReference, a DocumentReference or FirebaseFirestore
FirebaseError: Expected first argument to collection() to be a CollectionReference, a DocumentReference or FirebaseFirestore[39m
Chrome Headless 139.0.0.0 (Windows 10): Executed 241 of 1370[31m (91 FAILED)[39m (0 secs / 3.48 secs)
ERROR: 'Error carregant par├ámetres del sistema:', FirebaseError: [code=invalid-argument]: Expected first argument to collection() to be a CollectionReference, a DocumentReference or FirebaseFirestore
FirebaseError: Expected first argument to collection() to be a CollectionReference, a DocumentReference or FirebaseFirestore
[1A[2K[31mChrome Headless 139.0.0.0 (Windows 10) CalendarBusinessService Business Days should get business days for week starting from selected date FAILED[39m
	Expected 'Tue Jan 16 2024' to be 'Mon Jan 15 2024'.
	    at <Jasmine>
	    at UserContext.<anonymous> (spec-calendar-business.service.spec.js:69:46)
	    at _ZoneDelegate.invoke (node_modules/zone.js/fesm2015/zone.js:398:28)
	    at _ProxyZoneSpec.onInvoke (node_modules/zone.js/fesm2015/zone-testing.js:2132:39)
	    at _ZoneDelegate.invoke (node_modules/zone.js/fesm2015/zone.js:397:34)
Chrome Headless 139.0.0.0 (Windows 10): Executed 242 of 1370[31m (92 FAILED)[39m (0 secs / 3.482 secs)
[1A[2KERROR: [36m'Error carregant par├ámetres del sistema:', FirebaseError: [code=invalid-argument]: Expected first argument to collection() to be a CollectionReference, a DocumentReference or FirebaseFirestore
FirebaseError: Expected first argument to collection() to be a CollectionReference, a DocumentReference or FirebaseFirestore[39m
Chrome Headless 139.0.0.0 (Windows 10): Executed 242 of 1370[31m (92 FAILED)[39m (0 secs / 3.482 secs)
ERROR: 'Error carregant par├ámetres del sistema:', FirebaseError: [code=invalid-argument]: Expected first argument to collection() to be a CollectionReference, a DocumentReference or FirebaseFirestore
FirebaseError: Expected first argument to collection() to be a CollectionReference, a DocumentReference or FirebaseFirestore
[1A[2KChrome Headless 139.0.0.0 (Windows 10): Executed 243 of 1370[31m (92 FAILED)[39m (0 secs / 3.483 secs)
[1A[2KERROR: [36m'Error carregant par├ámetres del sistema:', FirebaseError: [code=invalid-argument]: Expected first argument to collection() to be a CollectionReference, a DocumentReference or FirebaseFirestore
FirebaseError: Expected first argument to collection() to be a CollectionReference, a DocumentReference or FirebaseFirestore[39m
Chrome Headless 139.0.0.0 (Windows 10): Executed 243 of 1370[31m (92 FAILED)[39m (0 secs / 3.483 secs)
ERROR: 'Error carregant par├ámetres del sistema:', FirebaseError: [code=invalid-argument]: Expected first argument to collection() to be a CollectionReference, a DocumentReference or FirebaseFirestore
FirebaseError: Expected first argument to collection() to be a CollectionReference, a DocumentReference or FirebaseFirestore
[1A[2KChrome Headless 139.0.0.0 (Windows 10): Executed 244 of 1370[31m (92 FAILED)[39m (0 secs / 3.484 secs)
[1A[2KERROR: [36m'Error carregant par├ámetres del sistema:', FirebaseError: [code=invalid-argument]: Expected first argument to collection() to be a CollectionReference, a DocumentReference or FirebaseFirestore
FirebaseError: Expected first argument to collection() to be a CollectionReference, a DocumentReference or FirebaseFirestore[39m
Chrome Headless 139.0.0.0 (Windows 10): Executed 244 of 1370[31m (92 FAILED)[39m (0 secs / 3.484 secs)
ERROR: 'Error carregant par├ámetres del sistema:', FirebaseError: [code=invalid-argument]: Expected first argument to collection() to be a CollectionReference, a DocumentReference or FirebaseFirestore
FirebaseError: Expected first argument to collection() to be a CollectionReference, a DocumentReference or FirebaseFirestore
[1A[2KChrome Headless 139.0.0.0 (Windows 10): Executed 245 of 1370[31m (92 FAILED)[39m (0 secs / 3.485 secs)
[1A[2KERROR: [36m'Error carregant par├ámetres del sistema:', FirebaseError: [code=invalid-argument]: Expected first argument to collection() to be a CollectionReference, a DocumentReference or FirebaseFirestore
FirebaseError: Expected first argument to collection() to be a CollectionReference, a DocumentReference or FirebaseFirestore[39m
Chrome Headless 139.0.0.0 (Windows 10): Executed 245 of 1370[31m (92 FAILED)[39m (0 secs / 3.485 secs)
ERROR: 'Error carregant par├ámetres del sistema:', FirebaseError: [code=invalid-argument]: Expected first argument to collection() to be a CollectionReference, a DocumentReference or FirebaseFirestore
FirebaseError: Expected first argument to collection() to be a CollectionReference, a DocumentReference or FirebaseFirestore
[1A[2KChrome Headless 139.0.0.0 (Windows 10): Executed 246 of 1370[31m (92 FAILED)[39m (0 secs / 3.486 secs)
[1A[2KERROR: [36m'Error carregant par├ámetres del sistema:', FirebaseError: [code=invalid-argument]: Expected first argument to collection() to be a CollectionReference, a DocumentReference or FirebaseFirestore
FirebaseError: Expected first argument to collection() to be a CollectionReference, a DocumentReference or FirebaseFirestore[39m
Chrome Headless 139.0.0.0 (Windows 10): Executed 246 of 1370[31m (92 FAILED)[39m (0 secs / 3.486 secs)
ERROR: 'Error carregant par├ámetres del sistema:', FirebaseError: [code=invalid-argument]: Expected first argument to collection() to be a CollectionReference, a DocumentReference or FirebaseFirestore
FirebaseError: Expected first argument to collection() to be a CollectionReference, a DocumentReference or FirebaseFirestore
[1A[2K[31mChrome Headless 139.0.0.0 (Windows 10) CalendarBusinessService Appointments should check if has available time slots FAILED[39m
	Expected false to be true.
	    at <Jasmine>
	    at UserContext.<anonymous> (spec-calendar-business.service.spec.js:129:65)
	    at _ZoneDelegate.invoke (node_modules/zone.js/fesm2015/zone.js:398:28)
	    at _ProxyZoneSpec.onInvoke (node_modules/zone.js/fesm2015/zone-testing.js:2132:39)
	    at _ZoneDelegate.invoke (node_modules/zone.js/fesm2015/zone.js:397:34)
Chrome Headless 139.0.0.0 (Windows 10): Executed 247 of 1370[31m (93 FAILED)[39m (0 secs / 3.487 secs)
[1A[2KERROR: [36m'Error carregant par├ámetres del sistema:', FirebaseError: [code=invalid-argument]: Expected first argument to collection() to be a CollectionReference, a DocumentReference or FirebaseFirestore
FirebaseError: Expected first argument to collection() to be a CollectionReference, a DocumentReference or FirebaseFirestore[39m
Chrome Headless 139.0.0.0 (Windows 10): Executed 247 of 1370[31m (93 FAILED)[39m (0 secs / 3.487 secs)
ERROR: 'Error carregant par├ámetres del sistema:', FirebaseError: [code=invalid-argument]: Expected first argument to collection() to be a CollectionReference, a DocumentReference or FirebaseFirestore
FirebaseError: Expected first argument to collection() to be a CollectionReference, a DocumentReference or FirebaseFirestore
[1A[2KChrome Headless 139.0.0.0 (Windows 10): Executed 248 of 1370[31m (93 FAILED)[39m (0 secs / 3.488 secs)
[1A[2KERROR: [36m'Error carregant par├ámetres del sistema:', FirebaseError: [code=invalid-argument]: Expected first argument to collection() to be a CollectionReference, a DocumentReference or FirebaseFirestore
FirebaseError: Expected first argument to collection() to be a CollectionReference, a DocumentReference or FirebaseFirestore[39m
Chrome Headless 139.0.0.0 (Windows 10): Executed 248 of 1370[31m (93 FAILED)[39m (0 secs / 3.488 secs)
ERROR: 'Error carregant par├ámetres del sistema:', FirebaseError: [code=invalid-argument]: Expected first argument to collection() to be a CollectionReference, a DocumentReference or FirebaseFirestore
FirebaseError: Expected first argument to collection() to be a CollectionReference, a DocumentReference or FirebaseFirestore
[1A[2KChrome Headless 139.0.0.0 (Windows 10): Executed 249 of 1370[31m (93 FAILED)[39m (0 secs / 3.489 secs)
[1A[2KERROR: [36m'Error carregant par├ámetres del sistema:', FirebaseError: [code=invalid-argument]: Expected first argument to collection() to be a CollectionReference, a DocumentReference or FirebaseFirestore
FirebaseError: Expected first argument to collection() to be a CollectionReference, a DocumentReference or FirebaseFirestore[39m
Chrome Headless 139.0.0.0 (Windows 10): Executed 249 of 1370[31m (93 FAILED)[39m (0 secs / 3.489 secs)
ERROR: 'Error carregant par├ámetres del sistema:', FirebaseError: [code=invalid-argument]: Expected first argument to collection() to be a CollectionReference, a DocumentReference or FirebaseFirestore
FirebaseError: Expected first argument to collection() to be a CollectionReference, a DocumentReference or FirebaseFirestore
[1A[2K[31mChrome Headless 139.0.0.0 (Windows 10) CalendarBusinessService Time Slots should generate time slots FAILED[39m
	Expected [ '08:00', '08:30', '09:00', '09:30', '10:00', '10:30', '11:00', '11:30', '12:00', '12:30', '13:00', '13:30', '14:00', '14:30', '15:00', '15:30', '16:00', '16:30', '17:00', '17:30', '18:00', '18:30', '19:00', '19:30' ] not to contain '13:00'.
	    at <Jasmine>
	    at UserContext.<anonymous> (spec-calendar-business.service.spec.js:96:25)
	    at _ZoneDelegate.invoke (node_modules/zone.js/fesm2015/zone.js:398:28)
	    at _ProxyZoneSpec.onInvoke (node_modules/zone.js/fesm2015/zone-testing.js:2132:39)
	    at _ZoneDelegate.invoke (node_modules/zone.js/fesm2015/zone.js:397:34)
Chrome Headless 139.0.0.0 (Windows 10): Executed 250 of 1370[31m (94 FAILED)[39m (0 secs / 3.49 secs)
[1A[2KERROR: [36m'Error carregant par├ámetres del sistema:', FirebaseError: [code=invalid-argument]: Expected first argument to collection() to be a CollectionReference, a DocumentReference or FirebaseFirestore
FirebaseError: Expected first argument to collection() to be a CollectionReference, a DocumentReference or FirebaseFirestore[39m
Chrome Headless 139.0.0.0 (Windows 10): Executed 250 of 1370[31m (94 FAILED)[39m (0 secs / 3.49 secs)
ERROR: 'Error carregant par├ámetres del sistema:', FirebaseError: [code=invalid-argument]: Expected first argument to collection() to be a CollectionReference, a DocumentReference or FirebaseFirestore
FirebaseError: Expected first argument to collection() to be a CollectionReference, a DocumentReference or FirebaseFirestore
[1A[2K[31mChrome Headless 139.0.0.0 (Windows 10) CalendarBusinessService Date Validation should check if time slot is past FAILED[39m
	Expected true to be false.
	    at <Jasmine>
	    at UserContext.<anonymous> (spec-calendar-business.service.spec.js:113:55)
	    at _ZoneDelegate.invoke (node_modules/zone.js/fesm2015/zone.js:398:28)
	    at _ProxyZoneSpec.onInvoke (node_modules/zone.js/fesm2015/zone-testing.js:2132:39)
	    at _ZoneDelegate.invoke (node_modules/zone.js/fesm2015/zone.js:397:34)
Chrome Headless 139.0.0.0 (Windows 10): Executed 251 of 1370[31m (95 FAILED)[39m (0 secs / 3.491 secs)
[1A[2KERROR: [36m'Error carregant par├ámetres del sistema:', FirebaseError: [code=invalid-argument]: Expected first argument to collection() to be a CollectionReference, a DocumentReference or FirebaseFirestore
FirebaseError: Expected first argument to collection() to be a CollectionReference, a DocumentReference or FirebaseFirestore[39m
Chrome Headless 139.0.0.0 (Windows 10): Executed 251 of 1370[31m (95 FAILED)[39m (0 secs / 3.491 secs)
ERROR: 'Error carregant par├ámetres del sistema:', FirebaseError: [code=invalid-argument]: Expected first argument to collection() to be a CollectionReference, a DocumentReference or FirebaseFirestore
FirebaseError: Expected first argument to collection() to be a CollectionReference, a DocumentReference or FirebaseFirestore
[1A[2KChrome Headless 139.0.0.0 (Windows 10): Executed 252 of 1370[31m (95 FAILED)[39m (0 secs / 3.492 secs)
[1A[2KERROR: [36m'Error carregant par├ámetres del sistema:', FirebaseError: [code=invalid-argument]: Expected first argument to collection() to be a CollectionReference, a DocumentReference or FirebaseFirestore
FirebaseError: Expected first argument to collection() to be a CollectionReference, a DocumentReference or FirebaseFirestore[39m
Chrome Headless 139.0.0.0 (Windows 10): Executed 252 of 1370[31m (95 FAILED)[39m (0 secs / 3.492 secs)
ERROR: 'Error carregant par├ámetres del sistema:', FirebaseError: [code=invalid-argument]: Expected first argument to collection() to be a CollectionReference, a DocumentReference or FirebaseFirestore
FirebaseError: Expected first argument to collection() to be a CollectionReference, a DocumentReference or FirebaseFirestore
[1A[2KChrome Headless 139.0.0.0 (Windows 10): Executed 253 of 1370[31m (95 FAILED)[39m (0 secs / 3.493 secs)
[1A[2KChrome Headless 139.0.0.0 (Windows 10): Executed 254 of 1370[31m (95 FAILED)[39m (0 secs / 3.506 secs)
[1A[2KChrome Headless 139.0.0.0 (Windows 10): Executed 255 of 1370[31m (95 FAILED)[39m (0 secs / 3.511 secs)
[1A[2KChrome Headless 139.0.0.0 (Windows 10): Executed 256 of 1370[31m (95 FAILED)[39m (0 secs / 3.516 secs)
[1A[2KChrome Headless 139.0.0.0 (Windows 10): Executed 257 of 1370[31m (95 FAILED)[39m (0 secs / 3.522 secs)
[1A[2KChrome Headless 139.0.0.0 (Windows 10): Executed 258 of 1370[31m (95 FAILED)[39m (0 secs / 3.528 secs)
[1A[2KChrome Headless 139.0.0.0 (Windows 10): Executed 259 of 1370[31m (95 FAILED)[39m (0 secs / 3.534 secs)
[1A[2KChrome Headless 139.0.0.0 (Windows 10): Executed 260 of 1370[31m (95 FAILED)[39m (0 secs / 3.54 secs)
[1A[2KChrome Headless 139.0.0.0 (Windows 10): Executed 261 of 1370[31m (95 FAILED)[39m (0 secs / 3.545 secs)
[1A[2KChrome Headless 139.0.0.0 (Windows 10): Executed 262 of 1370[31m (95 FAILED)[39m (0 secs / 3.551 secs)
[1A[2KChrome Headless 139.0.0.0 (Windows 10): Executed 263 of 1370[31m (95 FAILED)[39m (0 secs / 3.556 secs)
[1A[2KChrome Headless 139.0.0.0 (Windows 10): Executed 264 of 1370[31m (95 FAILED)[39m (0 secs / 3.564 secs)
[1A[2KChrome Headless 139.0.0.0 (Windows 10): Executed 265 of 1370[31m (95 FAILED)[39m (0 secs / 3.569 secs)
[1A[2KChrome Headless 139.0.0.0 (Windows 10): Executed 266 of 1370[31m (95 FAILED)[39m (0 secs / 3.57 secs)
[1A[2KChrome Headless 139.0.0.0 (Windows 10): Executed 267 of 1370[31m (95 FAILED)[39m (0 secs / 3.571 secs)
[1A[2KChrome Headless 139.0.0.0 (Windows 10): Executed 268 of 1370[31m (95 FAILED)[39m (0 secs / 3.572 secs)
[1A[2KChrome Headless 139.0.0.0 (Windows 10): Executed 269 of 1370[31m (95 FAILED)[39m (0 secs / 3.573 secs)
[1A[2KChrome Headless 139.0.0.0 (Windows 10): Executed 270 of 1370[31m (95 FAILED)[39m (0 secs / 3.574 secs)
[1A[2KChrome Headless 139.0.0.0 (Windows 10): Executed 271 of 1370[31m (95 FAILED)[39m (0 secs / 3.575 secs)
[1A[2KChrome Headless 139.0.0.0 (Windows 10): Executed 272 of 1370[31m (95 FAILED)[39m (0 secs / 3.576 secs)
[1A[2KChrome Headless 139.0.0.0 (Windows 10): Executed 273 of 1370[31m (95 FAILED)[39m (0 secs / 3.577 secs)
[1A[2KChrome Headless 139.0.0.0 (Windows 10): Executed 274 of 1370[31m (95 FAILED)[39m (0 secs / 3.578 secs)
[1A[2KChrome Headless 139.0.0.0 (Windows 10): Executed 275 of 1370[31m (95 FAILED)[39m (0 secs / 3.581 secs)
[1A[2KChrome Headless 139.0.0.0 (Windows 10): Executed 276 of 1370[31m (95 FAILED)[39m (0 secs / 3.582 secs)
[1A[2KChrome Headless 139.0.0.0 (Windows 10): Executed 277 of 1370[31m (95 FAILED)[39m (0 secs / 3.584 secs)
[1A[2KChrome Headless 139.0.0.0 (Windows 10): Executed 278 of 1370[31m (95 FAILED)[39m (0 secs / 3.585 secs)
[1A[2KChrome Headless 139.0.0.0 (Windows 10): Executed 279 of 1370[31m (95 FAILED)[39m (0 secs / 3.586 secs)
[1A[2KChrome Headless 139.0.0.0 (Windows 10): Executed 280 of 1370[31m (95 FAILED)[39m (0 secs / 3.587 secs)
[1A[2KChrome Headless 139.0.0.0 (Windows 10): Executed 281 of 1370[31m (95 FAILED)[39m (0 secs / 3.588 secs)
[1A[2KChrome Headless 139.0.0.0 (Windows 10): Executed 282 of 1370[31m (95 FAILED)[39m (0 secs / 3.59 secs)
[1A[2KChrome Headless 139.0.0.0 (Windows 10): Executed 283 of 1370[31m (95 FAILED)[39m (0 secs / 3.591 secs)
[1A[2KChrome Headless 139.0.0.0 (Windows 10): Executed 284 of 1370[31m (95 FAILED)[39m (0 secs / 3.592 secs)
[1A[2KChrome Headless 139.0.0.0 (Windows 10): Executed 285 of 1370[31m (95 FAILED)[39m (0 secs / 3.594 secs)
[1A[2K[31mChrome Headless 139.0.0.0 (Windows 10) AppointmentsStatsComponent should display all statistics correctly FAILED[39m
	TypeError: Cannot read properties of undefined (reading 'subscribe')
	    at _TranslatePipe.transform (node_modules/@ngx-translate/core/fesm2022/ngx-translate-core.mjs:972:75)
	    at ╔Á╔ÁpipeBind1 (node_modules/@angular/core/fesm2022/debug_node.mjs:28062:24)
	    at AppointmentsStatsComponent2_Template (ng:///AppointmentsStatsComponent2.js:73:33)
	    at executeTemplate (node_modules/@angular/core/fesm2022/debug_node.mjs:7929:9)
	    at refreshView (node_modules/@angular/core/fesm2022/debug_node.mjs:8959:13)
	    at detectChangesInView (node_modules/@angular/core/fesm2022/debug_node.mjs:9179:9)
	    at detectChangesInViewIfAttached (node_modules/@angular/core/fesm2022/debug_node.mjs:9139:5)
	    at detectChangesInComponent (node_modules/@angular/core/fesm2022/debug_node.mjs:9127:5)
	    at detectChangesInChildComponents (node_modules/@angular/core/fesm2022/debug_node.mjs:9205:9)
	    at refreshView (node_modules/@angular/core/fesm2022/debug_node.mjs:9014:13)
Chrome Headless 139.0.0.0 (Windows 10): Executed 286 of 1370[31m (96 FAILED)[39m (0 secs / 3.602 secs)
[1A[2K[31mChrome Headless 139.0.0.0 (Windows 10) AppointmentsStatsComponent should create FAILED[39m
	TypeError: Cannot read properties of undefined (reading 'subscribe')
	    at _TranslatePipe.transform (node_modules/@ngx-translate/core/fesm2022/ngx-translate-core.mjs:972:75)
	    at ╔Á╔ÁpipeBind1 (node_modules/@angular/core/fesm2022/debug_node.mjs:28062:24)
	    at AppointmentsStatsComponent2_Template (ng:///AppointmentsStatsComponent2.js:73:33)
	    at executeTemplate (node_modules/@angular/core/fesm2022/debug_node.mjs:7929:9)
	    at refreshView (node_modules/@angular/core/fesm2022/debug_node.mjs:8959:13)
	    at detectChangesInView (node_modules/@angular/core/fesm2022/debug_node.mjs:9179:9)
	    at detectChangesInViewIfAttached (node_modules/@angular/core/fesm2022/debug_node.mjs:9139:5)
	    at detectChangesInComponent (node_modules/@angular/core/fesm2022/debug_node.mjs:9127:5)
	    at detectChangesInChildComponents (node_modules/@angular/core/fesm2022/debug_node.mjs:9205:9)
	    at refreshView (node_modules/@angular/core/fesm2022/debug_node.mjs:9014:13)
Chrome Headless 139.0.0.0 (Windows 10): Executed 287 of 1370[31m (97 FAILED)[39m (0 secs / 3.605 secs)
[1A[2K[31mChrome Headless 139.0.0.0 (Windows 10) AppointmentsStatsComponent should emit quick filter change when stat card is clicked FAILED[39m
	TypeError: Cannot read properties of undefined (reading 'subscribe')
	    at _TranslatePipe.transform (node_modules/@ngx-translate/core/fesm2022/ngx-translate-core.mjs:972:75)
	    at ╔Á╔ÁpipeBind1 (node_modules/@angular/core/fesm2022/debug_node.mjs:28062:24)
	    at AppointmentsStatsComponent2_Template (ng:///AppointmentsStatsComponent2.js:73:33)
	    at executeTemplate (node_modules/@angular/core/fesm2022/debug_node.mjs:7929:9)
	    at refreshView (node_modules/@angular/core/fesm2022/debug_node.mjs:8959:13)
	    at detectChangesInView (node_modules/@angular/core/fesm2022/debug_node.mjs:9179:9)
	    at detectChangesInViewIfAttached (node_modules/@angular/core/fesm2022/debug_node.mjs:9139:5)
	    at detectChangesInComponent (node_modules/@angular/core/fesm2022/debug_node.mjs:9127:5)
	    at detectChangesInChildComponents (node_modules/@angular/core/fesm2022/debug_node.mjs:9205:9)
	    at refreshView (node_modules/@angular/core/fesm2022/debug_node.mjs:9014:13)
Chrome Headless 139.0.0.0 (Windows 10): Executed 288 of 1370[31m (98 FAILED)[39m (0 secs / 3.607 secs)
[1A[2K[31mChrome Headless 139.0.0.0 (Windows 10) AppointmentsStatsComponent should have correct number of stat cards FAILED[39m
	TypeError: Cannot read properties of undefined (reading 'subscribe')
	    at _TranslatePipe.transform (node_modules/@ngx-translate/core/fesm2022/ngx-translate-core.mjs:972:75)
	    at ╔Á╔ÁpipeBind1 (node_modules/@angular/core/fesm2022/debug_node.mjs:28062:24)
	    at AppointmentsStatsComponent2_Template (ng:///AppointmentsStatsComponent2.js:73:33)
	    at executeTemplate (node_modules/@angular/core/fesm2022/debug_node.mjs:7929:9)
	    at refreshView (node_modules/@angular/core/fesm2022/debug_node.mjs:8959:13)
	    at detectChangesInView (node_modules/@angular/core/fesm2022/debug_node.mjs:9179:9)
	    at detectChangesInViewIfAttached (node_modules/@angular/core/fesm2022/debug_node.mjs:9139:5)
	    at detectChangesInComponent (node_modules/@angular/core/fesm2022/debug_node.mjs:9127:5)
	    at detectChangesInChildComponents (node_modules/@angular/core/fesm2022/debug_node.mjs:9205:9)
	    at refreshView (node_modules/@angular/core/fesm2022/debug_node.mjs:9014:13)
Chrome Headless 139.0.0.0 (Windows 10): Executed 289 of 1370[31m (99 FAILED)[39m (0 secs / 3.609 secs)
[1A[2K[31mChrome Headless 139.0.0.0 (Windows 10) AppointmentsStatsComponent should display correct icons for each stat FAILED[39m
	TypeError: Cannot read properties of undefined (reading 'subscribe')
	    at _TranslatePipe.transform (node_modules/@ngx-translate/core/fesm2022/ngx-translate-core.mjs:972:75)
	    at ╔Á╔ÁpipeBind1 (node_modules/@angular/core/fesm2022/debug_node.mjs:28062:24)
	    at AppointmentsStatsComponent2_Template (ng:///AppointmentsStatsComponent2.js:73:33)
	    at executeTemplate (node_modules/@angular/core/fesm2022/debug_node.mjs:7929:9)
	    at refreshView (node_modules/@angular/core/fesm2022/debug_node.mjs:8959:13)
	    at detectChangesInView (node_modules/@angular/core/fesm2022/debug_node.mjs:9179:9)
	    at detectChangesInViewIfAttached (node_modules/@angular/core/fesm2022/debug_node.mjs:9139:5)
	    at detectChangesInComponent (node_modules/@angular/core/fesm2022/debug_node.mjs:9127:5)
	    at detectChangesInChildComponents (node_modules/@angular/core/fesm2022/debug_node.mjs:9205:9)
	    at refreshView (node_modules/@angular/core/fesm2022/debug_node.mjs:9014:13)
Chrome Headless 139.0.0.0 (Windows 10): Executed 290 of 1370[31m (100 FAILED)[39m (0 secs / 3.611 secs)
[1A[2KChrome Headless 139.0.0.0 (Windows 10): Executed 291 of 1370[31m (100 FAILED)[39m (0 secs / 3.617 secs)
[1A[2KChrome Headless 139.0.0.0 (Windows 10): Executed 292 of 1370[31m (100 FAILED)[39m (0 secs / 3.62 secs)
[1A[2KChrome Headless 139.0.0.0 (Windows 10): Executed 293 of 1370[31m (100 FAILED)[39m (0 secs / 3.623 secs)
[1A[2KChrome Headless 139.0.0.0 (Windows 10): Executed 294 of 1370[31m (100 FAILED)[39m (0 secs / 3.668 secs)
[1A[2KChrome Headless 139.0.0.0 (Windows 10): Executed 295 of 1370[31m (100 FAILED)[39m (0 secs / 3.678 secs)
[1A[2KChrome Headless 139.0.0.0 (Windows 10): Executed 296 of 1370[31m (100 FAILED)[39m (0 secs / 3.687 secs)
[1A[2KChrome Headless 139.0.0.0 (Windows 10): Executed 297 of 1370[31m (100 FAILED)[39m (0 secs / 3.776 secs)
[1A[2KChrome Headless 139.0.0.0 (Windows 10): Executed 298 of 1370[31m (100 FAILED)[39m (0 secs / 3.789 secs)
[1A[2KChrome Headless 139.0.0.0 (Windows 10): Executed 299 of 1370[31m (100 FAILED)[39m (0 secs / 3.797 secs)
[1A[2KChrome Headless 139.0.0.0 (Windows 10): Executed 300 of 1370[31m (100 FAILED)[39m (0 secs / 3.806 secs)
[1A[2KChrome Headless 139.0.0.0 (Windows 10): Executed 301 of 1370[31m (100 FAILED)[39m (0 secs / 3.815 secs)
[1A[2KChrome Headless 139.0.0.0 (Windows 10): Executed 302 of 1370[31m (100 FAILED)[39m (0 secs / 3.824 secs)
[1A[2KChrome Headless 139.0.0.0 (Windows 10): Executed 303 of 1370[31m (100 FAILED)[39m (0 secs / 3.833 secs)
[1A[2KChrome Headless 139.0.0.0 (Windows 10): Executed 304 of 1370[31m (100 FAILED)[39m (0 secs / 3.841 secs)
[1A[2KChrome Headless 139.0.0.0 (Windows 10): Executed 305 of 1370[31m (100 FAILED)[39m (0 secs / 3.848 secs)
[1A[2KChrome Headless 139.0.0.0 (Windows 10): Executed 306 of 1370[31m (100 FAILED)[39m (0 secs / 3.859 secs)
[1A[2KChrome Headless 139.0.0.0 (Windows 10): Executed 307 of 1370[31m (100 FAILED)[39m (0 secs / 3.867 secs)
[1A[2KChrome Headless 139.0.0.0 (Windows 10): Executed 308 of 1370[31m (100 FAILED)[39m (0 secs / 3.877 secs)
[1A[2KChrome Headless 139.0.0.0 (Windows 10): Executed 309 of 1370[31m (100 FAILED)[39m (0 secs / 3.885 secs)
[1A[2KChrome Headless 139.0.0.0 (Windows 10): Executed 310 of 1370[31m (100 FAILED)[39m (0 secs / 3.893 secs)
[1A[2KChrome Headless 139.0.0.0 (Windows 10): Executed 311 of 1370[31m (100 FAILED)[39m (0 secs / 3.901 secs)
[1A[2KChrome Headless 139.0.0.0 (Windows 10): Executed 312 of 1370[31m (100 FAILED)[39m (0 secs / 3.909 secs)
[1A[2KChrome Headless 139.0.0.0 (Windows 10): Executed 313 of 1370[31m (100 FAILED)[39m (0 secs / 3.916 secs)
[1A[2KChrome Headless 139.0.0.0 (Windows 10): Executed 314 of 1370[31m (100 FAILED)[39m (0 secs / 3.922 secs)
[1A[2KWARN: [36m'NG0313: Multiple pipes match the name `currency` in the 'ServiceCardComponent2' component. check '@Component.imports' of this component'[39m
Chrome Headless 139.0.0.0 (Windows 10): Executed 314 of 1370[31m (100 FAILED)[39m (0 secs / 3.922 secs)
WARN: 'NG0313: Multiple pipes match the name `currency` in the 'ServiceCardComponent2' component. check '@Component.imports' of this component'
[1A[2KChrome Headless 139.0.0.0 (Windows 10): Executed 315 of 1370[31m (100 FAILED)[39m (0 secs / 3.929 secs)
[1A[2KChrome Headless 139.0.0.0 (Windows 10): Executed 316 of 1370[31m (100 FAILED)[39m (0 secs / 3.931 secs)
[1A[2KWARN: [36m'NG0313: Multiple pipes match the name `currency` in the 'ServiceCardComponent2' component. check '@Component.imports' of this component'[39m
Chrome Headless 139.0.0.0 (Windows 10): Executed 316 of 1370[31m (100 FAILED)[39m (0 secs / 3.931 secs)
WARN: 'NG0313: Multiple pipes match the name `currency` in the 'ServiceCardComponent2' component. check '@Component.imports' of this component'
[1A[2KChrome Headless 139.0.0.0 (Windows 10): Executed 317 of 1370[31m (100 FAILED)[39m (0 secs / 3.934 secs)
[1A[2KWARN: [36m'NG0313: Multiple pipes match the name `currency` in the 'ServiceCardComponent2' component. check '@Component.imports' of this component'[39m
Chrome Headless 139.0.0.0 (Windows 10): Executed 317 of 1370[31m (100 FAILED)[39m (0 secs / 3.934 secs)
WARN: 'NG0313: Multiple pipes match the name `currency` in the 'ServiceCardComponent2' component. check '@Component.imports' of this component'
[1A[2K[31mChrome Headless 139.0.0.0 (Windows 10) AboutPageComponent should show loading state when isLoading is true FAILED[39m
	Expected null not to be null.
	    at <Jasmine>
	    at src/app/features/about/about-page/about-page.component.spec.ts:110:27
	    at Generator.next (<anonymous>)
	    at fulfilled (chunk-35ENWJA4.js:43:24)
	    at _ZoneDelegate.invoke (node_modules/zone.js/fesm2015/zone.js:398:28)
Chrome Headless 139.0.0.0 (Windows 10): Executed 318 of 1370[31m (101 FAILED)[39m (0 secs / 3.947 secs)
[1A[2KChrome Headless 139.0.0.0 (Windows 10): Executed 319 of 1370[31m (101 FAILED)[39m (0 secs / 3.949 secs)
[1A[2KChrome Headless 139.0.0.0 (Windows 10): Executed 320 of 1370[31m (101 FAILED)[39m (0 secs / 3.95 secs)
[1A[2KChrome Headless 139.0.0.0 (Windows 10): Executed 321 of 1370[31m (101 FAILED)[39m (0 secs / 3.95 secs)
[1A[2KChrome Headless 139.0.0.0 (Windows 10): Executed 322 of 1370[31m (101 FAILED)[39m (0 secs / 3.952 secs)
[1A[2KChrome Headless 139.0.0.0 (Windows 10): Executed 323 of 1370[31m (101 FAILED)[39m (0 secs / 3.953 secs)
[1A[2KChrome Headless 139.0.0.0 (Windows 10): Executed 324 of 1370[31m (101 FAILED)[39m (0 secs / 3.953 secs)
[1A[2KChrome Headless 139.0.0.0 (Windows 10): Executed 325 of 1370[31m (101 FAILED)[39m (0 secs / 3.954 secs)
[1A[2KChrome Headless 139.0.0.0 (Windows 10): Executed 326 of 1370[31m (101 FAILED)[39m (0 secs / 3.955 secs)
[1A[2KChrome Headless 139.0.0.0 (Windows 10): Executed 327 of 1370[31m (101 FAILED)[39m (0 secs / 3.956 secs)
[1A[2KChrome Headless 139.0.0.0 (Windows 10): Executed 328 of 1370[31m (101 FAILED)[39m (0 secs / 3.962 secs)
[1A[2KChrome Headless 139.0.0.0 (Windows 10): Executed 329 of 1370[31m (101 FAILED)[39m (0 secs / 3.963 secs)
[1A[2KChrome Headless 139.0.0.0 (Windows 10): Executed 330 of 1370[31m (101 FAILED)[39m (0 secs / 3.964 secs)
[1A[2KChrome Headless 139.0.0.0 (Windows 10): Executed 331 of 1370[31m (101 FAILED)[39m (0 secs / 3.964 secs)
[1A[2KChrome Headless 139.0.0.0 (Windows 10): Executed 332 of 1370[31m (101 FAILED)[39m (0 secs / 3.967 secs)
[1A[2KChrome Headless 139.0.0.0 (Windows 10): Executed 333 of 1370[31m (101 FAILED)[39m (0 secs / 3.968 secs)
[1A[2KChrome Headless 139.0.0.0 (Windows 10): Executed 334 of 1370[31m (101 FAILED)[39m (0 secs / 3.969 secs)
[1A[2KChrome Headless 139.0.0.0 (Windows 10): Executed 335 of 1370[31m (101 FAILED)[39m (0 secs / 3.97 secs)
[1A[2KChrome Headless 139.0.0.0 (Windows 10): Executed 336 of 1370[31m (101 FAILED)[39m (0 secs / 3.971 secs)
[1A[2KChrome Headless 139.0.0.0 (Windows 10): Executed 337 of 1370[31m (101 FAILED)[39m (0 secs / 3.972 secs)
[1A[2KChrome Headless 139.0.0.0 (Windows 10): Executed 338 of 1370[31m (101 FAILED)[39m (0 secs / 3.973 secs)
[1A[2KChrome Headless 139.0.0.0 (Windows 10): Executed 339 of 1370[31m (101 FAILED)[39m (0 secs / 3.974 secs)
[1A[2KChrome Headless 139.0.0.0 (Windows 10): Executed 340 of 1370[31m (101 FAILED)[39m (0 secs / 3.975 secs)
[1A[2KChrome Headless 139.0.0.0 (Windows 10): Executed 341 of 1370[31m (101 FAILED)[39m (0 secs / 3.976 secs)
[1A[2KChrome Headless 139.0.0.0 (Windows 10): Executed 342 of 1370[31m (101 FAILED)[39m (0 secs / 3.978 secs)
[1A[2KChrome Headless 139.0.0.0 (Windows 10): Executed 343 of 1370[31m (101 FAILED)[39m (0 secs / 3.979 secs)
[1A[2KChrome Headless 139.0.0.0 (Windows 10): Executed 344 of 1370[31m (101 FAILED)[39m (0 secs / 3.98 secs)
[1A[2KChrome Headless 139.0.0.0 (Windows 10): Executed 345 of 1370[31m (101 FAILED)[39m (0 secs / 3.981 secs)
[1A[2KChrome Headless 139.0.0.0 (Windows 10): Executed 346 of 1370[31m (101 FAILED)[39m (0 secs / 3.982 secs)
[1A[2KChrome Headless 139.0.0.0 (Windows 10): Executed 347 of 1370[31m (101 FAILED)[39m (0 secs / 3.983 secs)
[1A[2KChrome Headless 139.0.0.0 (Windows 10): Executed 348 of 1370[31m (101 FAILED)[39m (0 secs / 3.984 secs)
[1A[2KChrome Headless 139.0.0.0 (Windows 10): Executed 349 of 1370[31m (101 FAILED)[39m (0 secs / 3.985 secs)
[1A[2KChrome Headless 139.0.0.0 (Windows 10): Executed 350 of 1370[31m (101 FAILED)[39m (0 secs / 3.986 secs)
[1A[2KChrome Headless 139.0.0.0 (Windows 10): Executed 351 of 1370[31m (101 FAILED)[39m (0 secs / 3.987 secs)
[1A[2KChrome Headless 139.0.0.0 (Windows 10): Executed 352 of 1370[31m (101 FAILED)[39m (0 secs / 3.988 secs)
[1A[2KChrome Headless 139.0.0.0 (Windows 10): Executed 353 of 1370[31m (101 FAILED)[39m (0 secs / 3.989 secs)
[1A[2KChrome Headless 139.0.0.0 (Windows 10): Executed 354 of 1370[31m (101 FAILED)[39m (0 secs / 3.994 secs)
[1A[2KChrome Headless 139.0.0.0 (Windows 10): Executed 355 of 1370[31m (101 FAILED)[39m (0 secs / 3.996 secs)
[1A[2KChrome Headless 139.0.0.0 (Windows 10): Executed 356 of 1370[31m (101 FAILED)[39m (0 secs / 3.998 secs)
[1A[2KChrome Headless 139.0.0.0 (Windows 10): Executed 357 of 1370[31m (101 FAILED)[39m (0 secs / 3.999 secs)
[1A[2KChrome Headless 139.0.0.0 (Windows 10): Executed 358 of 1370[31m (101 FAILED)[39m (0 secs / 4.001 secs)
[1A[2KChrome Headless 139.0.0.0 (Windows 10): Executed 359 of 1370[31m (101 FAILED)[39m (0 secs / 4.002 secs)
[1A[2KChrome Headless 139.0.0.0 (Windows 10): Executed 360 of 1370[31m (101 FAILED)[39m (0 secs / 4.003 secs)
[1A[2KChrome Headless 139.0.0.0 (Windows 10): Executed 361 of 1370[31m (101 FAILED)[39m (0 secs / 4.004 secs)
[1A[2KChrome Headless 139.0.0.0 (Windows 10): Executed 362 of 1370[31m (101 FAILED)[39m (0 secs / 4.006 secs)
[1A[2KChrome Headless 139.0.0.0 (Windows 10): Executed 363 of 1370[31m (101 FAILED)[39m (0 secs / 4.008 secs)
[1A[2KChrome Headless 139.0.0.0 (Windows 10): Executed 364 of 1370[31m (101 FAILED)[39m (0 secs / 4.009 secs)
[1A[2KChrome Headless 139.0.0.0 (Windows 10): Executed 365 of 1370[31m (101 FAILED)[39m (0 secs / 4.01 secs)
[1A[2KChrome Headless 139.0.0.0 (Windows 10): Executed 366 of 1370[31m (101 FAILED)[39m (0 secs / 4.011 secs)
[1A[2KChrome Headless 139.0.0.0 (Windows 10): Executed 367 of 1370[31m (101 FAILED)[39m (0 secs / 4.013 secs)
[1A[2KChrome Headless 139.0.0.0 (Windows 10): Executed 368 of 1370[31m (101 FAILED)[39m (0 secs / 4.014 secs)
[1A[2KChrome Headless 139.0.0.0 (Windows 10): Executed 369 of 1370[31m (101 FAILED)[39m (0 secs / 4.015 secs)
[1A[2KChrome Headless 139.0.0.0 (Windows 10): Executed 370 of 1370[31m (101 FAILED)[39m (0 secs / 4.017 secs)
[1A[2KChrome Headless 139.0.0.0 (Windows 10): Executed 371 of 1370[31m (101 FAILED)[39m (0 secs / 4.019 secs)
[1A[2KChrome Headless 139.0.0.0 (Windows 10): Executed 372 of 1370[31m (101 FAILED)[39m (0 secs / 4.02 secs)
[1A[2KChrome Headless 139.0.0.0 (Windows 10): Executed 373 of 1370[31m (101 FAILED)[39m (0 secs / 4.021 secs)
[1A[2KChrome Headless 139.0.0.0 (Windows 10): Executed 374 of 1370[31m (101 FAILED)[39m (0 secs / 4.023 secs)
[1A[2KChrome Headless 139.0.0.0 (Windows 10): Executed 375 of 1370[31m (101 FAILED)[39m (0 secs / 4.024 secs)
[1A[2KChrome Headless 139.0.0.0 (Windows 10): Executed 376 of 1370[31m (101 FAILED)[39m (0 secs / 4.025 secs)
[1A[2KChrome Headless 139.0.0.0 (Windows 10): Executed 377 of 1370[31m (101 FAILED)[39m (0 secs / 4.026 secs)
[1A[2KChrome Headless 139.0.0.0 (Windows 10): Executed 378 of 1370[31m (101 FAILED)[39m (0 secs / 4.027 secs)
[1A[2KChrome Headless 139.0.0.0 (Windows 10): Executed 379 of 1370[31m (101 FAILED)[39m (0 secs / 4.027 secs)
[1A[2KChrome Headless 139.0.0.0 (Windows 10): Executed 380 of 1370[31m (101 FAILED)[39m (0 secs / 4.028 secs)
[1A[2KChrome Headless 139.0.0.0 (Windows 10): Executed 381 of 1370[31m (101 FAILED)[39m (0 secs / 4.029 secs)
[1A[2KChrome Headless 139.0.0.0 (Windows 10): Executed 382 of 1370[31m (101 FAILED)[39m (0 secs / 4.03 secs)
[1A[2K[31mChrome Headless 139.0.0.0 (Windows 10) NotFoundStateComponent should be a standalone component FAILED[39m
	Expected 'NotFoundStateComponent2' to be 'NotFoundStateComponent'.
	    at <Jasmine>
	    at UserContext.<anonymous> (spec-not-found-state.component.spec.js:139:63)
	    at _ZoneDelegate.invoke (node_modules/zone.js/fesm2015/zone.js:398:28)
	    at _ProxyZoneSpec.onInvoke (node_modules/zone.js/fesm2015/zone-testing.js:2132:39)
	    at _ZoneDelegate.invoke (node_modules/zone.js/fesm2015/zone.js:397:34)
Chrome Headless 139.0.0.0 (Windows 10): Executed 383 of 1370[31m (102 FAILED)[39m (0 secs / 4.031 secs)
[1A[2KChrome Headless 139.0.0.0 (Windows 10): Executed 384 of 1370[31m (102 FAILED)[39m (0 secs / 4.033 secs)
[1A[2KChrome Headless 139.0.0.0 (Windows 10): Executed 385 of 1370[31m (102 FAILED)[39m (0 secs / 4.033 secs)
[1A[2KChrome Headless 139.0.0.0 (Windows 10): Executed 386 of 1370[31m (102 FAILED)[39m (0 secs / 4.033 secs)
[1A[2KChrome Headless 139.0.0.0 (Windows 10): Executed 387 of 1370[31m (102 FAILED)[39m (0 secs / 4.034 secs)
[1A[2KChrome Headless 139.0.0.0 (Windows 10): Executed 388 of 1370[31m (102 FAILED)[39m (0 secs / 4.034 secs)
[1A[2KChrome Headless 139.0.0.0 (Windows 10): Executed 389 of 1370[31m (102 FAILED)[39m (0 secs / 4.035 secs)
[1A[2K[31mChrome Headless 139.0.0.0 (Windows 10) PerfilPageComponent should have proper component structure FAILED[39m
	Expected 'PerfilPageComponent2' to be 'PerfilPageComponent'.
	    at <Jasmine>
	    at UserContext.<anonymous> (spec-perfil-page.component.spec.js:617:33)
	    at _ZoneDelegate.invoke (node_modules/zone.js/fesm2015/zone.js:398:28)
	    at _ProxyZoneSpec.onInvoke (node_modules/zone.js/fesm2015/zone-testing.js:2132:39)
	    at _ZoneDelegate.invoke (node_modules/zone.js/fesm2015/zone.js:397:34)
Chrome Headless 139.0.0.0 (Windows 10): Executed 390 of 1370[31m (103 FAILED)[39m (0 secs / 4.035 secs)
[1A[2KERROR: [36m'Error carregant par├ámetres del sistema:', FirebaseError: [code=invalid-argument]: Expected first argument to collection() to be a CollectionReference, a DocumentReference or FirebaseFirestore
FirebaseError: Expected first argument to collection() to be a CollectionReference, a DocumentReference or FirebaseFirestore[39m
Chrome Headless 139.0.0.0 (Windows 10): Executed 390 of 1370[31m (103 FAILED)[39m (0 secs / 4.035 secs)
ERROR: 'Error carregant par├ámetres del sistema:', FirebaseError: [code=invalid-argument]: Expected first argument to collection() to be a CollectionReference, a DocumentReference or FirebaseFirestore
FirebaseError: Expected first argument to collection() to be a CollectionReference, a DocumentReference or FirebaseFirestore
[1A[2KChrome Headless 139.0.0.0 (Windows 10): Executed 391 of 1370[31m (103 FAILED)[39m (0 secs / 4.038 secs)
[1A[2KERROR: [36mTypeError: this.logger.firebaseError is not a function
TypeError: this.logger.firebaseError is not a function
    at FirebaseServicesService2.<anonymous> (http://localhost:9876/base/src/app/core/services/firebase-services.service.ts:190:19)
    at Generator.next (<anonymous>)
    at http://localhost:9876/base/chunk-35ENWJA4.js:56:61
    at new ZoneAwarePromise (http://localhost:9876/base/node_modules/zone.js/fesm2015/zone.js:2701:25)
    at __async (http://localhost:9876/base/chunk-35ENWJA4.js:40:10)
    at FirebaseServicesService2.loadServices (http://localhost:9876/base/chunk-TUQUN7ML.js:126:12)
    at FirebaseServicesService2.<anonymous> (http://localhost:9876/base/src/app/core/services/firebase-services.service.ts:124:10)
    at Generator.next (<anonymous>)
    at fulfilled (http://localhost:9876/base/chunk-35ENWJA4.js:43:24)
    at _ZoneDelegate.invoke (http://localhost:9876/base/node_modules/zone.js/fesm2015/zone.js:398:28)[39m
Chrome Headless 139.0.0.0 (Windows 10): Executed 391 of 1370[31m (103 FAILED)[39m (0 secs / 4.038 secs)
ERROR: TypeError: this.logger.firebaseError is not a function
TypeError: this.logger.firebaseError is not a function
    at FirebaseServicesService2.<anonymous> (http://localhost:9876/base/src/app/core/services/firebase-services.service.ts:190:19)
    at Generator.next (<anonymous>)
    at http://localhost:9876/base/chunk-35ENWJA4.js:56:61
    at new ZoneAwarePromise (http://localhost:9876/base/node_modules/zone.js/fesm2015/zone.js:2701:25)
    at __async (http://localhost:9876/base/chunk-35ENWJA4.js:40:10)
    at FirebaseServicesService2.loadServices (http://localhost:9876/base/chunk-TUQUN7ML.js:126:12)
    at FirebaseServicesService2.<anonymous> (http://localhost:9876/base/src/app/core/services/firebase-services.service.ts:124:10)
    at Generator.next (<anonymous>)
    at fulfilled (http://localhost:9876/base/chunk-35ENWJA4.js:43:24)
    at _ZoneDelegate.invoke (http://localhost:9876/base/node_modules/zone.js/fesm2015/zone.js:398:28)
[1A[2KERROR: [36mTypeError: this.logger.firebaseError is not a function
TypeError: this.logger.firebaseError is not a function
    at FirebaseServicesService2.<anonymous> (http://localhost:9876/base/src/app/core/services/firebase-services.service.ts:651:19)
    at Generator.next (<anonymous>)
    at http://localhost:9876/base/chunk-35ENWJA4.js:56:61
    at new ZoneAwarePromise (http://localhost:9876/base/node_modules/zone.js/fesm2015/zone.js:2701:25)
    at __async (http://localhost:9876/base/chunk-35ENWJA4.js:40:10)
    at FirebaseServicesService2.loadCustomCategories (http://localhost:9876/base/chunk-TUQUN7ML.js:525:12)
    at FirebaseServicesService2.<anonymous> (http://localhost:9876/base/src/app/core/services/firebase-services.service.ts:125:10)
    at Generator.next (<anonymous>)
    at fulfilled (http://localhost:9876/base/chunk-35ENWJA4.js:43:24)
    at _ZoneDelegate.invoke (http://localhost:9876/base/node_modules/zone.js/fesm2015/zone.js:398:28)[39m
Chrome Headless 139.0.0.0 (Windows 10): Executed 391 of 1370[31m (103 FAILED)[39m (0 secs / 4.038 secs)
ERROR: TypeError: this.logger.firebaseError is not a function
TypeError: this.logger.firebaseError is not a function
    at FirebaseServicesService2.<anonymous> (http://localhost:9876/base/src/app/core/services/firebase-services.service.ts:651:19)
    at Generator.next (<anonymous>)
    at http://localhost:9876/base/chunk-35ENWJA4.js:56:61
    at new ZoneAwarePromise (http://localhost:9876/base/node_modules/zone.js/fesm2015/zone.js:2701:25)
    at __async (http://localhost:9876/base/chunk-35ENWJA4.js:40:10)
    at FirebaseServicesService2.loadCustomCategories (http://localhost:9876/base/chunk-TUQUN7ML.js:525:12)
    at FirebaseServicesService2.<anonymous> (http://localhost:9876/base/src/app/core/services/firebase-services.service.ts:125:10)
    at Generator.next (<anonymous>)
    at fulfilled (http://localhost:9876/base/chunk-35ENWJA4.js:43:24)
    at _ZoneDelegate.invoke (http://localhost:9876/base/node_modules/zone.js/fesm2015/zone.js:398:28)
[1A[2KERROR: [36mTypeError: this.logger.firebaseError is not a function
TypeError: this.logger.firebaseError is not a function
    at BookingService2.<anonymous> (http://localhost:9876/base/src/app/core/services/booking.service.ts:289:19)
    at Generator.throw (<anonymous>)
    at rejected (http://localhost:9876/base/chunk-35ENWJA4.js:50:29)
    at _ZoneDelegate.invoke (http://localhost:9876/base/node_modules/zone.js/fesm2015/zone.js:398:28)
    at _ProxyZoneSpec.onInvoke (http://localhost:9876/base/node_modules/zone.js/fesm2015/zone-testing.js:2132:39)
    at _ZoneDelegate.invoke (http://localhost:9876/base/node_modules/zone.js/fesm2015/zone.js:397:34)
    at ZoneImpl.run (http://localhost:9876/base/node_modules/zone.js/fesm2015/zone.js:113:43)
    at http://localhost:9876/base/node_modules/zone.js/fesm2015/zone.js:2537:40
    at _ZoneDelegate.invokeTask (http://localhost:9876/base/node_modules/zone.js/fesm2015/zone.js:431:33)
    at _ProxyZoneSpec.onInvokeTask (http://localhost:9876/base/node_modules/zone.js/fesm2015/zone-testing.js:2163:39)[39m
Chrome Headless 139.0.0.0 (Windows 10): Executed 391 of 1370[31m (103 FAILED)[39m (0 secs / 4.038 secs)
ERROR: TypeError: this.logger.firebaseError is not a function
TypeError: this.logger.firebaseError is not a function
    at BookingService2.<anonymous> (http://localhost:9876/base/src/app/core/services/booking.service.ts:289:19)
    at Generator.throw (<anonymous>)
    at rejected (http://localhost:9876/base/chunk-35ENWJA4.js:50:29)
    at _ZoneDelegate.invoke (http://localhost:9876/base/node_modules/zone.js/fesm2015/zone.js:398:28)
    at _ProxyZoneSpec.onInvoke (http://localhost:9876/base/node_modules/zone.js/fesm2015/zone-testing.js:2132:39)
    at _ZoneDelegate.invoke (http://localhost:9876/base/node_modules/zone.js/fesm2015/zone.js:397:34)
    at ZoneImpl.run (http://localhost:9876/base/node_modules/zone.js/fesm2015/zone.js:113:43)
    at http://localhost:9876/base/node_modules/zone.js/fesm2015/zone.js:2537:40
    at _ZoneDelegate.invokeTask (http://localhost:9876/base/node_modules/zone.js/fesm2015/zone.js:431:33)
    at _ProxyZoneSpec.onInvokeTask (http://localhost:9876/base/node_modules/zone.js/fesm2015/zone-testing.js:2163:39)
[1A[2KERROR: [36m'Error carregant par├ámetres del sistema:', FirebaseError: [code=invalid-argument]: Expected first argument to collection() to be a CollectionReference, a DocumentReference or FirebaseFirestore
FirebaseError: Expected first argument to collection() to be a CollectionReference, a DocumentReference or FirebaseFirestore[39m
Chrome Headless 139.0.0.0 (Windows 10): Executed 391 of 1370[31m (103 FAILED)[39m (0 secs / 4.038 secs)
ERROR: 'Error carregant par├ámetres del sistema:', FirebaseError: [code=invalid-argument]: Expected first argument to collection() to be a CollectionReference, a DocumentReference or FirebaseFirestore
FirebaseError: Expected first argument to collection() to be a CollectionReference, a DocumentReference or FirebaseFirestore
[1A[2KChrome Headless 139.0.0.0 (Windows 10): Executed 392 of 1370[31m (103 FAILED)[39m (0 secs / 4.04 secs)
[1A[2KERROR: [36mTypeError: this.logger.firebaseError is not a function
TypeError: this.logger.firebaseError is not a function
    at FirebaseServicesService2.<anonymous> (http://localhost:9876/base/src/app/core/services/firebase-services.service.ts:190:19)
    at Generator.next (<anonymous>)
    at http://localhost:9876/base/chunk-35ENWJA4.js:56:61
    at new ZoneAwarePromise (http://localhost:9876/base/node_modules/zone.js/fesm2015/zone.js:2701:25)
    at __async (http://localhost:9876/base/chunk-35ENWJA4.js:40:10)
    at FirebaseServicesService2.loadServices (http://localhost:9876/base/chunk-TUQUN7ML.js:126:12)
    at FirebaseServicesService2.<anonymous> (http://localhost:9876/base/src/app/core/services/firebase-services.service.ts:124:10)
    at Generator.next (<anonymous>)
    at fulfilled (http://localhost:9876/base/chunk-35ENWJA4.js:43:24)
    at _ZoneDelegate.invoke (http://localhost:9876/base/node_modules/zone.js/fesm2015/zone.js:398:28)[39m
Chrome Headless 139.0.0.0 (Windows 10): Executed 392 of 1370[31m (103 FAILED)[39m (0 secs / 4.04 secs)
ERROR: TypeError: this.logger.firebaseError is not a function
TypeError: this.logger.firebaseError is not a function
    at FirebaseServicesService2.<anonymous> (http://localhost:9876/base/src/app/core/services/firebase-services.service.ts:190:19)
    at Generator.next (<anonymous>)
    at http://localhost:9876/base/chunk-35ENWJA4.js:56:61
    at new ZoneAwarePromise (http://localhost:9876/base/node_modules/zone.js/fesm2015/zone.js:2701:25)
    at __async (http://localhost:9876/base/chunk-35ENWJA4.js:40:10)
    at FirebaseServicesService2.loadServices (http://localhost:9876/base/chunk-TUQUN7ML.js:126:12)
    at FirebaseServicesService2.<anonymous> (http://localhost:9876/base/src/app/core/services/firebase-services.service.ts:124:10)
    at Generator.next (<anonymous>)
    at fulfilled (http://localhost:9876/base/chunk-35ENWJA4.js:43:24)
    at _ZoneDelegate.invoke (http://localhost:9876/base/node_modules/zone.js/fesm2015/zone.js:398:28)
[1A[2KERROR: [36mTypeError: this.logger.firebaseError is not a function
TypeError: this.logger.firebaseError is not a function
    at FirebaseServicesService2.<anonymous> (http://localhost:9876/base/src/app/core/services/firebase-services.service.ts:651:19)
    at Generator.next (<anonymous>)
    at http://localhost:9876/base/chunk-35ENWJA4.js:56:61
    at new ZoneAwarePromise (http://localhost:9876/base/node_modules/zone.js/fesm2015/zone.js:2701:25)
    at __async (http://localhost:9876/base/chunk-35ENWJA4.js:40:10)
    at FirebaseServicesService2.loadCustomCategories (http://localhost:9876/base/chunk-TUQUN7ML.js:525:12)
    at FirebaseServicesService2.<anonymous> (http://localhost:9876/base/src/app/core/services/firebase-services.service.ts:125:10)
    at Generator.next (<anonymous>)
    at fulfilled (http://localhost:9876/base/chunk-35ENWJA4.js:43:24)
    at _ZoneDelegate.invoke (http://localhost:9876/base/node_modules/zone.js/fesm2015/zone.js:398:28)[39m
Chrome Headless 139.0.0.0 (Windows 10): Executed 392 of 1370[31m (103 FAILED)[39m (0 secs / 4.04 secs)
ERROR: TypeError: this.logger.firebaseError is not a function
TypeError: this.logger.firebaseError is not a function
    at FirebaseServicesService2.<anonymous> (http://localhost:9876/base/src/app/core/services/firebase-services.service.ts:651:19)
    at Generator.next (<anonymous>)
    at http://localhost:9876/base/chunk-35ENWJA4.js:56:61
    at new ZoneAwarePromise (http://localhost:9876/base/node_modules/zone.js/fesm2015/zone.js:2701:25)
    at __async (http://localhost:9876/base/chunk-35ENWJA4.js:40:10)
    at FirebaseServicesService2.loadCustomCategories (http://localhost:9876/base/chunk-TUQUN7ML.js:525:12)
    at FirebaseServicesService2.<anonymous> (http://localhost:9876/base/src/app/core/services/firebase-services.service.ts:125:10)
    at Generator.next (<anonymous>)
    at fulfilled (http://localhost:9876/base/chunk-35ENWJA4.js:43:24)
    at _ZoneDelegate.invoke (http://localhost:9876/base/node_modules/zone.js/fesm2015/zone.js:398:28)
[1A[2KERROR: [36mTypeError: this.logger.firebaseError is not a function
TypeError: this.logger.firebaseError is not a function
    at BookingService2.<anonymous> (http://localhost:9876/base/src/app/core/services/booking.service.ts:289:19)
    at Generator.throw (<anonymous>)
    at rejected (http://localhost:9876/base/chunk-35ENWJA4.js:50:29)
    at _ZoneDelegate.invoke (http://localhost:9876/base/node_modules/zone.js/fesm2015/zone.js:398:28)
    at _ProxyZoneSpec.onInvoke (http://localhost:9876/base/node_modules/zone.js/fesm2015/zone-testing.js:2132:39)
    at _ZoneDelegate.invoke (http://localhost:9876/base/node_modules/zone.js/fesm2015/zone.js:397:34)
    at ZoneImpl.run (http://localhost:9876/base/node_modules/zone.js/fesm2015/zone.js:113:43)
    at http://localhost:9876/base/node_modules/zone.js/fesm2015/zone.js:2537:40
    at _ZoneDelegate.invokeTask (http://localhost:9876/base/node_modules/zone.js/fesm2015/zone.js:431:33)
    at _ProxyZoneSpec.onInvokeTask (http://localhost:9876/base/node_modules/zone.js/fesm2015/zone-testing.js:2163:39)[39m
Chrome Headless 139.0.0.0 (Windows 10): Executed 392 of 1370[31m (103 FAILED)[39m (0 secs / 4.04 secs)
ERROR: TypeError: this.logger.firebaseError is not a function
TypeError: this.logger.firebaseError is not a function
    at BookingService2.<anonymous> (http://localhost:9876/base/src/app/core/services/booking.service.ts:289:19)
    at Generator.throw (<anonymous>)
    at rejected (http://localhost:9876/base/chunk-35ENWJA4.js:50:29)
    at _ZoneDelegate.invoke (http://localhost:9876/base/node_modules/zone.js/fesm2015/zone.js:398:28)
    at _ProxyZoneSpec.onInvoke (http://localhost:9876/base/node_modules/zone.js/fesm2015/zone-testing.js:2132:39)
    at _ZoneDelegate.invoke (http://localhost:9876/base/node_modules/zone.js/fesm2015/zone.js:397:34)
    at ZoneImpl.run (http://localhost:9876/base/node_modules/zone.js/fesm2015/zone.js:113:43)
    at http://localhost:9876/base/node_modules/zone.js/fesm2015/zone.js:2537:40
    at _ZoneDelegate.invokeTask (http://localhost:9876/base/node_modules/zone.js/fesm2015/zone.js:431:33)
    at _ProxyZoneSpec.onInvokeTask (http://localhost:9876/base/node_modules/zone.js/fesm2015/zone-testing.js:2163:39)
[1A[2KERROR: [36m'Error carregant par├ámetres del sistema:', FirebaseError: [code=invalid-argument]: Expected first argument to collection() to be a CollectionReference, a DocumentReference or FirebaseFirestore
FirebaseError: Expected first argument to collection() to be a CollectionReference, a DocumentReference or FirebaseFirestore[39m
Chrome Headless 139.0.0.0 (Windows 10): Executed 392 of 1370[31m (103 FAILED)[39m (0 secs / 4.04 secs)
ERROR: 'Error carregant par├ámetres del sistema:', FirebaseError: [code=invalid-argument]: Expected first argument to collection() to be a CollectionReference, a DocumentReference or FirebaseFirestore
FirebaseError: Expected first argument to collection() to be a CollectionReference, a DocumentReference or FirebaseFirestore
[1A[2KChrome Headless 139.0.0.0 (Windows 10): Executed 393 of 1370[31m (103 FAILED)[39m (0 secs / 4.042 secs)
[1A[2KERROR: [36mTypeError: this.logger.firebaseError is not a function
TypeError: this.logger.firebaseError is not a function
    at FirebaseServicesService2.<anonymous> (http://localhost:9876/base/src/app/core/services/firebase-services.service.ts:190:19)
    at Generator.next (<anonymous>)
    at http://localhost:9876/base/chunk-35ENWJA4.js:56:61
    at new ZoneAwarePromise (http://localhost:9876/base/node_modules/zone.js/fesm2015/zone.js:2701:25)
    at __async (http://localhost:9876/base/chunk-35ENWJA4.js:40:10)
    at FirebaseServicesService2.loadServices (http://localhost:9876/base/chunk-TUQUN7ML.js:126:12)
    at FirebaseServicesService2.<anonymous> (http://localhost:9876/base/src/app/core/services/firebase-services.service.ts:124:10)
    at Generator.next (<anonymous>)
    at fulfilled (http://localhost:9876/base/chunk-35ENWJA4.js:43:24)
    at _ZoneDelegate.invoke (http://localhost:9876/base/node_modules/zone.js/fesm2015/zone.js:398:28)[39m
Chrome Headless 139.0.0.0 (Windows 10): Executed 393 of 1370[31m (103 FAILED)[39m (0 secs / 4.042 secs)
ERROR: TypeError: this.logger.firebaseError is not a function
TypeError: this.logger.firebaseError is not a function
    at FirebaseServicesService2.<anonymous> (http://localhost:9876/base/src/app/core/services/firebase-services.service.ts:190:19)
    at Generator.next (<anonymous>)
    at http://localhost:9876/base/chunk-35ENWJA4.js:56:61
    at new ZoneAwarePromise (http://localhost:9876/base/node_modules/zone.js/fesm2015/zone.js:2701:25)
    at __async (http://localhost:9876/base/chunk-35ENWJA4.js:40:10)
    at FirebaseServicesService2.loadServices (http://localhost:9876/base/chunk-TUQUN7ML.js:126:12)
    at FirebaseServicesService2.<anonymous> (http://localhost:9876/base/src/app/core/services/firebase-services.service.ts:124:10)
    at Generator.next (<anonymous>)
    at fulfilled (http://localhost:9876/base/chunk-35ENWJA4.js:43:24)
    at _ZoneDelegate.invoke (http://localhost:9876/base/node_modules/zone.js/fesm2015/zone.js:398:28)
[1A[2KERROR: [36mTypeError: this.logger.firebaseError is not a function
TypeError: this.logger.firebaseError is not a function
    at FirebaseServicesService2.<anonymous> (http://localhost:9876/base/src/app/core/services/firebase-services.service.ts:651:19)
    at Generator.next (<anonymous>)
    at http://localhost:9876/base/chunk-35ENWJA4.js:56:61
    at new ZoneAwarePromise (http://localhost:9876/base/node_modules/zone.js/fesm2015/zone.js:2701:25)
    at __async (http://localhost:9876/base/chunk-35ENWJA4.js:40:10)
    at FirebaseServicesService2.loadCustomCategories (http://localhost:9876/base/chunk-TUQUN7ML.js:525:12)
    at FirebaseServicesService2.<anonymous> (http://localhost:9876/base/src/app/core/services/firebase-services.service.ts:125:10)
    at Generator.next (<anonymous>)
    at fulfilled (http://localhost:9876/base/chunk-35ENWJA4.js:43:24)
    at _ZoneDelegate.invoke (http://localhost:9876/base/node_modules/zone.js/fesm2015/zone.js:398:28)[39m
Chrome Headless 139.0.0.0 (Windows 10): Executed 393 of 1370[31m (103 FAILED)[39m (0 secs / 4.042 secs)
ERROR: TypeError: this.logger.firebaseError is not a function
TypeError: this.logger.firebaseError is not a function
    at FirebaseServicesService2.<anonymous> (http://localhost:9876/base/src/app/core/services/firebase-services.service.ts:651:19)
    at Generator.next (<anonymous>)
    at http://localhost:9876/base/chunk-35ENWJA4.js:56:61
    at new ZoneAwarePromise (http://localhost:9876/base/node_modules/zone.js/fesm2015/zone.js:2701:25)
    at __async (http://localhost:9876/base/chunk-35ENWJA4.js:40:10)
    at FirebaseServicesService2.loadCustomCategories (http://localhost:9876/base/chunk-TUQUN7ML.js:525:12)
    at FirebaseServicesService2.<anonymous> (http://localhost:9876/base/src/app/core/services/firebase-services.service.ts:125:10)
    at Generator.next (<anonymous>)
    at fulfilled (http://localhost:9876/base/chunk-35ENWJA4.js:43:24)
    at _ZoneDelegate.invoke (http://localhost:9876/base/node_modules/zone.js/fesm2015/zone.js:398:28)
[1A[2KERROR: [36mTypeError: this.logger.firebaseError is not a function
TypeError: this.logger.firebaseError is not a function
    at BookingService2.<anonymous> (http://localhost:9876/base/src/app/core/services/booking.service.ts:289:19)
    at Generator.throw (<anonymous>)
    at rejected (http://localhost:9876/base/chunk-35ENWJA4.js:50:29)
    at _ZoneDelegate.invoke (http://localhost:9876/base/node_modules/zone.js/fesm2015/zone.js:398:28)
    at _ProxyZoneSpec.onInvoke (http://localhost:9876/base/node_modules/zone.js/fesm2015/zone-testing.js:2132:39)
    at _ZoneDelegate.invoke (http://localhost:9876/base/node_modules/zone.js/fesm2015/zone.js:397:34)
    at ZoneImpl.run (http://localhost:9876/base/node_modules/zone.js/fesm2015/zone.js:113:43)
    at http://localhost:9876/base/node_modules/zone.js/fesm2015/zone.js:2537:40
    at _ZoneDelegate.invokeTask (http://localhost:9876/base/node_modules/zone.js/fesm2015/zone.js:431:33)
    at _ProxyZoneSpec.onInvokeTask (http://localhost:9876/base/node_modules/zone.js/fesm2015/zone-testing.js:2163:39)[39m
Chrome Headless 139.0.0.0 (Windows 10): Executed 393 of 1370[31m (103 FAILED)[39m (0 secs / 4.042 secs)
ERROR: TypeError: this.logger.firebaseError is not a function
TypeError: this.logger.firebaseError is not a function
    at BookingService2.<anonymous> (http://localhost:9876/base/src/app/core/services/booking.service.ts:289:19)
    at Generator.throw (<anonymous>)
    at rejected (http://localhost:9876/base/chunk-35ENWJA4.js:50:29)
    at _ZoneDelegate.invoke (http://localhost:9876/base/node_modules/zone.js/fesm2015/zone.js:398:28)
    at _ProxyZoneSpec.onInvoke (http://localhost:9876/base/node_modules/zone.js/fesm2015/zone-testing.js:2132:39)
    at _ZoneDelegate.invoke (http://localhost:9876/base/node_modules/zone.js/fesm2015/zone.js:397:34)
    at ZoneImpl.run (http://localhost:9876/base/node_modules/zone.js/fesm2015/zone.js:113:43)
    at http://localhost:9876/base/node_modules/zone.js/fesm2015/zone.js:2537:40
    at _ZoneDelegate.invokeTask (http://localhost:9876/base/node_modules/zone.js/fesm2015/zone.js:431:33)
    at _ProxyZoneSpec.onInvokeTask (http://localhost:9876/base/node_modules/zone.js/fesm2015/zone-testing.js:2163:39)
[1A[2KERROR: [36m'Error carregant par├ámetres del sistema:', FirebaseError: [code=invalid-argument]: Expected first argument to collection() to be a CollectionReference, a DocumentReference or FirebaseFirestore
FirebaseError: Expected first argument to collection() to be a CollectionReference, a DocumentReference or FirebaseFirestore[39m
Chrome Headless 139.0.0.0 (Windows 10): Executed 393 of 1370[31m (103 FAILED)[39m (0 secs / 4.042 secs)
ERROR: 'Error carregant par├ámetres del sistema:', FirebaseError: [code=invalid-argument]: Expected first argument to collection() to be a CollectionReference, a DocumentReference or FirebaseFirestore
FirebaseError: Expected first argument to collection() to be a CollectionReference, a DocumentReference or FirebaseFirestore
[1A[2KChrome Headless 139.0.0.0 (Windows 10): Executed 394 of 1370[31m (103 FAILED)[39m (0 secs / 4.043 secs)
[1A[2KERROR: [36mTypeError: this.logger.firebaseError is not a function
TypeError: this.logger.firebaseError is not a function
    at FirebaseServicesService2.<anonymous> (http://localhost:9876/base/src/app/core/services/firebase-services.service.ts:190:19)
    at Generator.next (<anonymous>)
    at http://localhost:9876/base/chunk-35ENWJA4.js:56:61
    at new ZoneAwarePromise (http://localhost:9876/base/node_modules/zone.js/fesm2015/zone.js:2701:25)
    at __async (http://localhost:9876/base/chunk-35ENWJA4.js:40:10)
    at FirebaseServicesService2.loadServices (http://localhost:9876/base/chunk-TUQUN7ML.js:126:12)
    at FirebaseServicesService2.<anonymous> (http://localhost:9876/base/src/app/core/services/firebase-services.service.ts:124:10)
    at Generator.next (<anonymous>)
    at fulfilled (http://localhost:9876/base/chunk-35ENWJA4.js:43:24)
    at _ZoneDelegate.invoke (http://localhost:9876/base/node_modules/zone.js/fesm2015/zone.js:398:28)[39m
Chrome Headless 139.0.0.0 (Windows 10): Executed 394 of 1370[31m (103 FAILED)[39m (0 secs / 4.043 secs)
ERROR: TypeError: this.logger.firebaseError is not a function
TypeError: this.logger.firebaseError is not a function
    at FirebaseServicesService2.<anonymous> (http://localhost:9876/base/src/app/core/services/firebase-services.service.ts:190:19)
    at Generator.next (<anonymous>)
    at http://localhost:9876/base/chunk-35ENWJA4.js:56:61
    at new ZoneAwarePromise (http://localhost:9876/base/node_modules/zone.js/fesm2015/zone.js:2701:25)
    at __async (http://localhost:9876/base/chunk-35ENWJA4.js:40:10)
    at FirebaseServicesService2.loadServices (http://localhost:9876/base/chunk-TUQUN7ML.js:126:12)
    at FirebaseServicesService2.<anonymous> (http://localhost:9876/base/src/app/core/services/firebase-services.service.ts:124:10)
    at Generator.next (<anonymous>)
    at fulfilled (http://localhost:9876/base/chunk-35ENWJA4.js:43:24)
    at _ZoneDelegate.invoke (http://localhost:9876/base/node_modules/zone.js/fesm2015/zone.js:398:28)
[1A[2KERROR: [36mTypeError: this.logger.firebaseError is not a function
TypeError: this.logger.firebaseError is not a function
    at FirebaseServicesService2.<anonymous> (http://localhost:9876/base/src/app/core/services/firebase-services.service.ts:651:19)
    at Generator.next (<anonymous>)
    at http://localhost:9876/base/chunk-35ENWJA4.js:56:61
    at new ZoneAwarePromise (http://localhost:9876/base/node_modules/zone.js/fesm2015/zone.js:2701:25)
    at __async (http://localhost:9876/base/chunk-35ENWJA4.js:40:10)
    at FirebaseServicesService2.loadCustomCategories (http://localhost:9876/base/chunk-TUQUN7ML.js:525:12)
    at FirebaseServicesService2.<anonymous> (http://localhost:9876/base/src/app/core/services/firebase-services.service.ts:125:10)
    at Generator.next (<anonymous>)
    at fulfilled (http://localhost:9876/base/chunk-35ENWJA4.js:43:24)
    at _ZoneDelegate.invoke (http://localhost:9876/base/node_modules/zone.js/fesm2015/zone.js:398:28)[39m
Chrome Headless 139.0.0.0 (Windows 10): Executed 394 of 1370[31m (103 FAILED)[39m (0 secs / 4.043 secs)
ERROR: TypeError: this.logger.firebaseError is not a function
TypeError: this.logger.firebaseError is not a function
    at FirebaseServicesService2.<anonymous> (http://localhost:9876/base/src/app/core/services/firebase-services.service.ts:651:19)
    at Generator.next (<anonymous>)
    at http://localhost:9876/base/chunk-35ENWJA4.js:56:61
    at new ZoneAwarePromise (http://localhost:9876/base/node_modules/zone.js/fesm2015/zone.js:2701:25)
    at __async (http://localhost:9876/base/chunk-35ENWJA4.js:40:10)
    at FirebaseServicesService2.loadCustomCategories (http://localhost:9876/base/chunk-TUQUN7ML.js:525:12)
    at FirebaseServicesService2.<anonymous> (http://localhost:9876/base/src/app/core/services/firebase-services.service.ts:125:10)
    at Generator.next (<anonymous>)
    at fulfilled (http://localhost:9876/base/chunk-35ENWJA4.js:43:24)
    at _ZoneDelegate.invoke (http://localhost:9876/base/node_modules/zone.js/fesm2015/zone.js:398:28)
[1A[2KERROR: [36mTypeError: this.logger.firebaseError is not a function
TypeError: this.logger.firebaseError is not a function
    at BookingService2.<anonymous> (http://localhost:9876/base/src/app/core/services/booking.service.ts:289:19)
    at Generator.throw (<anonymous>)
    at rejected (http://localhost:9876/base/chunk-35ENWJA4.js:50:29)
    at _ZoneDelegate.invoke (http://localhost:9876/base/node_modules/zone.js/fesm2015/zone.js:398:28)
    at _ProxyZoneSpec.onInvoke (http://localhost:9876/base/node_modules/zone.js/fesm2015/zone-testing.js:2132:39)
    at _ZoneDelegate.invoke (http://localhost:9876/base/node_modules/zone.js/fesm2015/zone.js:397:34)
    at ZoneImpl.run (http://localhost:9876/base/node_modules/zone.js/fesm2015/zone.js:113:43)
    at http://localhost:9876/base/node_modules/zone.js/fesm2015/zone.js:2537:40
    at _ZoneDelegate.invokeTask (http://localhost:9876/base/node_modules/zone.js/fesm2015/zone.js:431:33)
    at _ProxyZoneSpec.onInvokeTask (http://localhost:9876/base/node_modules/zone.js/fesm2015/zone-testing.js:2163:39)[39m
Chrome Headless 139.0.0.0 (Windows 10): Executed 394 of 1370[31m (103 FAILED)[39m (0 secs / 4.043 secs)
ERROR: TypeError: this.logger.firebaseError is not a function
TypeError: this.logger.firebaseError is not a function
    at BookingService2.<anonymous> (http://localhost:9876/base/src/app/core/services/booking.service.ts:289:19)
    at Generator.throw (<anonymous>)
    at rejected (http://localhost:9876/base/chunk-35ENWJA4.js:50:29)
    at _ZoneDelegate.invoke (http://localhost:9876/base/node_modules/zone.js/fesm2015/zone.js:398:28)
    at _ProxyZoneSpec.onInvoke (http://localhost:9876/base/node_modules/zone.js/fesm2015/zone-testing.js:2132:39)
    at _ZoneDelegate.invoke (http://localhost:9876/base/node_modules/zone.js/fesm2015/zone.js:397:34)
    at ZoneImpl.run (http://localhost:9876/base/node_modules/zone.js/fesm2015/zone.js:113:43)
    at http://localhost:9876/base/node_modules/zone.js/fesm2015/zone.js:2537:40
    at _ZoneDelegate.invokeTask (http://localhost:9876/base/node_modules/zone.js/fesm2015/zone.js:431:33)
    at _ProxyZoneSpec.onInvokeTask (http://localhost:9876/base/node_modules/zone.js/fesm2015/zone-testing.js:2163:39)
[1A[2KERROR: [36m'Error carregant par├ámetres del sistema:', FirebaseError: [code=invalid-argument]: Expected first argument to collection() to be a CollectionReference, a DocumentReference or FirebaseFirestore
FirebaseError: Expected first argument to collection() to be a CollectionReference, a DocumentReference or FirebaseFirestore[39m
Chrome Headless 139.0.0.0 (Windows 10): Executed 394 of 1370[31m (103 FAILED)[39m (0 secs / 4.043 secs)
ERROR: 'Error carregant par├ámetres del sistema:', FirebaseError: [code=invalid-argument]: Expected first argument to collection() to be a CollectionReference, a DocumentReference or FirebaseFirestore
FirebaseError: Expected first argument to collection() to be a CollectionReference, a DocumentReference or FirebaseFirestore
[1A[2KChrome Headless 139.0.0.0 (Windows 10): Executed 395 of 1370[31m (103 FAILED)[39m (0 secs / 4.045 secs)
[1A[2KERROR: [36mTypeError: this.logger.firebaseError is not a function
TypeError: this.logger.firebaseError is not a function
    at FirebaseServicesService2.<anonymous> (http://localhost:9876/base/src/app/core/services/firebase-services.service.ts:190:19)
    at Generator.next (<anonymous>)
    at http://localhost:9876/base/chunk-35ENWJA4.js:56:61
    at new ZoneAwarePromise (http://localhost:9876/base/node_modules/zone.js/fesm2015/zone.js:2701:25)
    at __async (http://localhost:9876/base/chunk-35ENWJA4.js:40:10)
    at FirebaseServicesService2.loadServices (http://localhost:9876/base/chunk-TUQUN7ML.js:126:12)
    at FirebaseServicesService2.<anonymous> (http://localhost:9876/base/src/app/core/services/firebase-services.service.ts:124:10)
    at Generator.next (<anonymous>)
    at fulfilled (http://localhost:9876/base/chunk-35ENWJA4.js:43:24)
    at _ZoneDelegate.invoke (http://localhost:9876/base/node_modules/zone.js/fesm2015/zone.js:398:28)[39m
Chrome Headless 139.0.0.0 (Windows 10): Executed 395 of 1370[31m (103 FAILED)[39m (0 secs / 4.045 secs)
ERROR: TypeError: this.logger.firebaseError is not a function
TypeError: this.logger.firebaseError is not a function
    at FirebaseServicesService2.<anonymous> (http://localhost:9876/base/src/app/core/services/firebase-services.service.ts:190:19)
    at Generator.next (<anonymous>)
    at http://localhost:9876/base/chunk-35ENWJA4.js:56:61
    at new ZoneAwarePromise (http://localhost:9876/base/node_modules/zone.js/fesm2015/zone.js:2701:25)
    at __async (http://localhost:9876/base/chunk-35ENWJA4.js:40:10)
    at FirebaseServicesService2.loadServices (http://localhost:9876/base/chunk-TUQUN7ML.js:126:12)
    at FirebaseServicesService2.<anonymous> (http://localhost:9876/base/src/app/core/services/firebase-services.service.ts:124:10)
    at Generator.next (<anonymous>)
    at fulfilled (http://localhost:9876/base/chunk-35ENWJA4.js:43:24)
    at _ZoneDelegate.invoke (http://localhost:9876/base/node_modules/zone.js/fesm2015/zone.js:398:28)
[1A[2KERROR: [36mTypeError: this.logger.firebaseError is not a function
TypeError: this.logger.firebaseError is not a function
    at FirebaseServicesService2.<anonymous> (http://localhost:9876/base/src/app/core/services/firebase-services.service.ts:651:19)
    at Generator.next (<anonymous>)
    at http://localhost:9876/base/chunk-35ENWJA4.js:56:61
    at new ZoneAwarePromise (http://localhost:9876/base/node_modules/zone.js/fesm2015/zone.js:2701:25)
    at __async (http://localhost:9876/base/chunk-35ENWJA4.js:40:10)
    at FirebaseServicesService2.loadCustomCategories (http://localhost:9876/base/chunk-TUQUN7ML.js:525:12)
    at FirebaseServicesService2.<anonymous> (http://localhost:9876/base/src/app/core/services/firebase-services.service.ts:125:10)
    at Generator.next (<anonymous>)
    at fulfilled (http://localhost:9876/base/chunk-35ENWJA4.js:43:24)
    at _ZoneDelegate.invoke (http://localhost:9876/base/node_modules/zone.js/fesm2015/zone.js:398:28)[39m
Chrome Headless 139.0.0.0 (Windows 10): Executed 395 of 1370[31m (103 FAILED)[39m (0 secs / 4.045 secs)
ERROR: TypeError: this.logger.firebaseError is not a function
TypeError: this.logger.firebaseError is not a function
    at FirebaseServicesService2.<anonymous> (http://localhost:9876/base/src/app/core/services/firebase-services.service.ts:651:19)
    at Generator.next (<anonymous>)
    at http://localhost:9876/base/chunk-35ENWJA4.js:56:61
    at new ZoneAwarePromise (http://localhost:9876/base/node_modules/zone.js/fesm2015/zone.js:2701:25)
    at __async (http://localhost:9876/base/chunk-35ENWJA4.js:40:10)
    at FirebaseServicesService2.loadCustomCategories (http://localhost:9876/base/chunk-TUQUN7ML.js:525:12)
    at FirebaseServicesService2.<anonymous> (http://localhost:9876/base/src/app/core/services/firebase-services.service.ts:125:10)
    at Generator.next (<anonymous>)
    at fulfilled (http://localhost:9876/base/chunk-35ENWJA4.js:43:24)
    at _ZoneDelegate.invoke (http://localhost:9876/base/node_modules/zone.js/fesm2015/zone.js:398:28)
[1A[2KERROR: [36mTypeError: this.logger.firebaseError is not a function
TypeError: this.logger.firebaseError is not a function
    at BookingService2.<anonymous> (http://localhost:9876/base/src/app/core/services/booking.service.ts:289:19)
    at Generator.throw (<anonymous>)
    at rejected (http://localhost:9876/base/chunk-35ENWJA4.js:50:29)
    at _ZoneDelegate.invoke (http://localhost:9876/base/node_modules/zone.js/fesm2015/zone.js:398:28)
    at _ProxyZoneSpec.onInvoke (http://localhost:9876/base/node_modules/zone.js/fesm2015/zone-testing.js:2132:39)
    at _ZoneDelegate.invoke (http://localhost:9876/base/node_modules/zone.js/fesm2015/zone.js:397:34)
    at ZoneImpl.run (http://localhost:9876/base/node_modules/zone.js/fesm2015/zone.js:113:43)
    at http://localhost:9876/base/node_modules/zone.js/fesm2015/zone.js:2537:40
    at _ZoneDelegate.invokeTask (http://localhost:9876/base/node_modules/zone.js/fesm2015/zone.js:431:33)
    at _ProxyZoneSpec.onInvokeTask (http://localhost:9876/base/node_modules/zone.js/fesm2015/zone-testing.js:2163:39)[39m
Chrome Headless 139.0.0.0 (Windows 10): Executed 395 of 1370[31m (103 FAILED)[39m (0 secs / 4.045 secs)
ERROR: TypeError: this.logger.firebaseError is not a function
TypeError: this.logger.firebaseError is not a function
    at BookingService2.<anonymous> (http://localhost:9876/base/src/app/core/services/booking.service.ts:289:19)
    at Generator.throw (<anonymous>)
    at rejected (http://localhost:9876/base/chunk-35ENWJA4.js:50:29)
    at _ZoneDelegate.invoke (http://localhost:9876/base/node_modules/zone.js/fesm2015/zone.js:398:28)
    at _ProxyZoneSpec.onInvoke (http://localhost:9876/base/node_modules/zone.js/fesm2015/zone-testing.js:2132:39)
    at _ZoneDelegate.invoke (http://localhost:9876/base/node_modules/zone.js/fesm2015/zone.js:397:34)
    at ZoneImpl.run (http://localhost:9876/base/node_modules/zone.js/fesm2015/zone.js:113:43)
    at http://localhost:9876/base/node_modules/zone.js/fesm2015/zone.js:2537:40
    at _ZoneDelegate.invokeTask (http://localhost:9876/base/node_modules/zone.js/fesm2015/zone.js:431:33)
    at _ProxyZoneSpec.onInvokeTask (http://localhost:9876/base/node_modules/zone.js/fesm2015/zone-testing.js:2163:39)
[1A[2KERROR: [36m'Error carregant par├ámetres del sistema:', FirebaseError: [code=invalid-argument]: Expected first argument to collection() to be a CollectionReference, a DocumentReference or FirebaseFirestore
FirebaseError: Expected first argument to collection() to be a CollectionReference, a DocumentReference or FirebaseFirestore[39m
Chrome Headless 139.0.0.0 (Windows 10): Executed 395 of 1370[31m (103 FAILED)[39m (0 secs / 4.045 secs)
ERROR: 'Error carregant par├ámetres del sistema:', FirebaseError: [code=invalid-argument]: Expected first argument to collection() to be a CollectionReference, a DocumentReference or FirebaseFirestore
FirebaseError: Expected first argument to collection() to be a CollectionReference, a DocumentReference or FirebaseFirestore
[1A[2KChrome Headless 139.0.0.0 (Windows 10): Executed 396 of 1370[31m (103 FAILED)[39m (0 secs / 4.047 secs)
[1A[2KERROR: [36mTypeError: this.logger.firebaseError is not a function
TypeError: this.logger.firebaseError is not a function
    at FirebaseServicesService2.<anonymous> (http://localhost:9876/base/src/app/core/services/firebase-services.service.ts:190:19)
    at Generator.next (<anonymous>)
    at http://localhost:9876/base/chunk-35ENWJA4.js:56:61
    at new ZoneAwarePromise (http://localhost:9876/base/node_modules/zone.js/fesm2015/zone.js:2701:25)
    at __async (http://localhost:9876/base/chunk-35ENWJA4.js:40:10)
    at FirebaseServicesService2.loadServices (http://localhost:9876/base/chunk-TUQUN7ML.js:126:12)
    at FirebaseServicesService2.<anonymous> (http://localhost:9876/base/src/app/core/services/firebase-services.service.ts:124:10)
    at Generator.next (<anonymous>)
    at fulfilled (http://localhost:9876/base/chunk-35ENWJA4.js:43:24)
    at _ZoneDelegate.invoke (http://localhost:9876/base/node_modules/zone.js/fesm2015/zone.js:398:28)[39m
Chrome Headless 139.0.0.0 (Windows 10): Executed 396 of 1370[31m (103 FAILED)[39m (0 secs / 4.047 secs)
ERROR: TypeError: this.logger.firebaseError is not a function
TypeError: this.logger.firebaseError is not a function
    at FirebaseServicesService2.<anonymous> (http://localhost:9876/base/src/app/core/services/firebase-services.service.ts:190:19)
    at Generator.next (<anonymous>)
    at http://localhost:9876/base/chunk-35ENWJA4.js:56:61
    at new ZoneAwarePromise (http://localhost:9876/base/node_modules/zone.js/fesm2015/zone.js:2701:25)
    at __async (http://localhost:9876/base/chunk-35ENWJA4.js:40:10)
    at FirebaseServicesService2.loadServices (http://localhost:9876/base/chunk-TUQUN7ML.js:126:12)
    at FirebaseServicesService2.<anonymous> (http://localhost:9876/base/src/app/core/services/firebase-services.service.ts:124:10)
    at Generator.next (<anonymous>)
    at fulfilled (http://localhost:9876/base/chunk-35ENWJA4.js:43:24)
    at _ZoneDelegate.invoke (http://localhost:9876/base/node_modules/zone.js/fesm2015/zone.js:398:28)
[1A[2KERROR: [36mTypeError: this.logger.firebaseError is not a function
TypeError: this.logger.firebaseError is not a function
    at FirebaseServicesService2.<anonymous> (http://localhost:9876/base/src/app/core/services/firebase-services.service.ts:651:19)
    at Generator.next (<anonymous>)
    at http://localhost:9876/base/chunk-35ENWJA4.js:56:61
    at new ZoneAwarePromise (http://localhost:9876/base/node_modules/zone.js/fesm2015/zone.js:2701:25)
    at __async (http://localhost:9876/base/chunk-35ENWJA4.js:40:10)
    at FirebaseServicesService2.loadCustomCategories (http://localhost:9876/base/chunk-TUQUN7ML.js:525:12)
    at FirebaseServicesService2.<anonymous> (http://localhost:9876/base/src/app/core/services/firebase-services.service.ts:125:10)
    at Generator.next (<anonymous>)
    at fulfilled (http://localhost:9876/base/chunk-35ENWJA4.js:43:24)
    at _ZoneDelegate.invoke (http://localhost:9876/base/node_modules/zone.js/fesm2015/zone.js:398:28)[39m
Chrome Headless 139.0.0.0 (Windows 10): Executed 396 of 1370[31m (103 FAILED)[39m (0 secs / 4.047 secs)
ERROR: TypeError: this.logger.firebaseError is not a function
TypeError: this.logger.firebaseError is not a function
    at FirebaseServicesService2.<anonymous> (http://localhost:9876/base/src/app/core/services/firebase-services.service.ts:651:19)
    at Generator.next (<anonymous>)
    at http://localhost:9876/base/chunk-35ENWJA4.js:56:61
    at new ZoneAwarePromise (http://localhost:9876/base/node_modules/zone.js/fesm2015/zone.js:2701:25)
    at __async (http://localhost:9876/base/chunk-35ENWJA4.js:40:10)
    at FirebaseServicesService2.loadCustomCategories (http://localhost:9876/base/chunk-TUQUN7ML.js:525:12)
    at FirebaseServicesService2.<anonymous> (http://localhost:9876/base/src/app/core/services/firebase-services.service.ts:125:10)
    at Generator.next (<anonymous>)
    at fulfilled (http://localhost:9876/base/chunk-35ENWJA4.js:43:24)
    at _ZoneDelegate.invoke (http://localhost:9876/base/node_modules/zone.js/fesm2015/zone.js:398:28)
[1A[2KERROR: [36mTypeError: this.logger.firebaseError is not a function
TypeError: this.logger.firebaseError is not a function
    at BookingService2.<anonymous> (http://localhost:9876/base/src/app/core/services/booking.service.ts:289:19)
    at Generator.throw (<anonymous>)
    at rejected (http://localhost:9876/base/chunk-35ENWJA4.js:50:29)
    at _ZoneDelegate.invoke (http://localhost:9876/base/node_modules/zone.js/fesm2015/zone.js:398:28)
    at _ProxyZoneSpec.onInvoke (http://localhost:9876/base/node_modules/zone.js/fesm2015/zone-testing.js:2132:39)
    at _ZoneDelegate.invoke (http://localhost:9876/base/node_modules/zone.js/fesm2015/zone.js:397:34)
    at ZoneImpl.run (http://localhost:9876/base/node_modules/zone.js/fesm2015/zone.js:113:43)
    at http://localhost:9876/base/node_modules/zone.js/fesm2015/zone.js:2537:40
    at _ZoneDelegate.invokeTask (http://localhost:9876/base/node_modules/zone.js/fesm2015/zone.js:431:33)
    at _ProxyZoneSpec.onInvokeTask (http://localhost:9876/base/node_modules/zone.js/fesm2015/zone-testing.js:2163:39)[39m
Chrome Headless 139.0.0.0 (Windows 10): Executed 396 of 1370[31m (103 FAILED)[39m (0 secs / 4.047 secs)
ERROR: TypeError: this.logger.firebaseError is not a function
TypeError: this.logger.firebaseError is not a function
    at BookingService2.<anonymous> (http://localhost:9876/base/src/app/core/services/booking.service.ts:289:19)
    at Generator.throw (<anonymous>)
    at rejected (http://localhost:9876/base/chunk-35ENWJA4.js:50:29)
    at _ZoneDelegate.invoke (http://localhost:9876/base/node_modules/zone.js/fesm2015/zone.js:398:28)
    at _ProxyZoneSpec.onInvoke (http://localhost:9876/base/node_modules/zone.js/fesm2015/zone-testing.js:2132:39)
    at _ZoneDelegate.invoke (http://localhost:9876/base/node_modules/zone.js/fesm2015/zone.js:397:34)
    at ZoneImpl.run (http://localhost:9876/base/node_modules/zone.js/fesm2015/zone.js:113:43)
    at http://localhost:9876/base/node_modules/zone.js/fesm2015/zone.js:2537:40
    at _ZoneDelegate.invokeTask (http://localhost:9876/base/node_modules/zone.js/fesm2015/zone.js:431:33)
    at _ProxyZoneSpec.onInvokeTask (http://localhost:9876/base/node_modules/zone.js/fesm2015/zone-testing.js:2163:39)
[1A[2KERROR: [36m'Error carregant par├ámetres del sistema:', FirebaseError: [code=invalid-argument]: Expected first argument to collection() to be a CollectionReference, a DocumentReference or FirebaseFirestore
FirebaseError: Expected first argument to collection() to be a CollectionReference, a DocumentReference or FirebaseFirestore[39m
Chrome Headless 139.0.0.0 (Windows 10): Executed 396 of 1370[31m (103 FAILED)[39m (0 secs / 4.047 secs)
ERROR: 'Error carregant par├ámetres del sistema:', FirebaseError: [code=invalid-argument]: Expected first argument to collection() to be a CollectionReference, a DocumentReference or FirebaseFirestore
FirebaseError: Expected first argument to collection() to be a CollectionReference, a DocumentReference or FirebaseFirestore
[1A[2KChrome Headless 139.0.0.0 (Windows 10): Executed 397 of 1370[31m (103 FAILED)[39m (0 secs / 4.049 secs)
[1A[2KERROR: [36mTypeError: this.logger.firebaseError is not a function
TypeError: this.logger.firebaseError is not a function
    at FirebaseServicesService2.<anonymous> (http://localhost:9876/base/src/app/core/services/firebase-services.service.ts:190:19)
    at Generator.next (<anonymous>)
    at http://localhost:9876/base/chunk-35ENWJA4.js:56:61
    at new ZoneAwarePromise (http://localhost:9876/base/node_modules/zone.js/fesm2015/zone.js:2701:25)
    at __async (http://localhost:9876/base/chunk-35ENWJA4.js:40:10)
    at FirebaseServicesService2.loadServices (http://localhost:9876/base/chunk-TUQUN7ML.js:126:12)
    at FirebaseServicesService2.<anonymous> (http://localhost:9876/base/src/app/core/services/firebase-services.service.ts:124:10)
    at Generator.next (<anonymous>)
    at fulfilled (http://localhost:9876/base/chunk-35ENWJA4.js:43:24)
    at _ZoneDelegate.invoke (http://localhost:9876/base/node_modules/zone.js/fesm2015/zone.js:398:28)[39m
Chrome Headless 139.0.0.0 (Windows 10): Executed 397 of 1370[31m (103 FAILED)[39m (0 secs / 4.049 secs)
ERROR: TypeError: this.logger.firebaseError is not a function
TypeError: this.logger.firebaseError is not a function
    at FirebaseServicesService2.<anonymous> (http://localhost:9876/base/src/app/core/services/firebase-services.service.ts:190:19)
    at Generator.next (<anonymous>)
    at http://localhost:9876/base/chunk-35ENWJA4.js:56:61
    at new ZoneAwarePromise (http://localhost:9876/base/node_modules/zone.js/fesm2015/zone.js:2701:25)
    at __async (http://localhost:9876/base/chunk-35ENWJA4.js:40:10)
    at FirebaseServicesService2.loadServices (http://localhost:9876/base/chunk-TUQUN7ML.js:126:12)
    at FirebaseServicesService2.<anonymous> (http://localhost:9876/base/src/app/core/services/firebase-services.service.ts:124:10)
    at Generator.next (<anonymous>)
    at fulfilled (http://localhost:9876/base/chunk-35ENWJA4.js:43:24)
    at _ZoneDelegate.invoke (http://localhost:9876/base/node_modules/zone.js/fesm2015/zone.js:398:28)
[1A[2KERROR: [36mTypeError: this.logger.firebaseError is not a function
TypeError: this.logger.firebaseError is not a function
    at FirebaseServicesService2.<anonymous> (http://localhost:9876/base/src/app/core/services/firebase-services.service.ts:651:19)
    at Generator.next (<anonymous>)
    at http://localhost:9876/base/chunk-35ENWJA4.js:56:61
    at new ZoneAwarePromise (http://localhost:9876/base/node_modules/zone.js/fesm2015/zone.js:2701:25)
    at __async (http://localhost:9876/base/chunk-35ENWJA4.js:40:10)
    at FirebaseServicesService2.loadCustomCategories (http://localhost:9876/base/chunk-TUQUN7ML.js:525:12)
    at FirebaseServicesService2.<anonymous> (http://localhost:9876/base/src/app/core/services/firebase-services.service.ts:125:10)
    at Generator.next (<anonymous>)
    at fulfilled (http://localhost:9876/base/chunk-35ENWJA4.js:43:24)
    at _ZoneDelegate.invoke (http://localhost:9876/base/node_modules/zone.js/fesm2015/zone.js:398:28)[39m
Chrome Headless 139.0.0.0 (Windows 10): Executed 397 of 1370[31m (103 FAILED)[39m (0 secs / 4.049 secs)
ERROR: TypeError: this.logger.firebaseError is not a function
TypeError: this.logger.firebaseError is not a function
    at FirebaseServicesService2.<anonymous> (http://localhost:9876/base/src/app/core/services/firebase-services.service.ts:651:19)
    at Generator.next (<anonymous>)
    at http://localhost:9876/base/chunk-35ENWJA4.js:56:61
    at new ZoneAwarePromise (http://localhost:9876/base/node_modules/zone.js/fesm2015/zone.js:2701:25)
    at __async (http://localhost:9876/base/chunk-35ENWJA4.js:40:10)
    at FirebaseServicesService2.loadCustomCategories (http://localhost:9876/base/chunk-TUQUN7ML.js:525:12)
    at FirebaseServicesService2.<anonymous> (http://localhost:9876/base/src/app/core/services/firebase-services.service.ts:125:10)
    at Generator.next (<anonymous>)
    at fulfilled (http://localhost:9876/base/chunk-35ENWJA4.js:43:24)
    at _ZoneDelegate.invoke (http://localhost:9876/base/node_modules/zone.js/fesm2015/zone.js:398:28)
[1A[2KERROR: [36mTypeError: this.logger.firebaseError is not a function
TypeError: this.logger.firebaseError is not a function
    at BookingService2.<anonymous> (http://localhost:9876/base/src/app/core/services/booking.service.ts:289:19)
    at Generator.throw (<anonymous>)
    at rejected (http://localhost:9876/base/chunk-35ENWJA4.js:50:29)
    at _ZoneDelegate.invoke (http://localhost:9876/base/node_modules/zone.js/fesm2015/zone.js:398:28)
    at _ProxyZoneSpec.onInvoke (http://localhost:9876/base/node_modules/zone.js/fesm2015/zone-testing.js:2132:39)
    at _ZoneDelegate.invoke (http://localhost:9876/base/node_modules/zone.js/fesm2015/zone.js:397:34)
    at ZoneImpl.run (http://localhost:9876/base/node_modules/zone.js/fesm2015/zone.js:113:43)
    at http://localhost:9876/base/node_modules/zone.js/fesm2015/zone.js:2537:40
    at _ZoneDelegate.invokeTask (http://localhost:9876/base/node_modules/zone.js/fesm2015/zone.js:431:33)
    at _ProxyZoneSpec.onInvokeTask (http://localhost:9876/base/node_modules/zone.js/fesm2015/zone-testing.js:2163:39)[39m
Chrome Headless 139.0.0.0 (Windows 10): Executed 397 of 1370[31m (103 FAILED)[39m (0 secs / 4.049 secs)
ERROR: TypeError: this.logger.firebaseError is not a function
TypeError: this.logger.firebaseError is not a function
    at BookingService2.<anonymous> (http://localhost:9876/base/src/app/core/services/booking.service.ts:289:19)
    at Generator.throw (<anonymous>)
    at rejected (http://localhost:9876/base/chunk-35ENWJA4.js:50:29)
    at _ZoneDelegate.invoke (http://localhost:9876/base/node_modules/zone.js/fesm2015/zone.js:398:28)
    at _ProxyZoneSpec.onInvoke (http://localhost:9876/base/node_modules/zone.js/fesm2015/zone-testing.js:2132:39)
    at _ZoneDelegate.invoke (http://localhost:9876/base/node_modules/zone.js/fesm2015/zone.js:397:34)
    at ZoneImpl.run (http://localhost:9876/base/node_modules/zone.js/fesm2015/zone.js:113:43)
    at http://localhost:9876/base/node_modules/zone.js/fesm2015/zone.js:2537:40
    at _ZoneDelegate.invokeTask (http://localhost:9876/base/node_modules/zone.js/fesm2015/zone.js:431:33)
    at _ProxyZoneSpec.onInvokeTask (http://localhost:9876/base/node_modules/zone.js/fesm2015/zone-testing.js:2163:39)
[1A[2KERROR: [36m'Error carregant par├ámetres del sistema:', FirebaseError: [code=invalid-argument]: Expected first argument to collection() to be a CollectionReference, a DocumentReference or FirebaseFirestore
FirebaseError: Expected first argument to collection() to be a CollectionReference, a DocumentReference or FirebaseFirestore[39m
Chrome Headless 139.0.0.0 (Windows 10): Executed 397 of 1370[31m (103 FAILED)[39m (0 secs / 4.049 secs)
ERROR: 'Error carregant par├ámetres del sistema:', FirebaseError: [code=invalid-argument]: Expected first argument to collection() to be a CollectionReference, a DocumentReference or FirebaseFirestore
FirebaseError: Expected first argument to collection() to be a CollectionReference, a DocumentReference or FirebaseFirestore
[1A[2K[31mChrome Headless 139.0.0.0 (Windows 10) CalendarCoreService Time Slot Generation should generate available time slots excluding lunch break FAILED[39m
	Expected [ '08:00', '08:30', '09:00', '09:30', '10:00', '10:30', '11:00', '11:30', '12:00', '12:30', '13:00', '13:30', '14:00', '14:30', '15:00', '15:30', '16:00', '16:30', '17:00', '17:30', '18:00', '18:30', '19:00', '19:30' ] not to contain '13:00'.
	    at <Jasmine>
	    at UserContext.<anonymous> (spec-calendar-core.service.spec.js:328:25)
	    at _ZoneDelegate.invoke (node_modules/zone.js/fesm2015/zone.js:398:28)
	    at _ProxyZoneSpec.onInvoke (node_modules/zone.js/fesm2015/zone-testing.js:2132:39)
	    at _ZoneDelegate.invoke (node_modules/zone.js/fesm2015/zone.js:397:34)
	Expected [ '08:00', '08:30', '09:00', '09:30', '10:00', '10:30', '11:00', '11:30', '12:00', '12:30', '13:00', '13:30', '14:00', '14:30', '15:00', '15:30', '16:00', '16:30', '17:00', '17:30', '18:00', '18:30', '19:00', '19:30' ] not to contain '14:30'.
	    at <Jasmine>
	    at UserContext.<anonymous> (spec-calendar-core.service.spec.js:329:25)
	    at _ZoneDelegate.invoke (node_modules/zone.js/fesm2015/zone.js:398:28)
	    at _ProxyZoneSpec.onInvoke (node_modules/zone.js/fesm2015/zone-testing.js:2132:39)
	    at _ZoneDelegate.invoke (node_modules/zone.js/fesm2015/zone.js:397:34)
Chrome Headless 139.0.0.0 (Windows 10): Executed 398 of 1370[31m (104 FAILED)[39m (0 secs / 4.051 secs)
[1A[2KERROR: [36mTypeError: this.logger.firebaseError is not a function
TypeError: this.logger.firebaseError is not a function
    at FirebaseServicesService2.<anonymous> (http://localhost:9876/base/src/app/core/services/firebase-services.service.ts:190:19)
    at Generator.next (<anonymous>)
    at http://localhost:9876/base/chunk-35ENWJA4.js:56:61
    at new ZoneAwarePromise (http://localhost:9876/base/node_modules/zone.js/fesm2015/zone.js:2701:25)
    at __async (http://localhost:9876/base/chunk-35ENWJA4.js:40:10)
    at FirebaseServicesService2.loadServices (http://localhost:9876/base/chunk-TUQUN7ML.js:126:12)
    at FirebaseServicesService2.<anonymous> (http://localhost:9876/base/src/app/core/services/firebase-services.service.ts:124:10)
    at Generator.next (<anonymous>)
    at fulfilled (http://localhost:9876/base/chunk-35ENWJA4.js:43:24)
    at _ZoneDelegate.invoke (http://localhost:9876/base/node_modules/zone.js/fesm2015/zone.js:398:28)[39m
Chrome Headless 139.0.0.0 (Windows 10): Executed 398 of 1370[31m (104 FAILED)[39m (0 secs / 4.051 secs)
ERROR: TypeError: this.logger.firebaseError is not a function
TypeError: this.logger.firebaseError is not a function
    at FirebaseServicesService2.<anonymous> (http://localhost:9876/base/src/app/core/services/firebase-services.service.ts:190:19)
    at Generator.next (<anonymous>)
    at http://localhost:9876/base/chunk-35ENWJA4.js:56:61
    at new ZoneAwarePromise (http://localhost:9876/base/node_modules/zone.js/fesm2015/zone.js:2701:25)
    at __async (http://localhost:9876/base/chunk-35ENWJA4.js:40:10)
    at FirebaseServicesService2.loadServices (http://localhost:9876/base/chunk-TUQUN7ML.js:126:12)
    at FirebaseServicesService2.<anonymous> (http://localhost:9876/base/src/app/core/services/firebase-services.service.ts:124:10)
    at Generator.next (<anonymous>)
    at fulfilled (http://localhost:9876/base/chunk-35ENWJA4.js:43:24)
    at _ZoneDelegate.invoke (http://localhost:9876/base/node_modules/zone.js/fesm2015/zone.js:398:28)
[1A[2KERROR: [36mTypeError: this.logger.firebaseError is not a function
TypeError: this.logger.firebaseError is not a function
    at FirebaseServicesService2.<anonymous> (http://localhost:9876/base/src/app/core/services/firebase-services.service.ts:651:19)
    at Generator.next (<anonymous>)
    at http://localhost:9876/base/chunk-35ENWJA4.js:56:61
    at new ZoneAwarePromise (http://localhost:9876/base/node_modules/zone.js/fesm2015/zone.js:2701:25)
    at __async (http://localhost:9876/base/chunk-35ENWJA4.js:40:10)
    at FirebaseServicesService2.loadCustomCategories (http://localhost:9876/base/chunk-TUQUN7ML.js:525:12)
    at FirebaseServicesService2.<anonymous> (http://localhost:9876/base/src/app/core/services/firebase-services.service.ts:125:10)
    at Generator.next (<anonymous>)
    at fulfilled (http://localhost:9876/base/chunk-35ENWJA4.js:43:24)
    at _ZoneDelegate.invoke (http://localhost:9876/base/node_modules/zone.js/fesm2015/zone.js:398:28)[39m
Chrome Headless 139.0.0.0 (Windows 10): Executed 398 of 1370[31m (104 FAILED)[39m (0 secs / 4.051 secs)
ERROR: TypeError: this.logger.firebaseError is not a function
TypeError: this.logger.firebaseError is not a function
    at FirebaseServicesService2.<anonymous> (http://localhost:9876/base/src/app/core/services/firebase-services.service.ts:651:19)
    at Generator.next (<anonymous>)
    at http://localhost:9876/base/chunk-35ENWJA4.js:56:61
    at new ZoneAwarePromise (http://localhost:9876/base/node_modules/zone.js/fesm2015/zone.js:2701:25)
    at __async (http://localhost:9876/base/chunk-35ENWJA4.js:40:10)
    at FirebaseServicesService2.loadCustomCategories (http://localhost:9876/base/chunk-TUQUN7ML.js:525:12)
    at FirebaseServicesService2.<anonymous> (http://localhost:9876/base/src/app/core/services/firebase-services.service.ts:125:10)
    at Generator.next (<anonymous>)
    at fulfilled (http://localhost:9876/base/chunk-35ENWJA4.js:43:24)
    at _ZoneDelegate.invoke (http://localhost:9876/base/node_modules/zone.js/fesm2015/zone.js:398:28)
[1A[2KERROR: [36mTypeError: this.logger.firebaseError is not a function
TypeError: this.logger.firebaseError is not a function
    at BookingService2.<anonymous> (http://localhost:9876/base/src/app/core/services/booking.service.ts:289:19)
    at Generator.throw (<anonymous>)
    at rejected (http://localhost:9876/base/chunk-35ENWJA4.js:50:29)
    at _ZoneDelegate.invoke (http://localhost:9876/base/node_modules/zone.js/fesm2015/zone.js:398:28)
    at _ProxyZoneSpec.onInvoke (http://localhost:9876/base/node_modules/zone.js/fesm2015/zone-testing.js:2132:39)
    at _ZoneDelegate.invoke (http://localhost:9876/base/node_modules/zone.js/fesm2015/zone.js:397:34)
    at ZoneImpl.run (http://localhost:9876/base/node_modules/zone.js/fesm2015/zone.js:113:43)
    at http://localhost:9876/base/node_modules/zone.js/fesm2015/zone.js:2537:40
    at _ZoneDelegate.invokeTask (http://localhost:9876/base/node_modules/zone.js/fesm2015/zone.js:431:33)
    at _ProxyZoneSpec.onInvokeTask (http://localhost:9876/base/node_modules/zone.js/fesm2015/zone-testing.js:2163:39)[39m
Chrome Headless 139.0.0.0 (Windows 10): Executed 398 of 1370[31m (104 FAILED)[39m (0 secs / 4.051 secs)
ERROR: TypeError: this.logger.firebaseError is not a function
TypeError: this.logger.firebaseError is not a function
    at BookingService2.<anonymous> (http://localhost:9876/base/src/app/core/services/booking.service.ts:289:19)
    at Generator.throw (<anonymous>)
    at rejected (http://localhost:9876/base/chunk-35ENWJA4.js:50:29)
    at _ZoneDelegate.invoke (http://localhost:9876/base/node_modules/zone.js/fesm2015/zone.js:398:28)
    at _ProxyZoneSpec.onInvoke (http://localhost:9876/base/node_modules/zone.js/fesm2015/zone-testing.js:2132:39)
    at _ZoneDelegate.invoke (http://localhost:9876/base/node_modules/zone.js/fesm2015/zone.js:397:34)
    at ZoneImpl.run (http://localhost:9876/base/node_modules/zone.js/fesm2015/zone.js:113:43)
    at http://localhost:9876/base/node_modules/zone.js/fesm2015/zone.js:2537:40
    at _ZoneDelegate.invokeTask (http://localhost:9876/base/node_modules/zone.js/fesm2015/zone.js:431:33)
    at _ProxyZoneSpec.onInvokeTask (http://localhost:9876/base/node_modules/zone.js/fesm2015/zone-testing.js:2163:39)
[1A[2KERROR: [36m'Error carregant par├ámetres del sistema:', FirebaseError: [code=invalid-argument]: Expected first argument to collection() to be a CollectionReference, a DocumentReference or FirebaseFirestore
FirebaseError: Expected first argument to collection() to be a CollectionReference, a DocumentReference or FirebaseFirestore[39m
Chrome Headless 139.0.0.0 (Windows 10): Executed 398 of 1370[31m (104 FAILED)[39m (0 secs / 4.051 secs)
ERROR: 'Error carregant par├ámetres del sistema:', FirebaseError: [code=invalid-argument]: Expected first argument to collection() to be a CollectionReference, a DocumentReference or FirebaseFirestore
FirebaseError: Expected first argument to collection() to be a CollectionReference, a DocumentReference or FirebaseFirestore
[1A[2K[31mChrome Headless 139.0.0.0 (Windows 10) CalendarCoreService Time Slot Generation should get next available time slot FAILED[39m
	Expected '13:00' to be '15:00'.
	    at <Jasmine>
	    at UserContext.<anonymous> (spec-calendar-core.service.spec.js:335:57)
	    at _ZoneDelegate.invoke (node_modules/zone.js/fesm2015/zone.js:398:28)
	    at _ProxyZoneSpec.onInvoke (node_modules/zone.js/fesm2015/zone-testing.js:2132:39)
	    at _ZoneDelegate.invoke (node_modules/zone.js/fesm2015/zone.js:397:34)
Chrome Headless 139.0.0.0 (Windows 10): Executed 399 of 1370[31m (105 FAILED)[39m (0 secs / 4.053 secs)
[1A[2KERROR: [36mTypeError: this.logger.firebaseError is not a function
TypeError: this.logger.firebaseError is not a function
    at FirebaseServicesService2.<anonymous> (http://localhost:9876/base/src/app/core/services/firebase-services.service.ts:190:19)
    at Generator.next (<anonymous>)
    at http://localhost:9876/base/chunk-35ENWJA4.js:56:61
    at new ZoneAwarePromise (http://localhost:9876/base/node_modules/zone.js/fesm2015/zone.js:2701:25)
    at __async (http://localhost:9876/base/chunk-35ENWJA4.js:40:10)
    at FirebaseServicesService2.loadServices (http://localhost:9876/base/chunk-TUQUN7ML.js:126:12)
    at FirebaseServicesService2.<anonymous> (http://localhost:9876/base/src/app/core/services/firebase-services.service.ts:124:10)
    at Generator.next (<anonymous>)
    at fulfilled (http://localhost:9876/base/chunk-35ENWJA4.js:43:24)
    at _ZoneDelegate.invoke (http://localhost:9876/base/node_modules/zone.js/fesm2015/zone.js:398:28)[39m
Chrome Headless 139.0.0.0 (Windows 10): Executed 399 of 1370[31m (105 FAILED)[39m (0 secs / 4.053 secs)
ERROR: TypeError: this.logger.firebaseError is not a function
TypeError: this.logger.firebaseError is not a function
    at FirebaseServicesService2.<anonymous> (http://localhost:9876/base/src/app/core/services/firebase-services.service.ts:190:19)
    at Generator.next (<anonymous>)
    at http://localhost:9876/base/chunk-35ENWJA4.js:56:61
    at new ZoneAwarePromise (http://localhost:9876/base/node_modules/zone.js/fesm2015/zone.js:2701:25)
    at __async (http://localhost:9876/base/chunk-35ENWJA4.js:40:10)
    at FirebaseServicesService2.loadServices (http://localhost:9876/base/chunk-TUQUN7ML.js:126:12)
    at FirebaseServicesService2.<anonymous> (http://localhost:9876/base/src/app/core/services/firebase-services.service.ts:124:10)
    at Generator.next (<anonymous>)
    at fulfilled (http://localhost:9876/base/chunk-35ENWJA4.js:43:24)
    at _ZoneDelegate.invoke (http://localhost:9876/base/node_modules/zone.js/fesm2015/zone.js:398:28)
[1A[2KERROR: [36mTypeError: this.logger.firebaseError is not a function
TypeError: this.logger.firebaseError is not a function
    at FirebaseServicesService2.<anonymous> (http://localhost:9876/base/src/app/core/services/firebase-services.service.ts:651:19)
    at Generator.next (<anonymous>)
    at http://localhost:9876/base/chunk-35ENWJA4.js:56:61
    at new ZoneAwarePromise (http://localhost:9876/base/node_modules/zone.js/fesm2015/zone.js:2701:25)
    at __async (http://localhost:9876/base/chunk-35ENWJA4.js:40:10)
    at FirebaseServicesService2.loadCustomCategories (http://localhost:9876/base/chunk-TUQUN7ML.js:525:12)
    at FirebaseServicesService2.<anonymous> (http://localhost:9876/base/src/app/core/services/firebase-services.service.ts:125:10)
    at Generator.next (<anonymous>)
    at fulfilled (http://localhost:9876/base/chunk-35ENWJA4.js:43:24)
    at _ZoneDelegate.invoke (http://localhost:9876/base/node_modules/zone.js/fesm2015/zone.js:398:28)[39m
Chrome Headless 139.0.0.0 (Windows 10): Executed 399 of 1370[31m (105 FAILED)[39m (0 secs / 4.053 secs)
ERROR: TypeError: this.logger.firebaseError is not a function
TypeError: this.logger.firebaseError is not a function
    at FirebaseServicesService2.<anonymous> (http://localhost:9876/base/src/app/core/services/firebase-services.service.ts:651:19)
    at Generator.next (<anonymous>)
    at http://localhost:9876/base/chunk-35ENWJA4.js:56:61
    at new ZoneAwarePromise (http://localhost:9876/base/node_modules/zone.js/fesm2015/zone.js:2701:25)
    at __async (http://localhost:9876/base/chunk-35ENWJA4.js:40:10)
    at FirebaseServicesService2.loadCustomCategories (http://localhost:9876/base/chunk-TUQUN7ML.js:525:12)
    at FirebaseServicesService2.<anonymous> (http://localhost:9876/base/src/app/core/services/firebase-services.service.ts:125:10)
    at Generator.next (<anonymous>)
    at fulfilled (http://localhost:9876/base/chunk-35ENWJA4.js:43:24)
    at _ZoneDelegate.invoke (http://localhost:9876/base/node_modules/zone.js/fesm2015/zone.js:398:28)
[1A[2KERROR: [36mTypeError: this.logger.firebaseError is not a function
TypeError: this.logger.firebaseError is not a function
    at BookingService2.<anonymous> (http://localhost:9876/base/src/app/core/services/booking.service.ts:289:19)
    at Generator.throw (<anonymous>)
    at rejected (http://localhost:9876/base/chunk-35ENWJA4.js:50:29)
    at _ZoneDelegate.invoke (http://localhost:9876/base/node_modules/zone.js/fesm2015/zone.js:398:28)
    at _ProxyZoneSpec.onInvoke (http://localhost:9876/base/node_modules/zone.js/fesm2015/zone-testing.js:2132:39)
    at _ZoneDelegate.invoke (http://localhost:9876/base/node_modules/zone.js/fesm2015/zone.js:397:34)
    at ZoneImpl.run (http://localhost:9876/base/node_modules/zone.js/fesm2015/zone.js:113:43)
    at http://localhost:9876/base/node_modules/zone.js/fesm2015/zone.js:2537:40
    at _ZoneDelegate.invokeTask (http://localhost:9876/base/node_modules/zone.js/fesm2015/zone.js:431:33)
    at _ProxyZoneSpec.onInvokeTask (http://localhost:9876/base/node_modules/zone.js/fesm2015/zone-testing.js:2163:39)[39m
Chrome Headless 139.0.0.0 (Windows 10): Executed 399 of 1370[31m (105 FAILED)[39m (0 secs / 4.053 secs)
ERROR: TypeError: this.logger.firebaseError is not a function
TypeError: this.logger.firebaseError is not a function
    at BookingService2.<anonymous> (http://localhost:9876/base/src/app/core/services/booking.service.ts:289:19)
    at Generator.throw (<anonymous>)
    at rejected (http://localhost:9876/base/chunk-35ENWJA4.js:50:29)
    at _ZoneDelegate.invoke (http://localhost:9876/base/node_modules/zone.js/fesm2015/zone.js:398:28)
    at _ProxyZoneSpec.onInvoke (http://localhost:9876/base/node_modules/zone.js/fesm2015/zone-testing.js:2132:39)
    at _ZoneDelegate.invoke (http://localhost:9876/base/node_modules/zone.js/fesm2015/zone.js:397:34)
    at ZoneImpl.run (http://localhost:9876/base/node_modules/zone.js/fesm2015/zone.js:113:43)
    at http://localhost:9876/base/node_modules/zone.js/fesm2015/zone.js:2537:40
    at _ZoneDelegate.invokeTask (http://localhost:9876/base/node_modules/zone.js/fesm2015/zone.js:431:33)
    at _ProxyZoneSpec.onInvokeTask (http://localhost:9876/base/node_modules/zone.js/fesm2015/zone-testing.js:2163:39)
[1A[2KERROR: [36m'Error carregant par├ámetres del sistema:', FirebaseError: [code=invalid-argument]: Expected first argument to collection() to be a CollectionReference, a DocumentReference or FirebaseFirestore
FirebaseError: Expected first argument to collection() to be a CollectionReference, a DocumentReference or FirebaseFirestore[39m
Chrome Headless 139.0.0.0 (Windows 10): Executed 399 of 1370[31m (105 FAILED)[39m (0 secs / 4.053 secs)
ERROR: 'Error carregant par├ámetres del sistema:', FirebaseError: [code=invalid-argument]: Expected first argument to collection() to be a CollectionReference, a DocumentReference or FirebaseFirestore
FirebaseError: Expected first argument to collection() to be a CollectionReference, a DocumentReference or FirebaseFirestore
[1A[2KChrome Headless 139.0.0.0 (Windows 10): Executed 400 of 1370[31m (105 FAILED)[39m (0 secs / 4.056 secs)
[1A[2KERROR: [36mTypeError: this.logger.firebaseError is not a function
TypeError: this.logger.firebaseError is not a function
    at FirebaseServicesService2.<anonymous> (http://localhost:9876/base/src/app/core/services/firebase-services.service.ts:190:19)
    at Generator.next (<anonymous>)
    at http://localhost:9876/base/chunk-35ENWJA4.js:56:61
    at new ZoneAwarePromise (http://localhost:9876/base/node_modules/zone.js/fesm2015/zone.js:2701:25)
    at __async (http://localhost:9876/base/chunk-35ENWJA4.js:40:10)
    at FirebaseServicesService2.loadServices (http://localhost:9876/base/chunk-TUQUN7ML.js:126:12)
    at FirebaseServicesService2.<anonymous> (http://localhost:9876/base/src/app/core/services/firebase-services.service.ts:124:10)
    at Generator.next (<anonymous>)
    at fulfilled (http://localhost:9876/base/chunk-35ENWJA4.js:43:24)
    at _ZoneDelegate.invoke (http://localhost:9876/base/node_modules/zone.js/fesm2015/zone.js:398:28)[39m
Chrome Headless 139.0.0.0 (Windows 10): Executed 400 of 1370[31m (105 FAILED)[39m (0 secs / 4.056 secs)
ERROR: TypeError: this.logger.firebaseError is not a function
TypeError: this.logger.firebaseError is not a function
    at FirebaseServicesService2.<anonymous> (http://localhost:9876/base/src/app/core/services/firebase-services.service.ts:190:19)
    at Generator.next (<anonymous>)
    at http://localhost:9876/base/chunk-35ENWJA4.js:56:61
    at new ZoneAwarePromise (http://localhost:9876/base/node_modules/zone.js/fesm2015/zone.js:2701:25)
    at __async (http://localhost:9876/base/chunk-35ENWJA4.js:40:10)
    at FirebaseServicesService2.loadServices (http://localhost:9876/base/chunk-TUQUN7ML.js:126:12)
    at FirebaseServicesService2.<anonymous> (http://localhost:9876/base/src/app/core/services/firebase-services.service.ts:124:10)
    at Generator.next (<anonymous>)
    at fulfilled (http://localhost:9876/base/chunk-35ENWJA4.js:43:24)
    at _ZoneDelegate.invoke (http://localhost:9876/base/node_modules/zone.js/fesm2015/zone.js:398:28)
[1A[2KERROR: [36mTypeError: this.logger.firebaseError is not a function
TypeError: this.logger.firebaseError is not a function
    at FirebaseServicesService2.<anonymous> (http://localhost:9876/base/src/app/core/services/firebase-services.service.ts:651:19)
    at Generator.next (<anonymous>)
    at http://localhost:9876/base/chunk-35ENWJA4.js:56:61
    at new ZoneAwarePromise (http://localhost:9876/base/node_modules/zone.js/fesm2015/zone.js:2701:25)
    at __async (http://localhost:9876/base/chunk-35ENWJA4.js:40:10)
    at FirebaseServicesService2.loadCustomCategories (http://localhost:9876/base/chunk-TUQUN7ML.js:525:12)
    at FirebaseServicesService2.<anonymous> (http://localhost:9876/base/src/app/core/services/firebase-services.service.ts:125:10)
    at Generator.next (<anonymous>)
    at fulfilled (http://localhost:9876/base/chunk-35ENWJA4.js:43:24)
    at _ZoneDelegate.invoke (http://localhost:9876/base/node_modules/zone.js/fesm2015/zone.js:398:28)[39m
Chrome Headless 139.0.0.0 (Windows 10): Executed 400 of 1370[31m (105 FAILED)[39m (0 secs / 4.056 secs)
ERROR: TypeError: this.logger.firebaseError is not a function
TypeError: this.logger.firebaseError is not a function
    at FirebaseServicesService2.<anonymous> (http://localhost:9876/base/src/app/core/services/firebase-services.service.ts:651:19)
    at Generator.next (<anonymous>)
    at http://localhost:9876/base/chunk-35ENWJA4.js:56:61
    at new ZoneAwarePromise (http://localhost:9876/base/node_modules/zone.js/fesm2015/zone.js:2701:25)
    at __async (http://localhost:9876/base/chunk-35ENWJA4.js:40:10)
    at FirebaseServicesService2.loadCustomCategories (http://localhost:9876/base/chunk-TUQUN7ML.js:525:12)
    at FirebaseServicesService2.<anonymous> (http://localhost:9876/base/src/app/core/services/firebase-services.service.ts:125:10)
    at Generator.next (<anonymous>)
    at fulfilled (http://localhost:9876/base/chunk-35ENWJA4.js:43:24)
    at _ZoneDelegate.invoke (http://localhost:9876/base/node_modules/zone.js/fesm2015/zone.js:398:28)
[1A[2KERROR: [36mTypeError: this.logger.firebaseError is not a function
TypeError: this.logger.firebaseError is not a function
    at BookingService2.<anonymous> (http://localhost:9876/base/src/app/core/services/booking.service.ts:289:19)
    at Generator.throw (<anonymous>)
    at rejected (http://localhost:9876/base/chunk-35ENWJA4.js:50:29)
    at _ZoneDelegate.invoke (http://localhost:9876/base/node_modules/zone.js/fesm2015/zone.js:398:28)
    at _ProxyZoneSpec.onInvoke (http://localhost:9876/base/node_modules/zone.js/fesm2015/zone-testing.js:2132:39)
    at _ZoneDelegate.invoke (http://localhost:9876/base/node_modules/zone.js/fesm2015/zone.js:397:34)
    at ZoneImpl.run (http://localhost:9876/base/node_modules/zone.js/fesm2015/zone.js:113:43)
    at http://localhost:9876/base/node_modules/zone.js/fesm2015/zone.js:2537:40
    at _ZoneDelegate.invokeTask (http://localhost:9876/base/node_modules/zone.js/fesm2015/zone.js:431:33)
    at _ProxyZoneSpec.onInvokeTask (http://localhost:9876/base/node_modules/zone.js/fesm2015/zone-testing.js:2163:39)[39m
Chrome Headless 139.0.0.0 (Windows 10): Executed 400 of 1370[31m (105 FAILED)[39m (0 secs / 4.056 secs)
ERROR: TypeError: this.logger.firebaseError is not a function
TypeError: this.logger.firebaseError is not a function
    at BookingService2.<anonymous> (http://localhost:9876/base/src/app/core/services/booking.service.ts:289:19)
    at Generator.throw (<anonymous>)
    at rejected (http://localhost:9876/base/chunk-35ENWJA4.js:50:29)
    at _ZoneDelegate.invoke (http://localhost:9876/base/node_modules/zone.js/fesm2015/zone.js:398:28)
    at _ProxyZoneSpec.onInvoke (http://localhost:9876/base/node_modules/zone.js/fesm2015/zone-testing.js:2132:39)
    at _ZoneDelegate.invoke (http://localhost:9876/base/node_modules/zone.js/fesm2015/zone.js:397:34)
    at ZoneImpl.run (http://localhost:9876/base/node_modules/zone.js/fesm2015/zone.js:113:43)
    at http://localhost:9876/base/node_modules/zone.js/fesm2015/zone.js:2537:40
    at _ZoneDelegate.invokeTask (http://localhost:9876/base/node_modules/zone.js/fesm2015/zone.js:431:33)
    at _ProxyZoneSpec.onInvokeTask (http://localhost:9876/base/node_modules/zone.js/fesm2015/zone-testing.js:2163:39)
[1A[2KERROR: [36m'Error carregant par├ámetres del sistema:', FirebaseError: [code=invalid-argument]: Expected first argument to collection() to be a CollectionReference, a DocumentReference or FirebaseFirestore
FirebaseError: Expected first argument to collection() to be a CollectionReference, a DocumentReference or FirebaseFirestore[39m
Chrome Headless 139.0.0.0 (Windows 10): Executed 400 of 1370[31m (105 FAILED)[39m (0 secs / 4.056 secs)
ERROR: 'Error carregant par├ámetres del sistema:', FirebaseError: [code=invalid-argument]: Expected first argument to collection() to be a CollectionReference, a DocumentReference or FirebaseFirestore
FirebaseError: Expected first argument to collection() to be a CollectionReference, a DocumentReference or FirebaseFirestore
[1A[2KLOG: [36m'startDrag called:', Object{appointment: 'Test Appointment', currentUser: 'test@example.com', isAdmin: false, appointmentUid: undefined, canDrag: undefined}[39m
Chrome Headless 139.0.0.0 (Windows 10): Executed 400 of 1370[31m (105 FAILED)[39m (0 secs / 4.056 secs)
LOG: 'startDrag called:', Object{appointment: 'Test Appointment', currentUser: 'test@example.com', isAdmin: false, appointmentUid: undefined, canDrag: undefined}
[1A[2KLOG: [36m'Permission check:', Object{isOwnBooking: false, canDrag: false, appointmentEmail: undefined, currentUserEmail: 'test@example.com'}[39m
Chrome Headless 139.0.0.0 (Windows 10): Executed 400 of 1370[31m (105 FAILED)[39m (0 secs / 4.056 secs)
LOG: 'Permission check:', Object{isOwnBooking: false, canDrag: false, appointmentEmail: undefined, currentUserEmail: 'test@example.com'}
[1A[2KLOG: [36m'User cannot drag this appointment'[39m
Chrome Headless 139.0.0.0 (Windows 10): Executed 400 of 1370[31m (105 FAILED)[39m (0 secs / 4.056 secs)
LOG: 'User cannot drag this appointment'
[1A[2KChrome Headless 139.0.0.0 (Windows 10): Executed 401 of 1370[31m (105 FAILED)[39m (0 secs / 4.058 secs)
[1A[2KERROR: [36mTypeError: this.logger.firebaseError is not a function
TypeError: this.logger.firebaseError is not a function
    at FirebaseServicesService2.<anonymous> (http://localhost:9876/base/src/app/core/services/firebase-services.service.ts:190:19)
    at Generator.next (<anonymous>)
    at http://localhost:9876/base/chunk-35ENWJA4.js:56:61
    at new ZoneAwarePromise (http://localhost:9876/base/node_modules/zone.js/fesm2015/zone.js:2701:25)
    at __async (http://localhost:9876/base/chunk-35ENWJA4.js:40:10)
    at FirebaseServicesService2.loadServices (http://localhost:9876/base/chunk-TUQUN7ML.js:126:12)
    at FirebaseServicesService2.<anonymous> (http://localhost:9876/base/src/app/core/services/firebase-services.service.ts:124:10)
    at Generator.next (<anonymous>)
    at fulfilled (http://localhost:9876/base/chunk-35ENWJA4.js:43:24)
    at _ZoneDelegate.invoke (http://localhost:9876/base/node_modules/zone.js/fesm2015/zone.js:398:28)[39m
Chrome Headless 139.0.0.0 (Windows 10): Executed 401 of 1370[31m (105 FAILED)[39m (0 secs / 4.058 secs)
ERROR: TypeError: this.logger.firebaseError is not a function
TypeError: this.logger.firebaseError is not a function
    at FirebaseServicesService2.<anonymous> (http://localhost:9876/base/src/app/core/services/firebase-services.service.ts:190:19)
    at Generator.next (<anonymous>)
    at http://localhost:9876/base/chunk-35ENWJA4.js:56:61
    at new ZoneAwarePromise (http://localhost:9876/base/node_modules/zone.js/fesm2015/zone.js:2701:25)
    at __async (http://localhost:9876/base/chunk-35ENWJA4.js:40:10)
    at FirebaseServicesService2.loadServices (http://localhost:9876/base/chunk-TUQUN7ML.js:126:12)
    at FirebaseServicesService2.<anonymous> (http://localhost:9876/base/src/app/core/services/firebase-services.service.ts:124:10)
    at Generator.next (<anonymous>)
    at fulfilled (http://localhost:9876/base/chunk-35ENWJA4.js:43:24)
    at _ZoneDelegate.invoke (http://localhost:9876/base/node_modules/zone.js/fesm2015/zone.js:398:28)
[1A[2KERROR: [36mTypeError: this.logger.firebaseError is not a function
TypeError: this.logger.firebaseError is not a function
    at FirebaseServicesService2.<anonymous> (http://localhost:9876/base/src/app/core/services/firebase-services.service.ts:651:19)
    at Generator.next (<anonymous>)
    at http://localhost:9876/base/chunk-35ENWJA4.js:56:61
    at new ZoneAwarePromise (http://localhost:9876/base/node_modules/zone.js/fesm2015/zone.js:2701:25)
    at __async (http://localhost:9876/base/chunk-35ENWJA4.js:40:10)
    at FirebaseServicesService2.loadCustomCategories (http://localhost:9876/base/chunk-TUQUN7ML.js:525:12)
    at FirebaseServicesService2.<anonymous> (http://localhost:9876/base/src/app/core/services/firebase-services.service.ts:125:10)
    at Generator.next (<anonymous>)
    at fulfilled (http://localhost:9876/base/chunk-35ENWJA4.js:43:24)
    at _ZoneDelegate.invoke (http://localhost:9876/base/node_modules/zone.js/fesm2015/zone.js:398:28)[39m
Chrome Headless 139.0.0.0 (Windows 10): Executed 401 of 1370[31m (105 FAILED)[39m (0 secs / 4.058 secs)
ERROR: TypeError: this.logger.firebaseError is not a function
TypeError: this.logger.firebaseError is not a function
    at FirebaseServicesService2.<anonymous> (http://localhost:9876/base/src/app/core/services/firebase-services.service.ts:651:19)
    at Generator.next (<anonymous>)
    at http://localhost:9876/base/chunk-35ENWJA4.js:56:61
    at new ZoneAwarePromise (http://localhost:9876/base/node_modules/zone.js/fesm2015/zone.js:2701:25)
    at __async (http://localhost:9876/base/chunk-35ENWJA4.js:40:10)
    at FirebaseServicesService2.loadCustomCategories (http://localhost:9876/base/chunk-TUQUN7ML.js:525:12)
    at FirebaseServicesService2.<anonymous> (http://localhost:9876/base/src/app/core/services/firebase-services.service.ts:125:10)
    at Generator.next (<anonymous>)
    at fulfilled (http://localhost:9876/base/chunk-35ENWJA4.js:43:24)
    at _ZoneDelegate.invoke (http://localhost:9876/base/node_modules/zone.js/fesm2015/zone.js:398:28)
[1A[2KERROR: [36mTypeError: this.logger.firebaseError is not a function
TypeError: this.logger.firebaseError is not a function
    at BookingService2.<anonymous> (http://localhost:9876/base/src/app/core/services/booking.service.ts:289:19)
    at Generator.throw (<anonymous>)
    at rejected (http://localhost:9876/base/chunk-35ENWJA4.js:50:29)
    at _ZoneDelegate.invoke (http://localhost:9876/base/node_modules/zone.js/fesm2015/zone.js:398:28)
    at _ProxyZoneSpec.onInvoke (http://localhost:9876/base/node_modules/zone.js/fesm2015/zone-testing.js:2132:39)
    at _ZoneDelegate.invoke (http://localhost:9876/base/node_modules/zone.js/fesm2015/zone.js:397:34)
    at ZoneImpl.run (http://localhost:9876/base/node_modules/zone.js/fesm2015/zone.js:113:43)
    at http://localhost:9876/base/node_modules/zone.js/fesm2015/zone.js:2537:40
    at _ZoneDelegate.invokeTask (http://localhost:9876/base/node_modules/zone.js/fesm2015/zone.js:431:33)
    at _ProxyZoneSpec.onInvokeTask (http://localhost:9876/base/node_modules/zone.js/fesm2015/zone-testing.js:2163:39)[39m
Chrome Headless 139.0.0.0 (Windows 10): Executed 401 of 1370[31m (105 FAILED)[39m (0 secs / 4.058 secs)
ERROR: TypeError: this.logger.firebaseError is not a function
TypeError: this.logger.firebaseError is not a function
    at BookingService2.<anonymous> (http://localhost:9876/base/src/app/core/services/booking.service.ts:289:19)
    at Generator.throw (<anonymous>)
    at rejected (http://localhost:9876/base/chunk-35ENWJA4.js:50:29)
    at _ZoneDelegate.invoke (http://localhost:9876/base/node_modules/zone.js/fesm2015/zone.js:398:28)
    at _ProxyZoneSpec.onInvoke (http://localhost:9876/base/node_modules/zone.js/fesm2015/zone-testing.js:2132:39)
    at _ZoneDelegate.invoke (http://localhost:9876/base/node_modules/zone.js/fesm2015/zone.js:397:34)
    at ZoneImpl.run (http://localhost:9876/base/node_modules/zone.js/fesm2015/zone.js:113:43)
    at http://localhost:9876/base/node_modules/zone.js/fesm2015/zone.js:2537:40
    at _ZoneDelegate.invokeTask (http://localhost:9876/base/node_modules/zone.js/fesm2015/zone.js:431:33)
    at _ProxyZoneSpec.onInvokeTask (http://localhost:9876/base/node_modules/zone.js/fesm2015/zone-testing.js:2163:39)
[1A[2KERROR: [36m'Error carregant par├ámetres del sistema:', FirebaseError: [code=invalid-argument]: Expected first argument to collection() to be a CollectionReference, a DocumentReference or FirebaseFirestore
FirebaseError: Expected first argument to collection() to be a CollectionReference, a DocumentReference or FirebaseFirestore[39m
Chrome Headless 139.0.0.0 (Windows 10): Executed 401 of 1370[31m (105 FAILED)[39m (0 secs / 4.058 secs)
ERROR: 'Error carregant par├ámetres del sistema:', FirebaseError: [code=invalid-argument]: Expected first argument to collection() to be a CollectionReference, a DocumentReference or FirebaseFirestore
FirebaseError: Expected first argument to collection() to be a CollectionReference, a DocumentReference or FirebaseFirestore
[1A[2KLOG: [36m'startDrag called:', Object{appointment: 'Test Appointment', currentUser: 'test@example.com', isAdmin: false, appointmentUid: undefined, canDrag: undefined}[39m
Chrome Headless 139.0.0.0 (Windows 10): Executed 401 of 1370[31m (105 FAILED)[39m (0 secs / 4.058 secs)
LOG: 'startDrag called:', Object{appointment: 'Test Appointment', currentUser: 'test@example.com', isAdmin: false, appointmentUid: undefined, canDrag: undefined}
[1A[2KLOG: [36m'Permission check:', Object{isOwnBooking: false, canDrag: false, appointmentEmail: undefined, currentUserEmail: 'test@example.com'}[39m
Chrome Headless 139.0.0.0 (Windows 10): Executed 401 of 1370[31m (105 FAILED)[39m (0 secs / 4.058 secs)
LOG: 'Permission check:', Object{isOwnBooking: false, canDrag: false, appointmentEmail: undefined, currentUserEmail: 'test@example.com'}
[1A[2KLOG: [36m'User cannot drag this appointment'[39m
Chrome Headless 139.0.0.0 (Windows 10): Executed 401 of 1370[31m (105 FAILED)[39m (0 secs / 4.058 secs)
LOG: 'User cannot drag this appointment'
[1A[2KChrome Headless 139.0.0.0 (Windows 10): Executed 402 of 1370[31m (105 FAILED)[39m (0 secs / 4.059 secs)
[1A[2KERROR: [36mTypeError: this.logger.firebaseError is not a function
TypeError: this.logger.firebaseError is not a function
    at FirebaseServicesService2.<anonymous> (http://localhost:9876/base/src/app/core/services/firebase-services.service.ts:190:19)
    at Generator.next (<anonymous>)
    at http://localhost:9876/base/chunk-35ENWJA4.js:56:61
    at new ZoneAwarePromise (http://localhost:9876/base/node_modules/zone.js/fesm2015/zone.js:2701:25)
    at __async (http://localhost:9876/base/chunk-35ENWJA4.js:40:10)
    at FirebaseServicesService2.loadServices (http://localhost:9876/base/chunk-TUQUN7ML.js:126:12)
    at FirebaseServicesService2.<anonymous> (http://localhost:9876/base/src/app/core/services/firebase-services.service.ts:124:10)
    at Generator.next (<anonymous>)
    at fulfilled (http://localhost:9876/base/chunk-35ENWJA4.js:43:24)
    at _ZoneDelegate.invoke (http://localhost:9876/base/node_modules/zone.js/fesm2015/zone.js:398:28)[39m
Chrome Headless 139.0.0.0 (Windows 10): Executed 402 of 1370[31m (105 FAILED)[39m (0 secs / 4.059 secs)
ERROR: TypeError: this.logger.firebaseError is not a function
TypeError: this.logger.firebaseError is not a function
    at FirebaseServicesService2.<anonymous> (http://localhost:9876/base/src/app/core/services/firebase-services.service.ts:190:19)
    at Generator.next (<anonymous>)
    at http://localhost:9876/base/chunk-35ENWJA4.js:56:61
    at new ZoneAwarePromise (http://localhost:9876/base/node_modules/zone.js/fesm2015/zone.js:2701:25)
    at __async (http://localhost:9876/base/chunk-35ENWJA4.js:40:10)
    at FirebaseServicesService2.loadServices (http://localhost:9876/base/chunk-TUQUN7ML.js:126:12)
    at FirebaseServicesService2.<anonymous> (http://localhost:9876/base/src/app/core/services/firebase-services.service.ts:124:10)
    at Generator.next (<anonymous>)
    at fulfilled (http://localhost:9876/base/chunk-35ENWJA4.js:43:24)
    at _ZoneDelegate.invoke (http://localhost:9876/base/node_modules/zone.js/fesm2015/zone.js:398:28)
[1A[2KERROR: [36mTypeError: this.logger.firebaseError is not a function
TypeError: this.logger.firebaseError is not a function
    at FirebaseServicesService2.<anonymous> (http://localhost:9876/base/src/app/core/services/firebase-services.service.ts:651:19)
    at Generator.next (<anonymous>)
    at http://localhost:9876/base/chunk-35ENWJA4.js:56:61
    at new ZoneAwarePromise (http://localhost:9876/base/node_modules/zone.js/fesm2015/zone.js:2701:25)
    at __async (http://localhost:9876/base/chunk-35ENWJA4.js:40:10)
    at FirebaseServicesService2.loadCustomCategories (http://localhost:9876/base/chunk-TUQUN7ML.js:525:12)
    at FirebaseServicesService2.<anonymous> (http://localhost:9876/base/src/app/core/services/firebase-services.service.ts:125:10)
    at Generator.next (<anonymous>)
    at fulfilled (http://localhost:9876/base/chunk-35ENWJA4.js:43:24)
    at _ZoneDelegate.invoke (http://localhost:9876/base/node_modules/zone.js/fesm2015/zone.js:398:28)[39m
Chrome Headless 139.0.0.0 (Windows 10): Executed 402 of 1370[31m (105 FAILED)[39m (0 secs / 4.059 secs)
ERROR: TypeError: this.logger.firebaseError is not a function
TypeError: this.logger.firebaseError is not a function
    at FirebaseServicesService2.<anonymous> (http://localhost:9876/base/src/app/core/services/firebase-services.service.ts:651:19)
    at Generator.next (<anonymous>)
    at http://localhost:9876/base/chunk-35ENWJA4.js:56:61
    at new ZoneAwarePromise (http://localhost:9876/base/node_modules/zone.js/fesm2015/zone.js:2701:25)
    at __async (http://localhost:9876/base/chunk-35ENWJA4.js:40:10)
    at FirebaseServicesService2.loadCustomCategories (http://localhost:9876/base/chunk-TUQUN7ML.js:525:12)
    at FirebaseServicesService2.<anonymous> (http://localhost:9876/base/src/app/core/services/firebase-services.service.ts:125:10)
    at Generator.next (<anonymous>)
    at fulfilled (http://localhost:9876/base/chunk-35ENWJA4.js:43:24)
    at _ZoneDelegate.invoke (http://localhost:9876/base/node_modules/zone.js/fesm2015/zone.js:398:28)
[1A[2KERROR: [36mTypeError: this.logger.firebaseError is not a function
TypeError: this.logger.firebaseError is not a function
    at BookingService2.<anonymous> (http://localhost:9876/base/src/app/core/services/booking.service.ts:289:19)
    at Generator.throw (<anonymous>)
    at rejected (http://localhost:9876/base/chunk-35ENWJA4.js:50:29)
    at _ZoneDelegate.invoke (http://localhost:9876/base/node_modules/zone.js/fesm2015/zone.js:398:28)
    at _ProxyZoneSpec.onInvoke (http://localhost:9876/base/node_modules/zone.js/fesm2015/zone-testing.js:2132:39)
    at _ZoneDelegate.invoke (http://localhost:9876/base/node_modules/zone.js/fesm2015/zone.js:397:34)
    at ZoneImpl.run (http://localhost:9876/base/node_modules/zone.js/fesm2015/zone.js:113:43)
    at http://localhost:9876/base/node_modules/zone.js/fesm2015/zone.js:2537:40
    at _ZoneDelegate.invokeTask (http://localhost:9876/base/node_modules/zone.js/fesm2015/zone.js:431:33)
    at _ProxyZoneSpec.onInvokeTask (http://localhost:9876/base/node_modules/zone.js/fesm2015/zone-testing.js:2163:39)[39m
Chrome Headless 139.0.0.0 (Windows 10): Executed 402 of 1370[31m (105 FAILED)[39m (0 secs / 4.059 secs)
ERROR: TypeError: this.logger.firebaseError is not a function
TypeError: this.logger.firebaseError is not a function
    at BookingService2.<anonymous> (http://localhost:9876/base/src/app/core/services/booking.service.ts:289:19)
    at Generator.throw (<anonymous>)
    at rejected (http://localhost:9876/base/chunk-35ENWJA4.js:50:29)
    at _ZoneDelegate.invoke (http://localhost:9876/base/node_modules/zone.js/fesm2015/zone.js:398:28)
    at _ProxyZoneSpec.onInvoke (http://localhost:9876/base/node_modules/zone.js/fesm2015/zone-testing.js:2132:39)
    at _ZoneDelegate.invoke (http://localhost:9876/base/node_modules/zone.js/fesm2015/zone.js:397:34)
    at ZoneImpl.run (http://localhost:9876/base/node_modules/zone.js/fesm2015/zone.js:113:43)
    at http://localhost:9876/base/node_modules/zone.js/fesm2015/zone.js:2537:40
    at _ZoneDelegate.invokeTask (http://localhost:9876/base/node_modules/zone.js/fesm2015/zone.js:431:33)
    at _ProxyZoneSpec.onInvokeTask (http://localhost:9876/base/node_modules/zone.js/fesm2015/zone-testing.js:2163:39)
[1A[2KERROR: [36m'Error carregant par├ámetres del sistema:', FirebaseError: [code=invalid-argument]: Expected first argument to collection() to be a CollectionReference, a DocumentReference or FirebaseFirestore
FirebaseError: Expected first argument to collection() to be a CollectionReference, a DocumentReference or FirebaseFirestore[39m
Chrome Headless 139.0.0.0 (Windows 10): Executed 402 of 1370[31m (105 FAILED)[39m (0 secs / 4.059 secs)
ERROR: 'Error carregant par├ámetres del sistema:', FirebaseError: [code=invalid-argument]: Expected first argument to collection() to be a CollectionReference, a DocumentReference or FirebaseFirestore
FirebaseError: Expected first argument to collection() to be a CollectionReference, a DocumentReference or FirebaseFirestore
[1A[2KLOG: [36m'startDrag called:', Object{appointment: 'Test Appointment', currentUser: 'test@example.com', isAdmin: false, appointmentUid: undefined, canDrag: undefined}[39m
Chrome Headless 139.0.0.0 (Windows 10): Executed 402 of 1370[31m (105 FAILED)[39m (0 secs / 4.059 secs)
LOG: 'startDrag called:', Object{appointment: 'Test Appointment', currentUser: 'test@example.com', isAdmin: false, appointmentUid: undefined, canDrag: undefined}
[1A[2KLOG: [36m'Permission check:', Object{isOwnBooking: false, canDrag: false, appointmentEmail: undefined, currentUserEmail: 'test@example.com'}[39m
Chrome Headless 139.0.0.0 (Windows 10): Executed 402 of 1370[31m (105 FAILED)[39m (0 secs / 4.059 secs)
LOG: 'Permission check:', Object{isOwnBooking: false, canDrag: false, appointmentEmail: undefined, currentUserEmail: 'test@example.com'}
[1A[2KLOG: [36m'User cannot drag this appointment'[39m
Chrome Headless 139.0.0.0 (Windows 10): Executed 402 of 1370[31m (105 FAILED)[39m (0 secs / 4.059 secs)
LOG: 'User cannot drag this appointment'
[1A[2K[31mChrome Headless 139.0.0.0 (Windows 10) CalendarCoreService Drag & Drop State should start drag operation FAILED[39m
	Expected false to be true.
	    at <Jasmine>
	    at UserContext.<anonymous> (spec-calendar-core.service.spec.js:276:36)
	    at _ZoneDelegate.invoke (node_modules/zone.js/fesm2015/zone.js:398:28)
	    at _ProxyZoneSpec.onInvoke (node_modules/zone.js/fesm2015/zone-testing.js:2132:39)
	    at _ZoneDelegate.invoke (node_modules/zone.js/fesm2015/zone.js:397:34)
	Expected null to equal Object({ id: '1', title: 'Test Appointment', start: '2024-01-15T09:00:00', duration: 60 }).
	    at <Jasmine>
	    at UserContext.<anonymous> (spec-calendar-core.service.spec.js:277:44)
	    at _ZoneDelegate.invoke (node_modules/zone.js/fesm2015/zone.js:398:28)
	    at _ProxyZoneSpec.onInvoke (node_modules/zone.js/fesm2015/zone-testing.js:2132:39)
	    at _ZoneDelegate.invoke (node_modules/zone.js/fesm2015/zone.js:397:34)
	Expected null to equal Object({ top: 100, left: 50 }).
	    at <Jasmine>
	    at UserContext.<anonymous> (spec-calendar-core.service.spec.js:278:42)
	    at _ZoneDelegate.invoke (node_modules/zone.js/fesm2015/zone.js:398:28)
	    at _ProxyZoneSpec.onInvoke (node_modules/zone.js/fesm2015/zone-testing.js:2132:39)
	    at _ZoneDelegate.invoke (node_modules/zone.js/fesm2015/zone.js:397:34)
	Expected null to equal Date(Mon Jan 15 2024 01:00:00 GMT+0100 (hora est├índar de Europa central)).
	    at <Jasmine>
	    at UserContext.<anonymous> (spec-calendar-core.service.spec.js:279:36)
	    at _ZoneDelegate.invoke (node_modules/zone.js/fesm2015/zone.js:398:28)
	    at _ProxyZoneSpec.onInvoke (node_modules/zone.js/fesm2015/zone-testing.js:2132:39)
	    at _ZoneDelegate.invoke (node_modules/zone.js/fesm2015/zone.js:397:34)
	Expected null to be '09:00'.
	    at <Jasmine>
	    at UserContext.<anonymous> (spec-calendar-core.service.spec.js:280:36)
	    at _ZoneDelegate.invoke (node_modules/zone.js/fesm2015/zone.js:398:28)
	    at _ProxyZoneSpec.onInvoke (node_modules/zone.js/fesm2015/zone-testing.js:2132:39)
	    at _ZoneDelegate.invoke (node_modules/zone.js/fesm2015/zone.js:397:34)
Chrome Headless 139.0.0.0 (Windows 10): Executed 403 of 1370[31m (106 FAILED)[39m (0 secs / 4.061 secs)
[1A[2KERROR: [36mTypeError: this.logger.firebaseError is not a function
TypeError: this.logger.firebaseError is not a function
    at FirebaseServicesService2.<anonymous> (http://localhost:9876/base/src/app/core/services/firebase-services.service.ts:190:19)
    at Generator.next (<anonymous>)
    at http://localhost:9876/base/chunk-35ENWJA4.js:56:61
    at new ZoneAwarePromise (http://localhost:9876/base/node_modules/zone.js/fesm2015/zone.js:2701:25)
    at __async (http://localhost:9876/base/chunk-35ENWJA4.js:40:10)
    at FirebaseServicesService2.loadServices (http://localhost:9876/base/chunk-TUQUN7ML.js:126:12)
    at FirebaseServicesService2.<anonymous> (http://localhost:9876/base/src/app/core/services/firebase-services.service.ts:124:10)
    at Generator.next (<anonymous>)
    at fulfilled (http://localhost:9876/base/chunk-35ENWJA4.js:43:24)
    at _ZoneDelegate.invoke (http://localhost:9876/base/node_modules/zone.js/fesm2015/zone.js:398:28)[39m
Chrome Headless 139.0.0.0 (Windows 10): Executed 403 of 1370[31m (106 FAILED)[39m (0 secs / 4.061 secs)
ERROR: TypeError: this.logger.firebaseError is not a function
TypeError: this.logger.firebaseError is not a function
    at FirebaseServicesService2.<anonymous> (http://localhost:9876/base/src/app/core/services/firebase-services.service.ts:190:19)
    at Generator.next (<anonymous>)
    at http://localhost:9876/base/chunk-35ENWJA4.js:56:61
    at new ZoneAwarePromise (http://localhost:9876/base/node_modules/zone.js/fesm2015/zone.js:2701:25)
    at __async (http://localhost:9876/base/chunk-35ENWJA4.js:40:10)
    at FirebaseServicesService2.loadServices (http://localhost:9876/base/chunk-TUQUN7ML.js:126:12)
    at FirebaseServicesService2.<anonymous> (http://localhost:9876/base/src/app/core/services/firebase-services.service.ts:124:10)
    at Generator.next (<anonymous>)
    at fulfilled (http://localhost:9876/base/chunk-35ENWJA4.js:43:24)
    at _ZoneDelegate.invoke (http://localhost:9876/base/node_modules/zone.js/fesm2015/zone.js:398:28)
[1A[2KERROR: [36mTypeError: this.logger.firebaseError is not a function
TypeError: this.logger.firebaseError is not a function
    at FirebaseServicesService2.<anonymous> (http://localhost:9876/base/src/app/core/services/firebase-services.service.ts:651:19)
    at Generator.next (<anonymous>)
    at http://localhost:9876/base/chunk-35ENWJA4.js:56:61
    at new ZoneAwarePromise (http://localhost:9876/base/node_modules/zone.js/fesm2015/zone.js:2701:25)
    at __async (http://localhost:9876/base/chunk-35ENWJA4.js:40:10)
    at FirebaseServicesService2.loadCustomCategories (http://localhost:9876/base/chunk-TUQUN7ML.js:525:12)
    at FirebaseServicesService2.<anonymous> (http://localhost:9876/base/src/app/core/services/firebase-services.service.ts:125:10)
    at Generator.next (<anonymous>)
    at fulfilled (http://localhost:9876/base/chunk-35ENWJA4.js:43:24)
    at _ZoneDelegate.invoke (http://localhost:9876/base/node_modules/zone.js/fesm2015/zone.js:398:28)[39m
Chrome Headless 139.0.0.0 (Windows 10): Executed 403 of 1370[31m (106 FAILED)[39m (0 secs / 4.061 secs)
ERROR: TypeError: this.logger.firebaseError is not a function
TypeError: this.logger.firebaseError is not a function
    at FirebaseServicesService2.<anonymous> (http://localhost:9876/base/src/app/core/services/firebase-services.service.ts:651:19)
    at Generator.next (<anonymous>)
    at http://localhost:9876/base/chunk-35ENWJA4.js:56:61
    at new ZoneAwarePromise (http://localhost:9876/base/node_modules/zone.js/fesm2015/zone.js:2701:25)
    at __async (http://localhost:9876/base/chunk-35ENWJA4.js:40:10)
    at FirebaseServicesService2.loadCustomCategories (http://localhost:9876/base/chunk-TUQUN7ML.js:525:12)
    at FirebaseServicesService2.<anonymous> (http://localhost:9876/base/src/app/core/services/firebase-services.service.ts:125:10)
    at Generator.next (<anonymous>)
    at fulfilled (http://localhost:9876/base/chunk-35ENWJA4.js:43:24)
    at _ZoneDelegate.invoke (http://localhost:9876/base/node_modules/zone.js/fesm2015/zone.js:398:28)
[1A[2KERROR: [36mTypeError: this.logger.firebaseError is not a function
TypeError: this.logger.firebaseError is not a function
    at BookingService2.<anonymous> (http://localhost:9876/base/src/app/core/services/booking.service.ts:289:19)
    at Generator.throw (<anonymous>)
    at rejected (http://localhost:9876/base/chunk-35ENWJA4.js:50:29)
    at _ZoneDelegate.invoke (http://localhost:9876/base/node_modules/zone.js/fesm2015/zone.js:398:28)
    at _ProxyZoneSpec.onInvoke (http://localhost:9876/base/node_modules/zone.js/fesm2015/zone-testing.js:2132:39)
    at _ZoneDelegate.invoke (http://localhost:9876/base/node_modules/zone.js/fesm2015/zone.js:397:34)
    at ZoneImpl.run (http://localhost:9876/base/node_modules/zone.js/fesm2015/zone.js:113:43)
    at http://localhost:9876/base/node_modules/zone.js/fesm2015/zone.js:2537:40
    at _ZoneDelegate.invokeTask (http://localhost:9876/base/node_modules/zone.js/fesm2015/zone.js:431:33)
    at _ProxyZoneSpec.onInvokeTask (http://localhost:9876/base/node_modules/zone.js/fesm2015/zone-testing.js:2163:39)[39m
Chrome Headless 139.0.0.0 (Windows 10): Executed 403 of 1370[31m (106 FAILED)[39m (0 secs / 4.061 secs)
ERROR: TypeError: this.logger.firebaseError is not a function
TypeError: this.logger.firebaseError is not a function
    at BookingService2.<anonymous> (http://localhost:9876/base/src/app/core/services/booking.service.ts:289:19)
    at Generator.throw (<anonymous>)
    at rejected (http://localhost:9876/base/chunk-35ENWJA4.js:50:29)
    at _ZoneDelegate.invoke (http://localhost:9876/base/node_modules/zone.js/fesm2015/zone.js:398:28)
    at _ProxyZoneSpec.onInvoke (http://localhost:9876/base/node_modules/zone.js/fesm2015/zone-testing.js:2132:39)
    at _ZoneDelegate.invoke (http://localhost:9876/base/node_modules/zone.js/fesm2015/zone.js:397:34)
    at ZoneImpl.run (http://localhost:9876/base/node_modules/zone.js/fesm2015/zone.js:113:43)
    at http://localhost:9876/base/node_modules/zone.js/fesm2015/zone.js:2537:40
    at _ZoneDelegate.invokeTask (http://localhost:9876/base/node_modules/zone.js/fesm2015/zone.js:431:33)
    at _ProxyZoneSpec.onInvokeTask (http://localhost:9876/base/node_modules/zone.js/fesm2015/zone-testing.js:2163:39)
[1A[2KERROR: [36m'Error carregant par├ámetres del sistema:', FirebaseError: [code=invalid-argument]: Expected first argument to collection() to be a CollectionReference, a DocumentReference or FirebaseFirestore
FirebaseError: Expected first argument to collection() to be a CollectionReference, a DocumentReference or FirebaseFirestore[39m
Chrome Headless 139.0.0.0 (Windows 10): Executed 403 of 1370[31m (106 FAILED)[39m (0 secs / 4.061 secs)
ERROR: 'Error carregant par├ámetres del sistema:', FirebaseError: [code=invalid-argument]: Expected first argument to collection() to be a CollectionReference, a DocumentReference or FirebaseFirestore
FirebaseError: Expected first argument to collection() to be a CollectionReference, a DocumentReference or FirebaseFirestore
[1A[2KChrome Headless 139.0.0.0 (Windows 10): Executed 404 of 1370[31m (106 FAILED)[39m (0 secs / 4.062 secs)
[1A[2KERROR: [36mTypeError: this.logger.firebaseError is not a function
TypeError: this.logger.firebaseError is not a function
    at FirebaseServicesService2.<anonymous> (http://localhost:9876/base/src/app/core/services/firebase-services.service.ts:190:19)
    at Generator.next (<anonymous>)
    at http://localhost:9876/base/chunk-35ENWJA4.js:56:61
    at new ZoneAwarePromise (http://localhost:9876/base/node_modules/zone.js/fesm2015/zone.js:2701:25)
    at __async (http://localhost:9876/base/chunk-35ENWJA4.js:40:10)
    at FirebaseServicesService2.loadServices (http://localhost:9876/base/chunk-TUQUN7ML.js:126:12)
    at FirebaseServicesService2.<anonymous> (http://localhost:9876/base/src/app/core/services/firebase-services.service.ts:124:10)
    at Generator.next (<anonymous>)
    at fulfilled (http://localhost:9876/base/chunk-35ENWJA4.js:43:24)
    at _ZoneDelegate.invoke (http://localhost:9876/base/node_modules/zone.js/fesm2015/zone.js:398:28)[39m
Chrome Headless 139.0.0.0 (Windows 10): Executed 404 of 1370[31m (106 FAILED)[39m (0 secs / 4.062 secs)
ERROR: TypeError: this.logger.firebaseError is not a function
TypeError: this.logger.firebaseError is not a function
    at FirebaseServicesService2.<anonymous> (http://localhost:9876/base/src/app/core/services/firebase-services.service.ts:190:19)
    at Generator.next (<anonymous>)
    at http://localhost:9876/base/chunk-35ENWJA4.js:56:61
    at new ZoneAwarePromise (http://localhost:9876/base/node_modules/zone.js/fesm2015/zone.js:2701:25)
    at __async (http://localhost:9876/base/chunk-35ENWJA4.js:40:10)
    at FirebaseServicesService2.loadServices (http://localhost:9876/base/chunk-TUQUN7ML.js:126:12)
    at FirebaseServicesService2.<anonymous> (http://localhost:9876/base/src/app/core/services/firebase-services.service.ts:124:10)
    at Generator.next (<anonymous>)
    at fulfilled (http://localhost:9876/base/chunk-35ENWJA4.js:43:24)
    at _ZoneDelegate.invoke (http://localhost:9876/base/node_modules/zone.js/fesm2015/zone.js:398:28)
[1A[2KERROR: [36mTypeError: this.logger.firebaseError is not a function
TypeError: this.logger.firebaseError is not a function
    at FirebaseServicesService2.<anonymous> (http://localhost:9876/base/src/app/core/services/firebase-services.service.ts:651:19)
    at Generator.next (<anonymous>)
    at http://localhost:9876/base/chunk-35ENWJA4.js:56:61
    at new ZoneAwarePromise (http://localhost:9876/base/node_modules/zone.js/fesm2015/zone.js:2701:25)
    at __async (http://localhost:9876/base/chunk-35ENWJA4.js:40:10)
    at FirebaseServicesService2.loadCustomCategories (http://localhost:9876/base/chunk-TUQUN7ML.js:525:12)
    at FirebaseServicesService2.<anonymous> (http://localhost:9876/base/src/app/core/services/firebase-services.service.ts:125:10)
    at Generator.next (<anonymous>)
    at fulfilled (http://localhost:9876/base/chunk-35ENWJA4.js:43:24)
    at _ZoneDelegate.invoke (http://localhost:9876/base/node_modules/zone.js/fesm2015/zone.js:398:28)[39m
Chrome Headless 139.0.0.0 (Windows 10): Executed 404 of 1370[31m (106 FAILED)[39m (0 secs / 4.062 secs)
ERROR: TypeError: this.logger.firebaseError is not a function
TypeError: this.logger.firebaseError is not a function
    at FirebaseServicesService2.<anonymous> (http://localhost:9876/base/src/app/core/services/firebase-services.service.ts:651:19)
    at Generator.next (<anonymous>)
    at http://localhost:9876/base/chunk-35ENWJA4.js:56:61
    at new ZoneAwarePromise (http://localhost:9876/base/node_modules/zone.js/fesm2015/zone.js:2701:25)
    at __async (http://localhost:9876/base/chunk-35ENWJA4.js:40:10)
    at FirebaseServicesService2.loadCustomCategories (http://localhost:9876/base/chunk-TUQUN7ML.js:525:12)
    at FirebaseServicesService2.<anonymous> (http://localhost:9876/base/src/app/core/services/firebase-services.service.ts:125:10)
    at Generator.next (<anonymous>)
    at fulfilled (http://localhost:9876/base/chunk-35ENWJA4.js:43:24)
    at _ZoneDelegate.invoke (http://localhost:9876/base/node_modules/zone.js/fesm2015/zone.js:398:28)
[1A[2KERROR: [36mTypeError: this.logger.firebaseError is not a function
TypeError: this.logger.firebaseError is not a function
    at BookingService2.<anonymous> (http://localhost:9876/base/src/app/core/services/booking.service.ts:289:19)
    at Generator.throw (<anonymous>)
    at rejected (http://localhost:9876/base/chunk-35ENWJA4.js:50:29)
    at _ZoneDelegate.invoke (http://localhost:9876/base/node_modules/zone.js/fesm2015/zone.js:398:28)
    at _ProxyZoneSpec.onInvoke (http://localhost:9876/base/node_modules/zone.js/fesm2015/zone-testing.js:2132:39)
    at _ZoneDelegate.invoke (http://localhost:9876/base/node_modules/zone.js/fesm2015/zone.js:397:34)
    at ZoneImpl.run (http://localhost:9876/base/node_modules/zone.js/fesm2015/zone.js:113:43)
    at http://localhost:9876/base/node_modules/zone.js/fesm2015/zone.js:2537:40
    at _ZoneDelegate.invokeTask (http://localhost:9876/base/node_modules/zone.js/fesm2015/zone.js:431:33)
    at _ProxyZoneSpec.onInvokeTask (http://localhost:9876/base/node_modules/zone.js/fesm2015/zone-testing.js:2163:39)[39m
Chrome Headless 139.0.0.0 (Windows 10): Executed 404 of 1370[31m (106 FAILED)[39m (0 secs / 4.062 secs)
ERROR: TypeError: this.logger.firebaseError is not a function
TypeError: this.logger.firebaseError is not a function
    at BookingService2.<anonymous> (http://localhost:9876/base/src/app/core/services/booking.service.ts:289:19)
    at Generator.throw (<anonymous>)
    at rejected (http://localhost:9876/base/chunk-35ENWJA4.js:50:29)
    at _ZoneDelegate.invoke (http://localhost:9876/base/node_modules/zone.js/fesm2015/zone.js:398:28)
    at _ProxyZoneSpec.onInvoke (http://localhost:9876/base/node_modules/zone.js/fesm2015/zone-testing.js:2132:39)
    at _ZoneDelegate.invoke (http://localhost:9876/base/node_modules/zone.js/fesm2015/zone.js:397:34)
    at ZoneImpl.run (http://localhost:9876/base/node_modules/zone.js/fesm2015/zone.js:113:43)
    at http://localhost:9876/base/node_modules/zone.js/fesm2015/zone.js:2537:40
    at _ZoneDelegate.invokeTask (http://localhost:9876/base/node_modules/zone.js/fesm2015/zone.js:431:33)
    at _ProxyZoneSpec.onInvokeTask (http://localhost:9876/base/node_modules/zone.js/fesm2015/zone-testing.js:2163:39)
[1A[2KERROR: [36m'Error carregant par├ámetres del sistema:', FirebaseError: [code=invalid-argument]: Expected first argument to collection() to be a CollectionReference, a DocumentReference or FirebaseFirestore
FirebaseError: Expected first argument to collection() to be a CollectionReference, a DocumentReference or FirebaseFirestore[39m
Chrome Headless 139.0.0.0 (Windows 10): Executed 404 of 1370[31m (106 FAILED)[39m (0 secs / 4.062 secs)
ERROR: 'Error carregant par├ámetres del sistema:', FirebaseError: [code=invalid-argument]: Expected first argument to collection() to be a CollectionReference, a DocumentReference or FirebaseFirestore
FirebaseError: Expected first argument to collection() to be a CollectionReference, a DocumentReference or FirebaseFirestore
[1A[2KChrome Headless 139.0.0.0 (Windows 10): Executed 405 of 1370[31m (106 FAILED)[39m (0 secs / 4.064 secs)
[1A[2KERROR: [36mTypeError: this.logger.firebaseError is not a function
TypeError: this.logger.firebaseError is not a function
    at FirebaseServicesService2.<anonymous> (http://localhost:9876/base/src/app/core/services/firebase-services.service.ts:190:19)
    at Generator.next (<anonymous>)
    at http://localhost:9876/base/chunk-35ENWJA4.js:56:61
    at new ZoneAwarePromise (http://localhost:9876/base/node_modules/zone.js/fesm2015/zone.js:2701:25)
    at __async (http://localhost:9876/base/chunk-35ENWJA4.js:40:10)
    at FirebaseServicesService2.loadServices (http://localhost:9876/base/chunk-TUQUN7ML.js:126:12)
    at FirebaseServicesService2.<anonymous> (http://localhost:9876/base/src/app/core/services/firebase-services.service.ts:124:10)
    at Generator.next (<anonymous>)
    at fulfilled (http://localhost:9876/base/chunk-35ENWJA4.js:43:24)
    at _ZoneDelegate.invoke (http://localhost:9876/base/node_modules/zone.js/fesm2015/zone.js:398:28)[39m
Chrome Headless 139.0.0.0 (Windows 10): Executed 405 of 1370[31m (106 FAILED)[39m (0 secs / 4.064 secs)
ERROR: TypeError: this.logger.firebaseError is not a function
TypeError: this.logger.firebaseError is not a function
    at FirebaseServicesService2.<anonymous> (http://localhost:9876/base/src/app/core/services/firebase-services.service.ts:190:19)
    at Generator.next (<anonymous>)
    at http://localhost:9876/base/chunk-35ENWJA4.js:56:61
    at new ZoneAwarePromise (http://localhost:9876/base/node_modules/zone.js/fesm2015/zone.js:2701:25)
    at __async (http://localhost:9876/base/chunk-35ENWJA4.js:40:10)
    at FirebaseServicesService2.loadServices (http://localhost:9876/base/chunk-TUQUN7ML.js:126:12)
    at FirebaseServicesService2.<anonymous> (http://localhost:9876/base/src/app/core/services/firebase-services.service.ts:124:10)
    at Generator.next (<anonymous>)
    at fulfilled (http://localhost:9876/base/chunk-35ENWJA4.js:43:24)
    at _ZoneDelegate.invoke (http://localhost:9876/base/node_modules/zone.js/fesm2015/zone.js:398:28)
[1A[2KERROR: [36mTypeError: this.logger.firebaseError is not a function
TypeError: this.logger.firebaseError is not a function
    at FirebaseServicesService2.<anonymous> (http://localhost:9876/base/src/app/core/services/firebase-services.service.ts:651:19)
    at Generator.next (<anonymous>)
    at http://localhost:9876/base/chunk-35ENWJA4.js:56:61
    at new ZoneAwarePromise (http://localhost:9876/base/node_modules/zone.js/fesm2015/zone.js:2701:25)
    at __async (http://localhost:9876/base/chunk-35ENWJA4.js:40:10)
    at FirebaseServicesService2.loadCustomCategories (http://localhost:9876/base/chunk-TUQUN7ML.js:525:12)
    at FirebaseServicesService2.<anonymous> (http://localhost:9876/base/src/app/core/services/firebase-services.service.ts:125:10)
    at Generator.next (<anonymous>)
    at fulfilled (http://localhost:9876/base/chunk-35ENWJA4.js:43:24)
    at _ZoneDelegate.invoke (http://localhost:9876/base/node_modules/zone.js/fesm2015/zone.js:398:28)[39m
Chrome Headless 139.0.0.0 (Windows 10): Executed 405 of 1370[31m (106 FAILED)[39m (0 secs / 4.064 secs)
ERROR: TypeError: this.logger.firebaseError is not a function
TypeError: this.logger.firebaseError is not a function
    at FirebaseServicesService2.<anonymous> (http://localhost:9876/base/src/app/core/services/firebase-services.service.ts:651:19)
    at Generator.next (<anonymous>)
    at http://localhost:9876/base/chunk-35ENWJA4.js:56:61
    at new ZoneAwarePromise (http://localhost:9876/base/node_modules/zone.js/fesm2015/zone.js:2701:25)
    at __async (http://localhost:9876/base/chunk-35ENWJA4.js:40:10)
    at FirebaseServicesService2.loadCustomCategories (http://localhost:9876/base/chunk-TUQUN7ML.js:525:12)
    at FirebaseServicesService2.<anonymous> (http://localhost:9876/base/src/app/core/services/firebase-services.service.ts:125:10)
    at Generator.next (<anonymous>)
    at fulfilled (http://localhost:9876/base/chunk-35ENWJA4.js:43:24)
    at _ZoneDelegate.invoke (http://localhost:9876/base/node_modules/zone.js/fesm2015/zone.js:398:28)
[1A[2KERROR: [36mTypeError: this.logger.firebaseError is not a function
TypeError: this.logger.firebaseError is not a function
    at BookingService2.<anonymous> (http://localhost:9876/base/src/app/core/services/booking.service.ts:289:19)
    at Generator.throw (<anonymous>)
    at rejected (http://localhost:9876/base/chunk-35ENWJA4.js:50:29)
    at _ZoneDelegate.invoke (http://localhost:9876/base/node_modules/zone.js/fesm2015/zone.js:398:28)
    at _ProxyZoneSpec.onInvoke (http://localhost:9876/base/node_modules/zone.js/fesm2015/zone-testing.js:2132:39)
    at _ZoneDelegate.invoke (http://localhost:9876/base/node_modules/zone.js/fesm2015/zone.js:397:34)
    at ZoneImpl.run (http://localhost:9876/base/node_modules/zone.js/fesm2015/zone.js:113:43)
    at http://localhost:9876/base/node_modules/zone.js/fesm2015/zone.js:2537:40
    at _ZoneDelegate.invokeTask (http://localhost:9876/base/node_modules/zone.js/fesm2015/zone.js:431:33)
    at _ProxyZoneSpec.onInvokeTask (http://localhost:9876/base/node_modules/zone.js/fesm2015/zone-testing.js:2163:39)[39m
Chrome Headless 139.0.0.0 (Windows 10): Executed 405 of 1370[31m (106 FAILED)[39m (0 secs / 4.064 secs)
ERROR: TypeError: this.logger.firebaseError is not a function
TypeError: this.logger.firebaseError is not a function
    at BookingService2.<anonymous> (http://localhost:9876/base/src/app/core/services/booking.service.ts:289:19)
    at Generator.throw (<anonymous>)
    at rejected (http://localhost:9876/base/chunk-35ENWJA4.js:50:29)
    at _ZoneDelegate.invoke (http://localhost:9876/base/node_modules/zone.js/fesm2015/zone.js:398:28)
    at _ProxyZoneSpec.onInvoke (http://localhost:9876/base/node_modules/zone.js/fesm2015/zone-testing.js:2132:39)
    at _ZoneDelegate.invoke (http://localhost:9876/base/node_modules/zone.js/fesm2015/zone.js:397:34)
    at ZoneImpl.run (http://localhost:9876/base/node_modules/zone.js/fesm2015/zone.js:113:43)
    at http://localhost:9876/base/node_modules/zone.js/fesm2015/zone.js:2537:40
    at _ZoneDelegate.invokeTask (http://localhost:9876/base/node_modules/zone.js/fesm2015/zone.js:431:33)
    at _ProxyZoneSpec.onInvokeTask (http://localhost:9876/base/node_modules/zone.js/fesm2015/zone-testing.js:2163:39)
[1A[2KERROR: [36m'Error carregant par├ámetres del sistema:', FirebaseError: [code=invalid-argument]: Expected first argument to collection() to be a CollectionReference, a DocumentReference or FirebaseFirestore
FirebaseError: Expected first argument to collection() to be a CollectionReference, a DocumentReference or FirebaseFirestore[39m
Chrome Headless 139.0.0.0 (Windows 10): Executed 405 of 1370[31m (106 FAILED)[39m (0 secs / 4.064 secs)
ERROR: 'Error carregant par├ámetres del sistema:', FirebaseError: [code=invalid-argument]: Expected first argument to collection() to be a CollectionReference, a DocumentReference or FirebaseFirestore
FirebaseError: Expected first argument to collection() to be a CollectionReference, a DocumentReference or FirebaseFirestore
[1A[2KChrome Headless 139.0.0.0 (Windows 10): Executed 406 of 1370[31m (106 FAILED)[39m (0 secs / 4.066 secs)
[1A[2KERROR: [36mTypeError: this.logger.firebaseError is not a function
TypeError: this.logger.firebaseError is not a function
    at FirebaseServicesService2.<anonymous> (http://localhost:9876/base/src/app/core/services/firebase-services.service.ts:190:19)
    at Generator.next (<anonymous>)
    at http://localhost:9876/base/chunk-35ENWJA4.js:56:61
    at new ZoneAwarePromise (http://localhost:9876/base/node_modules/zone.js/fesm2015/zone.js:2701:25)
    at __async (http://localhost:9876/base/chunk-35ENWJA4.js:40:10)
    at FirebaseServicesService2.loadServices (http://localhost:9876/base/chunk-TUQUN7ML.js:126:12)
    at FirebaseServicesService2.<anonymous> (http://localhost:9876/base/src/app/core/services/firebase-services.service.ts:124:10)
    at Generator.next (<anonymous>)
    at fulfilled (http://localhost:9876/base/chunk-35ENWJA4.js:43:24)
    at _ZoneDelegate.invoke (http://localhost:9876/base/node_modules/zone.js/fesm2015/zone.js:398:28)[39m
Chrome Headless 139.0.0.0 (Windows 10): Executed 406 of 1370[31m (106 FAILED)[39m (0 secs / 4.066 secs)
ERROR: TypeError: this.logger.firebaseError is not a function
TypeError: this.logger.firebaseError is not a function
    at FirebaseServicesService2.<anonymous> (http://localhost:9876/base/src/app/core/services/firebase-services.service.ts:190:19)
    at Generator.next (<anonymous>)
    at http://localhost:9876/base/chunk-35ENWJA4.js:56:61
    at new ZoneAwarePromise (http://localhost:9876/base/node_modules/zone.js/fesm2015/zone.js:2701:25)
    at __async (http://localhost:9876/base/chunk-35ENWJA4.js:40:10)
    at FirebaseServicesService2.loadServices (http://localhost:9876/base/chunk-TUQUN7ML.js:126:12)
    at FirebaseServicesService2.<anonymous> (http://localhost:9876/base/src/app/core/services/firebase-services.service.ts:124:10)
    at Generator.next (<anonymous>)
    at fulfilled (http://localhost:9876/base/chunk-35ENWJA4.js:43:24)
    at _ZoneDelegate.invoke (http://localhost:9876/base/node_modules/zone.js/fesm2015/zone.js:398:28)
[1A[2KERROR: [36mTypeError: this.logger.firebaseError is not a function
TypeError: this.logger.firebaseError is not a function
    at FirebaseServicesService2.<anonymous> (http://localhost:9876/base/src/app/core/services/firebase-services.service.ts:651:19)
    at Generator.next (<anonymous>)
    at http://localhost:9876/base/chunk-35ENWJA4.js:56:61
    at new ZoneAwarePromise (http://localhost:9876/base/node_modules/zone.js/fesm2015/zone.js:2701:25)
    at __async (http://localhost:9876/base/chunk-35ENWJA4.js:40:10)
    at FirebaseServicesService2.loadCustomCategories (http://localhost:9876/base/chunk-TUQUN7ML.js:525:12)
    at FirebaseServicesService2.<anonymous> (http://localhost:9876/base/src/app/core/services/firebase-services.service.ts:125:10)
    at Generator.next (<anonymous>)
    at fulfilled (http://localhost:9876/base/chunk-35ENWJA4.js:43:24)
    at _ZoneDelegate.invoke (http://localhost:9876/base/node_modules/zone.js/fesm2015/zone.js:398:28)[39m
Chrome Headless 139.0.0.0 (Windows 10): Executed 406 of 1370[31m (106 FAILED)[39m (0 secs / 4.066 secs)
ERROR: TypeError: this.logger.firebaseError is not a function
TypeError: this.logger.firebaseError is not a function
    at FirebaseServicesService2.<anonymous> (http://localhost:9876/base/src/app/core/services/firebase-services.service.ts:651:19)
    at Generator.next (<anonymous>)
    at http://localhost:9876/base/chunk-35ENWJA4.js:56:61
    at new ZoneAwarePromise (http://localhost:9876/base/node_modules/zone.js/fesm2015/zone.js:2701:25)
    at __async (http://localhost:9876/base/chunk-35ENWJA4.js:40:10)
    at FirebaseServicesService2.loadCustomCategories (http://localhost:9876/base/chunk-TUQUN7ML.js:525:12)
    at FirebaseServicesService2.<anonymous> (http://localhost:9876/base/src/app/core/services/firebase-services.service.ts:125:10)
    at Generator.next (<anonymous>)
    at fulfilled (http://localhost:9876/base/chunk-35ENWJA4.js:43:24)
    at _ZoneDelegate.invoke (http://localhost:9876/base/node_modules/zone.js/fesm2015/zone.js:398:28)
[1A[2KERROR: [36mTypeError: this.logger.firebaseError is not a function
TypeError: this.logger.firebaseError is not a function
    at BookingService2.<anonymous> (http://localhost:9876/base/src/app/core/services/booking.service.ts:289:19)
    at Generator.throw (<anonymous>)
    at rejected (http://localhost:9876/base/chunk-35ENWJA4.js:50:29)
    at _ZoneDelegate.invoke (http://localhost:9876/base/node_modules/zone.js/fesm2015/zone.js:398:28)
    at _ProxyZoneSpec.onInvoke (http://localhost:9876/base/node_modules/zone.js/fesm2015/zone-testing.js:2132:39)
    at _ZoneDelegate.invoke (http://localhost:9876/base/node_modules/zone.js/fesm2015/zone.js:397:34)
    at ZoneImpl.run (http://localhost:9876/base/node_modules/zone.js/fesm2015/zone.js:113:43)
    at http://localhost:9876/base/node_modules/zone.js/fesm2015/zone.js:2537:40
    at _ZoneDelegate.invokeTask (http://localhost:9876/base/node_modules/zone.js/fesm2015/zone.js:431:33)
    at _ProxyZoneSpec.onInvokeTask (http://localhost:9876/base/node_modules/zone.js/fesm2015/zone-testing.js:2163:39)[39m
Chrome Headless 139.0.0.0 (Windows 10): Executed 406 of 1370[31m (106 FAILED)[39m (0 secs / 4.066 secs)
ERROR: TypeError: this.logger.firebaseError is not a function
TypeError: this.logger.firebaseError is not a function
    at BookingService2.<anonymous> (http://localhost:9876/base/src/app/core/services/booking.service.ts:289:19)
    at Generator.throw (<anonymous>)
    at rejected (http://localhost:9876/base/chunk-35ENWJA4.js:50:29)
    at _ZoneDelegate.invoke (http://localhost:9876/base/node_modules/zone.js/fesm2015/zone.js:398:28)
    at _ProxyZoneSpec.onInvoke (http://localhost:9876/base/node_modules/zone.js/fesm2015/zone-testing.js:2132:39)
    at _ZoneDelegate.invoke (http://localhost:9876/base/node_modules/zone.js/fesm2015/zone.js:397:34)
    at ZoneImpl.run (http://localhost:9876/base/node_modules/zone.js/fesm2015/zone.js:113:43)
    at http://localhost:9876/base/node_modules/zone.js/fesm2015/zone.js:2537:40
    at _ZoneDelegate.invokeTask (http://localhost:9876/base/node_modules/zone.js/fesm2015/zone.js:431:33)
    at _ProxyZoneSpec.onInvokeTask (http://localhost:9876/base/node_modules/zone.js/fesm2015/zone-testing.js:2163:39)
[1A[2KERROR: [36m'Error carregant par├ámetres del sistema:', FirebaseError: [code=invalid-argument]: Expected first argument to collection() to be a CollectionReference, a DocumentReference or FirebaseFirestore
FirebaseError: Expected first argument to collection() to be a CollectionReference, a DocumentReference or FirebaseFirestore[39m
Chrome Headless 139.0.0.0 (Windows 10): Executed 406 of 1370[31m (106 FAILED)[39m (0 secs / 4.066 secs)
ERROR: 'Error carregant par├ámetres del sistema:', FirebaseError: [code=invalid-argument]: Expected first argument to collection() to be a CollectionReference, a DocumentReference or FirebaseFirestore
FirebaseError: Expected first argument to collection() to be a CollectionReference, a DocumentReference or FirebaseFirestore
[1A[2KChrome Headless 139.0.0.0 (Windows 10): Executed 407 of 1370[31m (106 FAILED)[39m (0 secs / 4.067 secs)
[1A[2KERROR: [36mTypeError: this.logger.firebaseError is not a function
TypeError: this.logger.firebaseError is not a function
    at FirebaseServicesService2.<anonymous> (http://localhost:9876/base/src/app/core/services/firebase-services.service.ts:190:19)
    at Generator.next (<anonymous>)
    at http://localhost:9876/base/chunk-35ENWJA4.js:56:61
    at new ZoneAwarePromise (http://localhost:9876/base/node_modules/zone.js/fesm2015/zone.js:2701:25)
    at __async (http://localhost:9876/base/chunk-35ENWJA4.js:40:10)
    at FirebaseServicesService2.loadServices (http://localhost:9876/base/chunk-TUQUN7ML.js:126:12)
    at FirebaseServicesService2.<anonymous> (http://localhost:9876/base/src/app/core/services/firebase-services.service.ts:124:10)
    at Generator.next (<anonymous>)
    at fulfilled (http://localhost:9876/base/chunk-35ENWJA4.js:43:24)
    at _ZoneDelegate.invoke (http://localhost:9876/base/node_modules/zone.js/fesm2015/zone.js:398:28)[39m
Chrome Headless 139.0.0.0 (Windows 10): Executed 407 of 1370[31m (106 FAILED)[39m (0 secs / 4.067 secs)
ERROR: TypeError: this.logger.firebaseError is not a function
TypeError: this.logger.firebaseError is not a function
    at FirebaseServicesService2.<anonymous> (http://localhost:9876/base/src/app/core/services/firebase-services.service.ts:190:19)
    at Generator.next (<anonymous>)
    at http://localhost:9876/base/chunk-35ENWJA4.js:56:61
    at new ZoneAwarePromise (http://localhost:9876/base/node_modules/zone.js/fesm2015/zone.js:2701:25)
    at __async (http://localhost:9876/base/chunk-35ENWJA4.js:40:10)
    at FirebaseServicesService2.loadServices (http://localhost:9876/base/chunk-TUQUN7ML.js:126:12)
    at FirebaseServicesService2.<anonymous> (http://localhost:9876/base/src/app/core/services/firebase-services.service.ts:124:10)
    at Generator.next (<anonymous>)
    at fulfilled (http://localhost:9876/base/chunk-35ENWJA4.js:43:24)
    at _ZoneDelegate.invoke (http://localhost:9876/base/node_modules/zone.js/fesm2015/zone.js:398:28)
[1A[2KERROR: [36mTypeError: this.logger.firebaseError is not a function
TypeError: this.logger.firebaseError is not a function
    at FirebaseServicesService2.<anonymous> (http://localhost:9876/base/src/app/core/services/firebase-services.service.ts:651:19)
    at Generator.next (<anonymous>)
    at http://localhost:9876/base/chunk-35ENWJA4.js:56:61
    at new ZoneAwarePromise (http://localhost:9876/base/node_modules/zone.js/fesm2015/zone.js:2701:25)
    at __async (http://localhost:9876/base/chunk-35ENWJA4.js:40:10)
    at FirebaseServicesService2.loadCustomCategories (http://localhost:9876/base/chunk-TUQUN7ML.js:525:12)
    at FirebaseServicesService2.<anonymous> (http://localhost:9876/base/src/app/core/services/firebase-services.service.ts:125:10)
    at Generator.next (<anonymous>)
    at fulfilled (http://localhost:9876/base/chunk-35ENWJA4.js:43:24)
    at _ZoneDelegate.invoke (http://localhost:9876/base/node_modules/zone.js/fesm2015/zone.js:398:28)[39m
Chrome Headless 139.0.0.0 (Windows 10): Executed 407 of 1370[31m (106 FAILED)[39m (0 secs / 4.067 secs)
ERROR: TypeError: this.logger.firebaseError is not a function
TypeError: this.logger.firebaseError is not a function
    at FirebaseServicesService2.<anonymous> (http://localhost:9876/base/src/app/core/services/firebase-services.service.ts:651:19)
    at Generator.next (<anonymous>)
    at http://localhost:9876/base/chunk-35ENWJA4.js:56:61
    at new ZoneAwarePromise (http://localhost:9876/base/node_modules/zone.js/fesm2015/zone.js:2701:25)
    at __async (http://localhost:9876/base/chunk-35ENWJA4.js:40:10)
    at FirebaseServicesService2.loadCustomCategories (http://localhost:9876/base/chunk-TUQUN7ML.js:525:12)
    at FirebaseServicesService2.<anonymous> (http://localhost:9876/base/src/app/core/services/firebase-services.service.ts:125:10)
    at Generator.next (<anonymous>)
    at fulfilled (http://localhost:9876/base/chunk-35ENWJA4.js:43:24)
    at _ZoneDelegate.invoke (http://localhost:9876/base/node_modules/zone.js/fesm2015/zone.js:398:28)
[1A[2KERROR: [36mTypeError: this.logger.firebaseError is not a function
TypeError: this.logger.firebaseError is not a function
    at BookingService2.<anonymous> (http://localhost:9876/base/src/app/core/services/booking.service.ts:289:19)
    at Generator.throw (<anonymous>)
    at rejected (http://localhost:9876/base/chunk-35ENWJA4.js:50:29)
    at _ZoneDelegate.invoke (http://localhost:9876/base/node_modules/zone.js/fesm2015/zone.js:398:28)
    at _ProxyZoneSpec.onInvoke (http://localhost:9876/base/node_modules/zone.js/fesm2015/zone-testing.js:2132:39)
    at _ZoneDelegate.invoke (http://localhost:9876/base/node_modules/zone.js/fesm2015/zone.js:397:34)
    at ZoneImpl.run (http://localhost:9876/base/node_modules/zone.js/fesm2015/zone.js:113:43)
    at http://localhost:9876/base/node_modules/zone.js/fesm2015/zone.js:2537:40
    at _ZoneDelegate.invokeTask (http://localhost:9876/base/node_modules/zone.js/fesm2015/zone.js:431:33)
    at _ProxyZoneSpec.onInvokeTask (http://localhost:9876/base/node_modules/zone.js/fesm2015/zone-testing.js:2163:39)[39m
Chrome Headless 139.0.0.0 (Windows 10): Executed 407 of 1370[31m (106 FAILED)[39m (0 secs / 4.067 secs)
ERROR: TypeError: this.logger.firebaseError is not a function
TypeError: this.logger.firebaseError is not a function
    at BookingService2.<anonymous> (http://localhost:9876/base/src/app/core/services/booking.service.ts:289:19)
    at Generator.throw (<anonymous>)
    at rejected (http://localhost:9876/base/chunk-35ENWJA4.js:50:29)
    at _ZoneDelegate.invoke (http://localhost:9876/base/node_modules/zone.js/fesm2015/zone.js:398:28)
    at _ProxyZoneSpec.onInvoke (http://localhost:9876/base/node_modules/zone.js/fesm2015/zone-testing.js:2132:39)
    at _ZoneDelegate.invoke (http://localhost:9876/base/node_modules/zone.js/fesm2015/zone.js:397:34)
    at ZoneImpl.run (http://localhost:9876/base/node_modules/zone.js/fesm2015/zone.js:113:43)
    at http://localhost:9876/base/node_modules/zone.js/fesm2015/zone.js:2537:40
    at _ZoneDelegate.invokeTask (http://localhost:9876/base/node_modules/zone.js/fesm2015/zone.js:431:33)
    at _ProxyZoneSpec.onInvokeTask (http://localhost:9876/base/node_modules/zone.js/fesm2015/zone-testing.js:2163:39)
[1A[2KERROR: [36m'Error carregant par├ámetres del sistema:', FirebaseError: [code=invalid-argument]: Expected first argument to collection() to be a CollectionReference, a DocumentReference or FirebaseFirestore
FirebaseError: Expected first argument to collection() to be a CollectionReference, a DocumentReference or FirebaseFirestore[39m
Chrome Headless 139.0.0.0 (Windows 10): Executed 407 of 1370[31m (106 FAILED)[39m (0 secs / 4.067 secs)
ERROR: 'Error carregant par├ámetres del sistema:', FirebaseError: [code=invalid-argument]: Expected first argument to collection() to be a CollectionReference, a DocumentReference or FirebaseFirestore
FirebaseError: Expected first argument to collection() to be a CollectionReference, a DocumentReference or FirebaseFirestore
[1A[2K[31mChrome Headless 139.0.0.0 (Windows 10) CalendarCoreService Time Alignment should clamp to business hours FAILED[39m
	Expected '07:30' to be '08:00'.
	    at <Jasmine>
	    at UserContext.<anonymous> (spec-calendar-core.service.spec.js:192:48)
	    at _ZoneDelegate.invoke (node_modules/zone.js/fesm2015/zone.js:398:28)
	    at _ProxyZoneSpec.onInvoke (node_modules/zone.js/fesm2015/zone-testing.js:2132:39)
	    at _ZoneDelegate.invoke (node_modules/zone.js/fesm2015/zone.js:397:34)
	Expected '20:30' to be '19:30'.
	    at <Jasmine>
	    at UserContext.<anonymous> (spec-calendar-core.service.spec.js:193:48)
	    at _ZoneDelegate.invoke (node_modules/zone.js/fesm2015/zone.js:398:28)
	    at _ProxyZoneSpec.onInvoke (node_modules/zone.js/fesm2015/zone-testing.js:2132:39)
	    at _ZoneDelegate.invoke (node_modules/zone.js/fesm2015/zone.js:397:34)
Chrome Headless 139.0.0.0 (Windows 10): Executed 408 of 1370[31m (107 FAILED)[39m (0 secs / 4.074 secs)
[1A[2KERROR: [36mTypeError: this.logger.firebaseError is not a function
TypeError: this.logger.firebaseError is not a function
    at FirebaseServicesService2.<anonymous> (http://localhost:9876/base/src/app/core/services/firebase-services.service.ts:190:19)
    at Generator.next (<anonymous>)
    at http://localhost:9876/base/chunk-35ENWJA4.js:56:61
    at new ZoneAwarePromise (http://localhost:9876/base/node_modules/zone.js/fesm2015/zone.js:2701:25)
    at __async (http://localhost:9876/base/chunk-35ENWJA4.js:40:10)
    at FirebaseServicesService2.loadServices (http://localhost:9876/base/chunk-TUQUN7ML.js:126:12)
    at FirebaseServicesService2.<anonymous> (http://localhost:9876/base/src/app/core/services/firebase-services.service.ts:124:10)
    at Generator.next (<anonymous>)
    at fulfilled (http://localhost:9876/base/chunk-35ENWJA4.js:43:24)
    at _ZoneDelegate.invoke (http://localhost:9876/base/node_modules/zone.js/fesm2015/zone.js:398:28)[39m
Chrome Headless 139.0.0.0 (Windows 10): Executed 408 of 1370[31m (107 FAILED)[39m (0 secs / 4.074 secs)
ERROR: TypeError: this.logger.firebaseError is not a function
TypeError: this.logger.firebaseError is not a function
    at FirebaseServicesService2.<anonymous> (http://localhost:9876/base/src/app/core/services/firebase-services.service.ts:190:19)
    at Generator.next (<anonymous>)
    at http://localhost:9876/base/chunk-35ENWJA4.js:56:61
    at new ZoneAwarePromise (http://localhost:9876/base/node_modules/zone.js/fesm2015/zone.js:2701:25)
    at __async (http://localhost:9876/base/chunk-35ENWJA4.js:40:10)
    at FirebaseServicesService2.loadServices (http://localhost:9876/base/chunk-TUQUN7ML.js:126:12)
    at FirebaseServicesService2.<anonymous> (http://localhost:9876/base/src/app/core/services/firebase-services.service.ts:124:10)
    at Generator.next (<anonymous>)
    at fulfilled (http://localhost:9876/base/chunk-35ENWJA4.js:43:24)
    at _ZoneDelegate.invoke (http://localhost:9876/base/node_modules/zone.js/fesm2015/zone.js:398:28)
[1A[2KERROR: [36mTypeError: this.logger.firebaseError is not a function
TypeError: this.logger.firebaseError is not a function
    at FirebaseServicesService2.<anonymous> (http://localhost:9876/base/src/app/core/services/firebase-services.service.ts:651:19)
    at Generator.next (<anonymous>)
    at http://localhost:9876/base/chunk-35ENWJA4.js:56:61
    at new ZoneAwarePromise (http://localhost:9876/base/node_modules/zone.js/fesm2015/zone.js:2701:25)
    at __async (http://localhost:9876/base/chunk-35ENWJA4.js:40:10)
    at FirebaseServicesService2.loadCustomCategories (http://localhost:9876/base/chunk-TUQUN7ML.js:525:12)
    at FirebaseServicesService2.<anonymous> (http://localhost:9876/base/src/app/core/services/firebase-services.service.ts:125:10)
    at Generator.next (<anonymous>)
    at fulfilled (http://localhost:9876/base/chunk-35ENWJA4.js:43:24)
    at _ZoneDelegate.invoke (http://localhost:9876/base/node_modules/zone.js/fesm2015/zone.js:398:28)[39m
Chrome Headless 139.0.0.0 (Windows 10): Executed 408 of 1370[31m (107 FAILED)[39m (0 secs / 4.074 secs)
ERROR: TypeError: this.logger.firebaseError is not a function
TypeError: this.logger.firebaseError is not a function
    at FirebaseServicesService2.<anonymous> (http://localhost:9876/base/src/app/core/services/firebase-services.service.ts:651:19)
    at Generator.next (<anonymous>)
    at http://localhost:9876/base/chunk-35ENWJA4.js:56:61
    at new ZoneAwarePromise (http://localhost:9876/base/node_modules/zone.js/fesm2015/zone.js:2701:25)
    at __async (http://localhost:9876/base/chunk-35ENWJA4.js:40:10)
    at FirebaseServicesService2.loadCustomCategories (http://localhost:9876/base/chunk-TUQUN7ML.js:525:12)
    at FirebaseServicesService2.<anonymous> (http://localhost:9876/base/src/app/core/services/firebase-services.service.ts:125:10)
    at Generator.next (<anonymous>)
    at fulfilled (http://localhost:9876/base/chunk-35ENWJA4.js:43:24)
    at _ZoneDelegate.invoke (http://localhost:9876/base/node_modules/zone.js/fesm2015/zone.js:398:28)
[1A[2KERROR: [36mTypeError: this.logger.firebaseError is not a function
TypeError: this.logger.firebaseError is not a function
    at BookingService2.<anonymous> (http://localhost:9876/base/src/app/core/services/booking.service.ts:289:19)
    at Generator.throw (<anonymous>)
    at rejected (http://localhost:9876/base/chunk-35ENWJA4.js:50:29)
    at _ZoneDelegate.invoke (http://localhost:9876/base/node_modules/zone.js/fesm2015/zone.js:398:28)
    at _ProxyZoneSpec.onInvoke (http://localhost:9876/base/node_modules/zone.js/fesm2015/zone-testing.js:2132:39)
    at _ZoneDelegate.invoke (http://localhost:9876/base/node_modules/zone.js/fesm2015/zone.js:397:34)
    at ZoneImpl.run (http://localhost:9876/base/node_modules/zone.js/fesm2015/zone.js:113:43)
    at http://localhost:9876/base/node_modules/zone.js/fesm2015/zone.js:2537:40
    at _ZoneDelegate.invokeTask (http://localhost:9876/base/node_modules/zone.js/fesm2015/zone.js:431:33)
    at _ProxyZoneSpec.onInvokeTask (http://localhost:9876/base/node_modules/zone.js/fesm2015/zone-testing.js:2163:39)[39m
Chrome Headless 139.0.0.0 (Windows 10): Executed 408 of 1370[31m (107 FAILED)[39m (0 secs / 4.074 secs)
ERROR: TypeError: this.logger.firebaseError is not a function
TypeError: this.logger.firebaseError is not a function
    at BookingService2.<anonymous> (http://localhost:9876/base/src/app/core/services/booking.service.ts:289:19)
    at Generator.throw (<anonymous>)
    at rejected (http://localhost:9876/base/chunk-35ENWJA4.js:50:29)
    at _ZoneDelegate.invoke (http://localhost:9876/base/node_modules/zone.js/fesm2015/zone.js:398:28)
    at _ProxyZoneSpec.onInvoke (http://localhost:9876/base/node_modules/zone.js/fesm2015/zone-testing.js:2132:39)
    at _ZoneDelegate.invoke (http://localhost:9876/base/node_modules/zone.js/fesm2015/zone.js:397:34)
    at ZoneImpl.run (http://localhost:9876/base/node_modules/zone.js/fesm2015/zone.js:113:43)
    at http://localhost:9876/base/node_modules/zone.js/fesm2015/zone.js:2537:40
    at _ZoneDelegate.invokeTask (http://localhost:9876/base/node_modules/zone.js/fesm2015/zone.js:431:33)
    at _ProxyZoneSpec.onInvokeTask (http://localhost:9876/base/node_modules/zone.js/fesm2015/zone-testing.js:2163:39)
[1A[2KERROR: [36m'Error carregant par├ámetres del sistema:', FirebaseError: [code=invalid-argument]: Expected first argument to collection() to be a CollectionReference, a DocumentReference or FirebaseFirestore
FirebaseError: Expected first argument to collection() to be a CollectionReference, a DocumentReference or FirebaseFirestore[39m
Chrome Headless 139.0.0.0 (Windows 10): Executed 408 of 1370[31m (107 FAILED)[39m (0 secs / 4.074 secs)
ERROR: 'Error carregant par├ámetres del sistema:', FirebaseError: [code=invalid-argument]: Expected first argument to collection() to be a CollectionReference, a DocumentReference or FirebaseFirestore
FirebaseError: Expected first argument to collection() to be a CollectionReference, a DocumentReference or FirebaseFirestore
[1A[2K[31mChrome Headless 139.0.0.0 (Windows 10) CalendarCoreService Time Alignment should align time to nearest 30-minute slot FAILED[39m
	Expected '09:00' to be '09:30'.
	    at <Jasmine>
	    at UserContext.<anonymous> (spec-calendar-core.service.spec.js:187:48)
	    at _ZoneDelegate.invoke (node_modules/zone.js/fesm2015/zone.js:398:28)
	    at _ProxyZoneSpec.onInvoke (node_modules/zone.js/fesm2015/zone-testing.js:2132:39)
	    at _ZoneDelegate.invoke (node_modules/zone.js/fesm2015/zone.js:397:34)
	Expected '09:30' to be '10:00'.
	    at <Jasmine>
	    at UserContext.<anonymous> (spec-calendar-core.service.spec.js:189:48)
	    at _ZoneDelegate.invoke (node_modules/zone.js/fesm2015/zone.js:398:28)
	    at _ProxyZoneSpec.onInvoke (node_modules/zone.js/fesm2015/zone-testing.js:2132:39)
	    at _ZoneDelegate.invoke (node_modules/zone.js/fesm2015/zone.js:397:34)
Chrome Headless 139.0.0.0 (Windows 10): Executed 409 of 1370[31m (108 FAILED)[39m (0 secs / 4.075 secs)
[1A[2KERROR: [36mTypeError: this.logger.firebaseError is not a function
TypeError: this.logger.firebaseError is not a function
    at FirebaseServicesService2.<anonymous> (http://localhost:9876/base/src/app/core/services/firebase-services.service.ts:190:19)
    at Generator.next (<anonymous>)
    at http://localhost:9876/base/chunk-35ENWJA4.js:56:61
    at new ZoneAwarePromise (http://localhost:9876/base/node_modules/zone.js/fesm2015/zone.js:2701:25)
    at __async (http://localhost:9876/base/chunk-35ENWJA4.js:40:10)
    at FirebaseServicesService2.loadServices (http://localhost:9876/base/chunk-TUQUN7ML.js:126:12)
    at FirebaseServicesService2.<anonymous> (http://localhost:9876/base/src/app/core/services/firebase-services.service.ts:124:10)
    at Generator.next (<anonymous>)
    at fulfilled (http://localhost:9876/base/chunk-35ENWJA4.js:43:24)
    at _ZoneDelegate.invoke (http://localhost:9876/base/node_modules/zone.js/fesm2015/zone.js:398:28)[39m
Chrome Headless 139.0.0.0 (Windows 10): Executed 409 of 1370[31m (108 FAILED)[39m (0 secs / 4.075 secs)
ERROR: TypeError: this.logger.firebaseError is not a function
TypeError: this.logger.firebaseError is not a function
    at FirebaseServicesService2.<anonymous> (http://localhost:9876/base/src/app/core/services/firebase-services.service.ts:190:19)
    at Generator.next (<anonymous>)
    at http://localhost:9876/base/chunk-35ENWJA4.js:56:61
    at new ZoneAwarePromise (http://localhost:9876/base/node_modules/zone.js/fesm2015/zone.js:2701:25)
    at __async (http://localhost:9876/base/chunk-35ENWJA4.js:40:10)
    at FirebaseServicesService2.loadServices (http://localhost:9876/base/chunk-TUQUN7ML.js:126:12)
    at FirebaseServicesService2.<anonymous> (http://localhost:9876/base/src/app/core/services/firebase-services.service.ts:124:10)
    at Generator.next (<anonymous>)
    at fulfilled (http://localhost:9876/base/chunk-35ENWJA4.js:43:24)
    at _ZoneDelegate.invoke (http://localhost:9876/base/node_modules/zone.js/fesm2015/zone.js:398:28)
[1A[2KERROR: [36mTypeError: this.logger.firebaseError is not a function
TypeError: this.logger.firebaseError is not a function
    at FirebaseServicesService2.<anonymous> (http://localhost:9876/base/src/app/core/services/firebase-services.service.ts:651:19)
    at Generator.next (<anonymous>)
    at http://localhost:9876/base/chunk-35ENWJA4.js:56:61
    at new ZoneAwarePromise (http://localhost:9876/base/node_modules/zone.js/fesm2015/zone.js:2701:25)
    at __async (http://localhost:9876/base/chunk-35ENWJA4.js:40:10)
    at FirebaseServicesService2.loadCustomCategories (http://localhost:9876/base/chunk-TUQUN7ML.js:525:12)
    at FirebaseServicesService2.<anonymous> (http://localhost:9876/base/src/app/core/services/firebase-services.service.ts:125:10)
    at Generator.next (<anonymous>)
    at fulfilled (http://localhost:9876/base/chunk-35ENWJA4.js:43:24)
    at _ZoneDelegate.invoke (http://localhost:9876/base/node_modules/zone.js/fesm2015/zone.js:398:28)[39m
Chrome Headless 139.0.0.0 (Windows 10): Executed 409 of 1370[31m (108 FAILED)[39m (0 secs / 4.075 secs)
ERROR: TypeError: this.logger.firebaseError is not a function
TypeError: this.logger.firebaseError is not a function
    at FirebaseServicesService2.<anonymous> (http://localhost:9876/base/src/app/core/services/firebase-services.service.ts:651:19)
    at Generator.next (<anonymous>)
    at http://localhost:9876/base/chunk-35ENWJA4.js:56:61
    at new ZoneAwarePromise (http://localhost:9876/base/node_modules/zone.js/fesm2015/zone.js:2701:25)
    at __async (http://localhost:9876/base/chunk-35ENWJA4.js:40:10)
    at FirebaseServicesService2.loadCustomCategories (http://localhost:9876/base/chunk-TUQUN7ML.js:525:12)
    at FirebaseServicesService2.<anonymous> (http://localhost:9876/base/src/app/core/services/firebase-services.service.ts:125:10)
    at Generator.next (<anonymous>)
    at fulfilled (http://localhost:9876/base/chunk-35ENWJA4.js:43:24)
    at _ZoneDelegate.invoke (http://localhost:9876/base/node_modules/zone.js/fesm2015/zone.js:398:28)
[1A[2KERROR: [36mTypeError: this.logger.firebaseError is not a function
TypeError: this.logger.firebaseError is not a function
    at BookingService2.<anonymous> (http://localhost:9876/base/src/app/core/services/booking.service.ts:289:19)
    at Generator.throw (<anonymous>)
    at rejected (http://localhost:9876/base/chunk-35ENWJA4.js:50:29)
    at _ZoneDelegate.invoke (http://localhost:9876/base/node_modules/zone.js/fesm2015/zone.js:398:28)
    at _ProxyZoneSpec.onInvoke (http://localhost:9876/base/node_modules/zone.js/fesm2015/zone-testing.js:2132:39)
    at _ZoneDelegate.invoke (http://localhost:9876/base/node_modules/zone.js/fesm2015/zone.js:397:34)
    at ZoneImpl.run (http://localhost:9876/base/node_modules/zone.js/fesm2015/zone.js:113:43)
    at http://localhost:9876/base/node_modules/zone.js/fesm2015/zone.js:2537:40
    at _ZoneDelegate.invokeTask (http://localhost:9876/base/node_modules/zone.js/fesm2015/zone.js:431:33)
    at _ProxyZoneSpec.onInvokeTask (http://localhost:9876/base/node_modules/zone.js/fesm2015/zone-testing.js:2163:39)[39m
Chrome Headless 139.0.0.0 (Windows 10): Executed 409 of 1370[31m (108 FAILED)[39m (0 secs / 4.075 secs)
ERROR: TypeError: this.logger.firebaseError is not a function
TypeError: this.logger.firebaseError is not a function
    at BookingService2.<anonymous> (http://localhost:9876/base/src/app/core/services/booking.service.ts:289:19)
    at Generator.throw (<anonymous>)
    at rejected (http://localhost:9876/base/chunk-35ENWJA4.js:50:29)
    at _ZoneDelegate.invoke (http://localhost:9876/base/node_modules/zone.js/fesm2015/zone.js:398:28)
    at _ProxyZoneSpec.onInvoke (http://localhost:9876/base/node_modules/zone.js/fesm2015/zone-testing.js:2132:39)
    at _ZoneDelegate.invoke (http://localhost:9876/base/node_modules/zone.js/fesm2015/zone.js:397:34)
    at ZoneImpl.run (http://localhost:9876/base/node_modules/zone.js/fesm2015/zone.js:113:43)
    at http://localhost:9876/base/node_modules/zone.js/fesm2015/zone.js:2537:40
    at _ZoneDelegate.invokeTask (http://localhost:9876/base/node_modules/zone.js/fesm2015/zone.js:431:33)
    at _ProxyZoneSpec.onInvokeTask (http://localhost:9876/base/node_modules/zone.js/fesm2015/zone-testing.js:2163:39)
[1A[2KERROR: [36m'Error carregant par├ámetres del sistema:', FirebaseError: [code=invalid-argument]: Expected first argument to collection() to be a CollectionReference, a DocumentReference or FirebaseFirestore
FirebaseError: Expected first argument to collection() to be a CollectionReference, a DocumentReference or FirebaseFirestore[39m
Chrome Headless 139.0.0.0 (Windows 10): Executed 409 of 1370[31m (108 FAILED)[39m (0 secs / 4.075 secs)
ERROR: 'Error carregant par├ámetres del sistema:', FirebaseError: [code=invalid-argument]: Expected first argument to collection() to be a CollectionReference, a DocumentReference or FirebaseFirestore
FirebaseError: Expected first argument to collection() to be a CollectionReference, a DocumentReference or FirebaseFirestore
[1A[2KChrome Headless 139.0.0.0 (Windows 10): Executed 410 of 1370[31m (108 FAILED)[39m (0 secs / 4.076 secs)
[1A[2KERROR: [36mTypeError: this.logger.firebaseError is not a function
TypeError: this.logger.firebaseError is not a function
    at FirebaseServicesService2.<anonymous> (http://localhost:9876/base/src/app/core/services/firebase-services.service.ts:190:19)
    at Generator.next (<anonymous>)
    at http://localhost:9876/base/chunk-35ENWJA4.js:56:61
    at new ZoneAwarePromise (http://localhost:9876/base/node_modules/zone.js/fesm2015/zone.js:2701:25)
    at __async (http://localhost:9876/base/chunk-35ENWJA4.js:40:10)
    at FirebaseServicesService2.loadServices (http://localhost:9876/base/chunk-TUQUN7ML.js:126:12)
    at FirebaseServicesService2.<anonymous> (http://localhost:9876/base/src/app/core/services/firebase-services.service.ts:124:10)
    at Generator.next (<anonymous>)
    at fulfilled (http://localhost:9876/base/chunk-35ENWJA4.js:43:24)
    at _ZoneDelegate.invoke (http://localhost:9876/base/node_modules/zone.js/fesm2015/zone.js:398:28)[39m
Chrome Headless 139.0.0.0 (Windows 10): Executed 410 of 1370[31m (108 FAILED)[39m (0 secs / 4.076 secs)
ERROR: TypeError: this.logger.firebaseError is not a function
TypeError: this.logger.firebaseError is not a function
    at FirebaseServicesService2.<anonymous> (http://localhost:9876/base/src/app/core/services/firebase-services.service.ts:190:19)
    at Generator.next (<anonymous>)
    at http://localhost:9876/base/chunk-35ENWJA4.js:56:61
    at new ZoneAwarePromise (http://localhost:9876/base/node_modules/zone.js/fesm2015/zone.js:2701:25)
    at __async (http://localhost:9876/base/chunk-35ENWJA4.js:40:10)
    at FirebaseServicesService2.loadServices (http://localhost:9876/base/chunk-TUQUN7ML.js:126:12)
    at FirebaseServicesService2.<anonymous> (http://localhost:9876/base/src/app/core/services/firebase-services.service.ts:124:10)
    at Generator.next (<anonymous>)
    at fulfilled (http://localhost:9876/base/chunk-35ENWJA4.js:43:24)
    at _ZoneDelegate.invoke (http://localhost:9876/base/node_modules/zone.js/fesm2015/zone.js:398:28)
[1A[2KERROR: [36mTypeError: this.logger.firebaseError is not a function
TypeError: this.logger.firebaseError is not a function
    at FirebaseServicesService2.<anonymous> (http://localhost:9876/base/src/app/core/services/firebase-services.service.ts:651:19)
    at Generator.next (<anonymous>)
    at http://localhost:9876/base/chunk-35ENWJA4.js:56:61
    at new ZoneAwarePromise (http://localhost:9876/base/node_modules/zone.js/fesm2015/zone.js:2701:25)
    at __async (http://localhost:9876/base/chunk-35ENWJA4.js:40:10)
    at FirebaseServicesService2.loadCustomCategories (http://localhost:9876/base/chunk-TUQUN7ML.js:525:12)
    at FirebaseServicesService2.<anonymous> (http://localhost:9876/base/src/app/core/services/firebase-services.service.ts:125:10)
    at Generator.next (<anonymous>)
    at fulfilled (http://localhost:9876/base/chunk-35ENWJA4.js:43:24)
    at _ZoneDelegate.invoke (http://localhost:9876/base/node_modules/zone.js/fesm2015/zone.js:398:28)[39m
Chrome Headless 139.0.0.0 (Windows 10): Executed 410 of 1370[31m (108 FAILED)[39m (0 secs / 4.076 secs)
ERROR: TypeError: this.logger.firebaseError is not a function
TypeError: this.logger.firebaseError is not a function
    at FirebaseServicesService2.<anonymous> (http://localhost:9876/base/src/app/core/services/firebase-services.service.ts:651:19)
    at Generator.next (<anonymous>)
    at http://localhost:9876/base/chunk-35ENWJA4.js:56:61
    at new ZoneAwarePromise (http://localhost:9876/base/node_modules/zone.js/fesm2015/zone.js:2701:25)
    at __async (http://localhost:9876/base/chunk-35ENWJA4.js:40:10)
    at FirebaseServicesService2.loadCustomCategories (http://localhost:9876/base/chunk-TUQUN7ML.js:525:12)
    at FirebaseServicesService2.<anonymous> (http://localhost:9876/base/src/app/core/services/firebase-services.service.ts:125:10)
    at Generator.next (<anonymous>)
    at fulfilled (http://localhost:9876/base/chunk-35ENWJA4.js:43:24)
    at _ZoneDelegate.invoke (http://localhost:9876/base/node_modules/zone.js/fesm2015/zone.js:398:28)
[1A[2KERROR: [36mTypeError: this.logger.firebaseError is not a function
TypeError: this.logger.firebaseError is not a function
    at BookingService2.<anonymous> (http://localhost:9876/base/src/app/core/services/booking.service.ts:289:19)
    at Generator.throw (<anonymous>)
    at rejected (http://localhost:9876/base/chunk-35ENWJA4.js:50:29)
    at _ZoneDelegate.invoke (http://localhost:9876/base/node_modules/zone.js/fesm2015/zone.js:398:28)
    at _ProxyZoneSpec.onInvoke (http://localhost:9876/base/node_modules/zone.js/fesm2015/zone-testing.js:2132:39)
    at _ZoneDelegate.invoke (http://localhost:9876/base/node_modules/zone.js/fesm2015/zone.js:397:34)
    at ZoneImpl.run (http://localhost:9876/base/node_modules/zone.js/fesm2015/zone.js:113:43)
    at http://localhost:9876/base/node_modules/zone.js/fesm2015/zone.js:2537:40
    at _ZoneDelegate.invokeTask (http://localhost:9876/base/node_modules/zone.js/fesm2015/zone.js:431:33)
    at _ProxyZoneSpec.onInvokeTask (http://localhost:9876/base/node_modules/zone.js/fesm2015/zone-testing.js:2163:39)[39m
Chrome Headless 139.0.0.0 (Windows 10): Executed 410 of 1370[31m (108 FAILED)[39m (0 secs / 4.076 secs)
ERROR: TypeError: this.logger.firebaseError is not a function
TypeError: this.logger.firebaseError is not a function
    at BookingService2.<anonymous> (http://localhost:9876/base/src/app/core/services/booking.service.ts:289:19)
    at Generator.throw (<anonymous>)
    at rejected (http://localhost:9876/base/chunk-35ENWJA4.js:50:29)
    at _ZoneDelegate.invoke (http://localhost:9876/base/node_modules/zone.js/fesm2015/zone.js:398:28)
    at _ProxyZoneSpec.onInvoke (http://localhost:9876/base/node_modules/zone.js/fesm2015/zone-testing.js:2132:39)
    at _ZoneDelegate.invoke (http://localhost:9876/base/node_modules/zone.js/fesm2015/zone.js:397:34)
    at ZoneImpl.run (http://localhost:9876/base/node_modules/zone.js/fesm2015/zone.js:113:43)
    at http://localhost:9876/base/node_modules/zone.js/fesm2015/zone.js:2537:40
    at _ZoneDelegate.invokeTask (http://localhost:9876/base/node_modules/zone.js/fesm2015/zone.js:431:33)
    at _ProxyZoneSpec.onInvokeTask (http://localhost:9876/base/node_modules/zone.js/fesm2015/zone-testing.js:2163:39)
[1A[2KERROR: [36m'Error carregant par├ámetres del sistema:', FirebaseError: [code=invalid-argument]: Expected first argument to collection() to be a CollectionReference, a DocumentReference or FirebaseFirestore
FirebaseError: Expected first argument to collection() to be a CollectionReference, a DocumentReference or FirebaseFirestore[39m
Chrome Headless 139.0.0.0 (Windows 10): Executed 410 of 1370[31m (108 FAILED)[39m (0 secs / 4.076 secs)
ERROR: 'Error carregant par├ámetres del sistema:', FirebaseError: [code=invalid-argument]: Expected first argument to collection() to be a CollectionReference, a DocumentReference or FirebaseFirestore
FirebaseError: Expected first argument to collection() to be a CollectionReference, a DocumentReference or FirebaseFirestore
[1A[2KChrome Headless 139.0.0.0 (Windows 10): Executed 411 of 1370[31m (108 FAILED)[39m (0 secs / 4.078 secs)
[1A[2KERROR: [36mTypeError: this.logger.firebaseError is not a function
TypeError: this.logger.firebaseError is not a function
    at FirebaseServicesService2.<anonymous> (http://localhost:9876/base/src/app/core/services/firebase-services.service.ts:190:19)
    at Generator.next (<anonymous>)
    at http://localhost:9876/base/chunk-35ENWJA4.js:56:61
    at new ZoneAwarePromise (http://localhost:9876/base/node_modules/zone.js/fesm2015/zone.js:2701:25)
    at __async (http://localhost:9876/base/chunk-35ENWJA4.js:40:10)
    at FirebaseServicesService2.loadServices (http://localhost:9876/base/chunk-TUQUN7ML.js:126:12)
    at FirebaseServicesService2.<anonymous> (http://localhost:9876/base/src/app/core/services/firebase-services.service.ts:124:10)
    at Generator.next (<anonymous>)
    at fulfilled (http://localhost:9876/base/chunk-35ENWJA4.js:43:24)
    at _ZoneDelegate.invoke (http://localhost:9876/base/node_modules/zone.js/fesm2015/zone.js:398:28)[39m
Chrome Headless 139.0.0.0 (Windows 10): Executed 411 of 1370[31m (108 FAILED)[39m (0 secs / 4.078 secs)
ERROR: TypeError: this.logger.firebaseError is not a function
TypeError: this.logger.firebaseError is not a function
    at FirebaseServicesService2.<anonymous> (http://localhost:9876/base/src/app/core/services/firebase-services.service.ts:190:19)
    at Generator.next (<anonymous>)
    at http://localhost:9876/base/chunk-35ENWJA4.js:56:61
    at new ZoneAwarePromise (http://localhost:9876/base/node_modules/zone.js/fesm2015/zone.js:2701:25)
    at __async (http://localhost:9876/base/chunk-35ENWJA4.js:40:10)
    at FirebaseServicesService2.loadServices (http://localhost:9876/base/chunk-TUQUN7ML.js:126:12)
    at FirebaseServicesService2.<anonymous> (http://localhost:9876/base/src/app/core/services/firebase-services.service.ts:124:10)
    at Generator.next (<anonymous>)
    at fulfilled (http://localhost:9876/base/chunk-35ENWJA4.js:43:24)
    at _ZoneDelegate.invoke (http://localhost:9876/base/node_modules/zone.js/fesm2015/zone.js:398:28)
[1A[2KERROR: [36mTypeError: this.logger.firebaseError is not a function
TypeError: this.logger.firebaseError is not a function
    at FirebaseServicesService2.<anonymous> (http://localhost:9876/base/src/app/core/services/firebase-services.service.ts:651:19)
    at Generator.next (<anonymous>)
    at http://localhost:9876/base/chunk-35ENWJA4.js:56:61
    at new ZoneAwarePromise (http://localhost:9876/base/node_modules/zone.js/fesm2015/zone.js:2701:25)
    at __async (http://localhost:9876/base/chunk-35ENWJA4.js:40:10)
    at FirebaseServicesService2.loadCustomCategories (http://localhost:9876/base/chunk-TUQUN7ML.js:525:12)
    at FirebaseServicesService2.<anonymous> (http://localhost:9876/base/src/app/core/services/firebase-services.service.ts:125:10)
    at Generator.next (<anonymous>)
    at fulfilled (http://localhost:9876/base/chunk-35ENWJA4.js:43:24)
    at _ZoneDelegate.invoke (http://localhost:9876/base/node_modules/zone.js/fesm2015/zone.js:398:28)[39m
Chrome Headless 139.0.0.0 (Windows 10): Executed 411 of 1370[31m (108 FAILED)[39m (0 secs / 4.078 secs)
ERROR: TypeError: this.logger.firebaseError is not a function
TypeError: this.logger.firebaseError is not a function
    at FirebaseServicesService2.<anonymous> (http://localhost:9876/base/src/app/core/services/firebase-services.service.ts:651:19)
    at Generator.next (<anonymous>)
    at http://localhost:9876/base/chunk-35ENWJA4.js:56:61
    at new ZoneAwarePromise (http://localhost:9876/base/node_modules/zone.js/fesm2015/zone.js:2701:25)
    at __async (http://localhost:9876/base/chunk-35ENWJA4.js:40:10)
    at FirebaseServicesService2.loadCustomCategories (http://localhost:9876/base/chunk-TUQUN7ML.js:525:12)
    at FirebaseServicesService2.<anonymous> (http://localhost:9876/base/src/app/core/services/firebase-services.service.ts:125:10)
    at Generator.next (<anonymous>)
    at fulfilled (http://localhost:9876/base/chunk-35ENWJA4.js:43:24)
    at _ZoneDelegate.invoke (http://localhost:9876/base/node_modules/zone.js/fesm2015/zone.js:398:28)
[1A[2KERROR: [36mTypeError: this.logger.firebaseError is not a function
TypeError: this.logger.firebaseError is not a function
    at BookingService2.<anonymous> (http://localhost:9876/base/src/app/core/services/booking.service.ts:289:19)
    at Generator.throw (<anonymous>)
    at rejected (http://localhost:9876/base/chunk-35ENWJA4.js:50:29)
    at _ZoneDelegate.invoke (http://localhost:9876/base/node_modules/zone.js/fesm2015/zone.js:398:28)
    at _ProxyZoneSpec.onInvoke (http://localhost:9876/base/node_modules/zone.js/fesm2015/zone-testing.js:2132:39)
    at _ZoneDelegate.invoke (http://localhost:9876/base/node_modules/zone.js/fesm2015/zone.js:397:34)
    at ZoneImpl.run (http://localhost:9876/base/node_modules/zone.js/fesm2015/zone.js:113:43)
    at http://localhost:9876/base/node_modules/zone.js/fesm2015/zone.js:2537:40
    at _ZoneDelegate.invokeTask (http://localhost:9876/base/node_modules/zone.js/fesm2015/zone.js:431:33)
    at _ProxyZoneSpec.onInvokeTask (http://localhost:9876/base/node_modules/zone.js/fesm2015/zone-testing.js:2163:39)[39m
Chrome Headless 139.0.0.0 (Windows 10): Executed 411 of 1370[31m (108 FAILED)[39m (0 secs / 4.078 secs)
ERROR: TypeError: this.logger.firebaseError is not a function
TypeError: this.logger.firebaseError is not a function
    at BookingService2.<anonymous> (http://localhost:9876/base/src/app/core/services/booking.service.ts:289:19)
    at Generator.throw (<anonymous>)
    at rejected (http://localhost:9876/base/chunk-35ENWJA4.js:50:29)
    at _ZoneDelegate.invoke (http://localhost:9876/base/node_modules/zone.js/fesm2015/zone.js:398:28)
    at _ProxyZoneSpec.onInvoke (http://localhost:9876/base/node_modules/zone.js/fesm2015/zone-testing.js:2132:39)
    at _ZoneDelegate.invoke (http://localhost:9876/base/node_modules/zone.js/fesm2015/zone.js:397:34)
    at ZoneImpl.run (http://localhost:9876/base/node_modules/zone.js/fesm2015/zone.js:113:43)
    at http://localhost:9876/base/node_modules/zone.js/fesm2015/zone.js:2537:40
    at _ZoneDelegate.invokeTask (http://localhost:9876/base/node_modules/zone.js/fesm2015/zone.js:431:33)
    at _ProxyZoneSpec.onInvokeTask (http://localhost:9876/base/node_modules/zone.js/fesm2015/zone-testing.js:2163:39)
[1A[2KERROR: [36m'Error carregant par├ámetres del sistema:', FirebaseError: [code=invalid-argument]: Expected first argument to collection() to be a CollectionReference, a DocumentReference or FirebaseFirestore
FirebaseError: Expected first argument to collection() to be a CollectionReference, a DocumentReference or FirebaseFirestore[39m
Chrome Headless 139.0.0.0 (Windows 10): Executed 411 of 1370[31m (108 FAILED)[39m (0 secs / 4.078 secs)
ERROR: 'Error carregant par├ámetres del sistema:', FirebaseError: [code=invalid-argument]: Expected first argument to collection() to be a CollectionReference, a DocumentReference or FirebaseFirestore
FirebaseError: Expected first argument to collection() to be a CollectionReference, a DocumentReference or FirebaseFirestore
[1A[2KChrome Headless 139.0.0.0 (Windows 10): Executed 412 of 1370[31m (108 FAILED)[39m (0 secs / 4.079 secs)
[1A[2KERROR: [36mTypeError: this.logger.firebaseError is not a function
TypeError: this.logger.firebaseError is not a function
    at FirebaseServicesService2.<anonymous> (http://localhost:9876/base/src/app/core/services/firebase-services.service.ts:190:19)
    at Generator.next (<anonymous>)
    at http://localhost:9876/base/chunk-35ENWJA4.js:56:61
    at new ZoneAwarePromise (http://localhost:9876/base/node_modules/zone.js/fesm2015/zone.js:2701:25)
    at __async (http://localhost:9876/base/chunk-35ENWJA4.js:40:10)
    at FirebaseServicesService2.loadServices (http://localhost:9876/base/chunk-TUQUN7ML.js:126:12)
    at FirebaseServicesService2.<anonymous> (http://localhost:9876/base/src/app/core/services/firebase-services.service.ts:124:10)
    at Generator.next (<anonymous>)
    at fulfilled (http://localhost:9876/base/chunk-35ENWJA4.js:43:24)
    at _ZoneDelegate.invoke (http://localhost:9876/base/node_modules/zone.js/fesm2015/zone.js:398:28)[39m
Chrome Headless 139.0.0.0 (Windows 10): Executed 412 of 1370[31m (108 FAILED)[39m (0 secs / 4.079 secs)
ERROR: TypeError: this.logger.firebaseError is not a function
TypeError: this.logger.firebaseError is not a function
    at FirebaseServicesService2.<anonymous> (http://localhost:9876/base/src/app/core/services/firebase-services.service.ts:190:19)
    at Generator.next (<anonymous>)
    at http://localhost:9876/base/chunk-35ENWJA4.js:56:61
    at new ZoneAwarePromise (http://localhost:9876/base/node_modules/zone.js/fesm2015/zone.js:2701:25)
    at __async (http://localhost:9876/base/chunk-35ENWJA4.js:40:10)
    at FirebaseServicesService2.loadServices (http://localhost:9876/base/chunk-TUQUN7ML.js:126:12)
    at FirebaseServicesService2.<anonymous> (http://localhost:9876/base/src/app/core/services/firebase-services.service.ts:124:10)
    at Generator.next (<anonymous>)
    at fulfilled (http://localhost:9876/base/chunk-35ENWJA4.js:43:24)
    at _ZoneDelegate.invoke (http://localhost:9876/base/node_modules/zone.js/fesm2015/zone.js:398:28)
[1A[2KERROR: [36mTypeError: this.logger.firebaseError is not a function
TypeError: this.logger.firebaseError is not a function
    at FirebaseServicesService2.<anonymous> (http://localhost:9876/base/src/app/core/services/firebase-services.service.ts:651:19)
    at Generator.next (<anonymous>)
    at http://localhost:9876/base/chunk-35ENWJA4.js:56:61
    at new ZoneAwarePromise (http://localhost:9876/base/node_modules/zone.js/fesm2015/zone.js:2701:25)
    at __async (http://localhost:9876/base/chunk-35ENWJA4.js:40:10)
    at FirebaseServicesService2.loadCustomCategories (http://localhost:9876/base/chunk-TUQUN7ML.js:525:12)
    at FirebaseServicesService2.<anonymous> (http://localhost:9876/base/src/app/core/services/firebase-services.service.ts:125:10)
    at Generator.next (<anonymous>)
    at fulfilled (http://localhost:9876/base/chunk-35ENWJA4.js:43:24)
    at _ZoneDelegate.invoke (http://localhost:9876/base/node_modules/zone.js/fesm2015/zone.js:398:28)[39m
Chrome Headless 139.0.0.0 (Windows 10): Executed 412 of 1370[31m (108 FAILED)[39m (0 secs / 4.079 secs)
ERROR: TypeError: this.logger.firebaseError is not a function
TypeError: this.logger.firebaseError is not a function
    at FirebaseServicesService2.<anonymous> (http://localhost:9876/base/src/app/core/services/firebase-services.service.ts:651:19)
    at Generator.next (<anonymous>)
    at http://localhost:9876/base/chunk-35ENWJA4.js:56:61
    at new ZoneAwarePromise (http://localhost:9876/base/node_modules/zone.js/fesm2015/zone.js:2701:25)
    at __async (http://localhost:9876/base/chunk-35ENWJA4.js:40:10)
    at FirebaseServicesService2.loadCustomCategories (http://localhost:9876/base/chunk-TUQUN7ML.js:525:12)
    at FirebaseServicesService2.<anonymous> (http://localhost:9876/base/src/app/core/services/firebase-services.service.ts:125:10)
    at Generator.next (<anonymous>)
    at fulfilled (http://localhost:9876/base/chunk-35ENWJA4.js:43:24)
    at _ZoneDelegate.invoke (http://localhost:9876/base/node_modules/zone.js/fesm2015/zone.js:398:28)
[1A[2KERROR: [36mTypeError: this.logger.firebaseError is not a function
TypeError: this.logger.firebaseError is not a function
    at BookingService2.<anonymous> (http://localhost:9876/base/src/app/core/services/booking.service.ts:289:19)
    at Generator.throw (<anonymous>)
    at rejected (http://localhost:9876/base/chunk-35ENWJA4.js:50:29)
    at _ZoneDelegate.invoke (http://localhost:9876/base/node_modules/zone.js/fesm2015/zone.js:398:28)
    at _ProxyZoneSpec.onInvoke (http://localhost:9876/base/node_modules/zone.js/fesm2015/zone-testing.js:2132:39)
    at _ZoneDelegate.invoke (http://localhost:9876/base/node_modules/zone.js/fesm2015/zone.js:397:34)
    at ZoneImpl.run (http://localhost:9876/base/node_modules/zone.js/fesm2015/zone.js:113:43)
    at http://localhost:9876/base/node_modules/zone.js/fesm2015/zone.js:2537:40
    at _ZoneDelegate.invokeTask (http://localhost:9876/base/node_modules/zone.js/fesm2015/zone.js:431:33)
    at _ProxyZoneSpec.onInvokeTask (http://localhost:9876/base/node_modules/zone.js/fesm2015/zone-testing.js:2163:39)[39m
Chrome Headless 139.0.0.0 (Windows 10): Executed 412 of 1370[31m (108 FAILED)[39m (0 secs / 4.079 secs)
ERROR: TypeError: this.logger.firebaseError is not a function
TypeError: this.logger.firebaseError is not a function
    at BookingService2.<anonymous> (http://localhost:9876/base/src/app/core/services/booking.service.ts:289:19)
    at Generator.throw (<anonymous>)
    at rejected (http://localhost:9876/base/chunk-35ENWJA4.js:50:29)
    at _ZoneDelegate.invoke (http://localhost:9876/base/node_modules/zone.js/fesm2015/zone.js:398:28)
    at _ProxyZoneSpec.onInvoke (http://localhost:9876/base/node_modules/zone.js/fesm2015/zone-testing.js:2132:39)
    at _ZoneDelegate.invoke (http://localhost:9876/base/node_modules/zone.js/fesm2015/zone.js:397:34)
    at ZoneImpl.run (http://localhost:9876/base/node_modules/zone.js/fesm2015/zone.js:113:43)
    at http://localhost:9876/base/node_modules/zone.js/fesm2015/zone.js:2537:40
    at _ZoneDelegate.invokeTask (http://localhost:9876/base/node_modules/zone.js/fesm2015/zone.js:431:33)
    at _ProxyZoneSpec.onInvokeTask (http://localhost:9876/base/node_modules/zone.js/fesm2015/zone-testing.js:2163:39)
[1A[2KChrome Headless 139.0.0.0 (Windows 10): Executed 413 of 1370[31m (108 FAILED)[39m (0 secs / 4.08 secs)
[1A[2KChrome Headless 139.0.0.0 (Windows 10): Executed 414 of 1370[31m (108 FAILED)[39m (0 secs / 4.081 secs)
[1A[2KChrome Headless 139.0.0.0 (Windows 10): Executed 415 of 1370[31m (108 FAILED)[39m (0 secs / 4.082 secs)
[1A[2KChrome Headless 139.0.0.0 (Windows 10): Executed 416 of 1370[31m (108 FAILED)[39m (0 secs / 4.083 secs)
[1A[2KChrome Headless 139.0.0.0 (Windows 10): Executed 417 of 1370[31m (108 FAILED)[39m (0 secs / 4.084 secs)
[1A[2KChrome Headless 139.0.0.0 (Windows 10): Executed 418 of 1370[31m (108 FAILED)[39m (0 secs / 4.085 secs)
[1A[2KChrome Headless 139.0.0.0 (Windows 10): Executed 419 of 1370[31m (108 FAILED)[39m (0 secs / 4.086 secs)
[1A[2KChrome Headless 139.0.0.0 (Windows 10): Executed 420 of 1370[31m (108 FAILED)[39m (0 secs / 4.087 secs)
[1A[2KChrome Headless 139.0.0.0 (Windows 10): Executed 421 of 1370[31m (108 FAILED)[39m (0 secs / 4.088 secs)
[1A[2KChrome Headless 139.0.0.0 (Windows 10): Executed 422 of 1370[31m (108 FAILED)[39m (0 secs / 4.089 secs)
[1A[2KChrome Headless 139.0.0.0 (Windows 10): Executed 423 of 1370[31m (108 FAILED)[39m (0 secs / 4.09 secs)
[1A[2KChrome Headless 139.0.0.0 (Windows 10): Executed 424 of 1370[31m (108 FAILED)[39m (0 secs / 4.091 secs)
[1A[2KChrome Headless 139.0.0.0 (Windows 10): Executed 425 of 1370[31m (108 FAILED)[39m (0 secs / 4.092 secs)
[1A[2KChrome Headless 139.0.0.0 (Windows 10): Executed 426 of 1370[31m (108 FAILED)[39m (0 secs / 4.093 secs)
[1A[2KChrome Headless 139.0.0.0 (Windows 10): Executed 427 of 1370[31m (108 FAILED)[39m (0 secs / 4.095 secs)
[1A[2KChrome Headless 139.0.0.0 (Windows 10): Executed 428 of 1370[31m (108 FAILED)[39m (0 secs / 4.096 secs)
[1A[2KChrome Headless 139.0.0.0 (Windows 10): Executed 429 of 1370[31m (108 FAILED)[39m (0 secs / 4.097 secs)
[1A[2KChrome Headless 139.0.0.0 (Windows 10): Executed 430 of 1370[31m (108 FAILED)[39m (0 secs / 4.098 secs)
[1A[2KChrome Headless 139.0.0.0 (Windows 10): Executed 431 of 1370[31m (108 FAILED)[39m (0 secs / 4.099 secs)
[1A[2K[31mChrome Headless 139.0.0.0 (Windows 10) PopularBadgeComponent should be a standalone component FAILED[39m
	Expected 'PopularBadgeComponent2' to be 'PopularBadgeComponent'.
	    at <Jasmine>
	    at UserContext.<anonymous> (spec-popular-badge.component.spec.js:140:62)
	    at _ZoneDelegate.invoke (node_modules/zone.js/fesm2015/zone.js:398:28)
	    at _ProxyZoneSpec.onInvoke (node_modules/zone.js/fesm2015/zone-testing.js:2132:39)
	    at _ZoneDelegate.invoke (node_modules/zone.js/fesm2015/zone.js:397:34)
Chrome Headless 139.0.0.0 (Windows 10): Executed 432 of 1370[31m (109 FAILED)[39m (0 secs / 4.1 secs)
[1A[2KWARN: [36m'
  It looks like you're using the disabled attribute with a reactive form directive. If you set disabled to true
  when you set up this control in your component class, the disabled attribute will actually be set in the DOM for
  you. We recommend using this approach to avoid 'changed after checked' errors.

  Example:
  // Specify the `disabled` property at control creation time:
  form = new FormGroup({
    first: new FormControl({value: 'Nancy', disabled: true}, Validators.required),
    last: new FormControl('Drew', Validators.required)
  });

  // Controls can also be enabled/disabled after creation:
  form.get('first')?.enable();
  form.get('last')?.disable();
'[39m
Chrome Headless 139.0.0.0 (Windows 10): Executed 432 of 1370[31m (109 FAILED)[39m (0 secs / 4.1 secs)
WARN: '
  It looks like you're using the disabled attribute with a reactive form directive. If you set disabled to true
  when you set up this control in your component class, the disabled attribute will actually be set in the DOM for
  you. We recommend using this approach to avoid 'changed after checked' errors.

  Example:
  // Specify the `disabled` property at control creation time:
  form = new FormGroup({
    first: new FormControl({value: 'Nancy', disabled: true}, Validators.required),
    last: new FormControl('Drew', Validators.required)
  });

  // Controls can also be enabled/disabled after creation:
  form.get('first')?.enable();
  form.get('last')?.disable();
'
[1A[2KChrome Headless 139.0.0.0 (Windows 10): Executed 433 of 1370[31m (109 FAILED)[39m (0 secs / 4.109 secs)
[1A[2KWARN: [36m'
  It looks like you're using the disabled attribute with a reactive form directive. If you set disabled to true
  when you set up this control in your component class, the disabled attribute will actually be set in the DOM for
  you. We recommend using this approach to avoid 'changed after checked' errors.

  Example:
  // Specify the `disabled` property at control creation time:
  form = new FormGroup({
    first: new FormControl({value: 'Nancy', disabled: true}, Validators.required),
    last: new FormControl('Drew', Validators.required)
  });

  // Controls can also be enabled/disabled after creation:
  form.get('first')?.enable();
  form.get('last')?.disable();
'[39m
Chrome Headless 139.0.0.0 (Windows 10): Executed 433 of 1370[31m (109 FAILED)[39m (0 secs / 4.109 secs)
WARN: '
  It looks like you're using the disabled attribute with a reactive form directive. If you set disabled to true
  when you set up this control in your component class, the disabled attribute will actually be set in the DOM for
  you. We recommend using this approach to avoid 'changed after checked' errors.

  Example:
  // Specify the `disabled` property at control creation time:
  form = new FormGroup({
    first: new FormControl({value: 'Nancy', disabled: true}, Validators.required),
    last: new FormControl('Drew', Validators.required)
  });

  // Controls can also be enabled/disabled after creation:
  form.get('first')?.enable();
  form.get('last')?.disable();
'
[1A[2KChrome Headless 139.0.0.0 (Windows 10): Executed 434 of 1370[31m (109 FAILED)[39m (0 secs / 4.115 secs)
[1A[2KWARN: [36m'
  It looks like you're using the disabled attribute with a reactive form directive. If you set disabled to true
  when you set up this control in your component class, the disabled attribute will actually be set in the DOM for
  you. We recommend using this approach to avoid 'changed after checked' errors.

  Example:
  // Specify the `disabled` property at control creation time:
  form = new FormGroup({
    first: new FormControl({value: 'Nancy', disabled: true}, Validators.required),
    last: new FormControl('Drew', Validators.required)
  });

  // Controls can also be enabled/disabled after creation:
  form.get('first')?.enable();
  form.get('last')?.disable();
'[39m
Chrome Headless 139.0.0.0 (Windows 10): Executed 434 of 1370[31m (109 FAILED)[39m (0 secs / 4.115 secs)
WARN: '
  It looks like you're using the disabled attribute with a reactive form directive. If you set disabled to true
  when you set up this control in your component class, the disabled attribute will actually be set in the DOM for
  you. We recommend using this approach to avoid 'changed after checked' errors.

  Example:
  // Specify the `disabled` property at control creation time:
  form = new FormGroup({
    first: new FormControl({value: 'Nancy', disabled: true}, Validators.required),
    last: new FormControl('Drew', Validators.required)
  });

  // Controls can also be enabled/disabled after creation:
  form.get('first')?.enable();
  form.get('last')?.disable();
'
[1A[2KChrome Headless 139.0.0.0 (Windows 10): Executed 435 of 1370[31m (109 FAILED)[39m (0 secs / 4.123 secs)
[1A[2KWARN: [36m'
  It looks like you're using the disabled attribute with a reactive form directive. If you set disabled to true
  when you set up this control in your component class, the disabled attribute will actually be set in the DOM for
  you. We recommend using this approach to avoid 'changed after checked' errors.

  Example:
  // Specify the `disabled` property at control creation time:
  form = new FormGroup({
    first: new FormControl({value: 'Nancy', disabled: true}, Validators.required),
    last: new FormControl('Drew', Validators.required)
  });

  // Controls can also be enabled/disabled after creation:
  form.get('first')?.enable();
  form.get('last')?.disable();
'[39m
Chrome Headless 139.0.0.0 (Windows 10): Executed 435 of 1370[31m (109 FAILED)[39m (0 secs / 4.123 secs)
WARN: '
  It looks like you're using the disabled attribute with a reactive form directive. If you set disabled to true
  when you set up this control in your component class, the disabled attribute will actually be set in the DOM for
  you. We recommend using this approach to avoid 'changed after checked' errors.

  Example:
  // Specify the `disabled` property at control creation time:
  form = new FormGroup({
    first: new FormControl({value: 'Nancy', disabled: true}, Validators.required),
    last: new FormControl('Drew', Validators.required)
  });

  // Controls can also be enabled/disabled after creation:
  form.get('first')?.enable();
  form.get('last')?.disable();
'
[1A[2KChrome Headless 139.0.0.0 (Windows 10): Executed 436 of 1370[31m (109 FAILED)[39m (0 secs / 4.133 secs)
[1A[2KWARN: [36m'
  It looks like you're using the disabled attribute with a reactive form directive. If you set disabled to true
  when you set up this control in your component class, the disabled attribute will actually be set in the DOM for
  you. We recommend using this approach to avoid 'changed after checked' errors.

  Example:
  // Specify the `disabled` property at control creation time:
  form = new FormGroup({
    first: new FormControl({value: 'Nancy', disabled: true}, Validators.required),
    last: new FormControl('Drew', Validators.required)
  });

  // Controls can also be enabled/disabled after creation:
  form.get('first')?.enable();
  form.get('last')?.disable();
'[39m
Chrome Headless 139.0.0.0 (Windows 10): Executed 436 of 1370[31m (109 FAILED)[39m (0 secs / 4.133 secs)
WARN: '
  It looks like you're using the disabled attribute with a reactive form directive. If you set disabled to true
  when you set up this control in your component class, the disabled attribute will actually be set in the DOM for
  you. We recommend using this approach to avoid 'changed after checked' errors.

  Example:
  // Specify the `disabled` property at control creation time:
  form = new FormGroup({
    first: new FormControl({value: 'Nancy', disabled: true}, Validators.required),
    last: new FormControl('Drew', Validators.required)
  });

  // Controls can also be enabled/disabled after creation:
  form.get('first')?.enable();
  form.get('last')?.disable();
'
[1A[2KChrome Headless 139.0.0.0 (Windows 10): Executed 437 of 1370[31m (109 FAILED)[39m (0 secs / 4.14 secs)
[1A[2KWARN: [36m'
  It looks like you're using the disabled attribute with a reactive form directive. If you set disabled to true
  when you set up this control in your component class, the disabled attribute will actually be set in the DOM for
  you. We recommend using this approach to avoid 'changed after checked' errors.

  Example:
  // Specify the `disabled` property at control creation time:
  form = new FormGroup({
    first: new FormControl({value: 'Nancy', disabled: true}, Validators.required),
    last: new FormControl('Drew', Validators.required)
  });

  // Controls can also be enabled/disabled after creation:
  form.get('first')?.enable();
  form.get('last')?.disable();
'[39m
Chrome Headless 139.0.0.0 (Windows 10): Executed 437 of 1370[31m (109 FAILED)[39m (0 secs / 4.14 secs)
WARN: '
  It looks like you're using the disabled attribute with a reactive form directive. If you set disabled to true
  when you set up this control in your component class, the disabled attribute will actually be set in the DOM for
  you. We recommend using this approach to avoid 'changed after checked' errors.

  Example:
  // Specify the `disabled` property at control creation time:
  form = new FormGroup({
    first: new FormControl({value: 'Nancy', disabled: true}, Validators.required),
    last: new FormControl('Drew', Validators.required)
  });

  // Controls can also be enabled/disabled after creation:
  form.get('first')?.enable();
  form.get('last')?.disable();
'
[1A[2K[31mChrome Headless 139.0.0.0 (Windows 10) InputSelectComponent Options Configuration should apply optionValue configuration correctly FAILED[39m
	Expected null to be 'id'.
	    at <Jasmine>
	    at UserContext.<anonymous> (spec-input-select.component.spec.js:342:83)
	    at _ZoneDelegate.invoke (node_modules/zone.js/fesm2015/zone.js:398:28)
	    at _ProxyZoneSpec.onInvoke (node_modules/zone.js/fesm2015/zone-testing.js:2132:39)
	    at _ZoneDelegate.invoke (node_modules/zone.js/fesm2015/zone.js:397:34)
Chrome Headless 139.0.0.0 (Windows 10): Executed 438 of 1370[31m (110 FAILED)[39m (0 secs / 4.146 secs)
[1A[2KWARN: [36m'
  It looks like you're using the disabled attribute with a reactive form directive. If you set disabled to true
  when you set up this control in your component class, the disabled attribute will actually be set in the DOM for
  you. We recommend using this approach to avoid 'changed after checked' errors.

  Example:
  // Specify the `disabled` property at control creation time:
  form = new FormGroup({
    first: new FormControl({value: 'Nancy', disabled: true}, Validators.required),
    last: new FormControl('Drew', Validators.required)
  });

  // Controls can also be enabled/disabled after creation:
  form.get('first')?.enable();
  form.get('last')?.disable();
'[39m
Chrome Headless 139.0.0.0 (Windows 10): Executed 438 of 1370[31m (110 FAILED)[39m (0 secs / 4.146 secs)
WARN: '
  It looks like you're using the disabled attribute with a reactive form directive. If you set disabled to true
  when you set up this control in your component class, the disabled attribute will actually be set in the DOM for
  you. We recommend using this approach to avoid 'changed after checked' errors.

  Example:
  // Specify the `disabled` property at control creation time:
  form = new FormGroup({
    first: new FormControl({value: 'Nancy', disabled: true}, Validators.required),
    last: new FormControl('Drew', Validators.required)
  });

  // Controls can also be enabled/disabled after creation:
  form.get('first')?.enable();
  form.get('last')?.disable();
'
[1A[2K[31mChrome Headless 139.0.0.0 (Windows 10) InputSelectComponent Options Configuration should apply optionDisabled configuration correctly FAILED[39m
	Expected null to be 'isDisabled'.
	    at <Jasmine>
	    at UserContext.<anonymous> (spec-input-select.component.spec.js:348:86)
	    at _ZoneDelegate.invoke (node_modules/zone.js/fesm2015/zone.js:398:28)
	    at _ProxyZoneSpec.onInvoke (node_modules/zone.js/fesm2015/zone-testing.js:2132:39)
	    at _ZoneDelegate.invoke (node_modules/zone.js/fesm2015/zone.js:397:34)
Chrome Headless 139.0.0.0 (Windows 10): Executed 439 of 1370[31m (111 FAILED)[39m (0 secs / 4.152 secs)
[1A[2KWARN: [36m'
  It looks like you're using the disabled attribute with a reactive form directive. If you set disabled to true
  when you set up this control in your component class, the disabled attribute will actually be set in the DOM for
  you. We recommend using this approach to avoid 'changed after checked' errors.

  Example:
  // Specify the `disabled` property at control creation time:
  form = new FormGroup({
    first: new FormControl({value: 'Nancy', disabled: true}, Validators.required),
    last: new FormControl('Drew', Validators.required)
  });

  // Controls can also be enabled/disabled after creation:
  form.get('first')?.enable();
  form.get('last')?.disable();
'[39m
Chrome Headless 139.0.0.0 (Windows 10): Executed 439 of 1370[31m (111 FAILED)[39m (0 secs / 4.152 secs)
WARN: '
  It looks like you're using the disabled attribute with a reactive form directive. If you set disabled to true
  when you set up this control in your component class, the disabled attribute will actually be set in the DOM for
  you. We recommend using this approach to avoid 'changed after checked' errors.

  Example:
  // Specify the `disabled` property at control creation time:
  form = new FormGroup({
    first: new FormControl({value: 'Nancy', disabled: true}, Validators.required),
    last: new FormControl('Drew', Validators.required)
  });

  // Controls can also be enabled/disabled after creation:
  form.get('first')?.enable();
  form.get('last')?.disable();
'
[1A[2K[31mChrome Headless 139.0.0.0 (Windows 10) InputSelectComponent Options Configuration should apply optionLabel configuration correctly FAILED[39m
	Expected null to be 'name'.
	    at <Jasmine>
	    at UserContext.<anonymous> (spec-input-select.component.spec.js:336:83)
	    at _ZoneDelegate.invoke (node_modules/zone.js/fesm2015/zone.js:398:28)
	    at _ProxyZoneSpec.onInvoke (node_modules/zone.js/fesm2015/zone-testing.js:2132:39)
	    at _ZoneDelegate.invoke (node_modules/zone.js/fesm2015/zone.js:397:34)
Chrome Headless 139.0.0.0 (Windows 10): Executed 440 of 1370[31m (112 FAILED)[39m (0 secs / 4.158 secs)
[1A[2KWARN: [36m'
  It looks like you're using the disabled attribute with a reactive form directive. If you set disabled to true
  when you set up this control in your component class, the disabled attribute will actually be set in the DOM for
  you. We recommend using this approach to avoid 'changed after checked' errors.

  Example:
  // Specify the `disabled` property at control creation time:
  form = new FormGroup({
    first: new FormControl({value: 'Nancy', disabled: true}, Validators.required),
    last: new FormControl('Drew', Validators.required)
  });

  // Controls can also be enabled/disabled after creation:
  form.get('first')?.enable();
  form.get('last')?.disable();
'[39m
Chrome Headless 139.0.0.0 (Windows 10): Executed 440 of 1370[31m (112 FAILED)[39m (0 secs / 4.158 secs)
WARN: '
  It looks like you're using the disabled attribute with a reactive form directive. If you set disabled to true
  when you set up this control in your component class, the disabled attribute will actually be set in the DOM for
  you. We recommend using this approach to avoid 'changed after checked' errors.

  Example:
  // Specify the `disabled` property at control creation time:
  form = new FormGroup({
    first: new FormControl({value: 'Nancy', disabled: true}, Validators.required),
    last: new FormControl('Drew', Validators.required)
  });

  // Controls can also be enabled/disabled after creation:
  form.get('first')?.enable();
  form.get('last')?.disable();
'
[1A[2K[31mChrome Headless 139.0.0.0 (Windows 10) InputSelectComponent Placeholder Behavior should use default placeholder when no custom placeholder provided FAILED[39m
	Expected null to be 'INPUTS.SELECT_PLACEHOLDER'.
	    at <Jasmine>
	    at UserContext.<anonymous> (spec-input-select.component.spec.js:400:82)
	    at _ZoneDelegate.invoke (node_modules/zone.js/fesm2015/zone.js:398:28)
	    at _ProxyZoneSpec.onInvoke (node_modules/zone.js/fesm2015/zone-testing.js:2132:39)
	    at _ZoneDelegate.invoke (node_modules/zone.js/fesm2015/zone.js:397:34)
Chrome Headless 139.0.0.0 (Windows 10): Executed 441 of 1370[31m (113 FAILED)[39m (0 secs / 4.164 secs)
[1A[2KWARN: [36m'
  It looks like you're using the disabled attribute with a reactive form directive. If you set disabled to true
  when you set up this control in your component class, the disabled attribute will actually be set in the DOM for
  you. We recommend using this approach to avoid 'changed after checked' errors.

  Example:
  // Specify the `disabled` property at control creation time:
  form = new FormGroup({
    first: new FormControl({value: 'Nancy', disabled: true}, Validators.required),
    last: new FormControl('Drew', Validators.required)
  });

  // Controls can also be enabled/disabled after creation:
  form.get('first')?.enable();
  form.get('last')?.disable();
'[39m
Chrome Headless 139.0.0.0 (Windows 10): Executed 441 of 1370[31m (113 FAILED)[39m (0 secs / 4.164 secs)
WARN: '
  It looks like you're using the disabled attribute with a reactive form directive. If you set disabled to true
  when you set up this control in your component class, the disabled attribute will actually be set in the DOM for
  you. We recommend using this approach to avoid 'changed after checked' errors.

  Example:
  // Specify the `disabled` property at control creation time:
  form = new FormGroup({
    first: new FormControl({value: 'Nancy', disabled: true}, Validators.required),
    last: new FormControl('Drew', Validators.required)
  });

  // Controls can also be enabled/disabled after creation:
  form.get('first')?.enable();
  form.get('last')?.disable();
'
[1A[2K[31mChrome Headless 139.0.0.0 (Windows 10) InputSelectComponent Placeholder Behavior should use custom placeholder when provided FAILED[39m
	Expected null to be 'Custom select placeholder'.
	    at <Jasmine>
	    at UserContext.<anonymous> (spec-input-select.component.spec.js:394:82)
	    at _ZoneDelegate.invoke (node_modules/zone.js/fesm2015/zone.js:398:28)
	    at _ProxyZoneSpec.onInvoke (node_modules/zone.js/fesm2015/zone-testing.js:2132:39)
	    at _ZoneDelegate.invoke (node_modules/zone.js/fesm2015/zone.js:397:34)
Chrome Headless 139.0.0.0 (Windows 10): Executed 442 of 1370[31m (114 FAILED)[39m (0 secs / 4.17 secs)
[1A[2KWARN: [36m'
  It looks like you're using the disabled attribute with a reactive form directive. If you set disabled to true
  when you set up this control in your component class, the disabled attribute will actually be set in the DOM for
  you. We recommend using this approach to avoid 'changed after checked' errors.

  Example:
  // Specify the `disabled` property at control creation time:
  form = new FormGroup({
    first: new FormControl({value: 'Nancy', disabled: true}, Validators.required),
    last: new FormControl('Drew', Validators.required)
  });

  // Controls can also be enabled/disabled after creation:
  form.get('first')?.enable();
  form.get('last')?.disable();
'[39m
Chrome Headless 139.0.0.0 (Windows 10): Executed 442 of 1370[31m (114 FAILED)[39m (0 secs / 4.17 secs)
WARN: '
  It looks like you're using the disabled attribute with a reactive form directive. If you set disabled to true
  when you set up this control in your component class, the disabled attribute will actually be set in the DOM for
  you. We recommend using this approach to avoid 'changed after checked' errors.

  Example:
  // Specify the `disabled` property at control creation time:
  form = new FormGroup({
    first: new FormControl({value: 'Nancy', disabled: true}, Validators.required),
    last: new FormControl('Drew', Validators.required)
  });

  // Controls can also be enabled/disabled after creation:
  form.get('first')?.enable();
  form.get('last')?.disable();
'
[1A[2K[31mChrome Headless 139.0.0.0 (Windows 10) InputSelectComponent Component Configuration should apply checkmark state correctly FAILED[39m
	Expected null to be 'true'.
	    at <Jasmine>
	    at UserContext.<anonymous> (spec-input-select.component.spec.js:292:80)
	    at _ZoneDelegate.invoke (node_modules/zone.js/fesm2015/zone.js:398:28)
	    at _ProxyZoneSpec.onInvoke (node_modules/zone.js/fesm2015/zone-testing.js:2132:39)
	    at _ZoneDelegate.invoke (node_modules/zone.js/fesm2015/zone.js:397:34)
Chrome Headless 139.0.0.0 (Windows 10): Executed 443 of 1370[31m (115 FAILED)[39m (0 secs / 4.18 secs)
[1A[2KWARN: [36m'
  It looks like you're using the disabled attribute with a reactive form directive. If you set disabled to true
  when you set up this control in your component class, the disabled attribute will actually be set in the DOM for
  you. We recommend using this approach to avoid 'changed after checked' errors.

  Example:
  // Specify the `disabled` property at control creation time:
  form = new FormGroup({
    first: new FormControl({value: 'Nancy', disabled: true}, Validators.required),
    last: new FormControl('Drew', Validators.required)
  });

  // Controls can also be enabled/disabled after creation:
  form.get('first')?.enable();
  form.get('last')?.disable();
'[39m
Chrome Headless 139.0.0.0 (Windows 10): Executed 443 of 1370[31m (115 FAILED)[39m (0 secs / 4.18 secs)
WARN: '
  It looks like you're using the disabled attribute with a reactive form directive. If you set disabled to true
  when you set up this control in your component class, the disabled attribute will actually be set in the DOM for
  you. We recommend using this approach to avoid 'changed after checked' errors.

  Example:
  // Specify the `disabled` property at control creation time:
  form = new FormGroup({
    first: new FormControl({value: 'Nancy', disabled: true}, Validators.required),
    last: new FormControl('Drew', Validators.required)
  });

  // Controls can also be enabled/disabled after creation:
  form.get('first')?.enable();
  form.get('last')?.disable();
'
[1A[2K[31mChrome Headless 139.0.0.0 (Windows 10) InputSelectComponent Component Configuration should apply readonly state correctly FAILED[39m
	Expected null to be 'true'.
	    at <Jasmine>
	    at UserContext.<anonymous> (spec-input-select.component.spec.js:274:79)
	    at _ZoneDelegate.invoke (node_modules/zone.js/fesm2015/zone.js:398:28)
	    at _ProxyZoneSpec.onInvoke (node_modules/zone.js/fesm2015/zone-testing.js:2132:39)
	    at _ZoneDelegate.invoke (node_modules/zone.js/fesm2015/zone.js:397:34)
Chrome Headless 139.0.0.0 (Windows 10): Executed 444 of 1370[31m (116 FAILED)[39m (0 secs / 4.186 secs)
[1A[2KWARN: [36m'
  It looks like you're using the disabled attribute with a reactive form directive. If you set disabled to true
  when you set up this control in your component class, the disabled attribute will actually be set in the DOM for
  you. We recommend using this approach to avoid 'changed after checked' errors.

  Example:
  // Specify the `disabled` property at control creation time:
  form = new FormGroup({
    first: new FormControl({value: 'Nancy', disabled: true}, Validators.required),
    last: new FormControl('Drew', Validators.required)
  });

  // Controls can also be enabled/disabled after creation:
  form.get('first')?.enable();
  form.get('last')?.disable();
'[39m
Chrome Headless 139.0.0.0 (Windows 10): Executed 444 of 1370[31m (116 FAILED)[39m (0 secs / 4.186 secs)
WARN: '
  It looks like you're using the disabled attribute with a reactive form directive. If you set disabled to true
  when you set up this control in your component class, the disabled attribute will actually be set in the DOM for
  you. We recommend using this approach to avoid 'changed after checked' errors.

  Example:
  // Specify the `disabled` property at control creation time:
  form = new FormGroup({
    first: new FormControl({value: 'Nancy', disabled: true}, Validators.required),
    last: new FormControl('Drew', Validators.required)
  });

  // Controls can also be enabled/disabled after creation:
  form.get('first')?.enable();
  form.get('last')?.disable();
'
[1A[2K[31mChrome Headless 139.0.0.0 (Windows 10) InputSelectComponent Component Configuration should apply editable state correctly FAILED[39m
	Expected null to be 'true'.
	    at <Jasmine>
	    at UserContext.<anonymous> (spec-input-select.component.spec.js:286:79)
	    at _ZoneDelegate.invoke (node_modules/zone.js/fesm2015/zone.js:398:28)
	    at _ProxyZoneSpec.onInvoke (node_modules/zone.js/fesm2015/zone-testing.js:2132:39)
	    at _ZoneDelegate.invoke (node_modules/zone.js/fesm2015/zone.js:397:34)
Chrome Headless 139.0.0.0 (Windows 10): Executed 445 of 1370[31m (117 FAILED)[39m (0 secs / 4.192 secs)
[1A[2KWARN: [36m'
  It looks like you're using the disabled attribute with a reactive form directive. If you set disabled to true
  when you set up this control in your component class, the disabled attribute will actually be set in the DOM for
  you. We recommend using this approach to avoid 'changed after checked' errors.

  Example:
  // Specify the `disabled` property at control creation time:
  form = new FormGroup({
    first: new FormControl({value: 'Nancy', disabled: true}, Validators.required),
    last: new FormControl('Drew', Validators.required)
  });

  // Controls can also be enabled/disabled after creation:
  form.get('first')?.enable();
  form.get('last')?.disable();
'[39m
Chrome Headless 139.0.0.0 (Windows 10): Executed 445 of 1370[31m (117 FAILED)[39m (0 secs / 4.192 secs)
WARN: '
  It looks like you're using the disabled attribute with a reactive form directive. If you set disabled to true
  when you set up this control in your component class, the disabled attribute will actually be set in the DOM for
  you. We recommend using this approach to avoid 'changed after checked' errors.

  Example:
  // Specify the `disabled` property at control creation time:
  form = new FormGroup({
    first: new FormControl({value: 'Nancy', disabled: true}, Validators.required),
    last: new FormControl('Drew', Validators.required)
  });

  // Controls can also be enabled/disabled after creation:
  form.get('first')?.enable();
  form.get('last')?.disable();
'
[1A[2K[31mChrome Headless 139.0.0.0 (Windows 10) InputSelectComponent Component Configuration should apply loading state correctly FAILED[39m
	Expected null to be 'true'.
	    at <Jasmine>
	    at UserContext.<anonymous> (spec-input-select.component.spec.js:280:78)
	    at _ZoneDelegate.invoke (node_modules/zone.js/fesm2015/zone.js:398:28)
	    at _ProxyZoneSpec.onInvoke (node_modules/zone.js/fesm2015/zone-testing.js:2132:39)
	    at _ZoneDelegate.invoke (node_modules/zone.js/fesm2015/zone.js:397:34)
Chrome Headless 139.0.0.0 (Windows 10): Executed 446 of 1370[31m (118 FAILED)[39m (0 secs / 4.199 secs)
[1A[2KWARN: [36m'
  It looks like you're using the disabled attribute with a reactive form directive. If you set disabled to true
  when you set up this control in your component class, the disabled attribute will actually be set in the DOM for
  you. We recommend using this approach to avoid 'changed after checked' errors.

  Example:
  // Specify the `disabled` property at control creation time:
  form = new FormGroup({
    first: new FormControl({value: 'Nancy', disabled: true}, Validators.required),
    last: new FormControl('Drew', Validators.required)
  });

  // Controls can also be enabled/disabled after creation:
  form.get('first')?.enable();
  form.get('last')?.disable();
'[39m
Chrome Headless 139.0.0.0 (Windows 10): Executed 446 of 1370[31m (118 FAILED)[39m (0 secs / 4.199 secs)
WARN: '
  It looks like you're using the disabled attribute with a reactive form directive. If you set disabled to true
  when you set up this control in your component class, the disabled attribute will actually be set in the DOM for
  you. We recommend using this approach to avoid 'changed after checked' errors.

  Example:
  // Specify the `disabled` property at control creation time:
  form = new FormGroup({
    first: new FormControl({value: 'Nancy', disabled: true}, Validators.required),
    last: new FormControl('Drew', Validators.required)
  });

  // Controls can also be enabled/disabled after creation:
  form.get('first')?.enable();
  form.get('last')?.disable();
'
[1A[2K[31mChrome Headless 139.0.0.0 (Windows 10) InputSelectComponent Component Configuration should apply required state correctly FAILED[39m
	Expected null to be 'true'.
	    at <Jasmine>
	    at UserContext.<anonymous> (spec-input-select.component.spec.js:268:79)
	    at _ZoneDelegate.invoke (node_modules/zone.js/fesm2015/zone.js:398:28)
	    at _ProxyZoneSpec.onInvoke (node_modules/zone.js/fesm2015/zone-testing.js:2132:39)
	    at _ZoneDelegate.invoke (node_modules/zone.js/fesm2015/zone.js:397:34)
Chrome Headless 139.0.0.0 (Windows 10): Executed 447 of 1370[31m (119 FAILED)[39m (0 secs / 4.204 secs)
[1A[2KWARN: [36m'
  It looks like you're using the disabled attribute with a reactive form directive. If you set disabled to true
  when you set up this control in your component class, the disabled attribute will actually be set in the DOM for
  you. We recommend using this approach to avoid 'changed after checked' errors.

  Example:
  // Specify the `disabled` property at control creation time:
  form = new FormGroup({
    first: new FormControl({value: 'Nancy', disabled: true}, Validators.required),
    last: new FormControl('Drew', Validators.required)
  });

  // Controls can also be enabled/disabled after creation:
  form.get('first')?.enable();
  form.get('last')?.disable();
'[39m
Chrome Headless 139.0.0.0 (Windows 10): Executed 447 of 1370[31m (119 FAILED)[39m (0 secs / 4.204 secs)
WARN: '
  It looks like you're using the disabled attribute with a reactive form directive. If you set disabled to true
  when you set up this control in your component class, the disabled attribute will actually be set in the DOM for
  you. We recommend using this approach to avoid 'changed after checked' errors.

  Example:
  // Specify the `disabled` property at control creation time:
  form = new FormGroup({
    first: new FormControl({value: 'Nancy', disabled: true}, Validators.required),
    last: new FormControl('Drew', Validators.required)
  });

  // Controls can also be enabled/disabled after creation:
  form.get('first')?.enable();
  form.get('last')?.disable();
'
[1A[2KWARN: [36m'
  It looks like you're using the disabled attribute with a reactive form directive. If you set disabled to true
  when you set up this control in your component class, the disabled attribute will actually be set in the DOM for
  you. We recommend using this approach to avoid 'changed after checked' errors.

  Example:
  // Specify the `disabled` property at control creation time:
  form = new FormGroup({
    first: new FormControl({value: 'Nancy', disabled: true}, Validators.required),
    last: new FormControl('Drew', Validators.required)
  });

  // Controls can also be enabled/disabled after creation:
  form.get('first')?.enable();
  form.get('last')?.disable();
'[39m
Chrome Headless 139.0.0.0 (Windows 10): Executed 447 of 1370[31m (119 FAILED)[39m (0 secs / 4.204 secs)
WARN: '
  It looks like you're using the disabled attribute with a reactive form directive. If you set disabled to true
  when you set up this control in your component class, the disabled attribute will actually be set in the DOM for
  you. We recommend using this approach to avoid 'changed after checked' errors.

  Example:
  // Specify the `disabled` property at control creation time:
  form = new FormGroup({
    first: new FormControl({value: 'Nancy', disabled: true}, Validators.required),
    last: new FormControl('Drew', Validators.required)
  });

  // Controls can also be enabled/disabled after creation:
  form.get('first')?.enable();
  form.get('last')?.disable();
'
[1A[2K[31mChrome Headless 139.0.0.0 (Windows 10) InputSelectComponent Component Configuration should apply disabled state correctly FAILED[39m
	Expected null to be 'true'.
	    at <Jasmine>
	    at UserContext.<anonymous> (spec-input-select.component.spec.js:262:79)
	    at _ZoneDelegate.invoke (node_modules/zone.js/fesm2015/zone.js:398:28)
	    at _ProxyZoneSpec.onInvoke (node_modules/zone.js/fesm2015/zone-testing.js:2132:39)
	    at _ZoneDelegate.invoke (node_modules/zone.js/fesm2015/zone.js:397:34)
Chrome Headless 139.0.0.0 (Windows 10): Executed 448 of 1370[31m (120 FAILED)[39m (0 secs / 4.21 secs)
[1A[2KWARN: [36m'
  It looks like you're using the disabled attribute with a reactive form directive. If you set disabled to true
  when you set up this control in your component class, the disabled attribute will actually be set in the DOM for
  you. We recommend using this approach to avoid 'changed after checked' errors.

  Example:
  // Specify the `disabled` property at control creation time:
  form = new FormGroup({
    first: new FormControl({value: 'Nancy', disabled: true}, Validators.required),
    last: new FormControl('Drew', Validators.required)
  });

  // Controls can also be enabled/disabled after creation:
  form.get('first')?.enable();
  form.get('last')?.disable();
'[39m
Chrome Headless 139.0.0.0 (Windows 10): Executed 448 of 1370[31m (120 FAILED)[39m (0 secs / 4.21 secs)
WARN: '
  It looks like you're using the disabled attribute with a reactive form directive. If you set disabled to true
  when you set up this control in your component class, the disabled attribute will actually be set in the DOM for
  you. We recommend using this approach to avoid 'changed after checked' errors.

  Example:
  // Specify the `disabled` property at control creation time:
  form = new FormGroup({
    first: new FormControl({value: 'Nancy', disabled: true}, Validators.required),
    last: new FormControl('Drew', Validators.required)
  });

  // Controls can also be enabled/disabled after creation:
  form.get('first')?.enable();
  form.get('last')?.disable();
'
[1A[2KChrome Headless 139.0.0.0 (Windows 10): Executed 449 of 1370[31m (120 FAILED)[39m (0 secs / 4.215 secs)
[1A[2KWARN: [36m'
  It looks like you're using the disabled attribute with a reactive form directive. If you set disabled to true
  when you set up this control in your component class, the disabled attribute will actually be set in the DOM for
  you. We recommend using this approach to avoid 'changed after checked' errors.

  Example:
  // Specify the `disabled` property at control creation time:
  form = new FormGroup({
    first: new FormControl({value: 'Nancy', disabled: true}, Validators.required),
    last: new FormControl('Drew', Validators.required)
  });

  // Controls can also be enabled/disabled after creation:
  form.get('first')?.enable();
  form.get('last')?.disable();
'[39m
Chrome Headless 139.0.0.0 (Windows 10): Executed 449 of 1370[31m (120 FAILED)[39m (0 secs / 4.215 secs)
WARN: '
  It looks like you're using the disabled attribute with a reactive form directive. If you set disabled to true
  when you set up this control in your component class, the disabled attribute will actually be set in the DOM for
  you. We recommend using this approach to avoid 'changed after checked' errors.

  Example:
  // Specify the `disabled` property at control creation time:
  form = new FormGroup({
    first: new FormControl({value: 'Nancy', disabled: true}, Validators.required),
    last: new FormControl('Drew', Validators.required)
  });

  // Controls can also be enabled/disabled after creation:
  form.get('first')?.enable();
  form.get('last')?.disable();
'
[1A[2K[31mChrome Headless 139.0.0.0 (Windows 10) InputSelectComponent Component Mounting should render label when provided FAILED[39m
	Expected 'COMMON.CATEGORY' to be 'Categoria'.
	    at <Jasmine>
	    at UserContext.<anonymous> (spec-input-select.component.spec.js:202:61)
	    at _ZoneDelegate.invoke (node_modules/zone.js/fesm2015/zone.js:398:28)
	    at _ProxyZoneSpec.onInvoke (node_modules/zone.js/fesm2015/zone-testing.js:2132:39)
	    at _ZoneDelegate.invoke (node_modules/zone.js/fesm2015/zone.js:397:34)
Chrome Headless 139.0.0.0 (Windows 10): Executed 450 of 1370[31m (121 FAILED)[39m (0 secs / 4.22 secs)
[1A[2KWARN: [36m'
  It looks like you're using the disabled attribute with a reactive form directive. If you set disabled to true
  when you set up this control in your component class, the disabled attribute will actually be set in the DOM for
  you. We recommend using this approach to avoid 'changed after checked' errors.

  Example:
  // Specify the `disabled` property at control creation time:
  form = new FormGroup({
    first: new FormControl({value: 'Nancy', disabled: true}, Validators.required),
    last: new FormControl('Drew', Validators.required)
  });

  // Controls can also be enabled/disabled after creation:
  form.get('first')?.enable();
  form.get('last')?.disable();
'[39m
Chrome Headless 139.0.0.0 (Windows 10): Executed 450 of 1370[31m (121 FAILED)[39m (0 secs / 4.22 secs)
WARN: '
  It looks like you're using the disabled attribute with a reactive form directive. If you set disabled to true
  when you set up this control in your component class, the disabled attribute will actually be set in the DOM for
  you. We recommend using this approach to avoid 'changed after checked' errors.

  Example:
  // Specify the `disabled` property at control creation time:
  form = new FormGroup({
    first: new FormControl({value: 'Nancy', disabled: true}, Validators.required),
    last: new FormControl('Drew', Validators.required)
  });

  // Controls can also be enabled/disabled after creation:
  form.get('first')?.enable();
  form.get('last')?.disable();
'
[1A[2KChrome Headless 139.0.0.0 (Windows 10): Executed 451 of 1370[31m (121 FAILED)[39m (0 secs / 4.226 secs)
[1A[2KWARN: [36m'
  It looks like you're using the disabled attribute with a reactive form directive. If you set disabled to true
  when you set up this control in your component class, the disabled attribute will actually be set in the DOM for
  you. We recommend using this approach to avoid 'changed after checked' errors.

  Example:
  // Specify the `disabled` property at control creation time:
  form = new FormGroup({
    first: new FormControl({value: 'Nancy', disabled: true}, Validators.required),
    last: new FormControl('Drew', Validators.required)
  });

  // Controls can also be enabled/disabled after creation:
  form.get('first')?.enable();
  form.get('last')?.disable();
'[39m
Chrome Headless 139.0.0.0 (Windows 10): Executed 451 of 1370[31m (121 FAILED)[39m (0 secs / 4.226 secs)
WARN: '
  It looks like you're using the disabled attribute with a reactive form directive. If you set disabled to true
  when you set up this control in your component class, the disabled attribute will actually be set in the DOM for
  you. We recommend using this approach to avoid 'changed after checked' errors.

  Example:
  // Specify the `disabled` property at control creation time:
  form = new FormGroup({
    first: new FormControl({value: 'Nancy', disabled: true}, Validators.required),
    last: new FormControl('Drew', Validators.required)
  });

  // Controls can also be enabled/disabled after creation:
  form.get('first')?.enable();
  form.get('last')?.disable();
'
[1A[2KChrome Headless 139.0.0.0 (Windows 10): Executed 452 of 1370[31m (121 FAILED)[39m (0 secs / 4.231 secs)
[1A[2KWARN: [36m'
  It looks like you're using the disabled attribute with a reactive form directive. If you set disabled to true
  when you set up this control in your component class, the disabled attribute will actually be set in the DOM for
  you. We recommend using this approach to avoid 'changed after checked' errors.

  Example:
  // Specify the `disabled` property at control creation time:
  form = new FormGroup({
    first: new FormControl({value: 'Nancy', disabled: true}, Validators.required),
    last: new FormControl('Drew', Validators.required)
  });

  // Controls can also be enabled/disabled after creation:
  form.get('first')?.enable();
  form.get('last')?.disable();
'[39m
Chrome Headless 139.0.0.0 (Windows 10): Executed 452 of 1370[31m (121 FAILED)[39m (0 secs / 4.231 secs)
WARN: '
  It looks like you're using the disabled attribute with a reactive form directive. If you set disabled to true
  when you set up this control in your component class, the disabled attribute will actually be set in the DOM for
  you. We recommend using this approach to avoid 'changed after checked' errors.

  Example:
  // Specify the `disabled` property at control creation time:
  form = new FormGroup({
    first: new FormControl({value: 'Nancy', disabled: true}, Validators.required),
    last: new FormControl('Drew', Validators.required)
  });

  // Controls can also be enabled/disabled after creation:
  form.get('first')?.enable();
  form.get('last')?.disable();
'
[1A[2KChrome Headless 139.0.0.0 (Windows 10): Executed 453 of 1370[31m (121 FAILED)[39m (0 secs / 4.237 secs)
[1A[2KWARN: [36m'
  It looks like you're using the disabled attribute with a reactive form directive. If you set disabled to true
  when you set up this control in your component class, the disabled attribute will actually be set in the DOM for
  you. We recommend using this approach to avoid 'changed after checked' errors.

  Example:
  // Specify the `disabled` property at control creation time:
  form = new FormGroup({
    first: new FormControl({value: 'Nancy', disabled: true}, Validators.required),
    last: new FormControl('Drew', Validators.required)
  });

  // Controls can also be enabled/disabled after creation:
  form.get('first')?.enable();
  form.get('last')?.disable();
'[39m
Chrome Headless 139.0.0.0 (Windows 10): Executed 453 of 1370[31m (121 FAILED)[39m (0 secs / 4.237 secs)
WARN: '
  It looks like you're using the disabled attribute with a reactive form directive. If you set disabled to true
  when you set up this control in your component class, the disabled attribute will actually be set in the DOM for
  you. We recommend using this approach to avoid 'changed after checked' errors.

  Example:
  // Specify the `disabled` property at control creation time:
  form = new FormGroup({
    first: new FormControl({value: 'Nancy', disabled: true}, Validators.required),
    last: new FormControl('Drew', Validators.required)
  });

  // Controls can also be enabled/disabled after creation:
  form.get('first')?.enable();
  form.get('last')?.disable();
'
[1A[2K[31mChrome Headless 139.0.0.0 (Windows 10) InputSelectComponent Component Mounting should generate unique ID for each instance FAILED[39m
	Expected null to be truthy.
	    at <Jasmine>
	    at UserContext.<anonymous> (spec-input-select.component.spec.js:224:67)
	    at _ZoneDelegate.invoke (node_modules/zone.js/fesm2015/zone.js:398:28)
	    at _ProxyZoneSpec.onInvoke (node_modules/zone.js/fesm2015/zone-testing.js:2132:39)
	    at _ZoneDelegate.invoke (node_modules/zone.js/fesm2015/zone.js:397:34)
	Expected null to contain 'select-'.
	    at <Jasmine>
	    at UserContext.<anonymous> (spec-input-select.component.spec.js:225:67)
	    at _ZoneDelegate.invoke (node_modules/zone.js/fesm2015/zone.js:398:28)
	    at _ProxyZoneSpec.onInvoke (node_modules/zone.js/fesm2015/zone-testing.js:2132:39)
	    at _ZoneDelegate.invoke (node_modules/zone.js/fesm2015/zone.js:397:34)
	Expected 'select-81bbz9xx2' to be null. Tip: To check for deep equality, use .toEqual() instead of .toBe().
	    at <Jasmine>
	    at UserContext.<anonymous> (spec-input-select.component.spec.js:226:62)
	    at _ZoneDelegate.invoke (node_modules/zone.js/fesm2015/zone.js:398:28)
	    at _ProxyZoneSpec.onInvoke (node_modules/zone.js/fesm2015/zone-testing.js:2132:39)
	    at _ZoneDelegate.invoke (node_modules/zone.js/fesm2015/zone.js:397:34)
Chrome Headless 139.0.0.0 (Windows 10): Executed 454 of 1370[31m (122 FAILED)[39m (0 secs / 4.243 secs)
[1A[2KWARN: [36m'
  It looks like you're using the disabled attribute with a reactive form directive. If you set disabled to true
  when you set up this control in your component class, the disabled attribute will actually be set in the DOM for
  you. We recommend using this approach to avoid 'changed after checked' errors.

  Example:
  // Specify the `disabled` property at control creation time:
  form = new FormGroup({
    first: new FormControl({value: 'Nancy', disabled: true}, Validators.required),
    last: new FormControl('Drew', Validators.required)
  });

  // Controls can also be enabled/disabled after creation:
  form.get('first')?.enable();
  form.get('last')?.disable();
'[39m
Chrome Headless 139.0.0.0 (Windows 10): Executed 454 of 1370[31m (122 FAILED)[39m (0 secs / 4.243 secs)
WARN: '
  It looks like you're using the disabled attribute with a reactive form directive. If you set disabled to true
  when you set up this control in your component class, the disabled attribute will actually be set in the DOM for
  you. We recommend using this approach to avoid 'changed after checked' errors.

  Example:
  // Specify the `disabled` property at control creation time:
  form = new FormGroup({
    first: new FormControl({value: 'Nancy', disabled: true}, Validators.required),
    last: new FormControl('Drew', Validators.required)
  });

  // Controls can also be enabled/disabled after creation:
  form.get('first')?.enable();
  form.get('last')?.disable();
'
[1A[2KChrome Headless 139.0.0.0 (Windows 10): Executed 455 of 1370[31m (122 FAILED)[39m (0 secs / 4.248 secs)
[1A[2KWARN: [36m'
  It looks like you're using the disabled attribute with a reactive form directive. If you set disabled to true
  when you set up this control in your component class, the disabled attribute will actually be set in the DOM for
  you. We recommend using this approach to avoid 'changed after checked' errors.

  Example:
  // Specify the `disabled` property at control creation time:
  form = new FormGroup({
    first: new FormControl({value: 'Nancy', disabled: true}, Validators.required),
    last: new FormControl('Drew', Validators.required)
  });

  // Controls can also be enabled/disabled after creation:
  form.get('first')?.enable();
  form.get('last')?.disable();
'[39m
Chrome Headless 139.0.0.0 (Windows 10): Executed 455 of 1370[31m (122 FAILED)[39m (0 secs / 4.248 secs)
WARN: '
  It looks like you're using the disabled attribute with a reactive form directive. If you set disabled to true
  when you set up this control in your component class, the disabled attribute will actually be set in the DOM for
  you. We recommend using this approach to avoid 'changed after checked' errors.

  Example:
  // Specify the `disabled` property at control creation time:
  form = new FormGroup({
    first: new FormControl({value: 'Nancy', disabled: true}, Validators.required),
    last: new FormControl('Drew', Validators.required)
  });

  // Controls can also be enabled/disabled after creation:
  form.get('first')?.enable();
  form.get('last')?.disable();
'
[1A[2KChrome Headless 139.0.0.0 (Windows 10): Executed 456 of 1370[31m (122 FAILED)[39m (0 secs / 4.254 secs)
[1A[2KWARN: [36m'
  It looks like you're using the disabled attribute with a reactive form directive. If you set disabled to true
  when you set up this control in your component class, the disabled attribute will actually be set in the DOM for
  you. We recommend using this approach to avoid 'changed after checked' errors.

  Example:
  // Specify the `disabled` property at control creation time:
  form = new FormGroup({
    first: new FormControl({value: 'Nancy', disabled: true}, Validators.required),
    last: new FormControl('Drew', Validators.required)
  });

  // Controls can also be enabled/disabled after creation:
  form.get('first')?.enable();
  form.get('last')?.disable();
'[39m
Chrome Headless 139.0.0.0 (Windows 10): Executed 456 of 1370[31m (122 FAILED)[39m (0 secs / 4.254 secs)
WARN: '
  It looks like you're using the disabled attribute with a reactive form directive. If you set disabled to true
  when you set up this control in your component class, the disabled attribute will actually be set in the DOM for
  you. We recommend using this approach to avoid 'changed after checked' errors.

  Example:
  // Specify the `disabled` property at control creation time:
  form = new FormGroup({
    first: new FormControl({value: 'Nancy', disabled: true}, Validators.required),
    last: new FormControl('Drew', Validators.required)
  });

  // Controls can also be enabled/disabled after creation:
  form.get('first')?.enable();
  form.get('last')?.disable();
'
[1A[2KChrome Headless 139.0.0.0 (Windows 10): Executed 457 of 1370[31m (122 FAILED)[39m (0 secs / 4.26 secs)
[1A[2KWARN: [36m'
  It looks like you're using the disabled attribute with a reactive form directive. If you set disabled to true
  when you set up this control in your component class, the disabled attribute will actually be set in the DOM for
  you. We recommend using this approach to avoid 'changed after checked' errors.

  Example:
  // Specify the `disabled` property at control creation time:
  form = new FormGroup({
    first: new FormControl({value: 'Nancy', disabled: true}, Validators.required),
    last: new FormControl('Drew', Validators.required)
  });

  // Controls can also be enabled/disabled after creation:
  form.get('first')?.enable();
  form.get('last')?.disable();
'[39m
Chrome Headless 139.0.0.0 (Windows 10): Executed 457 of 1370[31m (122 FAILED)[39m (0 secs / 4.26 secs)
WARN: '
  It looks like you're using the disabled attribute with a reactive form directive. If you set disabled to true
  when you set up this control in your component class, the disabled attribute will actually be set in the DOM for
  you. We recommend using this approach to avoid 'changed after checked' errors.

  Example:
  // Specify the `disabled` property at control creation time:
  form = new FormGroup({
    first: new FormControl({value: 'Nancy', disabled: true}, Validators.required),
    last: new FormControl('Drew', Validators.required)
  });

  // Controls can also be enabled/disabled after creation:
  form.get('first')?.enable();
  form.get('last')?.disable();
'
[1A[2K[31mChrome Headless 139.0.0.0 (Windows 10) InputSelectComponent Form Integration should initialize with form control value FAILED[39m
	Expected undefined to be 'option1'.
	    at <Jasmine>
	    at UserContext.<anonymous> (spec-input-select.component.spec.js:443:44)
	    at _ZoneDelegate.invoke (node_modules/zone.js/fesm2015/zone.js:398:28)
	    at _ProxyZoneSpec.onInvoke (node_modules/zone.js/fesm2015/zone-testing.js:2132:39)
	    at _ZoneDelegate.invoke (node_modules/zone.js/fesm2015/zone.js:397:34)
Chrome Headless 139.0.0.0 (Windows 10): Executed 458 of 1370[31m (123 FAILED)[39m (0 secs / 4.265 secs)
[1A[2KWARN: [36m'
  It looks like you're using the disabled attribute with a reactive form directive. If you set disabled to true
  when you set up this control in your component class, the disabled attribute will actually be set in the DOM for
  you. We recommend using this approach to avoid 'changed after checked' errors.

  Example:
  // Specify the `disabled` property at control creation time:
  form = new FormGroup({
    first: new FormControl({value: 'Nancy', disabled: true}, Validators.required),
    last: new FormControl('Drew', Validators.required)
  });

  // Controls can also be enabled/disabled after creation:
  form.get('first')?.enable();
  form.get('last')?.disable();
'[39m
Chrome Headless 139.0.0.0 (Windows 10): Executed 458 of 1370[31m (123 FAILED)[39m (0 secs / 4.265 secs)
WARN: '
  It looks like you're using the disabled attribute with a reactive form directive. If you set disabled to true
  when you set up this control in your component class, the disabled attribute will actually be set in the DOM for
  you. We recommend using this approach to avoid 'changed after checked' errors.

  Example:
  // Specify the `disabled` property at control creation time:
  form = new FormGroup({
    first: new FormControl({value: 'Nancy', disabled: true}, Validators.required),
    last: new FormControl('Drew', Validators.required)
  });

  // Controls can also be enabled/disabled after creation:
  form.get('first')?.enable();
  form.get('last')?.disable();
'
[1A[2KChrome Headless 139.0.0.0 (Windows 10): Executed 459 of 1370[31m (123 FAILED)[39m (0 secs / 4.275 secs)
[1A[2KWARN: [36m'
  It looks like you're using the disabled attribute with a reactive form directive. If you set disabled to true
  when you set up this control in your component class, the disabled attribute will actually be set in the DOM for
  you. We recommend using this approach to avoid 'changed after checked' errors.

  Example:
  // Specify the `disabled` property at control creation time:
  form = new FormGroup({
    first: new FormControl({value: 'Nancy', disabled: true}, Validators.required),
    last: new FormControl('Drew', Validators.required)
  });

  // Controls can also be enabled/disabled after creation:
  form.get('first')?.enable();
  form.get('last')?.disable();
'[39m
Chrome Headless 139.0.0.0 (Windows 10): Executed 459 of 1370[31m (123 FAILED)[39m (0 secs / 4.275 secs)
WARN: '
  It looks like you're using the disabled attribute with a reactive form directive. If you set disabled to true
  when you set up this control in your component class, the disabled attribute will actually be set in the DOM for
  you. We recommend using this approach to avoid 'changed after checked' errors.

  Example:
  // Specify the `disabled` property at control creation time:
  form = new FormGroup({
    first: new FormControl({value: 'Nancy', disabled: true}, Validators.required),
    last: new FormControl('Drew', Validators.required)
  });

  // Controls can also be enabled/disabled after creation:
  form.get('first')?.enable();
  form.get('last')?.disable();
'
[1A[2KChrome Headless 139.0.0.0 (Windows 10): Executed 460 of 1370[31m (123 FAILED)[39m (0 secs / 4.281 secs)
[1A[2KWARN: [36m'
  It looks like you're using the disabled attribute with a reactive form directive. If you set disabled to true
  when you set up this control in your component class, the disabled attribute will actually be set in the DOM for
  you. We recommend using this approach to avoid 'changed after checked' errors.

  Example:
  // Specify the `disabled` property at control creation time:
  form = new FormGroup({
    first: new FormControl({value: 'Nancy', disabled: true}, Validators.required),
    last: new FormControl('Drew', Validators.required)
  });

  // Controls can also be enabled/disabled after creation:
  form.get('first')?.enable();
  form.get('last')?.disable();
'[39m
Chrome Headless 139.0.0.0 (Windows 10): Executed 460 of 1370[31m (123 FAILED)[39m (0 secs / 4.281 secs)
WARN: '
  It looks like you're using the disabled attribute with a reactive form directive. If you set disabled to true
  when you set up this control in your component class, the disabled attribute will actually be set in the DOM for
  you. We recommend using this approach to avoid 'changed after checked' errors.

  Example:
  // Specify the `disabled` property at control creation time:
  form = new FormGroup({
    first: new FormControl({value: 'Nancy', disabled: true}, Validators.required),
    last: new FormControl('Drew', Validators.required)
  });

  // Controls can also be enabled/disabled after creation:
  form.get('first')?.enable();
  form.get('last')?.disable();
'
[1A[2KChrome Headless 139.0.0.0 (Windows 10): Executed 461 of 1370[31m (123 FAILED)[39m (0 secs / 4.287 secs)
[1A[2KWARN: [36m'
  It looks like you're using the disabled attribute with a reactive form directive. If you set disabled to true
  when you set up this control in your component class, the disabled attribute will actually be set in the DOM for
  you. We recommend using this approach to avoid 'changed after checked' errors.

  Example:
  // Specify the `disabled` property at control creation time:
  form = new FormGroup({
    first: new FormControl({value: 'Nancy', disabled: true}, Validators.required),
    last: new FormControl('Drew', Validators.required)
  });

  // Controls can also be enabled/disabled after creation:
  form.get('first')?.enable();
  form.get('last')?.disable();
'[39m
Chrome Headless 139.0.0.0 (Windows 10): Executed 461 of 1370[31m (123 FAILED)[39m (0 secs / 4.287 secs)
WARN: '
  It looks like you're using the disabled attribute with a reactive form directive. If you set disabled to true
  when you set up this control in your component class, the disabled attribute will actually be set in the DOM for
  you. We recommend using this approach to avoid 'changed after checked' errors.

  Example:
  // Specify the `disabled` property at control creation time:
  form = new FormGroup({
    first: new FormControl({value: 'Nancy', disabled: true}, Validators.required),
    last: new FormControl('Drew', Validators.required)
  });

  // Controls can also be enabled/disabled after creation:
  form.get('first')?.enable();
  form.get('last')?.disable();
'
[1A[2KChrome Headless 139.0.0.0 (Windows 10): Executed 462 of 1370[31m (123 FAILED)[39m (0 secs / 4.295 secs)
[1A[2KWARN: [36m'
  It looks like you're using the disabled attribute with a reactive form directive. If you set disabled to true
  when you set up this control in your component class, the disabled attribute will actually be set in the DOM for
  you. We recommend using this approach to avoid 'changed after checked' errors.

  Example:
  // Specify the `disabled` property at control creation time:
  form = new FormGroup({
    first: new FormControl({value: 'Nancy', disabled: true}, Validators.required),
    last: new FormControl('Drew', Validators.required)
  });

  // Controls can also be enabled/disabled after creation:
  form.get('first')?.enable();
  form.get('last')?.disable();
'[39m
Chrome Headless 139.0.0.0 (Windows 10): Executed 462 of 1370[31m (123 FAILED)[39m (0 secs / 4.295 secs)
WARN: '
  It looks like you're using the disabled attribute with a reactive form directive. If you set disabled to true
  when you set up this control in your component class, the disabled attribute will actually be set in the DOM for
  you. We recommend using this approach to avoid 'changed after checked' errors.

  Example:
  // Specify the `disabled` property at control creation time:
  form = new FormGroup({
    first: new FormControl({value: 'Nancy', disabled: true}, Validators.required),
    last: new FormControl('Drew', Validators.required)
  });

  // Controls can also be enabled/disabled after creation:
  form.get('first')?.enable();
  form.get('last')?.disable();
'
[1A[2K[31mChrome Headless 139.0.0.0 (Windows 10) InputSelectComponent Advanced Configuration should apply virtualScroll configuration correctly FAILED[39m
	Expected null to be 'true'.
	    at <Jasmine>
	    at UserContext.<anonymous> (spec-input-select.component.spec.js:374:85)
	    at _ZoneDelegate.invoke (node_modules/zone.js/fesm2015/zone.js:398:28)
	    at _ProxyZoneSpec.onInvoke (node_modules/zone.js/fesm2015/zone-testing.js:2132:39)
	    at _ZoneDelegate.invoke (node_modules/zone.js/fesm2015/zone.js:397:34)
Chrome Headless 139.0.0.0 (Windows 10): Executed 463 of 1370[31m (124 FAILED)[39m (0 secs / 4.301 secs)
[1A[2KWARN: [36m'
  It looks like you're using the disabled attribute with a reactive form directive. If you set disabled to true
  when you set up this control in your component class, the disabled attribute will actually be set in the DOM for
  you. We recommend using this approach to avoid 'changed after checked' errors.

  Example:
  // Specify the `disabled` property at control creation time:
  form = new FormGroup({
    first: new FormControl({value: 'Nancy', disabled: true}, Validators.required),
    last: new FormControl('Drew', Validators.required)
  });

  // Controls can also be enabled/disabled after creation:
  form.get('first')?.enable();
  form.get('last')?.disable();
'[39m
Chrome Headless 139.0.0.0 (Windows 10): Executed 463 of 1370[31m (124 FAILED)[39m (0 secs / 4.301 secs)
WARN: '
  It looks like you're using the disabled attribute with a reactive form directive. If you set disabled to true
  when you set up this control in your component class, the disabled attribute will actually be set in the DOM for
  you. We recommend using this approach to avoid 'changed after checked' errors.

  Example:
  // Specify the `disabled` property at control creation time:
  form = new FormGroup({
    first: new FormControl({value: 'Nancy', disabled: true}, Validators.required),
    last: new FormControl('Drew', Validators.required)
  });

  // Controls can also be enabled/disabled after creation:
  form.get('first')?.enable();
  form.get('last')?.disable();
'
[1A[2K[31mChrome Headless 139.0.0.0 (Windows 10) InputSelectComponent Advanced Configuration should apply appendTo configuration correctly FAILED[39m
	Expected null to be 'document.body'.
	    at <Jasmine>
	    at UserContext.<anonymous> (spec-input-select.component.spec.js:362:80)
	    at _ZoneDelegate.invoke (node_modules/zone.js/fesm2015/zone.js:398:28)
	    at _ProxyZoneSpec.onInvoke (node_modules/zone.js/fesm2015/zone-testing.js:2132:39)
	    at _ZoneDelegate.invoke (node_modules/zone.js/fesm2015/zone.js:397:34)
Chrome Headless 139.0.0.0 (Windows 10): Executed 464 of 1370[31m (125 FAILED)[39m (0 secs / 4.307 secs)
[1A[2KWARN: [36m'
  It looks like you're using the disabled attribute with a reactive form directive. If you set disabled to true
  when you set up this control in your component class, the disabled attribute will actually be set in the DOM for
  you. We recommend using this approach to avoid 'changed after checked' errors.

  Example:
  // Specify the `disabled` property at control creation time:
  form = new FormGroup({
    first: new FormControl({value: 'Nancy', disabled: true}, Validators.required),
    last: new FormControl('Drew', Validators.required)
  });

  // Controls can also be enabled/disabled after creation:
  form.get('first')?.enable();
  form.get('last')?.disable();
'[39m
Chrome Headless 139.0.0.0 (Windows 10): Executed 464 of 1370[31m (125 FAILED)[39m (0 secs / 4.307 secs)
WARN: '
  It looks like you're using the disabled attribute with a reactive form directive. If you set disabled to true
  when you set up this control in your component class, the disabled attribute will actually be set in the DOM for
  you. We recommend using this approach to avoid 'changed after checked' errors.

  Example:
  // Specify the `disabled` property at control creation time:
  form = new FormGroup({
    first: new FormControl({value: 'Nancy', disabled: true}, Validators.required),
    last: new FormControl('Drew', Validators.required)
  });

  // Controls can also be enabled/disabled after creation:
  form.get('first')?.enable();
  form.get('last')?.disable();
'
[1A[2K[31mChrome Headless 139.0.0.0 (Windows 10) InputSelectComponent Advanced Configuration should apply scrollHeight configuration correctly FAILED[39m
	Expected null to be '300px'.
	    at <Jasmine>
	    at UserContext.<anonymous> (spec-input-select.component.spec.js:368:84)
	    at _ZoneDelegate.invoke (node_modules/zone.js/fesm2015/zone.js:398:28)
	    at _ProxyZoneSpec.onInvoke (node_modules/zone.js/fesm2015/zone-testing.js:2132:39)
	    at _ZoneDelegate.invoke (node_modules/zone.js/fesm2015/zone.js:397:34)
Chrome Headless 139.0.0.0 (Windows 10): Executed 465 of 1370[31m (126 FAILED)[39m (0 secs / 4.313 secs)
[1A[2KWARN: [36m'
  It looks like you're using the disabled attribute with a reactive form directive. If you set disabled to true
  when you set up this control in your component class, the disabled attribute will actually be set in the DOM for
  you. We recommend using this approach to avoid 'changed after checked' errors.

  Example:
  // Specify the `disabled` property at control creation time:
  form = new FormGroup({
    first: new FormControl({value: 'Nancy', disabled: true}, Validators.required),
    last: new FormControl('Drew', Validators.required)
  });

  // Controls can also be enabled/disabled after creation:
  form.get('first')?.enable();
  form.get('last')?.disable();
'[39m
Chrome Headless 139.0.0.0 (Windows 10): Executed 465 of 1370[31m (126 FAILED)[39m (0 secs / 4.313 secs)
WARN: '
  It looks like you're using the disabled attribute with a reactive form directive. If you set disabled to true
  when you set up this control in your component class, the disabled attribute will actually be set in the DOM for
  you. We recommend using this approach to avoid 'changed after checked' errors.

  Example:
  // Specify the `disabled` property at control creation time:
  form = new FormGroup({
    first: new FormControl({value: 'Nancy', disabled: true}, Validators.required),
    last: new FormControl('Drew', Validators.required)
  });

  // Controls can also be enabled/disabled after creation:
  form.get('first')?.enable();
  form.get('last')?.disable();
'
[1A[2K[31mChrome Headless 139.0.0.0 (Windows 10) InputSelectComponent Advanced Configuration should apply virtualScrollItemSize configuration correctly FAILED[39m
	Expected null to be '50'.
	    at <Jasmine>
	    at UserContext.<anonymous> (spec-input-select.component.spec.js:380:95)
	    at _ZoneDelegate.invoke (node_modules/zone.js/fesm2015/zone.js:398:28)
	    at _ProxyZoneSpec.onInvoke (node_modules/zone.js/fesm2015/zone-testing.js:2132:39)
	    at _ZoneDelegate.invoke (node_modules/zone.js/fesm2015/zone.js:397:34)
Chrome Headless 139.0.0.0 (Windows 10): Executed 466 of 1370[31m (127 FAILED)[39m (0 secs / 4.319 secs)
[1A[2KWARN: [36m'
  It looks like you're using the disabled attribute with a reactive form directive. If you set disabled to true
  when you set up this control in your component class, the disabled attribute will actually be set in the DOM for
  you. We recommend using this approach to avoid 'changed after checked' errors.

  Example:
  // Specify the `disabled` property at control creation time:
  form = new FormGroup({
    first: new FormControl({value: 'Nancy', disabled: true}, Validators.required),
    last: new FormControl('Drew', Validators.required)
  });

  // Controls can also be enabled/disabled after creation:
  form.get('first')?.enable();
  form.get('last')?.disable();
'[39m
Chrome Headless 139.0.0.0 (Windows 10): Executed 466 of 1370[31m (127 FAILED)[39m (0 secs / 4.319 secs)
WARN: '
  It looks like you're using the disabled attribute with a reactive form directive. If you set disabled to true
  when you set up this control in your component class, the disabled attribute will actually be set in the DOM for
  you. We recommend using this approach to avoid 'changed after checked' errors.

  Example:
  // Specify the `disabled` property at control creation time:
  form = new FormGroup({
    first: new FormControl({value: 'Nancy', disabled: true}, Validators.required),
    last: new FormControl('Drew', Validators.required)
  });

  // Controls can also be enabled/disabled after creation:
  form.get('first')?.enable();
  form.get('last')?.disable();
'
[1A[2K[31mChrome Headless 139.0.0.0 (Windows 10) InputSelectComponent Advanced Configuration should apply group configuration correctly FAILED[39m
	Expected null to be 'true'.
	    at <Jasmine>
	    at UserContext.<anonymous> (spec-input-select.component.spec.js:386:76)
	    at _ZoneDelegate.invoke (node_modules/zone.js/fesm2015/zone.js:398:28)
	    at _ProxyZoneSpec.onInvoke (node_modules/zone.js/fesm2015/zone-testing.js:2132:39)
	    at _ZoneDelegate.invoke (node_modules/zone.js/fesm2015/zone.js:397:34)
Chrome Headless 139.0.0.0 (Windows 10): Executed 467 of 1370[31m (128 FAILED)[39m (0 secs / 4.324 secs)
[1A[2KWARN: [36m'
  It looks like you're using the disabled attribute with a reactive form directive. If you set disabled to true
  when you set up this control in your component class, the disabled attribute will actually be set in the DOM for
  you. We recommend using this approach to avoid 'changed after checked' errors.

  Example:
  // Specify the `disabled` property at control creation time:
  form = new FormGroup({
    first: new FormControl({value: 'Nancy', disabled: true}, Validators.required),
    last: new FormControl('Drew', Validators.required)
  });

  // Controls can also be enabled/disabled after creation:
  form.get('first')?.enable();
  form.get('last')?.disable();
'[39m
Chrome Headless 139.0.0.0 (Windows 10): Executed 467 of 1370[31m (128 FAILED)[39m (0 secs / 4.324 secs)
WARN: '
  It looks like you're using the disabled attribute with a reactive form directive. If you set disabled to true
  when you set up this control in your component class, the disabled attribute will actually be set in the DOM for
  you. We recommend using this approach to avoid 'changed after checked' errors.

  Example:
  // Specify the `disabled` property at control creation time:
  form = new FormGroup({
    first: new FormControl({value: 'Nancy', disabled: true}, Validators.required),
    last: new FormControl('Drew', Validators.required)
  });

  // Controls can also be enabled/disabled after creation:
  form.get('first')?.enable();
  form.get('last')?.disable();
'
[1A[2K[31mChrome Headless 139.0.0.0 (Windows 10) InputSelectComponent Advanced Configuration should apply showClear configuration correctly FAILED[39m
	Expected null to be 'true'.
	    at <Jasmine>
	    at UserContext.<anonymous> (spec-input-select.component.spec.js:356:81)
	    at _ZoneDelegate.invoke (node_modules/zone.js/fesm2015/zone.js:398:28)
	    at _ProxyZoneSpec.onInvoke (node_modules/zone.js/fesm2015/zone-testing.js:2132:39)
	    at _ZoneDelegate.invoke (node_modules/zone.js/fesm2015/zone.js:397:34)
Chrome Headless 139.0.0.0 (Windows 10): Executed 468 of 1370[31m (129 FAILED)[39m (0 secs / 4.331 secs)
[1A[2KWARN: [36m'
  It looks like you're using the disabled attribute with a reactive form directive. If you set disabled to true
  when you set up this control in your component class, the disabled attribute will actually be set in the DOM for
  you. We recommend using this approach to avoid 'changed after checked' errors.

  Example:
  // Specify the `disabled` property at control creation time:
  form = new FormGroup({
    first: new FormControl({value: 'Nancy', disabled: true}, Validators.required),
    last: new FormControl('Drew', Validators.required)
  });

  // Controls can also be enabled/disabled after creation:
  form.get('first')?.enable();
  form.get('last')?.disable();
'[39m
Chrome Headless 139.0.0.0 (Windows 10): Executed 468 of 1370[31m (129 FAILED)[39m (0 secs / 4.331 secs)
WARN: '
  It looks like you're using the disabled attribute with a reactive form directive. If you set disabled to true
  when you set up this control in your component class, the disabled attribute will actually be set in the DOM for
  you. We recommend using this approach to avoid 'changed after checked' errors.

  Example:
  // Specify the `disabled` property at control creation time:
  form = new FormGroup({
    first: new FormControl({value: 'Nancy', disabled: true}, Validators.required),
    last: new FormControl('Drew', Validators.required)
  });

  // Controls can also be enabled/disabled after creation:
  form.get('first')?.enable();
  form.get('last')?.disable();
'
[1A[2K[31mChrome Headless 139.0.0.0 (Windows 10) InputSelectComponent Accessibility should have proper label-input association FAILED[39m
	Expected 'select-dynjo0fqn' to be null. Tip: To check for deep equality, use .toEqual() instead of .toBe().
	    at <Jasmine>
	    at UserContext.<anonymous> (spec-input-select.component.spec.js:472:62)
	    at _ZoneDelegate.invoke (node_modules/zone.js/fesm2015/zone.js:398:28)
	    at _ProxyZoneSpec.onInvoke (node_modules/zone.js/fesm2015/zone-testing.js:2132:39)
	    at _ZoneDelegate.invoke (node_modules/zone.js/fesm2015/zone.js:397:34)
Chrome Headless 139.0.0.0 (Windows 10): Executed 469 of 1370[31m (130 FAILED)[39m (0 secs / 4.337 secs)
[1A[2KWARN: [36m'
  It looks like you're using the disabled attribute with a reactive form directive. If you set disabled to true
  when you set up this control in your component class, the disabled attribute will actually be set in the DOM for
  you. We recommend using this approach to avoid 'changed after checked' errors.

  Example:
  // Specify the `disabled` property at control creation time:
  form = new FormGroup({
    first: new FormControl({value: 'Nancy', disabled: true}, Validators.required),
    last: new FormControl('Drew', Validators.required)
  });

  // Controls can also be enabled/disabled after creation:
  form.get('first')?.enable();
  form.get('last')?.disable();
'[39m
Chrome Headless 139.0.0.0 (Windows 10): Executed 469 of 1370[31m (130 FAILED)[39m (0 secs / 4.337 secs)
WARN: '
  It looks like you're using the disabled attribute with a reactive form directive. If you set disabled to true
  when you set up this control in your component class, the disabled attribute will actually be set in the DOM for
  you. We recommend using this approach to avoid 'changed after checked' errors.

  Example:
  // Specify the `disabled` property at control creation time:
  form = new FormGroup({
    first: new FormControl({value: 'Nancy', disabled: true}, Validators.required),
    last: new FormControl('Drew', Validators.required)
  });

  // Controls can also be enabled/disabled after creation:
  form.get('first')?.enable();
  form.get('last')?.disable();
'
[1A[2KWARN: [36m'
  It looks like you're using the disabled attribute with a reactive form directive. If you set disabled to true
  when you set up this control in your component class, the disabled attribute will actually be set in the DOM for
  you. We recommend using this approach to avoid 'changed after checked' errors.

  Example:
  // Specify the `disabled` property at control creation time:
  form = new FormGroup({
    first: new FormControl({value: 'Nancy', disabled: true}, Validators.required),
    last: new FormControl('Drew', Validators.required)
  });

  // Controls can also be enabled/disabled after creation:
  form.get('first')?.enable();
  form.get('last')?.disable();
'[39m
Chrome Headless 139.0.0.0 (Windows 10): Executed 469 of 1370[31m (130 FAILED)[39m (0 secs / 4.337 secs)
WARN: '
  It looks like you're using the disabled attribute with a reactive form directive. If you set disabled to true
  when you set up this control in your component class, the disabled attribute will actually be set in the DOM for
  you. We recommend using this approach to avoid 'changed after checked' errors.

  Example:
  // Specify the `disabled` property at control creation time:
  form = new FormGroup({
    first: new FormControl({value: 'Nancy', disabled: true}, Validators.required),
    last: new FormControl('Drew', Validators.required)
  });

  // Controls can also be enabled/disabled after creation:
  form.get('first')?.enable();
  form.get('last')?.disable();
'
[1A[2K[31mChrome Headless 139.0.0.0 (Windows 10) InputSelectComponent Accessibility should have unique IDs for multiple instances FAILED[39m
	Expected null not to be null. Tip: To check for deep equality, use .toEqual() instead of .toBe().
	    at <Jasmine>
	    at UserContext.<anonymous> (spec-input-select.component.spec.js:479:69)
	    at _ZoneDelegate.invoke (node_modules/zone.js/fesm2015/zone.js:398:28)
	    at _ProxyZoneSpec.onInvoke (node_modules/zone.js/fesm2015/zone-testing.js:2132:39)
	    at _ZoneDelegate.invoke (node_modules/zone.js/fesm2015/zone.js:397:34)
Chrome Headless 139.0.0.0 (Windows 10): Executed 470 of 1370[31m (131 FAILED)[39m (0 secs / 4.344 secs)
[1A[2KWARN: [36m'
  It looks like you're using the disabled attribute with a reactive form directive. If you set disabled to true
  when you set up this control in your component class, the disabled attribute will actually be set in the DOM for
  you. We recommend using this approach to avoid 'changed after checked' errors.

  Example:
  // Specify the `disabled` property at control creation time:
  form = new FormGroup({
    first: new FormControl({value: 'Nancy', disabled: true}, Validators.required),
    last: new FormControl('Drew', Validators.required)
  });

  // Controls can also be enabled/disabled after creation:
  form.get('first')?.enable();
  form.get('last')?.disable();
'[39m
Chrome Headless 139.0.0.0 (Windows 10): Executed 470 of 1370[31m (131 FAILED)[39m (0 secs / 4.344 secs)
WARN: '
  It looks like you're using the disabled attribute with a reactive form directive. If you set disabled to true
  when you set up this control in your component class, the disabled attribute will actually be set in the DOM for
  you. We recommend using this approach to avoid 'changed after checked' errors.

  Example:
  // Specify the `disabled` property at control creation time:
  form = new FormGroup({
    first: new FormControl({value: 'Nancy', disabled: true}, Validators.required),
    last: new FormControl('Drew', Validators.required)
  });

  // Controls can also be enabled/disabled after creation:
  form.get('first')?.enable();
  form.get('last')?.disable();
'
[1A[2K[31mChrome Headless 139.0.0.0 (Windows 10) InputSelectComponent Filter Configuration should apply filterPlaceholder correctly FAILED[39m
	Expected null to be 'Custom filter placeholder'.
	    at <Jasmine>
	    at UserContext.<anonymous> (spec-input-select.component.spec.js:318:89)
	    at _ZoneDelegate.invoke (node_modules/zone.js/fesm2015/zone.js:398:28)
	    at _ProxyZoneSpec.onInvoke (node_modules/zone.js/fesm2015/zone-testing.js:2132:39)
	    at _ZoneDelegate.invoke (node_modules/zone.js/fesm2015/zone.js:397:34)
Chrome Headless 139.0.0.0 (Windows 10): Executed 471 of 1370[31m (132 FAILED)[39m (0 secs / 4.35 secs)
[1A[2KWARN: [36m'
  It looks like you're using the disabled attribute with a reactive form directive. If you set disabled to true
  when you set up this control in your component class, the disabled attribute will actually be set in the DOM for
  you. We recommend using this approach to avoid 'changed after checked' errors.

  Example:
  // Specify the `disabled` property at control creation time:
  form = new FormGroup({
    first: new FormControl({value: 'Nancy', disabled: true}, Validators.required),
    last: new FormControl('Drew', Validators.required)
  });

  // Controls can also be enabled/disabled after creation:
  form.get('first')?.enable();
  form.get('last')?.disable();
'[39m
Chrome Headless 139.0.0.0 (Windows 10): Executed 471 of 1370[31m (132 FAILED)[39m (0 secs / 4.35 secs)
WARN: '
  It looks like you're using the disabled attribute with a reactive form directive. If you set disabled to true
  when you set up this control in your component class, the disabled attribute will actually be set in the DOM for
  you. We recommend using this approach to avoid 'changed after checked' errors.

  Example:
  // Specify the `disabled` property at control creation time:
  form = new FormGroup({
    first: new FormControl({value: 'Nancy', disabled: true}, Validators.required),
    last: new FormControl('Drew', Validators.required)
  });

  // Controls can also be enabled/disabled after creation:
  form.get('first')?.enable();
  form.get('last')?.disable();
'
[1A[2K[31mChrome Headless 139.0.0.0 (Windows 10) InputSelectComponent Filter Configuration should apply filterBy configuration correctly FAILED[39m
	Expected null to be 'value'.
	    at <Jasmine>
	    at UserContext.<anonymous> (spec-input-select.component.spec.js:306:80)
	    at _ZoneDelegate.invoke (node_modules/zone.js/fesm2015/zone.js:398:28)
	    at _ProxyZoneSpec.onInvoke (node_modules/zone.js/fesm2015/zone-testing.js:2132:39)
	    at _ZoneDelegate.invoke (node_modules/zone.js/fesm2015/zone.js:397:34)
Chrome Headless 139.0.0.0 (Windows 10): Executed 472 of 1370[31m (133 FAILED)[39m (0 secs / 4.356 secs)
[1A[2KWARN: [36m'
  It looks like you're using the disabled attribute with a reactive form directive. If you set disabled to true
  when you set up this control in your component class, the disabled attribute will actually be set in the DOM for
  you. We recommend using this approach to avoid 'changed after checked' errors.

  Example:
  // Specify the `disabled` property at control creation time:
  form = new FormGroup({
    first: new FormControl({value: 'Nancy', disabled: true}, Validators.required),
    last: new FormControl('Drew', Validators.required)
  });

  // Controls can also be enabled/disabled after creation:
  form.get('first')?.enable();
  form.get('last')?.disable();
'[39m
Chrome Headless 139.0.0.0 (Windows 10): Executed 472 of 1370[31m (133 FAILED)[39m (0 secs / 4.356 secs)
WARN: '
  It looks like you're using the disabled attribute with a reactive form directive. If you set disabled to true
  when you set up this control in your component class, the disabled attribute will actually be set in the DOM for
  you. We recommend using this approach to avoid 'changed after checked' errors.

  Example:
  // Specify the `disabled` property at control creation time:
  form = new FormGroup({
    first: new FormControl({value: 'Nancy', disabled: true}, Validators.required),
    last: new FormControl('Drew', Validators.required)
  });

  // Controls can also be enabled/disabled after creation:
  form.get('first')?.enable();
  form.get('last')?.disable();
'
[1A[2K[31mChrome Headless 139.0.0.0 (Windows 10) InputSelectComponent Filter Configuration should apply filterMatchMode configuration correctly FAILED[39m
	Expected null to be 'startsWith'.
	    at <Jasmine>
	    at UserContext.<anonymous> (spec-input-select.component.spec.js:312:88)
	    at _ZoneDelegate.invoke (node_modules/zone.js/fesm2015/zone.js:398:28)
	    at _ProxyZoneSpec.onInvoke (node_modules/zone.js/fesm2015/zone-testing.js:2132:39)
	    at _ZoneDelegate.invoke (node_modules/zone.js/fesm2015/zone.js:397:34)
Chrome Headless 139.0.0.0 (Windows 10): Executed 473 of 1370[31m (134 FAILED)[39m (0 secs / 4.361 secs)
[1A[2KWARN: [36m'
  It looks like you're using the disabled attribute with a reactive form directive. If you set disabled to true
  when you set up this control in your component class, the disabled attribute will actually be set in the DOM for
  you. We recommend using this approach to avoid 'changed after checked' errors.

  Example:
  // Specify the `disabled` property at control creation time:
  form = new FormGroup({
    first: new FormControl({value: 'Nancy', disabled: true}, Validators.required),
    last: new FormControl('Drew', Validators.required)
  });

  // Controls can also be enabled/disabled after creation:
  form.get('first')?.enable();
  form.get('last')?.disable();
'[39m
Chrome Headless 139.0.0.0 (Windows 10): Executed 473 of 1370[31m (134 FAILED)[39m (0 secs / 4.361 secs)
WARN: '
  It looks like you're using the disabled attribute with a reactive form directive. If you set disabled to true
  when you set up this control in your component class, the disabled attribute will actually be set in the DOM for
  you. We recommend using this approach to avoid 'changed after checked' errors.

  Example:
  // Specify the `disabled` property at control creation time:
  form = new FormGroup({
    first: new FormControl({value: 'Nancy', disabled: true}, Validators.required),
    last: new FormControl('Drew', Validators.required)
  });

  // Controls can also be enabled/disabled after creation:
  form.get('first')?.enable();
  form.get('last')?.disable();
'
[1A[2K[31mChrome Headless 139.0.0.0 (Windows 10) InputSelectComponent Filter Configuration should apply filter configuration correctly FAILED[39m
	Expected null to be 'false'.
	    at <Jasmine>
	    at UserContext.<anonymous> (spec-input-select.component.spec.js:300:77)
	    at _ZoneDelegate.invoke (node_modules/zone.js/fesm2015/zone.js:398:28)
	    at _ProxyZoneSpec.onInvoke (node_modules/zone.js/fesm2015/zone-testing.js:2132:39)
	    at _ZoneDelegate.invoke (node_modules/zone.js/fesm2015/zone.js:397:34)
Chrome Headless 139.0.0.0 (Windows 10): Executed 474 of 1370[31m (135 FAILED)[39m (0 secs / 4.367 secs)
[1A[2KWARN: [36m'
  It looks like you're using the disabled attribute with a reactive form directive. If you set disabled to true
  when you set up this control in your component class, the disabled attribute will actually be set in the DOM for
  you. We recommend using this approach to avoid 'changed after checked' errors.

  Example:
  // Specify the `disabled` property at control creation time:
  form = new FormGroup({
    first: new FormControl({value: 'Nancy', disabled: true}, Validators.required),
    last: new FormControl('Drew', Validators.required)
  });

  // Controls can also be enabled/disabled after creation:
  form.get('first')?.enable();
  form.get('last')?.disable();
'[39m
Chrome Headless 139.0.0.0 (Windows 10): Executed 474 of 1370[31m (135 FAILED)[39m (0 secs / 4.367 secs)
WARN: '
  It looks like you're using the disabled attribute with a reactive form directive. If you set disabled to true
  when you set up this control in your component class, the disabled attribute will actually be set in the DOM for
  you. We recommend using this approach to avoid 'changed after checked' errors.

  Example:
  // Specify the `disabled` property at control creation time:
  form = new FormGroup({
    first: new FormControl({value: 'Nancy', disabled: true}, Validators.required),
    last: new FormControl('Drew', Validators.required)
  });

  // Controls can also be enabled/disabled after creation:
  form.get('first')?.enable();
  form.get('last')?.disable();
'
[1A[2KChrome Headless 139.0.0.0 (Windows 10): Executed 475 of 1370[31m (135 FAILED)[39m (0 secs / 4.376 secs)
[1A[2KWARN: [36m'
  It looks like you're using the disabled attribute with a reactive form directive. If you set disabled to true
  when you set up this control in your component class, the disabled attribute will actually be set in the DOM for
  you. We recommend using this approach to avoid 'changed after checked' errors.

  Example:
  // Specify the `disabled` property at control creation time:
  form = new FormGroup({
    first: new FormControl({value: 'Nancy', disabled: true}, Validators.required),
    last: new FormControl('Drew', Validators.required)
  });

  // Controls can also be enabled/disabled after creation:
  form.get('first')?.enable();
  form.get('last')?.disable();
'[39m
Chrome Headless 139.0.0.0 (Windows 10): Executed 475 of 1370[31m (135 FAILED)[39m (0 secs / 4.376 secs)
WARN: '
  It looks like you're using the disabled attribute with a reactive form directive. If you set disabled to true
  when you set up this control in your component class, the disabled attribute will actually be set in the DOM for
  you. We recommend using this approach to avoid 'changed after checked' errors.

  Example:
  // Specify the `disabled` property at control creation time:
  form = new FormGroup({
    first: new FormControl({value: 'Nancy', disabled: true}, Validators.required),
    last: new FormControl('Drew', Validators.required)
  });

  // Controls can also be enabled/disabled after creation:
  form.get('first')?.enable();
  form.get('last')?.disable();
'
[1A[2KChrome Headless 139.0.0.0 (Windows 10): Executed 476 of 1370[31m (135 FAILED)[39m (0 secs / 4.379 secs)
[1A[2KWARN: [36m'
  It looks like you're using the disabled attribute with a reactive form directive. If you set disabled to true
  when you set up this control in your component class, the disabled attribute will actually be set in the DOM for
  you. We recommend using this approach to avoid 'changed after checked' errors.

  Example:
  // Specify the `disabled` property at control creation time:
  form = new FormGroup({
    first: new FormControl({value: 'Nancy', disabled: true}, Validators.required),
    last: new FormControl('Drew', Validators.required)
  });

  // Controls can also be enabled/disabled after creation:
  form.get('first')?.enable();
  form.get('last')?.disable();
'[39m
Chrome Headless 139.0.0.0 (Windows 10): Executed 476 of 1370[31m (135 FAILED)[39m (0 secs / 4.379 secs)
WARN: '
  It looks like you're using the disabled attribute with a reactive form directive. If you set disabled to true
  when you set up this control in your component class, the disabled attribute will actually be set in the DOM for
  you. We recommend using this approach to avoid 'changed after checked' errors.

  Example:
  // Specify the `disabled` property at control creation time:
  form = new FormGroup({
    first: new FormControl({value: 'Nancy', disabled: true}, Validators.required),
    last: new FormControl('Drew', Validators.required)
  });

  // Controls can also be enabled/disabled after creation:
  form.get('first')?.enable();
  form.get('last')?.disable();
'
[1A[2KChrome Headless 139.0.0.0 (Windows 10): Executed 477 of 1370[31m (135 FAILED)[39m (0 secs / 4.382 secs)
[1A[2KWARN: [36m'
  It looks like you're using the disabled attribute with a reactive form directive. If you set disabled to true
  when you set up this control in your component class, the disabled attribute will actually be set in the DOM for
  you. We recommend using this approach to avoid 'changed after checked' errors.

  Example:
  // Specify the `disabled` property at control creation time:
  form = new FormGroup({
    first: new FormControl({value: 'Nancy', disabled: true}, Validators.required),
    last: new FormControl('Drew', Validators.required)
  });

  // Controls can also be enabled/disabled after creation:
  form.get('first')?.enable();
  form.get('last')?.disable();
'[39m
Chrome Headless 139.0.0.0 (Windows 10): Executed 477 of 1370[31m (135 FAILED)[39m (0 secs / 4.382 secs)
WARN: '
  It looks like you're using the disabled attribute with a reactive form directive. If you set disabled to true
  when you set up this control in your component class, the disabled attribute will actually be set in the DOM for
  you. We recommend using this approach to avoid 'changed after checked' errors.

  Example:
  // Specify the `disabled` property at control creation time:
  form = new FormGroup({
    first: new FormControl({value: 'Nancy', disabled: true}, Validators.required),
    last: new FormControl('Drew', Validators.required)
  });

  // Controls can also be enabled/disabled after creation:
  form.get('first')?.enable();
  form.get('last')?.disable();
'
[1A[2KChrome Headless 139.0.0.0 (Windows 10): Executed 478 of 1370[31m (135 FAILED)[39m (0 secs / 4.385 secs)
[1A[2KWARN: [36m'
  It looks like you're using the disabled attribute with a reactive form directive. If you set disabled to true
  when you set up this control in your component class, the disabled attribute will actually be set in the DOM for
  you. We recommend using this approach to avoid 'changed after checked' errors.

  Example:
  // Specify the `disabled` property at control creation time:
  form = new FormGroup({
    first: new FormControl({value: 'Nancy', disabled: true}, Validators.required),
    last: new FormControl('Drew', Validators.required)
  });

  // Controls can also be enabled/disabled after creation:
  form.get('first')?.enable();
  form.get('last')?.disable();
'[39m
Chrome Headless 139.0.0.0 (Windows 10): Executed 478 of 1370[31m (135 FAILED)[39m (0 secs / 4.385 secs)
WARN: '
  It looks like you're using the disabled attribute with a reactive form directive. If you set disabled to true
  when you set up this control in your component class, the disabled attribute will actually be set in the DOM for
  you. We recommend using this approach to avoid 'changed after checked' errors.

  Example:
  // Specify the `disabled` property at control creation time:
  form = new FormGroup({
    first: new FormControl({value: 'Nancy', disabled: true}, Validators.required),
    last: new FormControl('Drew', Validators.required)
  });

  // Controls can also be enabled/disabled after creation:
  form.get('first')?.enable();
  form.get('last')?.disable();
'
[1A[2KChrome Headless 139.0.0.0 (Windows 10): Executed 479 of 1370[31m (135 FAILED)[39m (0 secs / 4.388 secs)
[1A[2KWARN: [36m'
  It looks like you're using the disabled attribute with a reactive form directive. If you set disabled to true
  when you set up this control in your component class, the disabled attribute will actually be set in the DOM for
  you. We recommend using this approach to avoid 'changed after checked' errors.

  Example:
  // Specify the `disabled` property at control creation time:
  form = new FormGroup({
    first: new FormControl({value: 'Nancy', disabled: true}, Validators.required),
    last: new FormControl('Drew', Validators.required)
  });

  // Controls can also be enabled/disabled after creation:
  form.get('first')?.enable();
  form.get('last')?.disable();
'[39m
Chrome Headless 139.0.0.0 (Windows 10): Executed 479 of 1370[31m (135 FAILED)[39m (0 secs / 4.388 secs)
WARN: '
  It looks like you're using the disabled attribute with a reactive form directive. If you set disabled to true
  when you set up this control in your component class, the disabled attribute will actually be set in the DOM for
  you. We recommend using this approach to avoid 'changed after checked' errors.

  Example:
  // Specify the `disabled` property at control creation time:
  form = new FormGroup({
    first: new FormControl({value: 'Nancy', disabled: true}, Validators.required),
    last: new FormControl('Drew', Validators.required)
  });

  // Controls can also be enabled/disabled after creation:
  form.get('first')?.enable();
  form.get('last')?.disable();
'
[1A[2KChrome Headless 139.0.0.0 (Windows 10): Executed 480 of 1370[31m (135 FAILED)[39m (0 secs / 4.391 secs)
[1A[2KWARN: [36m'
  It looks like you're using the disabled attribute with a reactive form directive. If you set disabled to true
  when you set up this control in your component class, the disabled attribute will actually be set in the DOM for
  you. We recommend using this approach to avoid 'changed after checked' errors.

  Example:
  // Specify the `disabled` property at control creation time:
  form = new FormGroup({
    first: new FormControl({value: 'Nancy', disabled: true}, Validators.required),
    last: new FormControl('Drew', Validators.required)
  });

  // Controls can also be enabled/disabled after creation:
  form.get('first')?.enable();
  form.get('last')?.disable();
'[39m
Chrome Headless 139.0.0.0 (Windows 10): Executed 480 of 1370[31m (135 FAILED)[39m (0 secs / 4.391 secs)
WARN: '
  It looks like you're using the disabled attribute with a reactive form directive. If you set disabled to true
  when you set up this control in your component class, the disabled attribute will actually be set in the DOM for
  you. We recommend using this approach to avoid 'changed after checked' errors.

  Example:
  // Specify the `disabled` property at control creation time:
  form = new FormGroup({
    first: new FormControl({value: 'Nancy', disabled: true}, Validators.required),
    last: new FormControl('Drew', Validators.required)
  });

  // Controls can also be enabled/disabled after creation:
  form.get('first')?.enable();
  form.get('last')?.disable();
'
[1A[2KChrome Headless 139.0.0.0 (Windows 10): Executed 481 of 1370[31m (135 FAILED)[39m (0 secs / 4.393 secs)
[1A[2KWARN: [36m'
  It looks like you're using the disabled attribute with a reactive form directive. If you set disabled to true
  when you set up this control in your component class, the disabled attribute will actually be set in the DOM for
  you. We recommend using this approach to avoid 'changed after checked' errors.

  Example:
  // Specify the `disabled` property at control creation time:
  form = new FormGroup({
    first: new FormControl({value: 'Nancy', disabled: true}, Validators.required),
    last: new FormControl('Drew', Validators.required)
  });

  // Controls can also be enabled/disabled after creation:
  form.get('first')?.enable();
  form.get('last')?.disable();
'[39m
Chrome Headless 139.0.0.0 (Windows 10): Executed 481 of 1370[31m (135 FAILED)[39m (0 secs / 4.393 secs)
WARN: '
  It looks like you're using the disabled attribute with a reactive form directive. If you set disabled to true
  when you set up this control in your component class, the disabled attribute will actually be set in the DOM for
  you. We recommend using this approach to avoid 'changed after checked' errors.

  Example:
  // Specify the `disabled` property at control creation time:
  form = new FormGroup({
    first: new FormControl({value: 'Nancy', disabled: true}, Validators.required),
    last: new FormControl('Drew', Validators.required)
  });

  // Controls can also be enabled/disabled after creation:
  form.get('first')?.enable();
  form.get('last')?.disable();
'
[1A[2KChrome Headless 139.0.0.0 (Windows 10): Executed 482 of 1370[31m (135 FAILED)[39m (0 secs / 4.396 secs)
[1A[2KWARN: [36m'
  It looks like you're using the disabled attribute with a reactive form directive. If you set disabled to true
  when you set up this control in your component class, the disabled attribute will actually be set in the DOM for
  you. We recommend using this approach to avoid 'changed after checked' errors.

  Example:
  // Specify the `disabled` property at control creation time:
  form = new FormGroup({
    first: new FormControl({value: 'Nancy', disabled: true}, Validators.required),
    last: new FormControl('Drew', Validators.required)
  });

  // Controls can also be enabled/disabled after creation:
  form.get('first')?.enable();
  form.get('last')?.disable();
'[39m
Chrome Headless 139.0.0.0 (Windows 10): Executed 482 of 1370[31m (135 FAILED)[39m (0 secs / 4.396 secs)
WARN: '
  It looks like you're using the disabled attribute with a reactive form directive. If you set disabled to true
  when you set up this control in your component class, the disabled attribute will actually be set in the DOM for
  you. We recommend using this approach to avoid 'changed after checked' errors.

  Example:
  // Specify the `disabled` property at control creation time:
  form = new FormGroup({
    first: new FormControl({value: 'Nancy', disabled: true}, Validators.required),
    last: new FormControl('Drew', Validators.required)
  });

  // Controls can also be enabled/disabled after creation:
  form.get('first')?.enable();
  form.get('last')?.disable();
'
[1A[2KChrome Headless 139.0.0.0 (Windows 10): Executed 483 of 1370[31m (135 FAILED)[39m (0 secs / 4.398 secs)
[1A[2KWARN: [36m'
  It looks like you're using the disabled attribute with a reactive form directive. If you set disabled to true
  when you set up this control in your component class, the disabled attribute will actually be set in the DOM for
  you. We recommend using this approach to avoid 'changed after checked' errors.

  Example:
  // Specify the `disabled` property at control creation time:
  form = new FormGroup({
    first: new FormControl({value: 'Nancy', disabled: true}, Validators.required),
    last: new FormControl('Drew', Validators.required)
  });

  // Controls can also be enabled/disabled after creation:
  form.get('first')?.enable();
  form.get('last')?.disable();
'[39m
Chrome Headless 139.0.0.0 (Windows 10): Executed 483 of 1370[31m (135 FAILED)[39m (0 secs / 4.398 secs)
WARN: '
  It looks like you're using the disabled attribute with a reactive form directive. If you set disabled to true
  when you set up this control in your component class, the disabled attribute will actually be set in the DOM for
  you. We recommend using this approach to avoid 'changed after checked' errors.

  Example:
  // Specify the `disabled` property at control creation time:
  form = new FormGroup({
    first: new FormControl({value: 'Nancy', disabled: true}, Validators.required),
    last: new FormControl('Drew', Validators.required)
  });

  // Controls can also be enabled/disabled after creation:
  form.get('first')?.enable();
  form.get('last')?.disable();
'
[1A[2KChrome Headless 139.0.0.0 (Windows 10): Executed 484 of 1370[31m (135 FAILED)[39m (0 secs / 4.401 secs)
[1A[2KWARN: [36m'
  It looks like you're using the disabled attribute with a reactive form directive. If you set disabled to true
  when you set up this control in your component class, the disabled attribute will actually be set in the DOM for
  you. We recommend using this approach to avoid 'changed after checked' errors.

  Example:
  // Specify the `disabled` property at control creation time:
  form = new FormGroup({
    first: new FormControl({value: 'Nancy', disabled: true}, Validators.required),
    last: new FormControl('Drew', Validators.required)
  });

  // Controls can also be enabled/disabled after creation:
  form.get('first')?.enable();
  form.get('last')?.disable();
'[39m
Chrome Headless 139.0.0.0 (Windows 10): Executed 484 of 1370[31m (135 FAILED)[39m (0 secs / 4.401 secs)
WARN: '
  It looks like you're using the disabled attribute with a reactive form directive. If you set disabled to true
  when you set up this control in your component class, the disabled attribute will actually be set in the DOM for
  you. We recommend using this approach to avoid 'changed after checked' errors.

  Example:
  // Specify the `disabled` property at control creation time:
  form = new FormGroup({
    first: new FormControl({value: 'Nancy', disabled: true}, Validators.required),
    last: new FormControl('Drew', Validators.required)
  });

  // Controls can also be enabled/disabled after creation:
  form.get('first')?.enable();
  form.get('last')?.disable();
'
[1A[2KChrome Headless 139.0.0.0 (Windows 10): Executed 485 of 1370[31m (135 FAILED)[39m (0 secs / 4.404 secs)
[1A[2KWARN: [36m'
  It looks like you're using the disabled attribute with a reactive form directive. If you set disabled to true
  when you set up this control in your component class, the disabled attribute will actually be set in the DOM for
  you. We recommend using this approach to avoid 'changed after checked' errors.

  Example:
  // Specify the `disabled` property at control creation time:
  form = new FormGroup({
    first: new FormControl({value: 'Nancy', disabled: true}, Validators.required),
    last: new FormControl('Drew', Validators.required)
  });

  // Controls can also be enabled/disabled after creation:
  form.get('first')?.enable();
  form.get('last')?.disable();
'[39m
Chrome Headless 139.0.0.0 (Windows 10): Executed 485 of 1370[31m (135 FAILED)[39m (0 secs / 4.404 secs)
WARN: '
  It looks like you're using the disabled attribute with a reactive form directive. If you set disabled to true
  when you set up this control in your component class, the disabled attribute will actually be set in the DOM for
  you. We recommend using this approach to avoid 'changed after checked' errors.

  Example:
  // Specify the `disabled` property at control creation time:
  form = new FormGroup({
    first: new FormControl({value: 'Nancy', disabled: true}, Validators.required),
    last: new FormControl('Drew', Validators.required)
  });

  // Controls can also be enabled/disabled after creation:
  form.get('first')?.enable();
  form.get('last')?.disable();
'
[1A[2KChrome Headless 139.0.0.0 (Windows 10): Executed 486 of 1370[31m (135 FAILED)[39m (0 secs / 4.407 secs)
[1A[2KWARN: [36m'
  It looks like you're using the disabled attribute with a reactive form directive. If you set disabled to true
  when you set up this control in your component class, the disabled attribute will actually be set in the DOM for
  you. We recommend using this approach to avoid 'changed after checked' errors.

  Example:
  // Specify the `disabled` property at control creation time:
  form = new FormGroup({
    first: new FormControl({value: 'Nancy', disabled: true}, Validators.required),
    last: new FormControl('Drew', Validators.required)
  });

  // Controls can also be enabled/disabled after creation:
  form.get('first')?.enable();
  form.get('last')?.disable();
'[39m
Chrome Headless 139.0.0.0 (Windows 10): Executed 486 of 1370[31m (135 FAILED)[39m (0 secs / 4.407 secs)
WARN: '
  It looks like you're using the disabled attribute with a reactive form directive. If you set disabled to true
  when you set up this control in your component class, the disabled attribute will actually be set in the DOM for
  you. We recommend using this approach to avoid 'changed after checked' errors.

  Example:
  // Specify the `disabled` property at control creation time:
  form = new FormGroup({
    first: new FormControl({value: 'Nancy', disabled: true}, Validators.required),
    last: new FormControl('Drew', Validators.required)
  });

  // Controls can also be enabled/disabled after creation:
  form.get('first')?.enable();
  form.get('last')?.disable();
'
[1A[2KChrome Headless 139.0.0.0 (Windows 10): Executed 487 of 1370[31m (135 FAILED)[39m (0 secs / 4.409 secs)
[1A[2KWARN: [36m'
  It looks like you're using the disabled attribute with a reactive form directive. If you set disabled to true
  when you set up this control in your component class, the disabled attribute will actually be set in the DOM for
  you. We recommend using this approach to avoid 'changed after checked' errors.

  Example:
  // Specify the `disabled` property at control creation time:
  form = new FormGroup({
    first: new FormControl({value: 'Nancy', disabled: true}, Validators.required),
    last: new FormControl('Drew', Validators.required)
  });

  // Controls can also be enabled/disabled after creation:
  form.get('first')?.enable();
  form.get('last')?.disable();
'[39m
Chrome Headless 139.0.0.0 (Windows 10): Executed 487 of 1370[31m (135 FAILED)[39m (0 secs / 4.409 secs)
WARN: '
  It looks like you're using the disabled attribute with a reactive form directive. If you set disabled to true
  when you set up this control in your component class, the disabled attribute will actually be set in the DOM for
  you. We recommend using this approach to avoid 'changed after checked' errors.

  Example:
  // Specify the `disabled` property at control creation time:
  form = new FormGroup({
    first: new FormControl({value: 'Nancy', disabled: true}, Validators.required),
    last: new FormControl('Drew', Validators.required)
  });

  // Controls can also be enabled/disabled after creation:
  form.get('first')?.enable();
  form.get('last')?.disable();
'
[1A[2KChrome Headless 139.0.0.0 (Windows 10): Executed 488 of 1370[31m (135 FAILED)[39m (0 secs / 4.411 secs)
[1A[2KWARN: [36m'
  It looks like you're using the disabled attribute with a reactive form directive. If you set disabled to true
  when you set up this control in your component class, the disabled attribute will actually be set in the DOM for
  you. We recommend using this approach to avoid 'changed after checked' errors.

  Example:
  // Specify the `disabled` property at control creation time:
  form = new FormGroup({
    first: new FormControl({value: 'Nancy', disabled: true}, Validators.required),
    last: new FormControl('Drew', Validators.required)
  });

  // Controls can also be enabled/disabled after creation:
  form.get('first')?.enable();
  form.get('last')?.disable();
'[39m
Chrome Headless 139.0.0.0 (Windows 10): Executed 488 of 1370[31m (135 FAILED)[39m (0 secs / 4.411 secs)
WARN: '
  It looks like you're using the disabled attribute with a reactive form directive. If you set disabled to true
  when you set up this control in your component class, the disabled attribute will actually be set in the DOM for
  you. We recommend using this approach to avoid 'changed after checked' errors.

  Example:
  // Specify the `disabled` property at control creation time:
  form = new FormGroup({
    first: new FormControl({value: 'Nancy', disabled: true}, Validators.required),
    last: new FormControl('Drew', Validators.required)
  });

  // Controls can also be enabled/disabled after creation:
  form.get('first')?.enable();
  form.get('last')?.disable();
'
[1A[2KWARN: [36m'
  It looks like you're using the disabled attribute with a reactive form directive. If you set disabled to true
  when you set up this control in your component class, the disabled attribute will actually be set in the DOM for
  you. We recommend using this approach to avoid 'changed after checked' errors.

  Example:
  // Specify the `disabled` property at control creation time:
  form = new FormGroup({
    first: new FormControl({value: 'Nancy', disabled: true}, Validators.required),
    last: new FormControl('Drew', Validators.required)
  });

  // Controls can also be enabled/disabled after creation:
  form.get('first')?.enable();
  form.get('last')?.disable();
'[39m
Chrome Headless 139.0.0.0 (Windows 10): Executed 488 of 1370[31m (135 FAILED)[39m (0 secs / 4.411 secs)
WARN: '
  It looks like you're using the disabled attribute with a reactive form directive. If you set disabled to true
  when you set up this control in your component class, the disabled attribute will actually be set in the DOM for
  you. We recommend using this approach to avoid 'changed after checked' errors.

  Example:
  // Specify the `disabled` property at control creation time:
  form = new FormGroup({
    first: new FormControl({value: 'Nancy', disabled: true}, Validators.required),
    last: new FormControl('Drew', Validators.required)
  });

  // Controls can also be enabled/disabled after creation:
  form.get('first')?.enable();
  form.get('last')?.disable();
'
[1A[2KChrome Headless 139.0.0.0 (Windows 10): Executed 489 of 1370[31m (135 FAILED)[39m (0 secs / 4.414 secs)
[1A[2KWARN: [36m'
  It looks like you're using the disabled attribute with a reactive form directive. If you set disabled to true
  when you set up this control in your component class, the disabled attribute will actually be set in the DOM for
  you. We recommend using this approach to avoid 'changed after checked' errors.

  Example:
  // Specify the `disabled` property at control creation time:
  form = new FormGroup({
    first: new FormControl({value: 'Nancy', disabled: true}, Validators.required),
    last: new FormControl('Drew', Validators.required)
  });

  // Controls can also be enabled/disabled after creation:
  form.get('first')?.enable();
  form.get('last')?.disable();
'[39m
Chrome Headless 139.0.0.0 (Windows 10): Executed 489 of 1370[31m (135 FAILED)[39m (0 secs / 4.414 secs)
WARN: '
  It looks like you're using the disabled attribute with a reactive form directive. If you set disabled to true
  when you set up this control in your component class, the disabled attribute will actually be set in the DOM for
  you. We recommend using this approach to avoid 'changed after checked' errors.

  Example:
  // Specify the `disabled` property at control creation time:
  form = new FormGroup({
    first: new FormControl({value: 'Nancy', disabled: true}, Validators.required),
    last: new FormControl('Drew', Validators.required)
  });

  // Controls can also be enabled/disabled after creation:
  form.get('first')?.enable();
  form.get('last')?.disable();
'
[1A[2KChrome Headless 139.0.0.0 (Windows 10): Executed 490 of 1370[31m (135 FAILED)[39m (0 secs / 4.417 secs)
[1A[2KWARN: [36m'
  It looks like you're using the disabled attribute with a reactive form directive. If you set disabled to true
  when you set up this control in your component class, the disabled attribute will actually be set in the DOM for
  you. We recommend using this approach to avoid 'changed after checked' errors.

  Example:
  // Specify the `disabled` property at control creation time:
  form = new FormGroup({
    first: new FormControl({value: 'Nancy', disabled: true}, Validators.required),
    last: new FormControl('Drew', Validators.required)
  });

  // Controls can also be enabled/disabled after creation:
  form.get('first')?.enable();
  form.get('last')?.disable();
'[39m
Chrome Headless 139.0.0.0 (Windows 10): Executed 490 of 1370[31m (135 FAILED)[39m (0 secs / 4.417 secs)
WARN: '
  It looks like you're using the disabled attribute with a reactive form directive. If you set disabled to true
  when you set up this control in your component class, the disabled attribute will actually be set in the DOM for
  you. We recommend using this approach to avoid 'changed after checked' errors.

  Example:
  // Specify the `disabled` property at control creation time:
  form = new FormGroup({
    first: new FormControl({value: 'Nancy', disabled: true}, Validators.required),
    last: new FormControl('Drew', Validators.required)
  });

  // Controls can also be enabled/disabled after creation:
  form.get('first')?.enable();
  form.get('last')?.disable();
'
[1A[2KChrome Headless 139.0.0.0 (Windows 10): Executed 491 of 1370[31m (135 FAILED)[39m (0 secs / 4.42 secs)
[1A[2KWARN: [36m'
  It looks like you're using the disabled attribute with a reactive form directive. If you set disabled to true
  when you set up this control in your component class, the disabled attribute will actually be set in the DOM for
  you. We recommend using this approach to avoid 'changed after checked' errors.

  Example:
  // Specify the `disabled` property at control creation time:
  form = new FormGroup({
    first: new FormControl({value: 'Nancy', disabled: true}, Validators.required),
    last: new FormControl('Drew', Validators.required)
  });

  // Controls can also be enabled/disabled after creation:
  form.get('first')?.enable();
  form.get('last')?.disable();
'[39m
Chrome Headless 139.0.0.0 (Windows 10): Executed 491 of 1370[31m (135 FAILED)[39m (0 secs / 4.42 secs)
WARN: '
  It looks like you're using the disabled attribute with a reactive form directive. If you set disabled to true
  when you set up this control in your component class, the disabled attribute will actually be set in the DOM for
  you. We recommend using this approach to avoid 'changed after checked' errors.

  Example:
  // Specify the `disabled` property at control creation time:
  form = new FormGroup({
    first: new FormControl({value: 'Nancy', disabled: true}, Validators.required),
    last: new FormControl('Drew', Validators.required)
  });

  // Controls can also be enabled/disabled after creation:
  form.get('first')?.enable();
  form.get('last')?.disable();
'
[1A[2KChrome Headless 139.0.0.0 (Windows 10): Executed 492 of 1370[31m (135 FAILED)[39m (0 secs / 4.423 secs)
[1A[2KWARN: [36m'
  It looks like you're using the disabled attribute with a reactive form directive. If you set disabled to true
  when you set up this control in your component class, the disabled attribute will actually be set in the DOM for
  you. We recommend using this approach to avoid 'changed after checked' errors.

  Example:
  // Specify the `disabled` property at control creation time:
  form = new FormGroup({
    first: new FormControl({value: 'Nancy', disabled: true}, Validators.required),
    last: new FormControl('Drew', Validators.required)
  });

  // Controls can also be enabled/disabled after creation:
  form.get('first')?.enable();
  form.get('last')?.disable();
'[39m
Chrome Headless 139.0.0.0 (Windows 10): Executed 492 of 1370[31m (135 FAILED)[39m (0 secs / 4.423 secs)
WARN: '
  It looks like you're using the disabled attribute with a reactive form directive. If you set disabled to true
  when you set up this control in your component class, the disabled attribute will actually be set in the DOM for
  you. We recommend using this approach to avoid 'changed after checked' errors.

  Example:
  // Specify the `disabled` property at control creation time:
  form = new FormGroup({
    first: new FormControl({value: 'Nancy', disabled: true}, Validators.required),
    last: new FormControl('Drew', Validators.required)
  });

  // Controls can also be enabled/disabled after creation:
  form.get('first')?.enable();
  form.get('last')?.disable();
'
[1A[2KChrome Headless 139.0.0.0 (Windows 10): Executed 493 of 1370[31m (135 FAILED)[39m (0 secs / 4.425 secs)
[1A[2KWARN: [36m'
  It looks like you're using the disabled attribute with a reactive form directive. If you set disabled to true
  when you set up this control in your component class, the disabled attribute will actually be set in the DOM for
  you. We recommend using this approach to avoid 'changed after checked' errors.

  Example:
  // Specify the `disabled` property at control creation time:
  form = new FormGroup({
    first: new FormControl({value: 'Nancy', disabled: true}, Validators.required),
    last: new FormControl('Drew', Validators.required)
  });

  // Controls can also be enabled/disabled after creation:
  form.get('first')?.enable();
  form.get('last')?.disable();
'[39m
Chrome Headless 139.0.0.0 (Windows 10): Executed 493 of 1370[31m (135 FAILED)[39m (0 secs / 4.425 secs)
WARN: '
  It looks like you're using the disabled attribute with a reactive form directive. If you set disabled to true
  when you set up this control in your component class, the disabled attribute will actually be set in the DOM for
  you. We recommend using this approach to avoid 'changed after checked' errors.

  Example:
  // Specify the `disabled` property at control creation time:
  form = new FormGroup({
    first: new FormControl({value: 'Nancy', disabled: true}, Validators.required),
    last: new FormControl('Drew', Validators.required)
  });

  // Controls can also be enabled/disabled after creation:
  form.get('first')?.enable();
  form.get('last')?.disable();
'
[1A[2KChrome Headless 139.0.0.0 (Windows 10): Executed 494 of 1370[31m (135 FAILED)[39m (0 secs / 4.428 secs)
[1A[2KWARN: [36m'
  It looks like you're using the disabled attribute with a reactive form directive. If you set disabled to true
  when you set up this control in your component class, the disabled attribute will actually be set in the DOM for
  you. We recommend using this approach to avoid 'changed after checked' errors.

  Example:
  // Specify the `disabled` property at control creation time:
  form = new FormGroup({
    first: new FormControl({value: 'Nancy', disabled: true}, Validators.required),
    last: new FormControl('Drew', Validators.required)
  });

  // Controls can also be enabled/disabled after creation:
  form.get('first')?.enable();
  form.get('last')?.disable();
'[39m
Chrome Headless 139.0.0.0 (Windows 10): Executed 494 of 1370[31m (135 FAILED)[39m (0 secs / 4.428 secs)
WARN: '
  It looks like you're using the disabled attribute with a reactive form directive. If you set disabled to true
  when you set up this control in your component class, the disabled attribute will actually be set in the DOM for
  you. We recommend using this approach to avoid 'changed after checked' errors.

  Example:
  // Specify the `disabled` property at control creation time:
  form = new FormGroup({
    first: new FormControl({value: 'Nancy', disabled: true}, Validators.required),
    last: new FormControl('Drew', Validators.required)
  });

  // Controls can also be enabled/disabled after creation:
  form.get('first')?.enable();
  form.get('last')?.disable();
'
[1A[2KWARN: [36m'
  It looks like you're using the disabled attribute with a reactive form directive. If you set disabled to true
  when you set up this control in your component class, the disabled attribute will actually be set in the DOM for
  you. We recommend using this approach to avoid 'changed after checked' errors.

  Example:
  // Specify the `disabled` property at control creation time:
  form = new FormGroup({
    first: new FormControl({value: 'Nancy', disabled: true}, Validators.required),
    last: new FormControl('Drew', Validators.required)
  });

  // Controls can also be enabled/disabled after creation:
  form.get('first')?.enable();
  form.get('last')?.disable();
'[39m
Chrome Headless 139.0.0.0 (Windows 10): Executed 494 of 1370[31m (135 FAILED)[39m (0 secs / 4.428 secs)
WARN: '
  It looks like you're using the disabled attribute with a reactive form directive. If you set disabled to true
  when you set up this control in your component class, the disabled attribute will actually be set in the DOM for
  you. We recommend using this approach to avoid 'changed after checked' errors.

  Example:
  // Specify the `disabled` property at control creation time:
  form = new FormGroup({
    first: new FormControl({value: 'Nancy', disabled: true}, Validators.required),
    last: new FormControl('Drew', Validators.required)
  });

  // Controls can also be enabled/disabled after creation:
  form.get('first')?.enable();
  form.get('last')?.disable();
'
[1A[2KChrome Headless 139.0.0.0 (Windows 10): Executed 495 of 1370[31m (135 FAILED)[39m (0 secs / 4.431 secs)
[1A[2KWARN: [36m'
  It looks like you're using the disabled attribute with a reactive form directive. If you set disabled to true
  when you set up this control in your component class, the disabled attribute will actually be set in the DOM for
  you. We recommend using this approach to avoid 'changed after checked' errors.

  Example:
  // Specify the `disabled` property at control creation time:
  form = new FormGroup({
    first: new FormControl({value: 'Nancy', disabled: true}, Validators.required),
    last: new FormControl('Drew', Validators.required)
  });

  // Controls can also be enabled/disabled after creation:
  form.get('first')?.enable();
  form.get('last')?.disable();
'[39m
Chrome Headless 139.0.0.0 (Windows 10): Executed 495 of 1370[31m (135 FAILED)[39m (0 secs / 4.431 secs)
WARN: '
  It looks like you're using the disabled attribute with a reactive form directive. If you set disabled to true
  when you set up this control in your component class, the disabled attribute will actually be set in the DOM for
  you. We recommend using this approach to avoid 'changed after checked' errors.

  Example:
  // Specify the `disabled` property at control creation time:
  form = new FormGroup({
    first: new FormControl({value: 'Nancy', disabled: true}, Validators.required),
    last: new FormControl('Drew', Validators.required)
  });

  // Controls can also be enabled/disabled after creation:
  form.get('first')?.enable();
  form.get('last')?.disable();
'
[1A[2KChrome Headless 139.0.0.0 (Windows 10): Executed 496 of 1370[31m (135 FAILED)[39m (0 secs / 4.434 secs)
[1A[2KWARN: [36m'
  It looks like you're using the disabled attribute with a reactive form directive. If you set disabled to true
  when you set up this control in your component class, the disabled attribute will actually be set in the DOM for
  you. We recommend using this approach to avoid 'changed after checked' errors.

  Example:
  // Specify the `disabled` property at control creation time:
  form = new FormGroup({
    first: new FormControl({value: 'Nancy', disabled: true}, Validators.required),
    last: new FormControl('Drew', Validators.required)
  });

  // Controls can also be enabled/disabled after creation:
  form.get('first')?.enable();
  form.get('last')?.disable();
'[39m
Chrome Headless 139.0.0.0 (Windows 10): Executed 496 of 1370[31m (135 FAILED)[39m (0 secs / 4.434 secs)
WARN: '
  It looks like you're using the disabled attribute with a reactive form directive. If you set disabled to true
  when you set up this control in your component class, the disabled attribute will actually be set in the DOM for
  you. We recommend using this approach to avoid 'changed after checked' errors.

  Example:
  // Specify the `disabled` property at control creation time:
  form = new FormGroup({
    first: new FormControl({value: 'Nancy', disabled: true}, Validators.required),
    last: new FormControl('Drew', Validators.required)
  });

  // Controls can also be enabled/disabled after creation:
  form.get('first')?.enable();
  form.get('last')?.disable();
'
[1A[2KChrome Headless 139.0.0.0 (Windows 10): Executed 497 of 1370[31m (135 FAILED)[39m (0 secs / 4.437 secs)
[1A[2KWARN: [36m'
  It looks like you're using the disabled attribute with a reactive form directive. If you set disabled to true
  when you set up this control in your component class, the disabled attribute will actually be set in the DOM for
  you. We recommend using this approach to avoid 'changed after checked' errors.

  Example:
  // Specify the `disabled` property at control creation time:
  form = new FormGroup({
    first: new FormControl({value: 'Nancy', disabled: true}, Validators.required),
    last: new FormControl('Drew', Validators.required)
  });

  // Controls can also be enabled/disabled after creation:
  form.get('first')?.enable();
  form.get('last')?.disable();
'[39m
Chrome Headless 139.0.0.0 (Windows 10): Executed 497 of 1370[31m (135 FAILED)[39m (0 secs / 4.437 secs)
WARN: '
  It looks like you're using the disabled attribute with a reactive form directive. If you set disabled to true
  when you set up this control in your component class, the disabled attribute will actually be set in the DOM for
  you. We recommend using this approach to avoid 'changed after checked' errors.

  Example:
  // Specify the `disabled` property at control creation time:
  form = new FormGroup({
    first: new FormControl({value: 'Nancy', disabled: true}, Validators.required),
    last: new FormControl('Drew', Validators.required)
  });

  // Controls can also be enabled/disabled after creation:
  form.get('first')?.enable();
  form.get('last')?.disable();
'
[1A[2KChrome Headless 139.0.0.0 (Windows 10): Executed 498 of 1370[31m (135 FAILED)[39m (0 secs / 4.44 secs)
[1A[2KWARN: [36m'
  It looks like you're using the disabled attribute with a reactive form directive. If you set disabled to true
  when you set up this control in your component class, the disabled attribute will actually be set in the DOM for
  you. We recommend using this approach to avoid 'changed after checked' errors.

  Example:
  // Specify the `disabled` property at control creation time:
  form = new FormGroup({
    first: new FormControl({value: 'Nancy', disabled: true}, Validators.required),
    last: new FormControl('Drew', Validators.required)
  });

  // Controls can also be enabled/disabled after creation:
  form.get('first')?.enable();
  form.get('last')?.disable();
'[39m
Chrome Headless 139.0.0.0 (Windows 10): Executed 498 of 1370[31m (135 FAILED)[39m (0 secs / 4.44 secs)
WARN: '
  It looks like you're using the disabled attribute with a reactive form directive. If you set disabled to true
  when you set up this control in your component class, the disabled attribute will actually be set in the DOM for
  you. We recommend using this approach to avoid 'changed after checked' errors.

  Example:
  // Specify the `disabled` property at control creation time:
  form = new FormGroup({
    first: new FormControl({value: 'Nancy', disabled: true}, Validators.required),
    last: new FormControl('Drew', Validators.required)
  });

  // Controls can also be enabled/disabled after creation:
  form.get('first')?.enable();
  form.get('last')?.disable();
'
[1A[2KChrome Headless 139.0.0.0 (Windows 10): Executed 499 of 1370[31m (135 FAILED)[39m (0 secs / 4.443 secs)
[1A[2KWARN: [36m'
  It looks like you're using the disabled attribute with a reactive form directive. If you set disabled to true
  when you set up this control in your component class, the disabled attribute will actually be set in the DOM for
  you. We recommend using this approach to avoid 'changed after checked' errors.

  Example:
  // Specify the `disabled` property at control creation time:
  form = new FormGroup({
    first: new FormControl({value: 'Nancy', disabled: true}, Validators.required),
    last: new FormControl('Drew', Validators.required)
  });

  // Controls can also be enabled/disabled after creation:
  form.get('first')?.enable();
  form.get('last')?.disable();
'[39m
Chrome Headless 139.0.0.0 (Windows 10): Executed 499 of 1370[31m (135 FAILED)[39m (0 secs / 4.443 secs)
WARN: '
  It looks like you're using the disabled attribute with a reactive form directive. If you set disabled to true
  when you set up this control in your component class, the disabled attribute will actually be set in the DOM for
  you. We recommend using this approach to avoid 'changed after checked' errors.

  Example:
  // Specify the `disabled` property at control creation time:
  form = new FormGroup({
    first: new FormControl({value: 'Nancy', disabled: true}, Validators.required),
    last: new FormControl('Drew', Validators.required)
  });

  // Controls can also be enabled/disabled after creation:
  form.get('first')?.enable();
  form.get('last')?.disable();
'
[1A[2KChrome Headless 139.0.0.0 (Windows 10): Executed 500 of 1370[31m (135 FAILED)[39m (0 secs / 4.446 secs)
[1A[2KChrome Headless 139.0.0.0 (Windows 10): Executed 501 of 1370[31m (135 FAILED)[39m (0 secs / 4.447 secs)
[1A[2KChrome Headless 139.0.0.0 (Windows 10): Executed 502 of 1370[31m (135 FAILED)[39m (0 secs / 4.449 secs)
[1A[2KChrome Headless 139.0.0.0 (Windows 10): Executed 503 of 1370[31m (135 FAILED)[39m (0 secs / 4.45 secs)
[1A[2KChrome Headless 139.0.0.0 (Windows 10): Executed 504 of 1370[31m (135 FAILED)[39m (0 secs / 4.451 secs)
[1A[2KChrome Headless 139.0.0.0 (Windows 10): Executed 505 of 1370[31m (135 FAILED)[39m (0 secs / 4.452 secs)
[1A[2K[31mChrome Headless 139.0.0.0 (Windows 10) PopupModalComponent should have proper component type FAILED[39m
	Expected 'PopupModalComponent2' to be 'PopupModalComponent'.
	    at <Jasmine>
	    at UserContext.<anonymous> (spec-popup-modal.component.spec.js:72:38)
	    at _ZoneDelegate.invoke (node_modules/zone.js/fesm2015/zone.js:398:28)
	    at _ProxyZoneSpec.onInvoke (node_modules/zone.js/fesm2015/zone-testing.js:2132:39)
	    at _ZoneDelegate.invoke (node_modules/zone.js/fesm2015/zone.js:397:34)
Chrome Headless 139.0.0.0 (Windows 10): Executed 506 of 1370[31m (136 FAILED)[39m (0 secs / 4.453 secs)
[1A[2KChrome Headless 139.0.0.0 (Windows 10): Executed 507 of 1370[31m (136 FAILED)[39m (0 secs / 4.454 secs)
[1A[2KChrome Headless 139.0.0.0 (Windows 10): Executed 508 of 1370[31m (136 FAILED)[39m (0 secs / 4.455 secs)
[1A[2KChrome Headless 139.0.0.0 (Windows 10): Executed 509 of 1370[31m (136 FAILED)[39m (0 secs / 4.456 secs)
[1A[2KChrome Headless 139.0.0.0 (Windows 10): Executed 510 of 1370[31m (136 FAILED)[39m (0 secs / 4.457 secs)
[1A[2KChrome Headless 139.0.0.0 (Windows 10): Executed 511 of 1370[31m (136 FAILED)[39m (0 secs / 4.458 secs)
[1A[2KERROR: [36m'Error loading services:', TypeError: this.firebaseServicesService.loadServices is not a function
TypeError: this.firebaseServicesService.loadServices is not a function
    at BookingPageComponent2.<anonymous> (http://localhost:9876/base/spec-booking-page.component.spec.js?c624a9e01a02c8ebbe370933662b77eac395556a:2928:44)
    at Generator.next (<anonymous>)
    at http://localhost:9876/base/chunk-35ENWJA4.js:56:61
    at new ZoneAwarePromise (http://localhost:9876/base/node_modules/zone.js/fesm2015/zone.js:2701:25)
    at __async (http://localhost:9876/base/chunk-35ENWJA4.js:40:10)
    at BookingPageComponent2.loadServices (http://localhost:9876/base/spec-booking-page.component.spec.js?c624a9e01a02c8ebbe370933662b77eac395556a:2925:12)
    at new BookingPageComponent2 (http://localhost:9876/base/spec-booking-page.component.spec.js?c624a9e01a02c8ebbe370933662b77eac395556a:2919:10)
    at NodeInjectorFactory.BookingPageComponent2_Factory [as factory] (ng:///BookingPageComponent2/╔Áfac.js:4:10)
    at getNodeInjectable (http://localhost:9876/base/node_modules/@angular/core/fesm2022/debug_node.mjs:1989:44)
    at instantiateAllDirectives (http://localhost:9876/base/node_modules/@angular/core/fesm2022/debug_node.mjs:8170:27)[39m
Chrome Headless 139.0.0.0 (Windows 10): Executed 511 of 1370[31m (136 FAILED)[39m (0 secs / 4.458 secs)
ERROR: 'Error loading services:', TypeError: this.firebaseServicesService.loadServices is not a function
TypeError: this.firebaseServicesService.loadServices is not a function
    at BookingPageComponent2.<anonymous> (http://localhost:9876/base/spec-booking-page.component.spec.js?c624a9e01a02c8ebbe370933662b77eac395556a:2928:44)
    at Generator.next (<anonymous>)
    at http://localhost:9876/base/chunk-35ENWJA4.js:56:61
    at new ZoneAwarePromise (http://localhost:9876/base/node_modules/zone.js/fesm2015/zone.js:2701:25)
    at __async (http://localhost:9876/base/chunk-35ENWJA4.js:40:10)
    at BookingPageComponent2.loadServices (http://localhost:9876/base/spec-booking-page.component.spec.js?c624a9e01a02c8ebbe370933662b77eac395556a:2925:12)
    at new BookingPageComponent2 (http://localhost:9876/base/spec-booking-page.component.spec.js?c624a9e01a02c8ebbe370933662b77eac395556a:2919:10)
    at NodeInjectorFactory.BookingPageComponent2_Factory [as factory] (ng:///BookingPageComponent2/╔Áfac.js:4:10)
    at getNodeInjectable (http://localhost:9876/base/node_modules/@angular/core/fesm2022/debug_node.mjs:1989:44)
    at instantiateAllDirectives (http://localhost:9876/base/node_modules/@angular/core/fesm2022/debug_node.mjs:8170:27)
[1A[2K[31mChrome Headless 139.0.0.0 (Windows 10) BookingPageComponent Component Behavior should initialize with default values FAILED[39m
	TypeError: Cannot read properties of undefined (reading 'subscribe')
	    at new _ConfirmDialog (node_modules/primeng/fesm2022/primeng-confirmdialog.mjs:322:75)
	    at NodeInjectorFactory._ConfirmDialog_Factory [as factory] (ng:///_ConfirmDialog/╔Áfac.js:4:10)
	    at getNodeInjectable (node_modules/@angular/core/fesm2022/debug_node.mjs:1989:44)
	    at instantiateAllDirectives (node_modules/@angular/core/fesm2022/debug_node.mjs:8170:27)
	    at createDirectivesInstances (node_modules/@angular/core/fesm2022/debug_node.mjs:7943:5)
	    at ╔Á╔ÁelementStart (node_modules/@angular/core/fesm2022/debug_node.mjs:22419:9)
	    at PopupDialogComponent2_Template (ng:///PopupDialogComponent2.js:64:9)
	    at executeTemplate (node_modules/@angular/core/fesm2022/debug_node.mjs:7929:9)
	    at renderView (node_modules/@angular/core/fesm2022/debug_node.mjs:8545:13)
	    at renderComponent (node_modules/@angular/core/fesm2022/debug_node.mjs:8490:5)
Chrome Headless 139.0.0.0 (Windows 10): Executed 512 of 1370[31m (137 FAILED)[39m (0 secs / 4.536 secs)
[1A[2KERROR: [36m'Error loading services:', TypeError: this.firebaseServicesService.loadServices is not a function
TypeError: this.firebaseServicesService.loadServices is not a function
    at BookingPageComponent2.<anonymous> (http://localhost:9876/base/spec-booking-page.component.spec.js?c624a9e01a02c8ebbe370933662b77eac395556a:2928:44)
    at Generator.next (<anonymous>)
    at http://localhost:9876/base/chunk-35ENWJA4.js:56:61
    at new ZoneAwarePromise (http://localhost:9876/base/node_modules/zone.js/fesm2015/zone.js:2701:25)
    at __async (http://localhost:9876/base/chunk-35ENWJA4.js:40:10)
    at BookingPageComponent2.loadServices (http://localhost:9876/base/spec-booking-page.component.spec.js?c624a9e01a02c8ebbe370933662b77eac395556a:2925:12)
    at new BookingPageComponent2 (http://localhost:9876/base/spec-booking-page.component.spec.js?c624a9e01a02c8ebbe370933662b77eac395556a:2919:10)
    at NodeInjectorFactory.BookingPageComponent2_Factory [as factory] (ng:///BookingPageComponent2/╔Áfac.js:4:10)
    at getNodeInjectable (http://localhost:9876/base/node_modules/@angular/core/fesm2022/debug_node.mjs:1989:44)
    at instantiateAllDirectives (http://localhost:9876/base/node_modules/@angular/core/fesm2022/debug_node.mjs:8170:27)[39m
Chrome Headless 139.0.0.0 (Windows 10): Executed 512 of 1370[31m (137 FAILED)[39m (0 secs / 4.536 secs)
ERROR: 'Error loading services:', TypeError: this.firebaseServicesService.loadServices is not a function
TypeError: this.firebaseServicesService.loadServices is not a function
    at BookingPageComponent2.<anonymous> (http://localhost:9876/base/spec-booking-page.component.spec.js?c624a9e01a02c8ebbe370933662b77eac395556a:2928:44)
    at Generator.next (<anonymous>)
    at http://localhost:9876/base/chunk-35ENWJA4.js:56:61
    at new ZoneAwarePromise (http://localhost:9876/base/node_modules/zone.js/fesm2015/zone.js:2701:25)
    at __async (http://localhost:9876/base/chunk-35ENWJA4.js:40:10)
    at BookingPageComponent2.loadServices (http://localhost:9876/base/spec-booking-page.component.spec.js?c624a9e01a02c8ebbe370933662b77eac395556a:2925:12)
    at new BookingPageComponent2 (http://localhost:9876/base/spec-booking-page.component.spec.js?c624a9e01a02c8ebbe370933662b77eac395556a:2919:10)
    at NodeInjectorFactory.BookingPageComponent2_Factory [as factory] (ng:///BookingPageComponent2/╔Áfac.js:4:10)
    at getNodeInjectable (http://localhost:9876/base/node_modules/@angular/core/fesm2022/debug_node.mjs:1989:44)
    at instantiateAllDirectives (http://localhost:9876/base/node_modules/@angular/core/fesm2022/debug_node.mjs:8170:27)
[1A[2K[31mChrome Headless 139.0.0.0 (Windows 10) BookingPageComponent Component Behavior should handle appointment storage FAILED[39m
	TypeError: Cannot read properties of undefined (reading 'subscribe')
	    at new _ConfirmDialog (node_modules/primeng/fesm2022/primeng-confirmdialog.mjs:322:75)
	    at NodeInjectorFactory._ConfirmDialog_Factory [as factory] (ng:///_ConfirmDialog/╔Áfac.js:4:10)
	    at getNodeInjectable (node_modules/@angular/core/fesm2022/debug_node.mjs:1989:44)
	    at instantiateAllDirectives (node_modules/@angular/core/fesm2022/debug_node.mjs:8170:27)
	    at createDirectivesInstances (node_modules/@angular/core/fesm2022/debug_node.mjs:7943:5)
	    at ╔Á╔ÁelementStart (node_modules/@angular/core/fesm2022/debug_node.mjs:22419:9)
	    at PopupDialogComponent2_Template (ng:///PopupDialogComponent2.js:64:9)
	    at executeTemplate (node_modules/@angular/core/fesm2022/debug_node.mjs:7929:9)
	    at renderView (node_modules/@angular/core/fesm2022/debug_node.mjs:8545:13)
	    at renderComponent (node_modules/@angular/core/fesm2022/debug_node.mjs:8490:5)
Chrome Headless 139.0.0.0 (Windows 10): Executed 513 of 1370[31m (138 FAILED)[39m (0 secs / 4.539 secs)
[1A[2KERROR: [36m'Error loading services:', TypeError: this.firebaseServicesService.loadServices is not a function
TypeError: this.firebaseServicesService.loadServices is not a function
    at BookingPageComponent2.<anonymous> (http://localhost:9876/base/spec-booking-page.component.spec.js?c624a9e01a02c8ebbe370933662b77eac395556a:2928:44)
    at Generator.next (<anonymous>)
    at http://localhost:9876/base/chunk-35ENWJA4.js:56:61
    at new ZoneAwarePromise (http://localhost:9876/base/node_modules/zone.js/fesm2015/zone.js:2701:25)
    at __async (http://localhost:9876/base/chunk-35ENWJA4.js:40:10)
    at BookingPageComponent2.loadServices (http://localhost:9876/base/spec-booking-page.component.spec.js?c624a9e01a02c8ebbe370933662b77eac395556a:2925:12)
    at new BookingPageComponent2 (http://localhost:9876/base/spec-booking-page.component.spec.js?c624a9e01a02c8ebbe370933662b77eac395556a:2919:10)
    at NodeInjectorFactory.BookingPageComponent2_Factory [as factory] (ng:///BookingPageComponent2/╔Áfac.js:4:10)
    at getNodeInjectable (http://localhost:9876/base/node_modules/@angular/core/fesm2022/debug_node.mjs:1989:44)
    at instantiateAllDirectives (http://localhost:9876/base/node_modules/@angular/core/fesm2022/debug_node.mjs:8170:27)[39m
Chrome Headless 139.0.0.0 (Windows 10): Executed 513 of 1370[31m (138 FAILED)[39m (0 secs / 4.539 secs)
ERROR: 'Error loading services:', TypeError: this.firebaseServicesService.loadServices is not a function
TypeError: this.firebaseServicesService.loadServices is not a function
    at BookingPageComponent2.<anonymous> (http://localhost:9876/base/spec-booking-page.component.spec.js?c624a9e01a02c8ebbe370933662b77eac395556a:2928:44)
    at Generator.next (<anonymous>)
    at http://localhost:9876/base/chunk-35ENWJA4.js:56:61
    at new ZoneAwarePromise (http://localhost:9876/base/node_modules/zone.js/fesm2015/zone.js:2701:25)
    at __async (http://localhost:9876/base/chunk-35ENWJA4.js:40:10)
    at BookingPageComponent2.loadServices (http://localhost:9876/base/spec-booking-page.component.spec.js?c624a9e01a02c8ebbe370933662b77eac395556a:2925:12)
    at new BookingPageComponent2 (http://localhost:9876/base/spec-booking-page.component.spec.js?c624a9e01a02c8ebbe370933662b77eac395556a:2919:10)
    at NodeInjectorFactory.BookingPageComponent2_Factory [as factory] (ng:///BookingPageComponent2/╔Áfac.js:4:10)
    at getNodeInjectable (http://localhost:9876/base/node_modules/@angular/core/fesm2022/debug_node.mjs:1989:44)
    at instantiateAllDirectives (http://localhost:9876/base/node_modules/@angular/core/fesm2022/debug_node.mjs:8170:27)
[1A[2K[31mChrome Headless 139.0.0.0 (Windows 10) BookingPageComponent Event Handling should handle client name changes FAILED[39m
	TypeError: Cannot read properties of undefined (reading 'subscribe')
	    at new _ConfirmDialog (node_modules/primeng/fesm2022/primeng-confirmdialog.mjs:322:75)
	    at NodeInjectorFactory._ConfirmDialog_Factory [as factory] (ng:///_ConfirmDialog/╔Áfac.js:4:10)
	    at getNodeInjectable (node_modules/@angular/core/fesm2022/debug_node.mjs:1989:44)
	    at instantiateAllDirectives (node_modules/@angular/core/fesm2022/debug_node.mjs:8170:27)
	    at createDirectivesInstances (node_modules/@angular/core/fesm2022/debug_node.mjs:7943:5)
	    at ╔Á╔ÁelementStart (node_modules/@angular/core/fesm2022/debug_node.mjs:22419:9)
	    at PopupDialogComponent2_Template (ng:///PopupDialogComponent2.js:64:9)
	    at executeTemplate (node_modules/@angular/core/fesm2022/debug_node.mjs:7929:9)
	    at renderView (node_modules/@angular/core/fesm2022/debug_node.mjs:8545:13)
	    at renderComponent (node_modules/@angular/core/fesm2022/debug_node.mjs:8490:5)
Chrome Headless 139.0.0.0 (Windows 10): Executed 514 of 1370[31m (139 FAILED)[39m (0 secs / 4.542 secs)
[1A[2KERROR: [36m'Error loading services:', TypeError: this.firebaseServicesService.loadServices is not a function
TypeError: this.firebaseServicesService.loadServices is not a function
    at BookingPageComponent2.<anonymous> (http://localhost:9876/base/spec-booking-page.component.spec.js?c624a9e01a02c8ebbe370933662b77eac395556a:2928:44)
    at Generator.next (<anonymous>)
    at http://localhost:9876/base/chunk-35ENWJA4.js:56:61
    at new ZoneAwarePromise (http://localhost:9876/base/node_modules/zone.js/fesm2015/zone.js:2701:25)
    at __async (http://localhost:9876/base/chunk-35ENWJA4.js:40:10)
    at BookingPageComponent2.loadServices (http://localhost:9876/base/spec-booking-page.component.spec.js?c624a9e01a02c8ebbe370933662b77eac395556a:2925:12)
    at new BookingPageComponent2 (http://localhost:9876/base/spec-booking-page.component.spec.js?c624a9e01a02c8ebbe370933662b77eac395556a:2919:10)
    at NodeInjectorFactory.BookingPageComponent2_Factory [as factory] (ng:///BookingPageComponent2/╔Áfac.js:4:10)
    at getNodeInjectable (http://localhost:9876/base/node_modules/@angular/core/fesm2022/debug_node.mjs:1989:44)
    at instantiateAllDirectives (http://localhost:9876/base/node_modules/@angular/core/fesm2022/debug_node.mjs:8170:27)[39m
Chrome Headless 139.0.0.0 (Windows 10): Executed 514 of 1370[31m (139 FAILED)[39m (0 secs / 4.542 secs)
ERROR: 'Error loading services:', TypeError: this.firebaseServicesService.loadServices is not a function
TypeError: this.firebaseServicesService.loadServices is not a function
    at BookingPageComponent2.<anonymous> (http://localhost:9876/base/spec-booking-page.component.spec.js?c624a9e01a02c8ebbe370933662b77eac395556a:2928:44)
    at Generator.next (<anonymous>)
    at http://localhost:9876/base/chunk-35ENWJA4.js:56:61
    at new ZoneAwarePromise (http://localhost:9876/base/node_modules/zone.js/fesm2015/zone.js:2701:25)
    at __async (http://localhost:9876/base/chunk-35ENWJA4.js:40:10)
    at BookingPageComponent2.loadServices (http://localhost:9876/base/spec-booking-page.component.spec.js?c624a9e01a02c8ebbe370933662b77eac395556a:2925:12)
    at new BookingPageComponent2 (http://localhost:9876/base/spec-booking-page.component.spec.js?c624a9e01a02c8ebbe370933662b77eac395556a:2919:10)
    at NodeInjectorFactory.BookingPageComponent2_Factory [as factory] (ng:///BookingPageComponent2/╔Áfac.js:4:10)
    at getNodeInjectable (http://localhost:9876/base/node_modules/@angular/core/fesm2022/debug_node.mjs:1989:44)
    at instantiateAllDirectives (http://localhost:9876/base/node_modules/@angular/core/fesm2022/debug_node.mjs:8170:27)
[1A[2K[31mChrome Headless 139.0.0.0 (Windows 10) BookingPageComponent Event Handling should handle time slot selection FAILED[39m
	TypeError: Cannot read properties of undefined (reading 'subscribe')
	    at new _ConfirmDialog (node_modules/primeng/fesm2022/primeng-confirmdialog.mjs:322:75)
	    at NodeInjectorFactory._ConfirmDialog_Factory [as factory] (ng:///_ConfirmDialog/╔Áfac.js:4:10)
	    at getNodeInjectable (node_modules/@angular/core/fesm2022/debug_node.mjs:1989:44)
	    at instantiateAllDirectives (node_modules/@angular/core/fesm2022/debug_node.mjs:8170:27)
	    at createDirectivesInstances (node_modules/@angular/core/fesm2022/debug_node.mjs:7943:5)
	    at ╔Á╔ÁelementStart (node_modules/@angular/core/fesm2022/debug_node.mjs:22419:9)
	    at PopupDialogComponent2_Template (ng:///PopupDialogComponent2.js:64:9)
	    at executeTemplate (node_modules/@angular/core/fesm2022/debug_node.mjs:7929:9)
	    at renderView (node_modules/@angular/core/fesm2022/debug_node.mjs:8545:13)
	    at renderComponent (node_modules/@angular/core/fesm2022/debug_node.mjs:8490:5)
Chrome Headless 139.0.0.0 (Windows 10): Executed 515 of 1370[31m (140 FAILED)[39m (0 secs / 4.546 secs)
[1A[2KERROR: [36m'Error loading services:', TypeError: this.firebaseServicesService.loadServices is not a function
TypeError: this.firebaseServicesService.loadServices is not a function
    at BookingPageComponent2.<anonymous> (http://localhost:9876/base/spec-booking-page.component.spec.js?c624a9e01a02c8ebbe370933662b77eac395556a:2928:44)
    at Generator.next (<anonymous>)
    at http://localhost:9876/base/chunk-35ENWJA4.js:56:61
    at new ZoneAwarePromise (http://localhost:9876/base/node_modules/zone.js/fesm2015/zone.js:2701:25)
    at __async (http://localhost:9876/base/chunk-35ENWJA4.js:40:10)
    at BookingPageComponent2.loadServices (http://localhost:9876/base/spec-booking-page.component.spec.js?c624a9e01a02c8ebbe370933662b77eac395556a:2925:12)
    at new BookingPageComponent2 (http://localhost:9876/base/spec-booking-page.component.spec.js?c624a9e01a02c8ebbe370933662b77eac395556a:2919:10)
    at NodeInjectorFactory.BookingPageComponent2_Factory [as factory] (ng:///BookingPageComponent2/╔Áfac.js:4:10)
    at getNodeInjectable (http://localhost:9876/base/node_modules/@angular/core/fesm2022/debug_node.mjs:1989:44)
    at instantiateAllDirectives (http://localhost:9876/base/node_modules/@angular/core/fesm2022/debug_node.mjs:8170:27)[39m
Chrome Headless 139.0.0.0 (Windows 10): Executed 515 of 1370[31m (140 FAILED)[39m (0 secs / 4.546 secs)
ERROR: 'Error loading services:', TypeError: this.firebaseServicesService.loadServices is not a function
TypeError: this.firebaseServicesService.loadServices is not a function
    at BookingPageComponent2.<anonymous> (http://localhost:9876/base/spec-booking-page.component.spec.js?c624a9e01a02c8ebbe370933662b77eac395556a:2928:44)
    at Generator.next (<anonymous>)
    at http://localhost:9876/base/chunk-35ENWJA4.js:56:61
    at new ZoneAwarePromise (http://localhost:9876/base/node_modules/zone.js/fesm2015/zone.js:2701:25)
    at __async (http://localhost:9876/base/chunk-35ENWJA4.js:40:10)
    at BookingPageComponent2.loadServices (http://localhost:9876/base/spec-booking-page.component.spec.js?c624a9e01a02c8ebbe370933662b77eac395556a:2925:12)
    at new BookingPageComponent2 (http://localhost:9876/base/spec-booking-page.component.spec.js?c624a9e01a02c8ebbe370933662b77eac395556a:2919:10)
    at NodeInjectorFactory.BookingPageComponent2_Factory [as factory] (ng:///BookingPageComponent2/╔Áfac.js:4:10)
    at getNodeInjectable (http://localhost:9876/base/node_modules/@angular/core/fesm2022/debug_node.mjs:1989:44)
    at instantiateAllDirectives (http://localhost:9876/base/node_modules/@angular/core/fesm2022/debug_node.mjs:8170:27)
[1A[2K[31mChrome Headless 139.0.0.0 (Windows 10) BookingPageComponent Authentication State should show authenticated state FAILED[39m
	TypeError: Cannot read properties of undefined (reading 'subscribe')
	    at new _ConfirmDialog (node_modules/primeng/fesm2022/primeng-confirmdialog.mjs:322:75)
	    at NodeInjectorFactory._ConfirmDialog_Factory [as factory] (ng:///_ConfirmDialog/╔Áfac.js:4:10)
	    at getNodeInjectable (node_modules/@angular/core/fesm2022/debug_node.mjs:1989:44)
	    at instantiateAllDirectives (node_modules/@angular/core/fesm2022/debug_node.mjs:8170:27)
	    at createDirectivesInstances (node_modules/@angular/core/fesm2022/debug_node.mjs:7943:5)
	    at ╔Á╔ÁelementStart (node_modules/@angular/core/fesm2022/debug_node.mjs:22419:9)
	    at PopupDialogComponent2_Template (ng:///PopupDialogComponent2.js:64:9)
	    at executeTemplate (node_modules/@angular/core/fesm2022/debug_node.mjs:7929:9)
	    at renderView (node_modules/@angular/core/fesm2022/debug_node.mjs:8545:13)
	    at renderComponent (node_modules/@angular/core/fesm2022/debug_node.mjs:8490:5)
Chrome Headless 139.0.0.0 (Windows 10): Executed 516 of 1370[31m (141 FAILED)[39m (0 secs / 4.549 secs)
[1A[2KERROR: [36m'Error loading services:', TypeError: this.firebaseServicesService.loadServices is not a function
TypeError: this.firebaseServicesService.loadServices is not a function
    at BookingPageComponent2.<anonymous> (http://localhost:9876/base/spec-booking-page.component.spec.js?c624a9e01a02c8ebbe370933662b77eac395556a:2928:44)
    at Generator.next (<anonymous>)
    at http://localhost:9876/base/chunk-35ENWJA4.js:56:61
    at new ZoneAwarePromise (http://localhost:9876/base/node_modules/zone.js/fesm2015/zone.js:2701:25)
    at __async (http://localhost:9876/base/chunk-35ENWJA4.js:40:10)
    at BookingPageComponent2.loadServices (http://localhost:9876/base/spec-booking-page.component.spec.js?c624a9e01a02c8ebbe370933662b77eac395556a:2925:12)
    at new BookingPageComponent2 (http://localhost:9876/base/spec-booking-page.component.spec.js?c624a9e01a02c8ebbe370933662b77eac395556a:2919:10)
    at NodeInjectorFactory.BookingPageComponent2_Factory [as factory] (ng:///BookingPageComponent2/╔Áfac.js:4:10)
    at getNodeInjectable (http://localhost:9876/base/node_modules/@angular/core/fesm2022/debug_node.mjs:1989:44)
    at instantiateAllDirectives (http://localhost:9876/base/node_modules/@angular/core/fesm2022/debug_node.mjs:8170:27)[39m
Chrome Headless 139.0.0.0 (Windows 10): Executed 516 of 1370[31m (141 FAILED)[39m (0 secs / 4.549 secs)
ERROR: 'Error loading services:', TypeError: this.firebaseServicesService.loadServices is not a function
TypeError: this.firebaseServicesService.loadServices is not a function
    at BookingPageComponent2.<anonymous> (http://localhost:9876/base/spec-booking-page.component.spec.js?c624a9e01a02c8ebbe370933662b77eac395556a:2928:44)
    at Generator.next (<anonymous>)
    at http://localhost:9876/base/chunk-35ENWJA4.js:56:61
    at new ZoneAwarePromise (http://localhost:9876/base/node_modules/zone.js/fesm2015/zone.js:2701:25)
    at __async (http://localhost:9876/base/chunk-35ENWJA4.js:40:10)
    at BookingPageComponent2.loadServices (http://localhost:9876/base/spec-booking-page.component.spec.js?c624a9e01a02c8ebbe370933662b77eac395556a:2925:12)
    at new BookingPageComponent2 (http://localhost:9876/base/spec-booking-page.component.spec.js?c624a9e01a02c8ebbe370933662b77eac395556a:2919:10)
    at NodeInjectorFactory.BookingPageComponent2_Factory [as factory] (ng:///BookingPageComponent2/╔Áfac.js:4:10)
    at getNodeInjectable (http://localhost:9876/base/node_modules/@angular/core/fesm2022/debug_node.mjs:1989:44)
    at instantiateAllDirectives (http://localhost:9876/base/node_modules/@angular/core/fesm2022/debug_node.mjs:8170:27)
[1A[2K[31mChrome Headless 139.0.0.0 (Windows 10) BookingPageComponent Authentication State should show unauthenticated state FAILED[39m
	TypeError: Cannot read properties of undefined (reading 'subscribe')
	    at new _ConfirmDialog (node_modules/primeng/fesm2022/primeng-confirmdialog.mjs:322:75)
	    at NodeInjectorFactory._ConfirmDialog_Factory [as factory] (ng:///_ConfirmDialog/╔Áfac.js:4:10)
	    at getNodeInjectable (node_modules/@angular/core/fesm2022/debug_node.mjs:1989:44)
	    at instantiateAllDirectives (node_modules/@angular/core/fesm2022/debug_node.mjs:8170:27)
	    at createDirectivesInstances (node_modules/@angular/core/fesm2022/debug_node.mjs:7943:5)
	    at ╔Á╔ÁelementStart (node_modules/@angular/core/fesm2022/debug_node.mjs:22419:9)
	    at PopupDialogComponent2_Template (ng:///PopupDialogComponent2.js:64:9)
	    at executeTemplate (node_modules/@angular/core/fesm2022/debug_node.mjs:7929:9)
	    at renderView (node_modules/@angular/core/fesm2022/debug_node.mjs:8545:13)
	    at renderComponent (node_modules/@angular/core/fesm2022/debug_node.mjs:8490:5)
Chrome Headless 139.0.0.0 (Windows 10): Executed 517 of 1370[31m (142 FAILED)[39m (0 secs / 4.552 secs)
[1A[2KERROR: [36m'Error loading services:', TypeError: this.firebaseServicesService.loadServices is not a function
TypeError: this.firebaseServicesService.loadServices is not a function
    at BookingPageComponent2.<anonymous> (http://localhost:9876/base/spec-booking-page.component.spec.js?c624a9e01a02c8ebbe370933662b77eac395556a:2928:44)
    at Generator.next (<anonymous>)
    at http://localhost:9876/base/chunk-35ENWJA4.js:56:61
    at new ZoneAwarePromise (http://localhost:9876/base/node_modules/zone.js/fesm2015/zone.js:2701:25)
    at __async (http://localhost:9876/base/chunk-35ENWJA4.js:40:10)
    at BookingPageComponent2.loadServices (http://localhost:9876/base/spec-booking-page.component.spec.js?c624a9e01a02c8ebbe370933662b77eac395556a:2925:12)
    at new BookingPageComponent2 (http://localhost:9876/base/spec-booking-page.component.spec.js?c624a9e01a02c8ebbe370933662b77eac395556a:2919:10)
    at NodeInjectorFactory.BookingPageComponent2_Factory [as factory] (ng:///BookingPageComponent2/╔Áfac.js:4:10)
    at getNodeInjectable (http://localhost:9876/base/node_modules/@angular/core/fesm2022/debug_node.mjs:1989:44)
    at instantiateAllDirectives (http://localhost:9876/base/node_modules/@angular/core/fesm2022/debug_node.mjs:8170:27)[39m
Chrome Headless 139.0.0.0 (Windows 10): Executed 517 of 1370[31m (142 FAILED)[39m (0 secs / 4.552 secs)
ERROR: 'Error loading services:', TypeError: this.firebaseServicesService.loadServices is not a function
TypeError: this.firebaseServicesService.loadServices is not a function
    at BookingPageComponent2.<anonymous> (http://localhost:9876/base/spec-booking-page.component.spec.js?c624a9e01a02c8ebbe370933662b77eac395556a:2928:44)
    at Generator.next (<anonymous>)
    at http://localhost:9876/base/chunk-35ENWJA4.js:56:61
    at new ZoneAwarePromise (http://localhost:9876/base/node_modules/zone.js/fesm2015/zone.js:2701:25)
    at __async (http://localhost:9876/base/chunk-35ENWJA4.js:40:10)
    at BookingPageComponent2.loadServices (http://localhost:9876/base/spec-booking-page.component.spec.js?c624a9e01a02c8ebbe370933662b77eac395556a:2925:12)
    at new BookingPageComponent2 (http://localhost:9876/base/spec-booking-page.component.spec.js?c624a9e01a02c8ebbe370933662b77eac395556a:2919:10)
    at NodeInjectorFactory.BookingPageComponent2_Factory [as factory] (ng:///BookingPageComponent2/╔Áfac.js:4:10)
    at getNodeInjectable (http://localhost:9876/base/node_modules/@angular/core/fesm2022/debug_node.mjs:1989:44)
    at instantiateAllDirectives (http://localhost:9876/base/node_modules/@angular/core/fesm2022/debug_node.mjs:8170:27)
[1A[2K[31mChrome Headless 139.0.0.0 (Windows 10) BookingPageComponent Error Handling should handle missing user gracefully FAILED[39m
	TypeError: Cannot read properties of undefined (reading 'subscribe')
	    at new _ConfirmDialog (node_modules/primeng/fesm2022/primeng-confirmdialog.mjs:322:75)
	    at NodeInjectorFactory._ConfirmDialog_Factory [as factory] (ng:///_ConfirmDialog/╔Áfac.js:4:10)
	    at getNodeInjectable (node_modules/@angular/core/fesm2022/debug_node.mjs:1989:44)
	    at instantiateAllDirectives (node_modules/@angular/core/fesm2022/debug_node.mjs:8170:27)
	    at createDirectivesInstances (node_modules/@angular/core/fesm2022/debug_node.mjs:7943:5)
	    at ╔Á╔ÁelementStart (node_modules/@angular/core/fesm2022/debug_node.mjs:22419:9)
	    at PopupDialogComponent2_Template (ng:///PopupDialogComponent2.js:64:9)
	    at executeTemplate (node_modules/@angular/core/fesm2022/debug_node.mjs:7929:9)
	    at renderView (node_modules/@angular/core/fesm2022/debug_node.mjs:8545:13)
	    at renderComponent (node_modules/@angular/core/fesm2022/debug_node.mjs:8490:5)
Chrome Headless 139.0.0.0 (Windows 10): Executed 518 of 1370[31m (143 FAILED)[39m (0 secs / 4.555 secs)
[1A[2KERROR: [36m'Error loading services:', TypeError: this.firebaseServicesService.loadServices is not a function
TypeError: this.firebaseServicesService.loadServices is not a function
    at BookingPageComponent2.<anonymous> (http://localhost:9876/base/spec-booking-page.component.spec.js?c624a9e01a02c8ebbe370933662b77eac395556a:2928:44)
    at Generator.next (<anonymous>)
    at http://localhost:9876/base/chunk-35ENWJA4.js:56:61
    at new ZoneAwarePromise (http://localhost:9876/base/node_modules/zone.js/fesm2015/zone.js:2701:25)
    at __async (http://localhost:9876/base/chunk-35ENWJA4.js:40:10)
    at BookingPageComponent2.loadServices (http://localhost:9876/base/spec-booking-page.component.spec.js?c624a9e01a02c8ebbe370933662b77eac395556a:2925:12)
    at new BookingPageComponent2 (http://localhost:9876/base/spec-booking-page.component.spec.js?c624a9e01a02c8ebbe370933662b77eac395556a:2919:10)
    at NodeInjectorFactory.BookingPageComponent2_Factory [as factory] (ng:///BookingPageComponent2/╔Áfac.js:4:10)
    at getNodeInjectable (http://localhost:9876/base/node_modules/@angular/core/fesm2022/debug_node.mjs:1989:44)
    at instantiateAllDirectives (http://localhost:9876/base/node_modules/@angular/core/fesm2022/debug_node.mjs:8170:27)[39m
Chrome Headless 139.0.0.0 (Windows 10): Executed 518 of 1370[31m (143 FAILED)[39m (0 secs / 4.555 secs)
ERROR: 'Error loading services:', TypeError: this.firebaseServicesService.loadServices is not a function
TypeError: this.firebaseServicesService.loadServices is not a function
    at BookingPageComponent2.<anonymous> (http://localhost:9876/base/spec-booking-page.component.spec.js?c624a9e01a02c8ebbe370933662b77eac395556a:2928:44)
    at Generator.next (<anonymous>)
    at http://localhost:9876/base/chunk-35ENWJA4.js:56:61
    at new ZoneAwarePromise (http://localhost:9876/base/node_modules/zone.js/fesm2015/zone.js:2701:25)
    at __async (http://localhost:9876/base/chunk-35ENWJA4.js:40:10)
    at BookingPageComponent2.loadServices (http://localhost:9876/base/spec-booking-page.component.spec.js?c624a9e01a02c8ebbe370933662b77eac395556a:2925:12)
    at new BookingPageComponent2 (http://localhost:9876/base/spec-booking-page.component.spec.js?c624a9e01a02c8ebbe370933662b77eac395556a:2919:10)
    at NodeInjectorFactory.BookingPageComponent2_Factory [as factory] (ng:///BookingPageComponent2/╔Áfac.js:4:10)
    at getNodeInjectable (http://localhost:9876/base/node_modules/@angular/core/fesm2022/debug_node.mjs:1989:44)
    at instantiateAllDirectives (http://localhost:9876/base/node_modules/@angular/core/fesm2022/debug_node.mjs:8170:27)
[1A[2K[31mChrome Headless 139.0.0.0 (Windows 10) BookingPageComponent Error Handling should handle empty services list FAILED[39m
	TypeError: Cannot read properties of undefined (reading 'subscribe')
	    at new _ConfirmDialog (node_modules/primeng/fesm2022/primeng-confirmdialog.mjs:322:75)
	    at NodeInjectorFactory._ConfirmDialog_Factory [as factory] (ng:///_ConfirmDialog/╔Áfac.js:4:10)
	    at getNodeInjectable (node_modules/@angular/core/fesm2022/debug_node.mjs:1989:44)
	    at instantiateAllDirectives (node_modules/@angular/core/fesm2022/debug_node.mjs:8170:27)
	    at createDirectivesInstances (node_modules/@angular/core/fesm2022/debug_node.mjs:7943:5)
	    at ╔Á╔ÁelementStart (node_modules/@angular/core/fesm2022/debug_node.mjs:22419:9)
	    at PopupDialogComponent2_Template (ng:///PopupDialogComponent2.js:64:9)
	    at executeTemplate (node_modules/@angular/core/fesm2022/debug_node.mjs:7929:9)
	    at renderView (node_modules/@angular/core/fesm2022/debug_node.mjs:8545:13)
	    at renderComponent (node_modules/@angular/core/fesm2022/debug_node.mjs:8490:5)
Chrome Headless 139.0.0.0 (Windows 10): Executed 519 of 1370[31m (144 FAILED)[39m (0 secs / 4.558 secs)
[1A[2KERROR: [36m'Error loading services:', TypeError: this.firebaseServicesService.loadServices is not a function
TypeError: this.firebaseServicesService.loadServices is not a function
    at BookingPageComponent2.<anonymous> (http://localhost:9876/base/spec-booking-page.component.spec.js?c624a9e01a02c8ebbe370933662b77eac395556a:2928:44)
    at Generator.next (<anonymous>)
    at http://localhost:9876/base/chunk-35ENWJA4.js:56:61
    at new ZoneAwarePromise (http://localhost:9876/base/node_modules/zone.js/fesm2015/zone.js:2701:25)
    at __async (http://localhost:9876/base/chunk-35ENWJA4.js:40:10)
    at BookingPageComponent2.loadServices (http://localhost:9876/base/spec-booking-page.component.spec.js?c624a9e01a02c8ebbe370933662b77eac395556a:2925:12)
    at new BookingPageComponent2 (http://localhost:9876/base/spec-booking-page.component.spec.js?c624a9e01a02c8ebbe370933662b77eac395556a:2919:10)
    at NodeInjectorFactory.BookingPageComponent2_Factory [as factory] (ng:///BookingPageComponent2/╔Áfac.js:4:10)
    at getNodeInjectable (http://localhost:9876/base/node_modules/@angular/core/fesm2022/debug_node.mjs:1989:44)
    at instantiateAllDirectives (http://localhost:9876/base/node_modules/@angular/core/fesm2022/debug_node.mjs:8170:27)[39m
Chrome Headless 139.0.0.0 (Windows 10): Executed 519 of 1370[31m (144 FAILED)[39m (0 secs / 4.558 secs)
ERROR: 'Error loading services:', TypeError: this.firebaseServicesService.loadServices is not a function
TypeError: this.firebaseServicesService.loadServices is not a function
    at BookingPageComponent2.<anonymous> (http://localhost:9876/base/spec-booking-page.component.spec.js?c624a9e01a02c8ebbe370933662b77eac395556a:2928:44)
    at Generator.next (<anonymous>)
    at http://localhost:9876/base/chunk-35ENWJA4.js:56:61
    at new ZoneAwarePromise (http://localhost:9876/base/node_modules/zone.js/fesm2015/zone.js:2701:25)
    at __async (http://localhost:9876/base/chunk-35ENWJA4.js:40:10)
    at BookingPageComponent2.loadServices (http://localhost:9876/base/spec-booking-page.component.spec.js?c624a9e01a02c8ebbe370933662b77eac395556a:2925:12)
    at new BookingPageComponent2 (http://localhost:9876/base/spec-booking-page.component.spec.js?c624a9e01a02c8ebbe370933662b77eac395556a:2919:10)
    at NodeInjectorFactory.BookingPageComponent2_Factory [as factory] (ng:///BookingPageComponent2/╔Áfac.js:4:10)
    at getNodeInjectable (http://localhost:9876/base/node_modules/@angular/core/fesm2022/debug_node.mjs:1989:44)
    at instantiateAllDirectives (http://localhost:9876/base/node_modules/@angular/core/fesm2022/debug_node.mjs:8170:27)
[1A[2K[31mChrome Headless 139.0.0.0 (Windows 10) BookingPageComponent Booking Flow should handle booking confirmation FAILED[39m
	TypeError: Cannot read properties of undefined (reading 'subscribe')
	    at new _ConfirmDialog (node_modules/primeng/fesm2022/primeng-confirmdialog.mjs:322:75)
	    at NodeInjectorFactory._ConfirmDialog_Factory [as factory] (ng:///_ConfirmDialog/╔Áfac.js:4:10)
	    at getNodeInjectable (node_modules/@angular/core/fesm2022/debug_node.mjs:1989:44)
	    at instantiateAllDirectives (node_modules/@angular/core/fesm2022/debug_node.mjs:8170:27)
	    at createDirectivesInstances (node_modules/@angular/core/fesm2022/debug_node.mjs:7943:5)
	    at ╔Á╔ÁelementStart (node_modules/@angular/core/fesm2022/debug_node.mjs:22419:9)
	    at PopupDialogComponent2_Template (ng:///PopupDialogComponent2.js:64:9)
	    at executeTemplate (node_modules/@angular/core/fesm2022/debug_node.mjs:7929:9)
	    at renderView (node_modules/@angular/core/fesm2022/debug_node.mjs:8545:13)
	    at renderComponent (node_modules/@angular/core/fesm2022/debug_node.mjs:8490:5)
Chrome Headless 139.0.0.0 (Windows 10): Executed 520 of 1370[31m (145 FAILED)[39m (0 secs / 4.562 secs)
[1A[2KERROR: [36m'Error loading services:', TypeError: this.firebaseServicesService.loadServices is not a function
TypeError: this.firebaseServicesService.loadServices is not a function
    at BookingPageComponent2.<anonymous> (http://localhost:9876/base/spec-booking-page.component.spec.js?c624a9e01a02c8ebbe370933662b77eac395556a:2928:44)
    at Generator.next (<anonymous>)
    at http://localhost:9876/base/chunk-35ENWJA4.js:56:61
    at new ZoneAwarePromise (http://localhost:9876/base/node_modules/zone.js/fesm2015/zone.js:2701:25)
    at __async (http://localhost:9876/base/chunk-35ENWJA4.js:40:10)
    at BookingPageComponent2.loadServices (http://localhost:9876/base/spec-booking-page.component.spec.js?c624a9e01a02c8ebbe370933662b77eac395556a:2925:12)
    at new BookingPageComponent2 (http://localhost:9876/base/spec-booking-page.component.spec.js?c624a9e01a02c8ebbe370933662b77eac395556a:2919:10)
    at NodeInjectorFactory.BookingPageComponent2_Factory [as factory] (ng:///BookingPageComponent2/╔Áfac.js:4:10)
    at getNodeInjectable (http://localhost:9876/base/node_modules/@angular/core/fesm2022/debug_node.mjs:1989:44)
    at instantiateAllDirectives (http://localhost:9876/base/node_modules/@angular/core/fesm2022/debug_node.mjs:8170:27)[39m
Chrome Headless 139.0.0.0 (Windows 10): Executed 520 of 1370[31m (145 FAILED)[39m (0 secs / 4.562 secs)
ERROR: 'Error loading services:', TypeError: this.firebaseServicesService.loadServices is not a function
TypeError: this.firebaseServicesService.loadServices is not a function
    at BookingPageComponent2.<anonymous> (http://localhost:9876/base/spec-booking-page.component.spec.js?c624a9e01a02c8ebbe370933662b77eac395556a:2928:44)
    at Generator.next (<anonymous>)
    at http://localhost:9876/base/chunk-35ENWJA4.js:56:61
    at new ZoneAwarePromise (http://localhost:9876/base/node_modules/zone.js/fesm2015/zone.js:2701:25)
    at __async (http://localhost:9876/base/chunk-35ENWJA4.js:40:10)
    at BookingPageComponent2.loadServices (http://localhost:9876/base/spec-booking-page.component.spec.js?c624a9e01a02c8ebbe370933662b77eac395556a:2925:12)
    at new BookingPageComponent2 (http://localhost:9876/base/spec-booking-page.component.spec.js?c624a9e01a02c8ebbe370933662b77eac395556a:2919:10)
    at NodeInjectorFactory.BookingPageComponent2_Factory [as factory] (ng:///BookingPageComponent2/╔Áfac.js:4:10)
    at getNodeInjectable (http://localhost:9876/base/node_modules/@angular/core/fesm2022/debug_node.mjs:1989:44)
    at instantiateAllDirectives (http://localhost:9876/base/node_modules/@angular/core/fesm2022/debug_node.mjs:8170:27)
[1A[2K[31mChrome Headless 139.0.0.0 (Windows 10) BookingPageComponent Booking Flow should handle booking cancellation FAILED[39m
	TypeError: Cannot read properties of undefined (reading 'subscribe')
	    at new _ConfirmDialog (node_modules/primeng/fesm2022/primeng-confirmdialog.mjs:322:75)
	    at NodeInjectorFactory._ConfirmDialog_Factory [as factory] (ng:///_ConfirmDialog/╔Áfac.js:4:10)
	    at getNodeInjectable (node_modules/@angular/core/fesm2022/debug_node.mjs:1989:44)
	    at instantiateAllDirectives (node_modules/@angular/core/fesm2022/debug_node.mjs:8170:27)
	    at createDirectivesInstances (node_modules/@angular/core/fesm2022/debug_node.mjs:7943:5)
	    at ╔Á╔ÁelementStart (node_modules/@angular/core/fesm2022/debug_node.mjs:22419:9)
	    at PopupDialogComponent2_Template (ng:///PopupDialogComponent2.js:64:9)
	    at executeTemplate (node_modules/@angular/core/fesm2022/debug_node.mjs:7929:9)
	    at renderView (node_modules/@angular/core/fesm2022/debug_node.mjs:8545:13)
	    at renderComponent (node_modules/@angular/core/fesm2022/debug_node.mjs:8490:5)
Chrome Headless 139.0.0.0 (Windows 10): Executed 521 of 1370[31m (146 FAILED)[39m (0 secs / 4.566 secs)
[1A[2KERROR: [36m'Error loading services:', TypeError: this.firebaseServicesService.loadServices is not a function
TypeError: this.firebaseServicesService.loadServices is not a function
    at BookingPageComponent2.<anonymous> (http://localhost:9876/base/spec-booking-page.component.spec.js?c624a9e01a02c8ebbe370933662b77eac395556a:2928:44)
    at Generator.next (<anonymous>)
    at http://localhost:9876/base/chunk-35ENWJA4.js:56:61
    at new ZoneAwarePromise (http://localhost:9876/base/node_modules/zone.js/fesm2015/zone.js:2701:25)
    at __async (http://localhost:9876/base/chunk-35ENWJA4.js:40:10)
    at BookingPageComponent2.loadServices (http://localhost:9876/base/spec-booking-page.component.spec.js?c624a9e01a02c8ebbe370933662b77eac395556a:2925:12)
    at new BookingPageComponent2 (http://localhost:9876/base/spec-booking-page.component.spec.js?c624a9e01a02c8ebbe370933662b77eac395556a:2919:10)
    at NodeInjectorFactory.BookingPageComponent2_Factory [as factory] (ng:///BookingPageComponent2/╔Áfac.js:4:10)
    at getNodeInjectable (http://localhost:9876/base/node_modules/@angular/core/fesm2022/debug_node.mjs:1989:44)
    at instantiateAllDirectives (http://localhost:9876/base/node_modules/@angular/core/fesm2022/debug_node.mjs:8170:27)[39m
Chrome Headless 139.0.0.0 (Windows 10): Executed 521 of 1370[31m (146 FAILED)[39m (0 secs / 4.566 secs)
ERROR: 'Error loading services:', TypeError: this.firebaseServicesService.loadServices is not a function
TypeError: this.firebaseServicesService.loadServices is not a function
    at BookingPageComponent2.<anonymous> (http://localhost:9876/base/spec-booking-page.component.spec.js?c624a9e01a02c8ebbe370933662b77eac395556a:2928:44)
    at Generator.next (<anonymous>)
    at http://localhost:9876/base/chunk-35ENWJA4.js:56:61
    at new ZoneAwarePromise (http://localhost:9876/base/node_modules/zone.js/fesm2015/zone.js:2701:25)
    at __async (http://localhost:9876/base/chunk-35ENWJA4.js:40:10)
    at BookingPageComponent2.loadServices (http://localhost:9876/base/spec-booking-page.component.spec.js?c624a9e01a02c8ebbe370933662b77eac395556a:2925:12)
    at new BookingPageComponent2 (http://localhost:9876/base/spec-booking-page.component.spec.js?c624a9e01a02c8ebbe370933662b77eac395556a:2919:10)
    at NodeInjectorFactory.BookingPageComponent2_Factory [as factory] (ng:///BookingPageComponent2/╔Áfac.js:4:10)
    at getNodeInjectable (http://localhost:9876/base/node_modules/@angular/core/fesm2022/debug_node.mjs:1989:44)
    at instantiateAllDirectives (http://localhost:9876/base/node_modules/@angular/core/fesm2022/debug_node.mjs:8170:27)
[1A[2K[31mChrome Headless 139.0.0.0 (Windows 10) BookingPageComponent Date Handling should handle date selection FAILED[39m
	TypeError: Cannot read properties of undefined (reading 'subscribe')
	    at new _ConfirmDialog (node_modules/primeng/fesm2022/primeng-confirmdialog.mjs:322:75)
	    at NodeInjectorFactory._ConfirmDialog_Factory [as factory] (ng:///_ConfirmDialog/╔Áfac.js:4:10)
	    at getNodeInjectable (node_modules/@angular/core/fesm2022/debug_node.mjs:1989:44)
	    at instantiateAllDirectives (node_modules/@angular/core/fesm2022/debug_node.mjs:8170:27)
	    at createDirectivesInstances (node_modules/@angular/core/fesm2022/debug_node.mjs:7943:5)
	    at ╔Á╔ÁelementStart (node_modules/@angular/core/fesm2022/debug_node.mjs:22419:9)
	    at PopupDialogComponent2_Template (ng:///PopupDialogComponent2.js:64:9)
	    at executeTemplate (node_modules/@angular/core/fesm2022/debug_node.mjs:7929:9)
	    at renderView (node_modules/@angular/core/fesm2022/debug_node.mjs:8545:13)
	    at renderComponent (node_modules/@angular/core/fesm2022/debug_node.mjs:8490:5)
Chrome Headless 139.0.0.0 (Windows 10): Executed 522 of 1370[31m (147 FAILED)[39m (0 secs / 4.569 secs)
[1A[2KERROR: [36m'Error loading services:', TypeError: this.firebaseServicesService.loadServices is not a function
TypeError: this.firebaseServicesService.loadServices is not a function
    at BookingPageComponent2.<anonymous> (http://localhost:9876/base/spec-booking-page.component.spec.js?c624a9e01a02c8ebbe370933662b77eac395556a:2928:44)
    at Generator.next (<anonymous>)
    at http://localhost:9876/base/chunk-35ENWJA4.js:56:61
    at new ZoneAwarePromise (http://localhost:9876/base/node_modules/zone.js/fesm2015/zone.js:2701:25)
    at __async (http://localhost:9876/base/chunk-35ENWJA4.js:40:10)
    at BookingPageComponent2.loadServices (http://localhost:9876/base/spec-booking-page.component.spec.js?c624a9e01a02c8ebbe370933662b77eac395556a:2925:12)
    at new BookingPageComponent2 (http://localhost:9876/base/spec-booking-page.component.spec.js?c624a9e01a02c8ebbe370933662b77eac395556a:2919:10)
    at NodeInjectorFactory.BookingPageComponent2_Factory [as factory] (ng:///BookingPageComponent2/╔Áfac.js:4:10)
    at getNodeInjectable (http://localhost:9876/base/node_modules/@angular/core/fesm2022/debug_node.mjs:1989:44)
    at instantiateAllDirectives (http://localhost:9876/base/node_modules/@angular/core/fesm2022/debug_node.mjs:8170:27)[39m
Chrome Headless 139.0.0.0 (Windows 10): Executed 522 of 1370[31m (147 FAILED)[39m (0 secs / 4.569 secs)
ERROR: 'Error loading services:', TypeError: this.firebaseServicesService.loadServices is not a function
TypeError: this.firebaseServicesService.loadServices is not a function
    at BookingPageComponent2.<anonymous> (http://localhost:9876/base/spec-booking-page.component.spec.js?c624a9e01a02c8ebbe370933662b77eac395556a:2928:44)
    at Generator.next (<anonymous>)
    at http://localhost:9876/base/chunk-35ENWJA4.js:56:61
    at new ZoneAwarePromise (http://localhost:9876/base/node_modules/zone.js/fesm2015/zone.js:2701:25)
    at __async (http://localhost:9876/base/chunk-35ENWJA4.js:40:10)
    at BookingPageComponent2.loadServices (http://localhost:9876/base/spec-booking-page.component.spec.js?c624a9e01a02c8ebbe370933662b77eac395556a:2925:12)
    at new BookingPageComponent2 (http://localhost:9876/base/spec-booking-page.component.spec.js?c624a9e01a02c8ebbe370933662b77eac395556a:2919:10)
    at NodeInjectorFactory.BookingPageComponent2_Factory [as factory] (ng:///BookingPageComponent2/╔Áfac.js:4:10)
    at getNodeInjectable (http://localhost:9876/base/node_modules/@angular/core/fesm2022/debug_node.mjs:1989:44)
    at instantiateAllDirectives (http://localhost:9876/base/node_modules/@angular/core/fesm2022/debug_node.mjs:8170:27)
[1A[2K[31mChrome Headless 139.0.0.0 (Windows 10) BookingPageComponent Date Handling should provide today date FAILED[39m
	TypeError: Cannot read properties of undefined (reading 'subscribe')
	    at new _ConfirmDialog (node_modules/primeng/fesm2022/primeng-confirmdialog.mjs:322:75)
	    at NodeInjectorFactory._ConfirmDialog_Factory [as factory] (ng:///_ConfirmDialog/╔Áfac.js:4:10)
	    at getNodeInjectable (node_modules/@angular/core/fesm2022/debug_node.mjs:1989:44)
	    at instantiateAllDirectives (node_modules/@angular/core/fesm2022/debug_node.mjs:8170:27)
	    at createDirectivesInstances (node_modules/@angular/core/fesm2022/debug_node.mjs:7943:5)
	    at ╔Á╔ÁelementStart (node_modules/@angular/core/fesm2022/debug_node.mjs:22419:9)
	    at PopupDialogComponent2_Template (ng:///PopupDialogComponent2.js:64:9)
	    at executeTemplate (node_modules/@angular/core/fesm2022/debug_node.mjs:7929:9)
	    at renderView (node_modules/@angular/core/fesm2022/debug_node.mjs:8545:13)
	    at renderComponent (node_modules/@angular/core/fesm2022/debug_node.mjs:8490:5)
Chrome Headless 139.0.0.0 (Windows 10): Executed 523 of 1370[31m (148 FAILED)[39m (0 secs / 4.572 secs)
[1A[2KERROR: [36m'Error loading services:', TypeError: this.firebaseServicesService.loadServices is not a function
TypeError: this.firebaseServicesService.loadServices is not a function
    at BookingPageComponent2.<anonymous> (http://localhost:9876/base/spec-booking-page.component.spec.js?c624a9e01a02c8ebbe370933662b77eac395556a:2928:44)
    at Generator.next (<anonymous>)
    at http://localhost:9876/base/chunk-35ENWJA4.js:56:61
    at new ZoneAwarePromise (http://localhost:9876/base/node_modules/zone.js/fesm2015/zone.js:2701:25)
    at __async (http://localhost:9876/base/chunk-35ENWJA4.js:40:10)
    at BookingPageComponent2.loadServices (http://localhost:9876/base/spec-booking-page.component.spec.js?c624a9e01a02c8ebbe370933662b77eac395556a:2925:12)
    at new BookingPageComponent2 (http://localhost:9876/base/spec-booking-page.component.spec.js?c624a9e01a02c8ebbe370933662b77eac395556a:2919:10)
    at NodeInjectorFactory.BookingPageComponent2_Factory [as factory] (ng:///BookingPageComponent2/╔Áfac.js:4:10)
    at getNodeInjectable (http://localhost:9876/base/node_modules/@angular/core/fesm2022/debug_node.mjs:1989:44)
    at instantiateAllDirectives (http://localhost:9876/base/node_modules/@angular/core/fesm2022/debug_node.mjs:8170:27)[39m
Chrome Headless 139.0.0.0 (Windows 10): Executed 523 of 1370[31m (148 FAILED)[39m (0 secs / 4.572 secs)
ERROR: 'Error loading services:', TypeError: this.firebaseServicesService.loadServices is not a function
TypeError: this.firebaseServicesService.loadServices is not a function
    at BookingPageComponent2.<anonymous> (http://localhost:9876/base/spec-booking-page.component.spec.js?c624a9e01a02c8ebbe370933662b77eac395556a:2928:44)
    at Generator.next (<anonymous>)
    at http://localhost:9876/base/chunk-35ENWJA4.js:56:61
    at new ZoneAwarePromise (http://localhost:9876/base/node_modules/zone.js/fesm2015/zone.js:2701:25)
    at __async (http://localhost:9876/base/chunk-35ENWJA4.js:40:10)
    at BookingPageComponent2.loadServices (http://localhost:9876/base/spec-booking-page.component.spec.js?c624a9e01a02c8ebbe370933662b77eac395556a:2925:12)
    at new BookingPageComponent2 (http://localhost:9876/base/spec-booking-page.component.spec.js?c624a9e01a02c8ebbe370933662b77eac395556a:2919:10)
    at NodeInjectorFactory.BookingPageComponent2_Factory [as factory] (ng:///BookingPageComponent2/╔Áfac.js:4:10)
    at getNodeInjectable (http://localhost:9876/base/node_modules/@angular/core/fesm2022/debug_node.mjs:1989:44)
    at instantiateAllDirectives (http://localhost:9876/base/node_modules/@angular/core/fesm2022/debug_node.mjs:8170:27)
[1A[2K[31mChrome Headless 139.0.0.0 (Windows 10) BookingPageComponent Component Creation and Basic Properties should create FAILED[39m
	TypeError: Cannot read properties of undefined (reading 'subscribe')
	    at new _ConfirmDialog (node_modules/primeng/fesm2022/primeng-confirmdialog.mjs:322:75)
	    at NodeInjectorFactory._ConfirmDialog_Factory [as factory] (ng:///_ConfirmDialog/╔Áfac.js:4:10)
	    at getNodeInjectable (node_modules/@angular/core/fesm2022/debug_node.mjs:1989:44)
	    at instantiateAllDirectives (node_modules/@angular/core/fesm2022/debug_node.mjs:8170:27)
	    at createDirectivesInstances (node_modules/@angular/core/fesm2022/debug_node.mjs:7943:5)
	    at ╔Á╔ÁelementStart (node_modules/@angular/core/fesm2022/debug_node.mjs:22419:9)
	    at PopupDialogComponent2_Template (ng:///PopupDialogComponent2.js:64:9)
	    at executeTemplate (node_modules/@angular/core/fesm2022/debug_node.mjs:7929:9)
	    at renderView (node_modules/@angular/core/fesm2022/debug_node.mjs:8545:13)
	    at renderComponent (node_modules/@angular/core/fesm2022/debug_node.mjs:8490:5)
Chrome Headless 139.0.0.0 (Windows 10): Executed 524 of 1370[31m (149 FAILED)[39m (0 secs / 4.576 secs)
[1A[2KERROR: [36m'Error loading services:', TypeError: this.firebaseServicesService.loadServices is not a function
TypeError: this.firebaseServicesService.loadServices is not a function
    at BookingPageComponent2.<anonymous> (http://localhost:9876/base/spec-booking-page.component.spec.js?c624a9e01a02c8ebbe370933662b77eac395556a:2928:44)
    at Generator.next (<anonymous>)
    at http://localhost:9876/base/chunk-35ENWJA4.js:56:61
    at new ZoneAwarePromise (http://localhost:9876/base/node_modules/zone.js/fesm2015/zone.js:2701:25)
    at __async (http://localhost:9876/base/chunk-35ENWJA4.js:40:10)
    at BookingPageComponent2.loadServices (http://localhost:9876/base/spec-booking-page.component.spec.js?c624a9e01a02c8ebbe370933662b77eac395556a:2925:12)
    at new BookingPageComponent2 (http://localhost:9876/base/spec-booking-page.component.spec.js?c624a9e01a02c8ebbe370933662b77eac395556a:2919:10)
    at NodeInjectorFactory.BookingPageComponent2_Factory [as factory] (ng:///BookingPageComponent2/╔Áfac.js:4:10)
    at getNodeInjectable (http://localhost:9876/base/node_modules/@angular/core/fesm2022/debug_node.mjs:1989:44)
    at instantiateAllDirectives (http://localhost:9876/base/node_modules/@angular/core/fesm2022/debug_node.mjs:8170:27)[39m
Chrome Headless 139.0.0.0 (Windows 10): Executed 524 of 1370[31m (149 FAILED)[39m (0 secs / 4.576 secs)
ERROR: 'Error loading services:', TypeError: this.firebaseServicesService.loadServices is not a function
TypeError: this.firebaseServicesService.loadServices is not a function
    at BookingPageComponent2.<anonymous> (http://localhost:9876/base/spec-booking-page.component.spec.js?c624a9e01a02c8ebbe370933662b77eac395556a:2928:44)
    at Generator.next (<anonymous>)
    at http://localhost:9876/base/chunk-35ENWJA4.js:56:61
    at new ZoneAwarePromise (http://localhost:9876/base/node_modules/zone.js/fesm2015/zone.js:2701:25)
    at __async (http://localhost:9876/base/chunk-35ENWJA4.js:40:10)
    at BookingPageComponent2.loadServices (http://localhost:9876/base/spec-booking-page.component.spec.js?c624a9e01a02c8ebbe370933662b77eac395556a:2925:12)
    at new BookingPageComponent2 (http://localhost:9876/base/spec-booking-page.component.spec.js?c624a9e01a02c8ebbe370933662b77eac395556a:2919:10)
    at NodeInjectorFactory.BookingPageComponent2_Factory [as factory] (ng:///BookingPageComponent2/╔Áfac.js:4:10)
    at getNodeInjectable (http://localhost:9876/base/node_modules/@angular/core/fesm2022/debug_node.mjs:1989:44)
    at instantiateAllDirectives (http://localhost:9876/base/node_modules/@angular/core/fesm2022/debug_node.mjs:8170:27)
[1A[2K[31mChrome Headless 139.0.0.0 (Windows 10) BookingPageComponent Component Creation and Basic Properties should initialize with default values FAILED[39m
	TypeError: Cannot read properties of undefined (reading 'subscribe')
	    at new _ConfirmDialog (node_modules/primeng/fesm2022/primeng-confirmdialog.mjs:322:75)
	    at NodeInjectorFactory._ConfirmDialog_Factory [as factory] (ng:///_ConfirmDialog/╔Áfac.js:4:10)
	    at getNodeInjectable (node_modules/@angular/core/fesm2022/debug_node.mjs:1989:44)
	    at instantiateAllDirectives (node_modules/@angular/core/fesm2022/debug_node.mjs:8170:27)
	    at createDirectivesInstances (node_modules/@angular/core/fesm2022/debug_node.mjs:7943:5)
	    at ╔Á╔ÁelementStart (node_modules/@angular/core/fesm2022/debug_node.mjs:22419:9)
	    at PopupDialogComponent2_Template (ng:///PopupDialogComponent2.js:64:9)
	    at executeTemplate (node_modules/@angular/core/fesm2022/debug_node.mjs:7929:9)
	    at renderView (node_modules/@angular/core/fesm2022/debug_node.mjs:8545:13)
	    at renderComponent (node_modules/@angular/core/fesm2022/debug_node.mjs:8490:5)
Chrome Headless 139.0.0.0 (Windows 10): Executed 525 of 1370[31m (150 FAILED)[39m (0 secs / 4.579 secs)
[1A[2KERROR: [36m'Error loading services:', TypeError: this.firebaseServicesService.loadServices is not a function
TypeError: this.firebaseServicesService.loadServices is not a function
    at BookingPageComponent2.<anonymous> (http://localhost:9876/base/spec-booking-page.component.spec.js?c624a9e01a02c8ebbe370933662b77eac395556a:2928:44)
    at Generator.next (<anonymous>)
    at http://localhost:9876/base/chunk-35ENWJA4.js:56:61
    at new ZoneAwarePromise (http://localhost:9876/base/node_modules/zone.js/fesm2015/zone.js:2701:25)
    at __async (http://localhost:9876/base/chunk-35ENWJA4.js:40:10)
    at BookingPageComponent2.loadServices (http://localhost:9876/base/spec-booking-page.component.spec.js?c624a9e01a02c8ebbe370933662b77eac395556a:2925:12)
    at new BookingPageComponent2 (http://localhost:9876/base/spec-booking-page.component.spec.js?c624a9e01a02c8ebbe370933662b77eac395556a:2919:10)
    at NodeInjectorFactory.BookingPageComponent2_Factory [as factory] (ng:///BookingPageComponent2/╔Áfac.js:4:10)
    at getNodeInjectable (http://localhost:9876/base/node_modules/@angular/core/fesm2022/debug_node.mjs:1989:44)
    at instantiateAllDirectives (http://localhost:9876/base/node_modules/@angular/core/fesm2022/debug_node.mjs:8170:27)[39m
Chrome Headless 139.0.0.0 (Windows 10): Executed 525 of 1370[31m (150 FAILED)[39m (0 secs / 4.579 secs)
ERROR: 'Error loading services:', TypeError: this.firebaseServicesService.loadServices is not a function
TypeError: this.firebaseServicesService.loadServices is not a function
    at BookingPageComponent2.<anonymous> (http://localhost:9876/base/spec-booking-page.component.spec.js?c624a9e01a02c8ebbe370933662b77eac395556a:2928:44)
    at Generator.next (<anonymous>)
    at http://localhost:9876/base/chunk-35ENWJA4.js:56:61
    at new ZoneAwarePromise (http://localhost:9876/base/node_modules/zone.js/fesm2015/zone.js:2701:25)
    at __async (http://localhost:9876/base/chunk-35ENWJA4.js:40:10)
    at BookingPageComponent2.loadServices (http://localhost:9876/base/spec-booking-page.component.spec.js?c624a9e01a02c8ebbe370933662b77eac395556a:2925:12)
    at new BookingPageComponent2 (http://localhost:9876/base/spec-booking-page.component.spec.js?c624a9e01a02c8ebbe370933662b77eac395556a:2919:10)
    at NodeInjectorFactory.BookingPageComponent2_Factory [as factory] (ng:///BookingPageComponent2/╔Áfac.js:4:10)
    at getNodeInjectable (http://localhost:9876/base/node_modules/@angular/core/fesm2022/debug_node.mjs:1989:44)
    at instantiateAllDirectives (http://localhost:9876/base/node_modules/@angular/core/fesm2022/debug_node.mjs:8170:27)
[1A[2K[31mChrome Headless 139.0.0.0 (Windows 10) BookingPageComponent Component Creation and Basic Properties should have required computed signals FAILED[39m
	TypeError: Cannot read properties of undefined (reading 'subscribe')
	    at new _ConfirmDialog (node_modules/primeng/fesm2022/primeng-confirmdialog.mjs:322:75)
	    at NodeInjectorFactory._ConfirmDialog_Factory [as factory] (ng:///_ConfirmDialog/╔Áfac.js:4:10)
	    at getNodeInjectable (node_modules/@angular/core/fesm2022/debug_node.mjs:1989:44)
	    at instantiateAllDirectives (node_modules/@angular/core/fesm2022/debug_node.mjs:8170:27)
	    at createDirectivesInstances (node_modules/@angular/core/fesm2022/debug_node.mjs:7943:5)
	    at ╔Á╔ÁelementStart (node_modules/@angular/core/fesm2022/debug_node.mjs:22419:9)
	    at PopupDialogComponent2_Template (ng:///PopupDialogComponent2.js:64:9)
	    at executeTemplate (node_modules/@angular/core/fesm2022/debug_node.mjs:7929:9)
	    at renderView (node_modules/@angular/core/fesm2022/debug_node.mjs:8545:13)
	    at renderComponent (node_modules/@angular/core/fesm2022/debug_node.mjs:8490:5)
Chrome Headless 139.0.0.0 (Windows 10): Executed 526 of 1370[31m (151 FAILED)[39m (0 secs / 4.582 secs)
[1A[2KERROR: [36m'Error loading services:', TypeError: this.firebaseServicesService.loadServices is not a function
TypeError: this.firebaseServicesService.loadServices is not a function
    at BookingPageComponent2.<anonymous> (http://localhost:9876/base/spec-booking-page.component.spec.js?c624a9e01a02c8ebbe370933662b77eac395556a:2928:44)
    at Generator.next (<anonymous>)
    at http://localhost:9876/base/chunk-35ENWJA4.js:56:61
    at new ZoneAwarePromise (http://localhost:9876/base/node_modules/zone.js/fesm2015/zone.js:2701:25)
    at __async (http://localhost:9876/base/chunk-35ENWJA4.js:40:10)
    at BookingPageComponent2.loadServices (http://localhost:9876/base/spec-booking-page.component.spec.js?c624a9e01a02c8ebbe370933662b77eac395556a:2925:12)
    at new BookingPageComponent2 (http://localhost:9876/base/spec-booking-page.component.spec.js?c624a9e01a02c8ebbe370933662b77eac395556a:2919:10)
    at NodeInjectorFactory.BookingPageComponent2_Factory [as factory] (ng:///BookingPageComponent2/╔Áfac.js:4:10)
    at getNodeInjectable (http://localhost:9876/base/node_modules/@angular/core/fesm2022/debug_node.mjs:1989:44)
    at instantiateAllDirectives (http://localhost:9876/base/node_modules/@angular/core/fesm2022/debug_node.mjs:8170:27)[39m
Chrome Headless 139.0.0.0 (Windows 10): Executed 526 of 1370[31m (151 FAILED)[39m (0 secs / 4.582 secs)
ERROR: 'Error loading services:', TypeError: this.firebaseServicesService.loadServices is not a function
TypeError: this.firebaseServicesService.loadServices is not a function
    at BookingPageComponent2.<anonymous> (http://localhost:9876/base/spec-booking-page.component.spec.js?c624a9e01a02c8ebbe370933662b77eac395556a:2928:44)
    at Generator.next (<anonymous>)
    at http://localhost:9876/base/chunk-35ENWJA4.js:56:61
    at new ZoneAwarePromise (http://localhost:9876/base/node_modules/zone.js/fesm2015/zone.js:2701:25)
    at __async (http://localhost:9876/base/chunk-35ENWJA4.js:40:10)
    at BookingPageComponent2.loadServices (http://localhost:9876/base/spec-booking-page.component.spec.js?c624a9e01a02c8ebbe370933662b77eac395556a:2925:12)
    at new BookingPageComponent2 (http://localhost:9876/base/spec-booking-page.component.spec.js?c624a9e01a02c8ebbe370933662b77eac395556a:2919:10)
    at NodeInjectorFactory.BookingPageComponent2_Factory [as factory] (ng:///BookingPageComponent2/╔Áfac.js:4:10)
    at getNodeInjectable (http://localhost:9876/base/node_modules/@angular/core/fesm2022/debug_node.mjs:1989:44)
    at instantiateAllDirectives (http://localhost:9876/base/node_modules/@angular/core/fesm2022/debug_node.mjs:8170:27)
[1A[2K[31mChrome Headless 139.0.0.0 (Windows 10) BookingPageComponent Service Integration should use UserService for display name FAILED[39m
	TypeError: Cannot read properties of undefined (reading 'subscribe')
	    at new _ConfirmDialog (node_modules/primeng/fesm2022/primeng-confirmdialog.mjs:322:75)
	    at NodeInjectorFactory._ConfirmDialog_Factory [as factory] (ng:///_ConfirmDialog/╔Áfac.js:4:10)
	    at getNodeInjectable (node_modules/@angular/core/fesm2022/debug_node.mjs:1989:44)
	    at instantiateAllDirectives (node_modules/@angular/core/fesm2022/debug_node.mjs:8170:27)
	    at createDirectivesInstances (node_modules/@angular/core/fesm2022/debug_node.mjs:7943:5)
	    at ╔Á╔ÁelementStart (node_modules/@angular/core/fesm2022/debug_node.mjs:22419:9)
	    at PopupDialogComponent2_Template (ng:///PopupDialogComponent2.js:64:9)
	    at executeTemplate (node_modules/@angular/core/fesm2022/debug_node.mjs:7929:9)
	    at renderView (node_modules/@angular/core/fesm2022/debug_node.mjs:8545:13)
	    at renderComponent (node_modules/@angular/core/fesm2022/debug_node.mjs:8490:5)
Chrome Headless 139.0.0.0 (Windows 10): Executed 527 of 1370[31m (152 FAILED)[39m (0 secs / 4.585 secs)
[1A[2KERROR: [36m'Error loading services:', TypeError: this.firebaseServicesService.loadServices is not a function
TypeError: this.firebaseServicesService.loadServices is not a function
    at BookingPageComponent2.<anonymous> (http://localhost:9876/base/spec-booking-page.component.spec.js?c624a9e01a02c8ebbe370933662b77eac395556a:2928:44)
    at Generator.next (<anonymous>)
    at http://localhost:9876/base/chunk-35ENWJA4.js:56:61
    at new ZoneAwarePromise (http://localhost:9876/base/node_modules/zone.js/fesm2015/zone.js:2701:25)
    at __async (http://localhost:9876/base/chunk-35ENWJA4.js:40:10)
    at BookingPageComponent2.loadServices (http://localhost:9876/base/spec-booking-page.component.spec.js?c624a9e01a02c8ebbe370933662b77eac395556a:2925:12)
    at new BookingPageComponent2 (http://localhost:9876/base/spec-booking-page.component.spec.js?c624a9e01a02c8ebbe370933662b77eac395556a:2919:10)
    at NodeInjectorFactory.BookingPageComponent2_Factory [as factory] (ng:///BookingPageComponent2/╔Áfac.js:4:10)
    at getNodeInjectable (http://localhost:9876/base/node_modules/@angular/core/fesm2022/debug_node.mjs:1989:44)
    at instantiateAllDirectives (http://localhost:9876/base/node_modules/@angular/core/fesm2022/debug_node.mjs:8170:27)[39m
Chrome Headless 139.0.0.0 (Windows 10): Executed 527 of 1370[31m (152 FAILED)[39m (0 secs / 4.585 secs)
ERROR: 'Error loading services:', TypeError: this.firebaseServicesService.loadServices is not a function
TypeError: this.firebaseServicesService.loadServices is not a function
    at BookingPageComponent2.<anonymous> (http://localhost:9876/base/spec-booking-page.component.spec.js?c624a9e01a02c8ebbe370933662b77eac395556a:2928:44)
    at Generator.next (<anonymous>)
    at http://localhost:9876/base/chunk-35ENWJA4.js:56:61
    at new ZoneAwarePromise (http://localhost:9876/base/node_modules/zone.js/fesm2015/zone.js:2701:25)
    at __async (http://localhost:9876/base/chunk-35ENWJA4.js:40:10)
    at BookingPageComponent2.loadServices (http://localhost:9876/base/spec-booking-page.component.spec.js?c624a9e01a02c8ebbe370933662b77eac395556a:2925:12)
    at new BookingPageComponent2 (http://localhost:9876/base/spec-booking-page.component.spec.js?c624a9e01a02c8ebbe370933662b77eac395556a:2919:10)
    at NodeInjectorFactory.BookingPageComponent2_Factory [as factory] (ng:///BookingPageComponent2/╔Áfac.js:4:10)
    at getNodeInjectable (http://localhost:9876/base/node_modules/@angular/core/fesm2022/debug_node.mjs:1989:44)
    at instantiateAllDirectives (http://localhost:9876/base/node_modules/@angular/core/fesm2022/debug_node.mjs:8170:27)
[1A[2K[31mChrome Headless 139.0.0.0 (Windows 10) BookingPageComponent Service Integration should use AuthService for user information FAILED[39m
	TypeError: Cannot read properties of undefined (reading 'subscribe')
	    at new _ConfirmDialog (node_modules/primeng/fesm2022/primeng-confirmdialog.mjs:322:75)
	    at NodeInjectorFactory._ConfirmDialog_Factory [as factory] (ng:///_ConfirmDialog/╔Áfac.js:4:10)
	    at getNodeInjectable (node_modules/@angular/core/fesm2022/debug_node.mjs:1989:44)
	    at instantiateAllDirectives (node_modules/@angular/core/fesm2022/debug_node.mjs:8170:27)
	    at createDirectivesInstances (node_modules/@angular/core/fesm2022/debug_node.mjs:7943:5)
	    at ╔Á╔ÁelementStart (node_modules/@angular/core/fesm2022/debug_node.mjs:22419:9)
	    at PopupDialogComponent2_Template (ng:///PopupDialogComponent2.js:64:9)
	    at executeTemplate (node_modules/@angular/core/fesm2022/debug_node.mjs:7929:9)
	    at renderView (node_modules/@angular/core/fesm2022/debug_node.mjs:8545:13)
	    at renderComponent (node_modules/@angular/core/fesm2022/debug_node.mjs:8490:5)
Chrome Headless 139.0.0.0 (Windows 10): Executed 528 of 1370[31m (153 FAILED)[39m (0 secs / 4.588 secs)
[1A[2KERROR: [36m'Error loading services:', TypeError: this.firebaseServicesService.loadServices is not a function
TypeError: this.firebaseServicesService.loadServices is not a function
    at BookingPageComponent2.<anonymous> (http://localhost:9876/base/spec-booking-page.component.spec.js?c624a9e01a02c8ebbe370933662b77eac395556a:2928:44)
    at Generator.next (<anonymous>)
    at http://localhost:9876/base/chunk-35ENWJA4.js:56:61
    at new ZoneAwarePromise (http://localhost:9876/base/node_modules/zone.js/fesm2015/zone.js:2701:25)
    at __async (http://localhost:9876/base/chunk-35ENWJA4.js:40:10)
    at BookingPageComponent2.loadServices (http://localhost:9876/base/spec-booking-page.component.spec.js?c624a9e01a02c8ebbe370933662b77eac395556a:2925:12)
    at new BookingPageComponent2 (http://localhost:9876/base/spec-booking-page.component.spec.js?c624a9e01a02c8ebbe370933662b77eac395556a:2919:10)
    at NodeInjectorFactory.BookingPageComponent2_Factory [as factory] (ng:///BookingPageComponent2/╔Áfac.js:4:10)
    at getNodeInjectable (http://localhost:9876/base/node_modules/@angular/core/fesm2022/debug_node.mjs:1989:44)
    at instantiateAllDirectives (http://localhost:9876/base/node_modules/@angular/core/fesm2022/debug_node.mjs:8170:27)[39m
Chrome Headless 139.0.0.0 (Windows 10): Executed 528 of 1370[31m (153 FAILED)[39m (0 secs / 4.588 secs)
ERROR: 'Error loading services:', TypeError: this.firebaseServicesService.loadServices is not a function
TypeError: this.firebaseServicesService.loadServices is not a function
    at BookingPageComponent2.<anonymous> (http://localhost:9876/base/spec-booking-page.component.spec.js?c624a9e01a02c8ebbe370933662b77eac395556a:2928:44)
    at Generator.next (<anonymous>)
    at http://localhost:9876/base/chunk-35ENWJA4.js:56:61
    at new ZoneAwarePromise (http://localhost:9876/base/node_modules/zone.js/fesm2015/zone.js:2701:25)
    at __async (http://localhost:9876/base/chunk-35ENWJA4.js:40:10)
    at BookingPageComponent2.loadServices (http://localhost:9876/base/spec-booking-page.component.spec.js?c624a9e01a02c8ebbe370933662b77eac395556a:2925:12)
    at new BookingPageComponent2 (http://localhost:9876/base/spec-booking-page.component.spec.js?c624a9e01a02c8ebbe370933662b77eac395556a:2919:10)
    at NodeInjectorFactory.BookingPageComponent2_Factory [as factory] (ng:///BookingPageComponent2/╔Áfac.js:4:10)
    at getNodeInjectable (http://localhost:9876/base/node_modules/@angular/core/fesm2022/debug_node.mjs:1989:44)
    at instantiateAllDirectives (http://localhost:9876/base/node_modules/@angular/core/fesm2022/debug_node.mjs:8170:27)
[1A[2K[31mChrome Headless 139.0.0.0 (Windows 10) BookingPageComponent Service Integration should use ResponsiveService for mobile detection FAILED[39m
	TypeError: Cannot read properties of undefined (reading 'subscribe')
	    at new _ConfirmDialog (node_modules/primeng/fesm2022/primeng-confirmdialog.mjs:322:75)
	    at NodeInjectorFactory._ConfirmDialog_Factory [as factory] (ng:///_ConfirmDialog/╔Áfac.js:4:10)
	    at getNodeInjectable (node_modules/@angular/core/fesm2022/debug_node.mjs:1989:44)
	    at instantiateAllDirectives (node_modules/@angular/core/fesm2022/debug_node.mjs:8170:27)
	    at createDirectivesInstances (node_modules/@angular/core/fesm2022/debug_node.mjs:7943:5)
	    at ╔Á╔ÁelementStart (node_modules/@angular/core/fesm2022/debug_node.mjs:22419:9)
	    at PopupDialogComponent2_Template (ng:///PopupDialogComponent2.js:64:9)
	    at executeTemplate (node_modules/@angular/core/fesm2022/debug_node.mjs:7929:9)
	    at renderView (node_modules/@angular/core/fesm2022/debug_node.mjs:8545:13)
	    at renderComponent (node_modules/@angular/core/fesm2022/debug_node.mjs:8490:5)
Chrome Headless 139.0.0.0 (Windows 10): Executed 529 of 1370[31m (154 FAILED)[39m (0 secs / 4.591 secs)
[1A[2KERROR: [36m'Error loading services:', TypeError: this.firebaseServicesService.loadServices is not a function
TypeError: this.firebaseServicesService.loadServices is not a function
    at BookingPageComponent2.<anonymous> (http://localhost:9876/base/spec-booking-page.component.spec.js?c624a9e01a02c8ebbe370933662b77eac395556a:2928:44)
    at Generator.next (<anonymous>)
    at http://localhost:9876/base/chunk-35ENWJA4.js:56:61
    at new ZoneAwarePromise (http://localhost:9876/base/node_modules/zone.js/fesm2015/zone.js:2701:25)
    at __async (http://localhost:9876/base/chunk-35ENWJA4.js:40:10)
    at BookingPageComponent2.loadServices (http://localhost:9876/base/spec-booking-page.component.spec.js?c624a9e01a02c8ebbe370933662b77eac395556a:2925:12)
    at new BookingPageComponent2 (http://localhost:9876/base/spec-booking-page.component.spec.js?c624a9e01a02c8ebbe370933662b77eac395556a:2919:10)
    at NodeInjectorFactory.BookingPageComponent2_Factory [as factory] (ng:///BookingPageComponent2/╔Áfac.js:4:10)
    at getNodeInjectable (http://localhost:9876/base/node_modules/@angular/core/fesm2022/debug_node.mjs:1989:44)
    at instantiateAllDirectives (http://localhost:9876/base/node_modules/@angular/core/fesm2022/debug_node.mjs:8170:27)[39m
Chrome Headless 139.0.0.0 (Windows 10): Executed 529 of 1370[31m (154 FAILED)[39m (0 secs / 4.591 secs)
ERROR: 'Error loading services:', TypeError: this.firebaseServicesService.loadServices is not a function
TypeError: this.firebaseServicesService.loadServices is not a function
    at BookingPageComponent2.<anonymous> (http://localhost:9876/base/spec-booking-page.component.spec.js?c624a9e01a02c8ebbe370933662b77eac395556a:2928:44)
    at Generator.next (<anonymous>)
    at http://localhost:9876/base/chunk-35ENWJA4.js:56:61
    at new ZoneAwarePromise (http://localhost:9876/base/node_modules/zone.js/fesm2015/zone.js:2701:25)
    at __async (http://localhost:9876/base/chunk-35ENWJA4.js:40:10)
    at BookingPageComponent2.loadServices (http://localhost:9876/base/spec-booking-page.component.spec.js?c624a9e01a02c8ebbe370933662b77eac395556a:2925:12)
    at new BookingPageComponent2 (http://localhost:9876/base/spec-booking-page.component.spec.js?c624a9e01a02c8ebbe370933662b77eac395556a:2919:10)
    at NodeInjectorFactory.BookingPageComponent2_Factory [as factory] (ng:///BookingPageComponent2/╔Áfac.js:4:10)
    at getNodeInjectable (http://localhost:9876/base/node_modules/@angular/core/fesm2022/debug_node.mjs:1989:44)
    at instantiateAllDirectives (http://localhost:9876/base/node_modules/@angular/core/fesm2022/debug_node.mjs:8170:27)
[1A[2K[31mChrome Headless 139.0.0.0 (Windows 10) BookingPageComponent Service Integration should use ToastService for notifications FAILED[39m
	TypeError: Cannot read properties of undefined (reading 'subscribe')
	    at new _ConfirmDialog (node_modules/primeng/fesm2022/primeng-confirmdialog.mjs:322:75)
	    at NodeInjectorFactory._ConfirmDialog_Factory [as factory] (ng:///_ConfirmDialog/╔Áfac.js:4:10)
	    at getNodeInjectable (node_modules/@angular/core/fesm2022/debug_node.mjs:1989:44)
	    at instantiateAllDirectives (node_modules/@angular/core/fesm2022/debug_node.mjs:8170:27)
	    at createDirectivesInstances (node_modules/@angular/core/fesm2022/debug_node.mjs:7943:5)
	    at ╔Á╔ÁelementStart (node_modules/@angular/core/fesm2022/debug_node.mjs:22419:9)
	    at PopupDialogComponent2_Template (ng:///PopupDialogComponent2.js:64:9)
	    at executeTemplate (node_modules/@angular/core/fesm2022/debug_node.mjs:7929:9)
	    at renderView (node_modules/@angular/core/fesm2022/debug_node.mjs:8545:13)
	    at renderComponent (node_modules/@angular/core/fesm2022/debug_node.mjs:8490:5)
Chrome Headless 139.0.0.0 (Windows 10): Executed 530 of 1370[31m (155 FAILED)[39m (0 secs / 4.594 secs)
[1A[2KERROR: [36m'Error loading services:', TypeError: this.firebaseServicesService.loadServices is not a function
TypeError: this.firebaseServicesService.loadServices is not a function
    at BookingPageComponent2.<anonymous> (http://localhost:9876/base/spec-booking-page.component.spec.js?c624a9e01a02c8ebbe370933662b77eac395556a:2928:44)
    at Generator.next (<anonymous>)
    at http://localhost:9876/base/chunk-35ENWJA4.js:56:61
    at new ZoneAwarePromise (http://localhost:9876/base/node_modules/zone.js/fesm2015/zone.js:2701:25)
    at __async (http://localhost:9876/base/chunk-35ENWJA4.js:40:10)
    at BookingPageComponent2.loadServices (http://localhost:9876/base/spec-booking-page.component.spec.js?c624a9e01a02c8ebbe370933662b77eac395556a:2925:12)
    at new BookingPageComponent2 (http://localhost:9876/base/spec-booking-page.component.spec.js?c624a9e01a02c8ebbe370933662b77eac395556a:2919:10)
    at NodeInjectorFactory.BookingPageComponent2_Factory [as factory] (ng:///BookingPageComponent2/╔Áfac.js:4:10)
    at getNodeInjectable (http://localhost:9876/base/node_modules/@angular/core/fesm2022/debug_node.mjs:1989:44)
    at instantiateAllDirectives (http://localhost:9876/base/node_modules/@angular/core/fesm2022/debug_node.mjs:8170:27)[39m
Chrome Headless 139.0.0.0 (Windows 10): Executed 530 of 1370[31m (155 FAILED)[39m (0 secs / 4.594 secs)
ERROR: 'Error loading services:', TypeError: this.firebaseServicesService.loadServices is not a function
TypeError: this.firebaseServicesService.loadServices is not a function
    at BookingPageComponent2.<anonymous> (http://localhost:9876/base/spec-booking-page.component.spec.js?c624a9e01a02c8ebbe370933662b77eac395556a:2928:44)
    at Generator.next (<anonymous>)
    at http://localhost:9876/base/chunk-35ENWJA4.js:56:61
    at new ZoneAwarePromise (http://localhost:9876/base/node_modules/zone.js/fesm2015/zone.js:2701:25)
    at __async (http://localhost:9876/base/chunk-35ENWJA4.js:40:10)
    at BookingPageComponent2.loadServices (http://localhost:9876/base/spec-booking-page.component.spec.js?c624a9e01a02c8ebbe370933662b77eac395556a:2925:12)
    at new BookingPageComponent2 (http://localhost:9876/base/spec-booking-page.component.spec.js?c624a9e01a02c8ebbe370933662b77eac395556a:2919:10)
    at NodeInjectorFactory.BookingPageComponent2_Factory [as factory] (ng:///BookingPageComponent2/╔Áfac.js:4:10)
    at getNodeInjectable (http://localhost:9876/base/node_modules/@angular/core/fesm2022/debug_node.mjs:1989:44)
    at instantiateAllDirectives (http://localhost:9876/base/node_modules/@angular/core/fesm2022/debug_node.mjs:8170:27)
[1A[2K[31mChrome Headless 139.0.0.0 (Windows 10) BookingPageComponent Service Integration should use ServicesService for loading services FAILED[39m
	TypeError: Cannot read properties of undefined (reading 'subscribe')
	    at new _ConfirmDialog (node_modules/primeng/fesm2022/primeng-confirmdialog.mjs:322:75)
	    at NodeInjectorFactory._ConfirmDialog_Factory [as factory] (ng:///_ConfirmDialog/╔Áfac.js:4:10)
	    at getNodeInjectable (node_modules/@angular/core/fesm2022/debug_node.mjs:1989:44)
	    at instantiateAllDirectives (node_modules/@angular/core/fesm2022/debug_node.mjs:8170:27)
	    at createDirectivesInstances (node_modules/@angular/core/fesm2022/debug_node.mjs:7943:5)
	    at ╔Á╔ÁelementStart (node_modules/@angular/core/fesm2022/debug_node.mjs:22419:9)
	    at PopupDialogComponent2_Template (ng:///PopupDialogComponent2.js:64:9)
	    at executeTemplate (node_modules/@angular/core/fesm2022/debug_node.mjs:7929:9)
	    at renderView (node_modules/@angular/core/fesm2022/debug_node.mjs:8545:13)
	    at renderComponent (node_modules/@angular/core/fesm2022/debug_node.mjs:8490:5)
Chrome Headless 139.0.0.0 (Windows 10): Executed 531 of 1370[31m (156 FAILED)[39m (0 secs / 4.597 secs)
[1A[2KERROR: [36m'Error loading services:', TypeError: this.firebaseServicesService.loadServices is not a function
TypeError: this.firebaseServicesService.loadServices is not a function
    at BookingPageComponent2.<anonymous> (http://localhost:9876/base/spec-booking-page.component.spec.js?c624a9e01a02c8ebbe370933662b77eac395556a:2928:44)
    at Generator.next (<anonymous>)
    at http://localhost:9876/base/chunk-35ENWJA4.js:56:61
    at new ZoneAwarePromise (http://localhost:9876/base/node_modules/zone.js/fesm2015/zone.js:2701:25)
    at __async (http://localhost:9876/base/chunk-35ENWJA4.js:40:10)
    at BookingPageComponent2.loadServices (http://localhost:9876/base/spec-booking-page.component.spec.js?c624a9e01a02c8ebbe370933662b77eac395556a:2925:12)
    at new BookingPageComponent2 (http://localhost:9876/base/spec-booking-page.component.spec.js?c624a9e01a02c8ebbe370933662b77eac395556a:2919:10)
    at NodeInjectorFactory.BookingPageComponent2_Factory [as factory] (ng:///BookingPageComponent2/╔Áfac.js:4:10)
    at getNodeInjectable (http://localhost:9876/base/node_modules/@angular/core/fesm2022/debug_node.mjs:1989:44)
    at instantiateAllDirectives (http://localhost:9876/base/node_modules/@angular/core/fesm2022/debug_node.mjs:8170:27)[39m
Chrome Headless 139.0.0.0 (Windows 10): Executed 531 of 1370[31m (156 FAILED)[39m (0 secs / 4.597 secs)
ERROR: 'Error loading services:', TypeError: this.firebaseServicesService.loadServices is not a function
TypeError: this.firebaseServicesService.loadServices is not a function
    at BookingPageComponent2.<anonymous> (http://localhost:9876/base/spec-booking-page.component.spec.js?c624a9e01a02c8ebbe370933662b77eac395556a:2928:44)
    at Generator.next (<anonymous>)
    at http://localhost:9876/base/chunk-35ENWJA4.js:56:61
    at new ZoneAwarePromise (http://localhost:9876/base/node_modules/zone.js/fesm2015/zone.js:2701:25)
    at __async (http://localhost:9876/base/chunk-35ENWJA4.js:40:10)
    at BookingPageComponent2.loadServices (http://localhost:9876/base/spec-booking-page.component.spec.js?c624a9e01a02c8ebbe370933662b77eac395556a:2925:12)
    at new BookingPageComponent2 (http://localhost:9876/base/spec-booking-page.component.spec.js?c624a9e01a02c8ebbe370933662b77eac395556a:2919:10)
    at NodeInjectorFactory.BookingPageComponent2_Factory [as factory] (ng:///BookingPageComponent2/╔Áfac.js:4:10)
    at getNodeInjectable (http://localhost:9876/base/node_modules/@angular/core/fesm2022/debug_node.mjs:1989:44)
    at instantiateAllDirectives (http://localhost:9876/base/node_modules/@angular/core/fesm2022/debug_node.mjs:8170:27)
[1A[2K[31mChrome Headless 139.0.0.0 (Windows 10) BookingPageComponent Service Integration should use FirebaseServicesService for services FAILED[39m
	TypeError: Cannot read properties of undefined (reading 'subscribe')
	    at new _ConfirmDialog (node_modules/primeng/fesm2022/primeng-confirmdialog.mjs:322:75)
	    at NodeInjectorFactory._ConfirmDialog_Factory [as factory] (ng:///_ConfirmDialog/╔Áfac.js:4:10)
	    at getNodeInjectable (node_modules/@angular/core/fesm2022/debug_node.mjs:1989:44)
	    at instantiateAllDirectives (node_modules/@angular/core/fesm2022/debug_node.mjs:8170:27)
	    at createDirectivesInstances (node_modules/@angular/core/fesm2022/debug_node.mjs:7943:5)
	    at ╔Á╔ÁelementStart (node_modules/@angular/core/fesm2022/debug_node.mjs:22419:9)
	    at PopupDialogComponent2_Template (ng:///PopupDialogComponent2.js:64:9)
	    at executeTemplate (node_modules/@angular/core/fesm2022/debug_node.mjs:7929:9)
	    at renderView (node_modules/@angular/core/fesm2022/debug_node.mjs:8545:13)
	    at renderComponent (node_modules/@angular/core/fesm2022/debug_node.mjs:8490:5)
Chrome Headless 139.0.0.0 (Windows 10): Executed 532 of 1370[31m (157 FAILED)[39m (0 secs / 4.6 secs)
[1A[2KERROR: [36m'Error loading services:', TypeError: this.firebaseServicesService.loadServices is not a function
TypeError: this.firebaseServicesService.loadServices is not a function
    at BookingPageComponent2.<anonymous> (http://localhost:9876/base/spec-booking-page.component.spec.js?c624a9e01a02c8ebbe370933662b77eac395556a:2928:44)
    at Generator.next (<anonymous>)
    at http://localhost:9876/base/chunk-35ENWJA4.js:56:61
    at new ZoneAwarePromise (http://localhost:9876/base/node_modules/zone.js/fesm2015/zone.js:2701:25)
    at __async (http://localhost:9876/base/chunk-35ENWJA4.js:40:10)
    at BookingPageComponent2.loadServices (http://localhost:9876/base/spec-booking-page.component.spec.js?c624a9e01a02c8ebbe370933662b77eac395556a:2925:12)
    at new BookingPageComponent2 (http://localhost:9876/base/spec-booking-page.component.spec.js?c624a9e01a02c8ebbe370933662b77eac395556a:2919:10)
    at NodeInjectorFactory.BookingPageComponent2_Factory [as factory] (ng:///BookingPageComponent2/╔Áfac.js:4:10)
    at getNodeInjectable (http://localhost:9876/base/node_modules/@angular/core/fesm2022/debug_node.mjs:1989:44)
    at instantiateAllDirectives (http://localhost:9876/base/node_modules/@angular/core/fesm2022/debug_node.mjs:8170:27)[39m
Chrome Headless 139.0.0.0 (Windows 10): Executed 532 of 1370[31m (157 FAILED)[39m (0 secs / 4.6 secs)
ERROR: 'Error loading services:', TypeError: this.firebaseServicesService.loadServices is not a function
TypeError: this.firebaseServicesService.loadServices is not a function
    at BookingPageComponent2.<anonymous> (http://localhost:9876/base/spec-booking-page.component.spec.js?c624a9e01a02c8ebbe370933662b77eac395556a:2928:44)
    at Generator.next (<anonymous>)
    at http://localhost:9876/base/chunk-35ENWJA4.js:56:61
    at new ZoneAwarePromise (http://localhost:9876/base/node_modules/zone.js/fesm2015/zone.js:2701:25)
    at __async (http://localhost:9876/base/chunk-35ENWJA4.js:40:10)
    at BookingPageComponent2.loadServices (http://localhost:9876/base/spec-booking-page.component.spec.js?c624a9e01a02c8ebbe370933662b77eac395556a:2925:12)
    at new BookingPageComponent2 (http://localhost:9876/base/spec-booking-page.component.spec.js?c624a9e01a02c8ebbe370933662b77eac395556a:2919:10)
    at NodeInjectorFactory.BookingPageComponent2_Factory [as factory] (ng:///BookingPageComponent2/╔Áfac.js:4:10)
    at getNodeInjectable (http://localhost:9876/base/node_modules/@angular/core/fesm2022/debug_node.mjs:1989:44)
    at instantiateAllDirectives (http://localhost:9876/base/node_modules/@angular/core/fesm2022/debug_node.mjs:8170:27)
[1A[2K[31mChrome Headless 139.0.0.0 (Windows 10) BookingPageComponent Service Integration should use Router for navigation FAILED[39m
	TypeError: Cannot read properties of undefined (reading 'subscribe')
	    at new _ConfirmDialog (node_modules/primeng/fesm2022/primeng-confirmdialog.mjs:322:75)
	    at NodeInjectorFactory._ConfirmDialog_Factory [as factory] (ng:///_ConfirmDialog/╔Áfac.js:4:10)
	    at getNodeInjectable (node_modules/@angular/core/fesm2022/debug_node.mjs:1989:44)
	    at instantiateAllDirectives (node_modules/@angular/core/fesm2022/debug_node.mjs:8170:27)
	    at createDirectivesInstances (node_modules/@angular/core/fesm2022/debug_node.mjs:7943:5)
	    at ╔Á╔ÁelementStart (node_modules/@angular/core/fesm2022/debug_node.mjs:22419:9)
	    at PopupDialogComponent2_Template (ng:///PopupDialogComponent2.js:64:9)
	    at executeTemplate (node_modules/@angular/core/fesm2022/debug_node.mjs:7929:9)
	    at renderView (node_modules/@angular/core/fesm2022/debug_node.mjs:8545:13)
	    at renderComponent (node_modules/@angular/core/fesm2022/debug_node.mjs:8490:5)
Chrome Headless 139.0.0.0 (Windows 10): Executed 533 of 1370[31m (158 FAILED)[39m (0 secs / 4.603 secs)
[1A[2KERROR: [36m'Error loading services:', TypeError: this.firebaseServicesService.loadServices is not a function
TypeError: this.firebaseServicesService.loadServices is not a function
    at BookingPageComponent2.<anonymous> (http://localhost:9876/base/spec-booking-page.component.spec.js?c624a9e01a02c8ebbe370933662b77eac395556a:2928:44)
    at Generator.next (<anonymous>)
    at http://localhost:9876/base/chunk-35ENWJA4.js:56:61
    at new ZoneAwarePromise (http://localhost:9876/base/node_modules/zone.js/fesm2015/zone.js:2701:25)
    at __async (http://localhost:9876/base/chunk-35ENWJA4.js:40:10)
    at BookingPageComponent2.loadServices (http://localhost:9876/base/spec-booking-page.component.spec.js?c624a9e01a02c8ebbe370933662b77eac395556a:2925:12)
    at new BookingPageComponent2 (http://localhost:9876/base/spec-booking-page.component.spec.js?c624a9e01a02c8ebbe370933662b77eac395556a:2919:10)
    at NodeInjectorFactory.BookingPageComponent2_Factory [as factory] (ng:///BookingPageComponent2/╔Áfac.js:4:10)
    at getNodeInjectable (http://localhost:9876/base/node_modules/@angular/core/fesm2022/debug_node.mjs:1989:44)
    at instantiateAllDirectives (http://localhost:9876/base/node_modules/@angular/core/fesm2022/debug_node.mjs:8170:27)[39m
Chrome Headless 139.0.0.0 (Windows 10): Executed 533 of 1370[31m (158 FAILED)[39m (0 secs / 4.603 secs)
ERROR: 'Error loading services:', TypeError: this.firebaseServicesService.loadServices is not a function
TypeError: this.firebaseServicesService.loadServices is not a function
    at BookingPageComponent2.<anonymous> (http://localhost:9876/base/spec-booking-page.component.spec.js?c624a9e01a02c8ebbe370933662b77eac395556a:2928:44)
    at Generator.next (<anonymous>)
    at http://localhost:9876/base/chunk-35ENWJA4.js:56:61
    at new ZoneAwarePromise (http://localhost:9876/base/node_modules/zone.js/fesm2015/zone.js:2701:25)
    at __async (http://localhost:9876/base/chunk-35ENWJA4.js:40:10)
    at BookingPageComponent2.loadServices (http://localhost:9876/base/spec-booking-page.component.spec.js?c624a9e01a02c8ebbe370933662b77eac395556a:2925:12)
    at new BookingPageComponent2 (http://localhost:9876/base/spec-booking-page.component.spec.js?c624a9e01a02c8ebbe370933662b77eac395556a:2919:10)
    at NodeInjectorFactory.BookingPageComponent2_Factory [as factory] (ng:///BookingPageComponent2/╔Áfac.js:4:10)
    at getNodeInjectable (http://localhost:9876/base/node_modules/@angular/core/fesm2022/debug_node.mjs:1989:44)
    at instantiateAllDirectives (http://localhost:9876/base/node_modules/@angular/core/fesm2022/debug_node.mjs:8170:27)
[1A[2K[31mChrome Headless 139.0.0.0 (Windows 10) BookingPageComponent Mobile Responsiveness should detect desktop devices FAILED[39m
	TypeError: Cannot read properties of undefined (reading 'subscribe')
	    at new _ConfirmDialog (node_modules/primeng/fesm2022/primeng-confirmdialog.mjs:322:75)
	    at NodeInjectorFactory._ConfirmDialog_Factory [as factory] (ng:///_ConfirmDialog/╔Áfac.js:4:10)
	    at getNodeInjectable (node_modules/@angular/core/fesm2022/debug_node.mjs:1989:44)
	    at instantiateAllDirectives (node_modules/@angular/core/fesm2022/debug_node.mjs:8170:27)
	    at createDirectivesInstances (node_modules/@angular/core/fesm2022/debug_node.mjs:7943:5)
	    at ╔Á╔ÁelementStart (node_modules/@angular/core/fesm2022/debug_node.mjs:22419:9)
	    at PopupDialogComponent2_Template (ng:///PopupDialogComponent2.js:64:9)
	    at executeTemplate (node_modules/@angular/core/fesm2022/debug_node.mjs:7929:9)
	    at renderView (node_modules/@angular/core/fesm2022/debug_node.mjs:8545:13)
	    at renderComponent (node_modules/@angular/core/fesm2022/debug_node.mjs:8490:5)
Chrome Headless 139.0.0.0 (Windows 10): Executed 534 of 1370[31m (159 FAILED)[39m (0 secs / 4.607 secs)
[1A[2KERROR: [36m'Error loading services:', TypeError: this.firebaseServicesService.loadServices is not a function
TypeError: this.firebaseServicesService.loadServices is not a function
    at BookingPageComponent2.<anonymous> (http://localhost:9876/base/spec-booking-page.component.spec.js?c624a9e01a02c8ebbe370933662b77eac395556a:2928:44)
    at Generator.next (<anonymous>)
    at http://localhost:9876/base/chunk-35ENWJA4.js:56:61
    at new ZoneAwarePromise (http://localhost:9876/base/node_modules/zone.js/fesm2015/zone.js:2701:25)
    at __async (http://localhost:9876/base/chunk-35ENWJA4.js:40:10)
    at BookingPageComponent2.loadServices (http://localhost:9876/base/spec-booking-page.component.spec.js?c624a9e01a02c8ebbe370933662b77eac395556a:2925:12)
    at new BookingPageComponent2 (http://localhost:9876/base/spec-booking-page.component.spec.js?c624a9e01a02c8ebbe370933662b77eac395556a:2919:10)
    at NodeInjectorFactory.BookingPageComponent2_Factory [as factory] (ng:///BookingPageComponent2/╔Áfac.js:4:10)
    at getNodeInjectable (http://localhost:9876/base/node_modules/@angular/core/fesm2022/debug_node.mjs:1989:44)
    at instantiateAllDirectives (http://localhost:9876/base/node_modules/@angular/core/fesm2022/debug_node.mjs:8170:27)[39m
Chrome Headless 139.0.0.0 (Windows 10): Executed 534 of 1370[31m (159 FAILED)[39m (0 secs / 4.607 secs)
ERROR: 'Error loading services:', TypeError: this.firebaseServicesService.loadServices is not a function
TypeError: this.firebaseServicesService.loadServices is not a function
    at BookingPageComponent2.<anonymous> (http://localhost:9876/base/spec-booking-page.component.spec.js?c624a9e01a02c8ebbe370933662b77eac395556a:2928:44)
    at Generator.next (<anonymous>)
    at http://localhost:9876/base/chunk-35ENWJA4.js:56:61
    at new ZoneAwarePromise (http://localhost:9876/base/node_modules/zone.js/fesm2015/zone.js:2701:25)
    at __async (http://localhost:9876/base/chunk-35ENWJA4.js:40:10)
    at BookingPageComponent2.loadServices (http://localhost:9876/base/spec-booking-page.component.spec.js?c624a9e01a02c8ebbe370933662b77eac395556a:2925:12)
    at new BookingPageComponent2 (http://localhost:9876/base/spec-booking-page.component.spec.js?c624a9e01a02c8ebbe370933662b77eac395556a:2919:10)
    at NodeInjectorFactory.BookingPageComponent2_Factory [as factory] (ng:///BookingPageComponent2/╔Áfac.js:4:10)
    at getNodeInjectable (http://localhost:9876/base/node_modules/@angular/core/fesm2022/debug_node.mjs:1989:44)
    at instantiateAllDirectives (http://localhost:9876/base/node_modules/@angular/core/fesm2022/debug_node.mjs:8170:27)
[1A[2K[31mChrome Headless 139.0.0.0 (Windows 10) BookingPageComponent Mobile Responsiveness should detect mobile devices FAILED[39m
	TypeError: Cannot read properties of undefined (reading 'subscribe')
	    at new _ConfirmDialog (node_modules/primeng/fesm2022/primeng-confirmdialog.mjs:322:75)
	    at NodeInjectorFactory._ConfirmDialog_Factory [as factory] (ng:///_ConfirmDialog/╔Áfac.js:4:10)
	    at getNodeInjectable (node_modules/@angular/core/fesm2022/debug_node.mjs:1989:44)
	    at instantiateAllDirectives (node_modules/@angular/core/fesm2022/debug_node.mjs:8170:27)
	    at createDirectivesInstances (node_modules/@angular/core/fesm2022/debug_node.mjs:7943:5)
	    at ╔Á╔ÁelementStart (node_modules/@angular/core/fesm2022/debug_node.mjs:22419:9)
	    at PopupDialogComponent2_Template (ng:///PopupDialogComponent2.js:64:9)
	    at executeTemplate (node_modules/@angular/core/fesm2022/debug_node.mjs:7929:9)
	    at renderView (node_modules/@angular/core/fesm2022/debug_node.mjs:8545:13)
	    at renderComponent (node_modules/@angular/core/fesm2022/debug_node.mjs:8490:5)
Chrome Headless 139.0.0.0 (Windows 10): Executed 535 of 1370[31m (160 FAILED)[39m (0 secs / 4.611 secs)
[1A[2KChrome Headless 139.0.0.0 (Windows 10): Executed 536 of 1370[31m (160 FAILED)[39m (0 secs / 4.626 secs)
[1A[2KChrome Headless 139.0.0.0 (Windows 10): Executed 537 of 1370[31m (160 FAILED)[39m (0 secs / 4.633 secs)
[1A[2KChrome Headless 139.0.0.0 (Windows 10): Executed 538 of 1370[31m (160 FAILED)[39m (0 secs / 4.64 secs)
[1A[2KChrome Headless 139.0.0.0 (Windows 10): Executed 539 of 1370[31m (160 FAILED)[39m (0 secs / 4.646 secs)
[1A[2KChrome Headless 139.0.0.0 (Windows 10): Executed 540 of 1370[31m (160 FAILED)[39m (0 secs / 4.652 secs)
[1A[2KChrome Headless 139.0.0.0 (Windows 10): Executed 541 of 1370[31m (160 FAILED)[39m (0 secs / 4.663 secs)
[1A[2KChrome Headless 139.0.0.0 (Windows 10): Executed 542 of 1370[31m (160 FAILED)[39m (0 secs / 4.669 secs)
[1A[2KChrome Headless 139.0.0.0 (Windows 10): Executed 543 of 1370[31m (160 FAILED)[39m (0 secs / 4.675 secs)
[1A[2KChrome Headless 139.0.0.0 (Windows 10): Executed 544 of 1370[31m (160 FAILED)[39m (0 secs / 4.681 secs)
[1A[2KChrome Headless 139.0.0.0 (Windows 10): Executed 545 of 1370[31m (160 FAILED)[39m (0 secs / 4.687 secs)
[1A[2KChrome Headless 139.0.0.0 (Windows 10): Executed 546 of 1370[31m (160 FAILED)[39m (0 secs / 4.692 secs)
[1A[2KChrome Headless 139.0.0.0 (Windows 10): Executed 547 of 1370[31m (160 FAILED)[39m (0 secs / 4.697 secs)
[1A[2KChrome Headless 139.0.0.0 (Windows 10): Executed 548 of 1370[31m (160 FAILED)[39m (0 secs / 4.702 secs)
[1A[2KChrome Headless 139.0.0.0 (Windows 10): Executed 549 of 1370[31m (160 FAILED)[39m (0 secs / 4.708 secs)
[1A[2KChrome Headless 139.0.0.0 (Windows 10): Executed 550 of 1370[31m (160 FAILED)[39m (0 secs / 4.714 secs)
[1A[2KChrome Headless 139.0.0.0 (Windows 10): Executed 551 of 1370[31m (160 FAILED)[39m (0 secs / 4.72 secs)
[1A[2KChrome Headless 139.0.0.0 (Windows 10): Executed 552 of 1370[31m (160 FAILED)[39m (0 secs / 4.726 secs)
[1A[2KChrome Headless 139.0.0.0 (Windows 10): Executed 553 of 1370[31m (160 FAILED)[39m (0 secs / 4.732 secs)
[1A[2KChrome Headless 139.0.0.0 (Windows 10): Executed 554 of 1370[31m (160 FAILED)[39m (0 secs / 4.738 secs)
[1A[2KChrome Headless 139.0.0.0 (Windows 10): Executed 555 of 1370[31m (160 FAILED)[39m (0 secs / 4.743 secs)
[1A[2KChrome Headless 139.0.0.0 (Windows 10): Executed 556 of 1370[31m (160 FAILED)[39m (0 secs / 4.749 secs)
[1A[2KChrome Headless 139.0.0.0 (Windows 10): Executed 557 of 1370[31m (160 FAILED)[39m (0 secs / 4.761 secs)
[1A[2KChrome Headless 139.0.0.0 (Windows 10): Executed 558 of 1370[31m (160 FAILED)[39m (0 secs / 4.768 secs)
[1A[2K[31mChrome Headless 139.0.0.0 (Windows 10) ToastDemoComponent should be a standalone component FAILED[39m
	Expected 'ToastDemoComponent2' to be 'ToastDemoComponent'.
	    at <Jasmine>
	    at UserContext.<anonymous> (spec-toast-demo.component.spec.js:787:40)
	    at _ZoneDelegate.invoke (node_modules/zone.js/fesm2015/zone.js:398:28)
	    at _ProxyZoneSpec.onInvoke (node_modules/zone.js/fesm2015/zone-testing.js:2132:39)
	    at _ZoneDelegate.invoke (node_modules/zone.js/fesm2015/zone.js:397:34)
Chrome Headless 139.0.0.0 (Windows 10): Executed 559 of 1370[31m (161 FAILED)[39m (0 secs / 4.775 secs)
[1A[2K[31mChrome Headless 139.0.0.0 (Windows 10) ToastDemoComponent should have toastService injected FAILED[39m
	Expected instance of Object to be an instance of ToastService2
	    at <Jasmine>
	    at UserContext.<anonymous> (spec-toast-demo.component.spec.js:642:39)
	    at _ZoneDelegate.invoke (node_modules/zone.js/fesm2015/zone.js:398:28)
	    at _ProxyZoneSpec.onInvoke (node_modules/zone.js/fesm2015/zone-testing.js:2132:39)
	    at _ZoneDelegate.invoke (node_modules/zone.js/fesm2015/zone.js:397:34)
Chrome Headless 139.0.0.0 (Windows 10): Executed 560 of 1370[31m (162 FAILED)[39m (0 secs / 4.782 secs)
[1A[2KChrome Headless 139.0.0.0 (Windows 10): Executed 561 of 1370[31m (162 FAILED)[39m (0 secs / 4.788 secs)
[1A[2KChrome Headless 139.0.0.0 (Windows 10): Executed 562 of 1370[31m (162 FAILED)[39m (0 secs / 4.793 secs)
[1A[2KChrome Headless 139.0.0.0 (Windows 10): Executed 563 of 1370[31m (162 FAILED)[39m (0 secs / 4.799 secs)
[1A[2KChrome Headless 139.0.0.0 (Windows 10): Executed 564 of 1370[31m (162 FAILED)[39m (0 secs / 4.804 secs)
[1A[2KChrome Headless 139.0.0.0 (Windows 10): Executed 565 of 1370[31m (162 FAILED)[39m (0 secs / 4.816 secs)
[1A[2KChrome Headless 139.0.0.0 (Windows 10): Executed 566 of 1370[31m (162 FAILED)[39m (0 secs / 4.822 secs)
[1A[2KChrome Headless 139.0.0.0 (Windows 10): Executed 567 of 1370[31m (162 FAILED)[39m (0 secs / 4.832 secs)
[1A[2KChrome Headless 139.0.0.0 (Windows 10): Executed 568 of 1370[31m (162 FAILED)[39m (0 secs / 4.839 secs)
[1A[2KChrome Headless 139.0.0.0 (Windows 10): Executed 569 of 1370[31m (162 FAILED)[39m (0 secs / 4.845 secs)
[1A[2KChrome Headless 139.0.0.0 (Windows 10): Executed 570 of 1370[31m (162 FAILED)[39m (0 secs / 4.854 secs)
[1A[2KChrome Headless 139.0.0.0 (Windows 10): Executed 571 of 1370[31m (162 FAILED)[39m (0 secs / 4.858 secs)
[1A[2KChrome Headless 139.0.0.0 (Windows 10): Executed 572 of 1370[31m (162 FAILED)[39m (0 secs / 4.861 secs)
[1A[2KChrome Headless 139.0.0.0 (Windows 10): Executed 573 of 1370[31m (162 FAILED)[39m (0 secs / 4.865 secs)
[1A[2KChrome Headless 139.0.0.0 (Windows 10): Executed 574 of 1370[31m (162 FAILED)[39m (0 secs / 4.868 secs)
[1A[2KChrome Headless 139.0.0.0 (Windows 10): Executed 575 of 1370[31m (162 FAILED)[39m (0 secs / 4.876 secs)
[1A[2KChrome Headless 139.0.0.0 (Windows 10): Executed 576 of 1370[31m (162 FAILED)[39m (0 secs / 4.879 secs)
[1A[2KChrome Headless 139.0.0.0 (Windows 10): Executed 577 of 1370[31m (162 FAILED)[39m (0 secs / 4.882 secs)
[1A[2KChrome Headless 139.0.0.0 (Windows 10): Executed 578 of 1370[31m (162 FAILED)[39m (0 secs / 4.885 secs)
[1A[2KChrome Headless 139.0.0.0 (Windows 10): Executed 579 of 1370[31m (162 FAILED)[39m (0 secs / 4.888 secs)
[1A[2KChrome Headless 139.0.0.0 (Windows 10): Executed 580 of 1370[31m (162 FAILED)[39m (0 secs / 4.891 secs)
[1A[2KChrome Headless 139.0.0.0 (Windows 10): Executed 581 of 1370[31m (162 FAILED)[39m (0 secs / 4.896 secs)
[1A[2KChrome Headless 139.0.0.0 (Windows 10): Executed 582 of 1370[31m (162 FAILED)[39m (0 secs / 4.9 secs)
[1A[2KChrome Headless 139.0.0.0 (Windows 10): Executed 583 of 1370[31m (162 FAILED)[39m (0 secs / 4.903 secs)
[1A[2KChrome Headless 139.0.0.0 (Windows 10): Executed 584 of 1370[31m (162 FAILED)[39m (0 secs / 4.907 secs)
[1A[2KChrome Headless 139.0.0.0 (Windows 10): Executed 585 of 1370[31m (162 FAILED)[39m (0 secs / 4.91 secs)
[1A[2KChrome Headless 139.0.0.0 (Windows 10): Executed 586 of 1370[31m (162 FAILED)[39m (0 secs / 4.914 secs)
[1A[2KChrome Headless 139.0.0.0 (Windows 10): Executed 587 of 1370[31m (162 FAILED)[39m (0 secs / 4.917 secs)
[1A[2KChrome Headless 139.0.0.0 (Windows 10): Executed 588 of 1370[31m (162 FAILED)[39m (0 secs / 4.92 secs)
[1A[2KWARN: [36m'
  It looks like you're using the disabled attribute with a reactive form directive. If you set disabled to true
  when you set up this control in your component class, the disabled attribute will actually be set in the DOM for
  you. We recommend using this approach to avoid 'changed after checked' errors.

  Example:
  // Specify the `disabled` property at control creation time:
  form = new FormGroup({
    first: new FormControl({value: 'Nancy', disabled: true}, Validators.required),
    last: new FormControl('Drew', Validators.required)
  });

  // Controls can also be enabled/disabled after creation:
  form.get('first')?.enable();
  form.get('last')?.disable();
'[39m
Chrome Headless 139.0.0.0 (Windows 10): Executed 588 of 1370[31m (162 FAILED)[39m (0 secs / 4.92 secs)
WARN: '
  It looks like you're using the disabled attribute with a reactive form directive. If you set disabled to true
  when you set up this control in your component class, the disabled attribute will actually be set in the DOM for
  you. We recommend using this approach to avoid 'changed after checked' errors.

  Example:
  // Specify the `disabled` property at control creation time:
  form = new FormGroup({
    first: new FormControl({value: 'Nancy', disabled: true}, Validators.required),
    last: new FormControl('Drew', Validators.required)
  });

  // Controls can also be enabled/disabled after creation:
  form.get('first')?.enable();
  form.get('last')?.disable();
'
[1A[2K[31mChrome Headless 139.0.0.0 (Windows 10) InputPasswordComponent Component Configuration should apply variant configuration correctly FAILED[39m
	Expected null to be 'filled'.
	    at <Jasmine>
	    at UserContext.<anonymous> (spec-input-password.component.spec.js:245:80)
	    at _ZoneDelegate.invoke (node_modules/zone.js/fesm2015/zone.js:398:28)
	    at _ProxyZoneSpec.onInvoke (node_modules/zone.js/fesm2015/zone-testing.js:2132:39)
	    at _ZoneDelegate.invoke (node_modules/zone.js/fesm2015/zone.js:397:34)
Chrome Headless 139.0.0.0 (Windows 10): Executed 589 of 1370[31m (163 FAILED)[39m (0 secs / 4.927 secs)
[1A[2KWARN: [36m'
  It looks like you're using the disabled attribute with a reactive form directive. If you set disabled to true
  when you set up this control in your component class, the disabled attribute will actually be set in the DOM for
  you. We recommend using this approach to avoid 'changed after checked' errors.

  Example:
  // Specify the `disabled` property at control creation time:
  form = new FormGroup({
    first: new FormControl({value: 'Nancy', disabled: true}, Validators.required),
    last: new FormControl('Drew', Validators.required)
  });

  // Controls can also be enabled/disabled after creation:
  form.get('first')?.enable();
  form.get('last')?.disable();
'[39m
Chrome Headless 139.0.0.0 (Windows 10): Executed 589 of 1370[31m (163 FAILED)[39m (0 secs / 4.927 secs)
WARN: '
  It looks like you're using the disabled attribute with a reactive form directive. If you set disabled to true
  when you set up this control in your component class, the disabled attribute will actually be set in the DOM for
  you. We recommend using this approach to avoid 'changed after checked' errors.

  Example:
  // Specify the `disabled` property at control creation time:
  form = new FormGroup({
    first: new FormControl({value: 'Nancy', disabled: true}, Validators.required),
    last: new FormControl('Drew', Validators.required)
  });

  // Controls can also be enabled/disabled after creation:
  form.get('first')?.enable();
  form.get('last')?.disable();
'
[1A[2K[31mChrome Headless 139.0.0.0 (Windows 10) InputPasswordComponent Component Configuration should apply size configuration correctly FAILED[39m
	Expected null to be 'large'.
	    at <Jasmine>
	    at UserContext.<anonymous> (spec-input-password.component.spec.js:239:77)
	    at _ZoneDelegate.invoke (node_modules/zone.js/fesm2015/zone.js:398:28)
	    at _ProxyZoneSpec.onInvoke (node_modules/zone.js/fesm2015/zone-testing.js:2132:39)
	    at _ZoneDelegate.invoke (node_modules/zone.js/fesm2015/zone.js:397:34)
Chrome Headless 139.0.0.0 (Windows 10): Executed 590 of 1370[31m (164 FAILED)[39m (0 secs / 4.932 secs)
[1A[2KWARN: [36m'
  It looks like you're using the disabled attribute with a reactive form directive. If you set disabled to true
  when you set up this control in your component class, the disabled attribute will actually be set in the DOM for
  you. We recommend using this approach to avoid 'changed after checked' errors.

  Example:
  // Specify the `disabled` property at control creation time:
  form = new FormGroup({
    first: new FormControl({value: 'Nancy', disabled: true}, Validators.required),
    last: new FormControl('Drew', Validators.required)
  });

  // Controls can also be enabled/disabled after creation:
  form.get('first')?.enable();
  form.get('last')?.disable();
'[39m
Chrome Headless 139.0.0.0 (Windows 10): Executed 590 of 1370[31m (164 FAILED)[39m (0 secs / 4.932 secs)
WARN: '
  It looks like you're using the disabled attribute with a reactive form directive. If you set disabled to true
  when you set up this control in your component class, the disabled attribute will actually be set in the DOM for
  you. We recommend using this approach to avoid 'changed after checked' errors.

  Example:
  // Specify the `disabled` property at control creation time:
  form = new FormGroup({
    first: new FormControl({value: 'Nancy', disabled: true}, Validators.required),
    last: new FormControl('Drew', Validators.required)
  });

  // Controls can also be enabled/disabled after creation:
  form.get('first')?.enable();
  form.get('last')?.disable();
'
[1A[2K[31mChrome Headless 139.0.0.0 (Windows 10) InputPasswordComponent Component Configuration should apply invalid state correctly FAILED[39m
	Expected null to be 'true'.
	    at <Jasmine>
	    at UserContext.<anonymous> (spec-input-password.component.spec.js:233:80)
	    at _ZoneDelegate.invoke (node_modules/zone.js/fesm2015/zone.js:398:28)
	    at _ProxyZoneSpec.onInvoke (node_modules/zone.js/fesm2015/zone-testing.js:2132:39)
	    at _ZoneDelegate.invoke (node_modules/zone.js/fesm2015/zone.js:397:34)
Chrome Headless 139.0.0.0 (Windows 10): Executed 591 of 1370[31m (165 FAILED)[39m (0 secs / 4.944 secs)
[1A[2KWARN: [36m'
  It looks like you're using the disabled attribute with a reactive form directive. If you set disabled to true
  when you set up this control in your component class, the disabled attribute will actually be set in the DOM for
  you. We recommend using this approach to avoid 'changed after checked' errors.

  Example:
  // Specify the `disabled` property at control creation time:
  form = new FormGroup({
    first: new FormControl({value: 'Nancy', disabled: true}, Validators.required),
    last: new FormControl('Drew', Validators.required)
  });

  // Controls can also be enabled/disabled after creation:
  form.get('first')?.enable();
  form.get('last')?.disable();
'[39m
Chrome Headless 139.0.0.0 (Windows 10): Executed 591 of 1370[31m (165 FAILED)[39m (0 secs / 4.944 secs)
WARN: '
  It looks like you're using the disabled attribute with a reactive form directive. If you set disabled to true
  when you set up this control in your component class, the disabled attribute will actually be set in the DOM for
  you. We recommend using this approach to avoid 'changed after checked' errors.

  Example:
  // Specify the `disabled` property at control creation time:
  form = new FormGroup({
    first: new FormControl({value: 'Nancy', disabled: true}, Validators.required),
    last: new FormControl('Drew', Validators.required)
  });

  // Controls can also be enabled/disabled after creation:
  form.get('first')?.enable();
  form.get('last')?.disable();
'
[1A[2K[31mChrome Headless 139.0.0.0 (Windows 10) InputPasswordComponent Component Configuration should apply required state correctly FAILED[39m
	Expected null to be 'true'.
	    at <Jasmine>
	    at UserContext.<anonymous> (spec-input-password.component.spec.js:227:81)
	    at _ZoneDelegate.invoke (node_modules/zone.js/fesm2015/zone.js:398:28)
	    at _ProxyZoneSpec.onInvoke (node_modules/zone.js/fesm2015/zone-testing.js:2132:39)
	    at _ZoneDelegate.invoke (node_modules/zone.js/fesm2015/zone.js:397:34)
Chrome Headless 139.0.0.0 (Windows 10): Executed 592 of 1370[31m (166 FAILED)[39m (0 secs / 4.949 secs)
[1A[2KWARN: [36m'
  It looks like you're using the disabled attribute with a reactive form directive. If you set disabled to true
  when you set up this control in your component class, the disabled attribute will actually be set in the DOM for
  you. We recommend using this approach to avoid 'changed after checked' errors.

  Example:
  // Specify the `disabled` property at control creation time:
  form = new FormGroup({
    first: new FormControl({value: 'Nancy', disabled: true}, Validators.required),
    last: new FormControl('Drew', Validators.required)
  });

  // Controls can also be enabled/disabled after creation:
  form.get('first')?.enable();
  form.get('last')?.disable();
'[39m
Chrome Headless 139.0.0.0 (Windows 10): Executed 592 of 1370[31m (166 FAILED)[39m (0 secs / 4.949 secs)
WARN: '
  It looks like you're using the disabled attribute with a reactive form directive. If you set disabled to true
  when you set up this control in your component class, the disabled attribute will actually be set in the DOM for
  you. We recommend using this approach to avoid 'changed after checked' errors.

  Example:
  // Specify the `disabled` property at control creation time:
  form = new FormGroup({
    first: new FormControl({value: 'Nancy', disabled: true}, Validators.required),
    last: new FormControl('Drew', Validators.required)
  });

  // Controls can also be enabled/disabled after creation:
  form.get('first')?.enable();
  form.get('last')?.disable();
'
[1A[2KWARN: [36m'
  It looks like you're using the disabled attribute with a reactive form directive. If you set disabled to true
  when you set up this control in your component class, the disabled attribute will actually be set in the DOM for
  you. We recommend using this approach to avoid 'changed after checked' errors.

  Example:
  // Specify the `disabled` property at control creation time:
  form = new FormGroup({
    first: new FormControl({value: 'Nancy', disabled: true}, Validators.required),
    last: new FormControl('Drew', Validators.required)
  });

  // Controls can also be enabled/disabled after creation:
  form.get('first')?.enable();
  form.get('last')?.disable();
'[39m
Chrome Headless 139.0.0.0 (Windows 10): Executed 592 of 1370[31m (166 FAILED)[39m (0 secs / 4.949 secs)
WARN: '
  It looks like you're using the disabled attribute with a reactive form directive. If you set disabled to true
  when you set up this control in your component class, the disabled attribute will actually be set in the DOM for
  you. We recommend using this approach to avoid 'changed after checked' errors.

  Example:
  // Specify the `disabled` property at control creation time:
  form = new FormGroup({
    first: new FormControl({value: 'Nancy', disabled: true}, Validators.required),
    last: new FormControl('Drew', Validators.required)
  });

  // Controls can also be enabled/disabled after creation:
  form.get('first')?.enable();
  form.get('last')?.disable();
'
[1A[2K[31mChrome Headless 139.0.0.0 (Windows 10) InputPasswordComponent Component Configuration should apply disabled state correctly FAILED[39m
	Expected null to be 'true'.
	    at <Jasmine>
	    at UserContext.<anonymous> (spec-input-password.component.spec.js:221:81)
	    at _ZoneDelegate.invoke (node_modules/zone.js/fesm2015/zone.js:398:28)
	    at _ProxyZoneSpec.onInvoke (node_modules/zone.js/fesm2015/zone-testing.js:2132:39)
	    at _ZoneDelegate.invoke (node_modules/zone.js/fesm2015/zone.js:397:34)
Chrome Headless 139.0.0.0 (Windows 10): Executed 593 of 1370[31m (167 FAILED)[39m (0 secs / 4.954 secs)
[1A[2KWARN: [36m'
  It looks like you're using the disabled attribute with a reactive form directive. If you set disabled to true
  when you set up this control in your component class, the disabled attribute will actually be set in the DOM for
  you. We recommend using this approach to avoid 'changed after checked' errors.

  Example:
  // Specify the `disabled` property at control creation time:
  form = new FormGroup({
    first: new FormControl({value: 'Nancy', disabled: true}, Validators.required),
    last: new FormControl('Drew', Validators.required)
  });

  // Controls can also be enabled/disabled after creation:
  form.get('first')?.enable();
  form.get('last')?.disable();
'[39m
Chrome Headless 139.0.0.0 (Windows 10): Executed 593 of 1370[31m (167 FAILED)[39m (0 secs / 4.954 secs)
WARN: '
  It looks like you're using the disabled attribute with a reactive form directive. If you set disabled to true
  when you set up this control in your component class, the disabled attribute will actually be set in the DOM for
  you. We recommend using this approach to avoid 'changed after checked' errors.

  Example:
  // Specify the `disabled` property at control creation time:
  form = new FormGroup({
    first: new FormControl({value: 'Nancy', disabled: true}, Validators.required),
    last: new FormControl('Drew', Validators.required)
  });

  // Controls can also be enabled/disabled after creation:
  form.get('first')?.enable();
  form.get('last')?.disable();
'
[1A[2K[31mChrome Headless 139.0.0.0 (Windows 10) InputPasswordComponent Component Configuration should apply fluid configuration correctly FAILED[39m
	Expected null to be 'false'.
	    at <Jasmine>
	    at UserContext.<anonymous> (spec-input-password.component.spec.js:251:78)
	    at _ZoneDelegate.invoke (node_modules/zone.js/fesm2015/zone.js:398:28)
	    at _ProxyZoneSpec.onInvoke (node_modules/zone.js/fesm2015/zone-testing.js:2132:39)
	    at _ZoneDelegate.invoke (node_modules/zone.js/fesm2015/zone.js:397:34)
Chrome Headless 139.0.0.0 (Windows 10): Executed 594 of 1370[31m (168 FAILED)[39m (0 secs / 4.958 secs)
[1A[2KWARN: [36m'
  It looks like you're using the disabled attribute with a reactive form directive. If you set disabled to true
  when you set up this control in your component class, the disabled attribute will actually be set in the DOM for
  you. We recommend using this approach to avoid 'changed after checked' errors.

  Example:
  // Specify the `disabled` property at control creation time:
  form = new FormGroup({
    first: new FormControl({value: 'Nancy', disabled: true}, Validators.required),
    last: new FormControl('Drew', Validators.required)
  });

  // Controls can also be enabled/disabled after creation:
  form.get('first')?.enable();
  form.get('last')?.disable();
'[39m
Chrome Headless 139.0.0.0 (Windows 10): Executed 594 of 1370[31m (168 FAILED)[39m (0 secs / 4.958 secs)
WARN: '
  It looks like you're using the disabled attribute with a reactive form directive. If you set disabled to true
  when you set up this control in your component class, the disabled attribute will actually be set in the DOM for
  you. We recommend using this approach to avoid 'changed after checked' errors.

  Example:
  // Specify the `disabled` property at control creation time:
  form = new FormGroup({
    first: new FormControl({value: 'Nancy', disabled: true}, Validators.required),
    last: new FormControl('Drew', Validators.required)
  });

  // Controls can also be enabled/disabled after creation:
  form.get('first')?.enable();
  form.get('last')?.disable();
'
[1A[2K[31mChrome Headless 139.0.0.0 (Windows 10) InputPasswordComponent Password Specific Features should apply toggle mask configuration correctly FAILED[39m
	Expected null to be 'false'.
	    at <Jasmine>
	    at UserContext.<anonymous> (spec-input-password.component.spec.js:265:84)
	    at _ZoneDelegate.invoke (node_modules/zone.js/fesm2015/zone.js:398:28)
	    at _ProxyZoneSpec.onInvoke (node_modules/zone.js/fesm2015/zone-testing.js:2132:39)
	    at _ZoneDelegate.invoke (node_modules/zone.js/fesm2015/zone.js:397:34)
Chrome Headless 139.0.0.0 (Windows 10): Executed 595 of 1370[31m (169 FAILED)[39m (0 secs / 4.961 secs)
[1A[2KWARN: [36m'
  It looks like you're using the disabled attribute with a reactive form directive. If you set disabled to true
  when you set up this control in your component class, the disabled attribute will actually be set in the DOM for
  you. We recommend using this approach to avoid 'changed after checked' errors.

  Example:
  // Specify the `disabled` property at control creation time:
  form = new FormGroup({
    first: new FormControl({value: 'Nancy', disabled: true}, Validators.required),
    last: new FormControl('Drew', Validators.required)
  });

  // Controls can also be enabled/disabled after creation:
  form.get('first')?.enable();
  form.get('last')?.disable();
'[39m
Chrome Headless 139.0.0.0 (Windows 10): Executed 595 of 1370[31m (169 FAILED)[39m (0 secs / 4.961 secs)
WARN: '
  It looks like you're using the disabled attribute with a reactive form directive. If you set disabled to true
  when you set up this control in your component class, the disabled attribute will actually be set in the DOM for
  you. We recommend using this approach to avoid 'changed after checked' errors.

  Example:
  // Specify the `disabled` property at control creation time:
  form = new FormGroup({
    first: new FormControl({value: 'Nancy', disabled: true}, Validators.required),
    last: new FormControl('Drew', Validators.required)
  });

  // Controls can also be enabled/disabled after creation:
  form.get('first')?.enable();
  form.get('last')?.disable();
'
[1A[2K[31mChrome Headless 139.0.0.0 (Windows 10) InputPasswordComponent Password Specific Features should apply custom labels correctly FAILED[39m
	Expected null to be 'Custom prompt'.
	    at <Jasmine>
	    at UserContext.<anonymous> (spec-input-password.component.spec.js:274:85)
	    at _ZoneDelegate.invoke (node_modules/zone.js/fesm2015/zone.js:398:28)
	    at _ProxyZoneSpec.onInvoke (node_modules/zone.js/fesm2015/zone-testing.js:2132:39)
	    at _ZoneDelegate.invoke (node_modules/zone.js/fesm2015/zone.js:397:34)
	Expected null to be 'Custom weak'.
	    at <Jasmine>
	    at UserContext.<anonymous> (spec-input-password.component.spec.js:275:83)
	    at _ZoneDelegate.invoke (node_modules/zone.js/fesm2015/zone.js:398:28)
	    at _ProxyZoneSpec.onInvoke (node_modules/zone.js/fesm2015/zone-testing.js:2132:39)
	    at _ZoneDelegate.invoke (node_modules/zone.js/fesm2015/zone.js:397:34)
	Expected null to be 'Custom medium'.
	    at <Jasmine>
	    at UserContext.<anonymous> (spec-input-password.component.spec.js:276:85)
	    at _ZoneDelegate.invoke (node_modules/zone.js/fesm2015/zone.js:398:28)
	    at _ProxyZoneSpec.onInvoke (node_modules/zone.js/fesm2015/zone-testing.js:2132:39)
	    at _ZoneDelegate.invoke (node_modules/zone.js/fesm2015/zone.js:397:34)
	Expected null to be 'Custom strong'.
	    at <Jasmine>
	    at UserContext.<anonymous> (spec-input-password.component.spec.js:277:85)
	    at _ZoneDelegate.invoke (node_modules/zone.js/fesm2015/zone.js:398:28)
	    at _ProxyZoneSpec.onInvoke (node_modules/zone.js/fesm2015/zone-testing.js:2132:39)
	    at _ZoneDelegate.invoke (node_modules/zone.js/fesm2015/zone.js:397:34)
Chrome Headless 139.0.0.0 (Windows 10): Executed 596 of 1370[31m (170 FAILED)[39m (0 secs / 4.966 secs)
[1A[2KWARN: [36m'
  It looks like you're using the disabled attribute with a reactive form directive. If you set disabled to true
  when you set up this control in your component class, the disabled attribute will actually be set in the DOM for
  you. We recommend using this approach to avoid 'changed after checked' errors.

  Example:
  // Specify the `disabled` property at control creation time:
  form = new FormGroup({
    first: new FormControl({value: 'Nancy', disabled: true}, Validators.required),
    last: new FormControl('Drew', Validators.required)
  });

  // Controls can also be enabled/disabled after creation:
  form.get('first')?.enable();
  form.get('last')?.disable();
'[39m
Chrome Headless 139.0.0.0 (Windows 10): Executed 596 of 1370[31m (170 FAILED)[39m (0 secs / 4.966 secs)
WARN: '
  It looks like you're using the disabled attribute with a reactive form directive. If you set disabled to true
  when you set up this control in your component class, the disabled attribute will actually be set in the DOM for
  you. We recommend using this approach to avoid 'changed after checked' errors.

  Example:
  // Specify the `disabled` property at control creation time:
  form = new FormGroup({
    first: new FormControl({value: 'Nancy', disabled: true}, Validators.required),
    last: new FormControl('Drew', Validators.required)
  });

  // Controls can also be enabled/disabled after creation:
  form.get('first')?.enable();
  form.get('last')?.disable();
'
[1A[2K[31mChrome Headless 139.0.0.0 (Windows 10) InputPasswordComponent Password Specific Features should apply feedback configuration correctly FAILED[39m
	Expected null to be 'false'.
	    at <Jasmine>
	    at UserContext.<anonymous> (spec-input-password.component.spec.js:259:81)
	    at _ZoneDelegate.invoke (node_modules/zone.js/fesm2015/zone.js:398:28)
	    at _ProxyZoneSpec.onInvoke (node_modules/zone.js/fesm2015/zone-testing.js:2132:39)
	    at _ZoneDelegate.invoke (node_modules/zone.js/fesm2015/zone.js:397:34)
Chrome Headless 139.0.0.0 (Windows 10): Executed 597 of 1370[31m (171 FAILED)[39m (0 secs / 4.971 secs)
[1A[2KWARN: [36m'
  It looks like you're using the disabled attribute with a reactive form directive. If you set disabled to true
  when you set up this control in your component class, the disabled attribute will actually be set in the DOM for
  you. We recommend using this approach to avoid 'changed after checked' errors.

  Example:
  // Specify the `disabled` property at control creation time:
  form = new FormGroup({
    first: new FormControl({value: 'Nancy', disabled: true}, Validators.required),
    last: new FormControl('Drew', Validators.required)
  });

  // Controls can also be enabled/disabled after creation:
  form.get('first')?.enable();
  form.get('last')?.disable();
'[39m
Chrome Headless 139.0.0.0 (Windows 10): Executed 597 of 1370[31m (171 FAILED)[39m (0 secs / 4.971 secs)
WARN: '
  It looks like you're using the disabled attribute with a reactive form directive. If you set disabled to true
  when you set up this control in your component class, the disabled attribute will actually be set in the DOM for
  you. We recommend using this approach to avoid 'changed after checked' errors.

  Example:
  // Specify the `disabled` property at control creation time:
  form = new FormGroup({
    first: new FormControl({value: 'Nancy', disabled: true}, Validators.required),
    last: new FormControl('Drew', Validators.required)
  });

  // Controls can also be enabled/disabled after creation:
  form.get('first')?.enable();
  form.get('last')?.disable();
'
[1A[2K[31mChrome Headless 139.0.0.0 (Windows 10) InputPasswordComponent Accessibility should have proper label-input association FAILED[39m
	Expected 'input-password-ohu7bvcof' to be null. Tip: To check for deep equality, use .toEqual() instead of .toBe().
	    at <Jasmine>
	    at UserContext.<anonymous> (spec-input-password.component.spec.js:328:62)
	    at _ZoneDelegate.invoke (node_modules/zone.js/fesm2015/zone.js:398:28)
	    at _ProxyZoneSpec.onInvoke (node_modules/zone.js/fesm2015/zone-testing.js:2132:39)
	    at _ZoneDelegate.invoke (node_modules/zone.js/fesm2015/zone.js:397:34)
Chrome Headless 139.0.0.0 (Windows 10): Executed 598 of 1370[31m (172 FAILED)[39m (0 secs / 4.975 secs)
[1A[2KWARN: [36m'
  It looks like you're using the disabled attribute with a reactive form directive. If you set disabled to true
  when you set up this control in your component class, the disabled attribute will actually be set in the DOM for
  you. We recommend using this approach to avoid 'changed after checked' errors.

  Example:
  // Specify the `disabled` property at control creation time:
  form = new FormGroup({
    first: new FormControl({value: 'Nancy', disabled: true}, Validators.required),
    last: new FormControl('Drew', Validators.required)
  });

  // Controls can also be enabled/disabled after creation:
  form.get('first')?.enable();
  form.get('last')?.disable();
'[39m
Chrome Headless 139.0.0.0 (Windows 10): Executed 598 of 1370[31m (172 FAILED)[39m (0 secs / 4.975 secs)
WARN: '
  It looks like you're using the disabled attribute with a reactive form directive. If you set disabled to true
  when you set up this control in your component class, the disabled attribute will actually be set in the DOM for
  you. We recommend using this approach to avoid 'changed after checked' errors.

  Example:
  // Specify the `disabled` property at control creation time:
  form = new FormGroup({
    first: new FormControl({value: 'Nancy', disabled: true}, Validators.required),
    last: new FormControl('Drew', Validators.required)
  });

  // Controls can also be enabled/disabled after creation:
  form.get('first')?.enable();
  form.get('last')?.disable();
'
[1A[2KWARN: [36m'
  It looks like you're using the disabled attribute with a reactive form directive. If you set disabled to true
  when you set up this control in your component class, the disabled attribute will actually be set in the DOM for
  you. We recommend using this approach to avoid 'changed after checked' errors.

  Example:
  // Specify the `disabled` property at control creation time:
  form = new FormGroup({
    first: new FormControl({value: 'Nancy', disabled: true}, Validators.required),
    last: new FormControl('Drew', Validators.required)
  });

  // Controls can also be enabled/disabled after creation:
  form.get('first')?.enable();
  form.get('last')?.disable();
'[39m
Chrome Headless 139.0.0.0 (Windows 10): Executed 598 of 1370[31m (172 FAILED)[39m (0 secs / 4.975 secs)
WARN: '
  It looks like you're using the disabled attribute with a reactive form directive. If you set disabled to true
  when you set up this control in your component class, the disabled attribute will actually be set in the DOM for
  you. We recommend using this approach to avoid 'changed after checked' errors.

  Example:
  // Specify the `disabled` property at control creation time:
  form = new FormGroup({
    first: new FormControl({value: 'Nancy', disabled: true}, Validators.required),
    last: new FormControl('Drew', Validators.required)
  });

  // Controls can also be enabled/disabled after creation:
  form.get('first')?.enable();
  form.get('last')?.disable();
'
[1A[2K[31mChrome Headless 139.0.0.0 (Windows 10) InputPasswordComponent Accessibility should have unique IDs for multiple instances FAILED[39m
	Expected null not to be null. Tip: To check for deep equality, use .toEqual() instead of .toBe().
	    at <Jasmine>
	    at UserContext.<anonymous> (spec-input-password.component.spec.js:335:71)
	    at _ZoneDelegate.invoke (node_modules/zone.js/fesm2015/zone.js:398:28)
	    at _ProxyZoneSpec.onInvoke (node_modules/zone.js/fesm2015/zone-testing.js:2132:39)
	    at _ZoneDelegate.invoke (node_modules/zone.js/fesm2015/zone.js:397:34)
Chrome Headless 139.0.0.0 (Windows 10): Executed 599 of 1370[31m (173 FAILED)[39m (0 secs / 4.981 secs)
[1A[2KWARN: [36m'
  It looks like you're using the disabled attribute with a reactive form directive. If you set disabled to true
  when you set up this control in your component class, the disabled attribute will actually be set in the DOM for
  you. We recommend using this approach to avoid 'changed after checked' errors.

  Example:
  // Specify the `disabled` property at control creation time:
  form = new FormGroup({
    first: new FormControl({value: 'Nancy', disabled: true}, Validators.required),
    last: new FormControl('Drew', Validators.required)
  });

  // Controls can also be enabled/disabled after creation:
  form.get('first')?.enable();
  form.get('last')?.disable();
'[39m
Chrome Headless 139.0.0.0 (Windows 10): Executed 599 of 1370[31m (173 FAILED)[39m (0 secs / 4.981 secs)
WARN: '
  It looks like you're using the disabled attribute with a reactive form directive. If you set disabled to true
  when you set up this control in your component class, the disabled attribute will actually be set in the DOM for
  you. We recommend using this approach to avoid 'changed after checked' errors.

  Example:
  // Specify the `disabled` property at control creation time:
  form = new FormGroup({
    first: new FormControl({value: 'Nancy', disabled: true}, Validators.required),
    last: new FormControl('Drew', Validators.required)
  });

  // Controls can also be enabled/disabled after creation:
  form.get('first')?.enable();
  form.get('last')?.disable();
'
[1A[2KChrome Headless 139.0.0.0 (Windows 10): Executed 600 of 1370[31m (173 FAILED)[39m (0 secs / 4.985 secs)
[1A[2KWARN: [36m'
  It looks like you're using the disabled attribute with a reactive form directive. If you set disabled to true
  when you set up this control in your component class, the disabled attribute will actually be set in the DOM for
  you. We recommend using this approach to avoid 'changed after checked' errors.

  Example:
  // Specify the `disabled` property at control creation time:
  form = new FormGroup({
    first: new FormControl({value: 'Nancy', disabled: true}, Validators.required),
    last: new FormControl('Drew', Validators.required)
  });

  // Controls can also be enabled/disabled after creation:
  form.get('first')?.enable();
  form.get('last')?.disable();
'[39m
Chrome Headless 139.0.0.0 (Windows 10): Executed 600 of 1370[31m (173 FAILED)[39m (0 secs / 4.985 secs)
WARN: '
  It looks like you're using the disabled attribute with a reactive form directive. If you set disabled to true
  when you set up this control in your component class, the disabled attribute will actually be set in the DOM for
  you. We recommend using this approach to avoid 'changed after checked' errors.

  Example:
  // Specify the `disabled` property at control creation time:
  form = new FormGroup({
    first: new FormControl({value: 'Nancy', disabled: true}, Validators.required),
    last: new FormControl('Drew', Validators.required)
  });

  // Controls can also be enabled/disabled after creation:
  form.get('first')?.enable();
  form.get('last')?.disable();
'
[1A[2K[31mChrome Headless 139.0.0.0 (Windows 10) InputPasswordComponent Component Mounting should render label when provided FAILED[39m
	Expected 'AUTH.PASSWORD' to be 'Contrasenya'.
	    at <Jasmine>
	    at UserContext.<anonymous> (spec-input-password.component.spec.js:167:61)
	    at _ZoneDelegate.invoke (node_modules/zone.js/fesm2015/zone.js:398:28)
	    at _ProxyZoneSpec.onInvoke (node_modules/zone.js/fesm2015/zone-testing.js:2132:39)
	    at _ZoneDelegate.invoke (node_modules/zone.js/fesm2015/zone.js:397:34)
Chrome Headless 139.0.0.0 (Windows 10): Executed 601 of 1370[31m (174 FAILED)[39m (0 secs / 4.989 secs)
[1A[2KWARN: [36m'
  It looks like you're using the disabled attribute with a reactive form directive. If you set disabled to true
  when you set up this control in your component class, the disabled attribute will actually be set in the DOM for
  you. We recommend using this approach to avoid 'changed after checked' errors.

  Example:
  // Specify the `disabled` property at control creation time:
  form = new FormGroup({
    first: new FormControl({value: 'Nancy', disabled: true}, Validators.required),
    last: new FormControl('Drew', Validators.required)
  });

  // Controls can also be enabled/disabled after creation:
  form.get('first')?.enable();
  form.get('last')?.disable();
'[39m
Chrome Headless 139.0.0.0 (Windows 10): Executed 601 of 1370[31m (174 FAILED)[39m (0 secs / 4.989 secs)
WARN: '
  It looks like you're using the disabled attribute with a reactive form directive. If you set disabled to true
  when you set up this control in your component class, the disabled attribute will actually be set in the DOM for
  you. We recommend using this approach to avoid 'changed after checked' errors.

  Example:
  // Specify the `disabled` property at control creation time:
  form = new FormGroup({
    first: new FormControl({value: 'Nancy', disabled: true}, Validators.required),
    last: new FormControl('Drew', Validators.required)
  });

  // Controls can also be enabled/disabled after creation:
  form.get('first')?.enable();
  form.get('last')?.disable();
'
[1A[2K[31mChrome Headless 139.0.0.0 (Windows 10) InputPasswordComponent Component Mounting should generate unique ID for each instance FAILED[39m
	Expected null to be truthy.
	    at <Jasmine>
	    at UserContext.<anonymous> (spec-input-password.component.spec.js:189:69)
	    at _ZoneDelegate.invoke (node_modules/zone.js/fesm2015/zone.js:398:28)
	    at _ProxyZoneSpec.onInvoke (node_modules/zone.js/fesm2015/zone-testing.js:2132:39)
	    at _ZoneDelegate.invoke (node_modules/zone.js/fesm2015/zone.js:397:34)
	Expected null to contain 'input-password-'.
	    at <Jasmine>
	    at UserContext.<anonymous> (spec-input-password.component.spec.js:190:69)
	    at _ZoneDelegate.invoke (node_modules/zone.js/fesm2015/zone.js:398:28)
	    at _ProxyZoneSpec.onInvoke (node_modules/zone.js/fesm2015/zone-testing.js:2132:39)
	    at _ZoneDelegate.invoke (node_modules/zone.js/fesm2015/zone.js:397:34)
	Expected 'input-password-rwgu5r0nv' to be null. Tip: To check for deep equality, use .toEqual() instead of .toBe().
	    at <Jasmine>
	    at UserContext.<anonymous> (spec-input-password.component.spec.js:191:62)
	    at _ZoneDelegate.invoke (node_modules/zone.js/fesm2015/zone.js:398:28)
	    at _ProxyZoneSpec.onInvoke (node_modules/zone.js/fesm2015/zone-testing.js:2132:39)
	    at _ZoneDelegate.invoke (node_modules/zone.js/fesm2015/zone.js:397:34)
Chrome Headless 139.0.0.0 (Windows 10): Executed 602 of 1370[31m (175 FAILED)[39m (0 secs / 4.994 secs)
[1A[2KWARN: [36m'
  It looks like you're using the disabled attribute with a reactive form directive. If you set disabled to true
  when you set up this control in your component class, the disabled attribute will actually be set in the DOM for
  you. We recommend using this approach to avoid 'changed after checked' errors.

  Example:
  // Specify the `disabled` property at control creation time:
  form = new FormGroup({
    first: new FormControl({value: 'Nancy', disabled: true}, Validators.required),
    last: new FormControl('Drew', Validators.required)
  });

  // Controls can also be enabled/disabled after creation:
  form.get('first')?.enable();
  form.get('last')?.disable();
'[39m
Chrome Headless 139.0.0.0 (Windows 10): Executed 602 of 1370[31m (175 FAILED)[39m (0 secs / 4.994 secs)
WARN: '
  It looks like you're using the disabled attribute with a reactive form directive. If you set disabled to true
  when you set up this control in your component class, the disabled attribute will actually be set in the DOM for
  you. We recommend using this approach to avoid 'changed after checked' errors.

  Example:
  // Specify the `disabled` property at control creation time:
  form = new FormGroup({
    first: new FormControl({value: 'Nancy', disabled: true}, Validators.required),
    last: new FormControl('Drew', Validators.required)
  });

  // Controls can also be enabled/disabled after creation:
  form.get('first')?.enable();
  form.get('last')?.disable();
'
[1A[2KChrome Headless 139.0.0.0 (Windows 10): Executed 603 of 1370[31m (175 FAILED)[39m (0 secs / 4.999 secs)
[1A[2KWARN: [36m'
  It looks like you're using the disabled attribute with a reactive form directive. If you set disabled to true
  when you set up this control in your component class, the disabled attribute will actually be set in the DOM for
  you. We recommend using this approach to avoid 'changed after checked' errors.

  Example:
  // Specify the `disabled` property at control creation time:
  form = new FormGroup({
    first: new FormControl({value: 'Nancy', disabled: true}, Validators.required),
    last: new FormControl('Drew', Validators.required)
  });

  // Controls can also be enabled/disabled after creation:
  form.get('first')?.enable();
  form.get('last')?.disable();
'[39m
Chrome Headless 139.0.0.0 (Windows 10): Executed 603 of 1370[31m (175 FAILED)[39m (0 secs / 4.999 secs)
WARN: '
  It looks like you're using the disabled attribute with a reactive form directive. If you set disabled to true
  when you set up this control in your component class, the disabled attribute will actually be set in the DOM for
  you. We recommend using this approach to avoid 'changed after checked' errors.

  Example:
  // Specify the `disabled` property at control creation time:
  form = new FormGroup({
    first: new FormControl({value: 'Nancy', disabled: true}, Validators.required),
    last: new FormControl('Drew', Validators.required)
  });

  // Controls can also be enabled/disabled after creation:
  form.get('first')?.enable();
  form.get('last')?.disable();
'
[1A[2KChrome Headless 139.0.0.0 (Windows 10): Executed 604 of 1370[31m (175 FAILED)[39m (0 secs / 5.003 secs)
[1A[2KWARN: [36m'
  It looks like you're using the disabled attribute with a reactive form directive. If you set disabled to true
  when you set up this control in your component class, the disabled attribute will actually be set in the DOM for
  you. We recommend using this approach to avoid 'changed after checked' errors.

  Example:
  // Specify the `disabled` property at control creation time:
  form = new FormGroup({
    first: new FormControl({value: 'Nancy', disabled: true}, Validators.required),
    last: new FormControl('Drew', Validators.required)
  });

  // Controls can also be enabled/disabled after creation:
  form.get('first')?.enable();
  form.get('last')?.disable();
'[39m
Chrome Headless 139.0.0.0 (Windows 10): Executed 604 of 1370[31m (175 FAILED)[39m (0 secs / 5.003 secs)
WARN: '
  It looks like you're using the disabled attribute with a reactive form directive. If you set disabled to true
  when you set up this control in your component class, the disabled attribute will actually be set in the DOM for
  you. We recommend using this approach to avoid 'changed after checked' errors.

  Example:
  // Specify the `disabled` property at control creation time:
  form = new FormGroup({
    first: new FormControl({value: 'Nancy', disabled: true}, Validators.required),
    last: new FormControl('Drew', Validators.required)
  });

  // Controls can also be enabled/disabled after creation:
  form.get('first')?.enable();
  form.get('last')?.disable();
'
[1A[2KChrome Headless 139.0.0.0 (Windows 10): Executed 605 of 1370[31m (175 FAILED)[39m (0 secs / 5.007 secs)
[1A[2KWARN: [36m'
  It looks like you're using the disabled attribute with a reactive form directive. If you set disabled to true
  when you set up this control in your component class, the disabled attribute will actually be set in the DOM for
  you. We recommend using this approach to avoid 'changed after checked' errors.

  Example:
  // Specify the `disabled` property at control creation time:
  form = new FormGroup({
    first: new FormControl({value: 'Nancy', disabled: true}, Validators.required),
    last: new FormControl('Drew', Validators.required)
  });

  // Controls can also be enabled/disabled after creation:
  form.get('first')?.enable();
  form.get('last')?.disable();
'[39m
Chrome Headless 139.0.0.0 (Windows 10): Executed 605 of 1370[31m (175 FAILED)[39m (0 secs / 5.007 secs)
WARN: '
  It looks like you're using the disabled attribute with a reactive form directive. If you set disabled to true
  when you set up this control in your component class, the disabled attribute will actually be set in the DOM for
  you. We recommend using this approach to avoid 'changed after checked' errors.

  Example:
  // Specify the `disabled` property at control creation time:
  form = new FormGroup({
    first: new FormControl({value: 'Nancy', disabled: true}, Validators.required),
    last: new FormControl('Drew', Validators.required)
  });

  // Controls can also be enabled/disabled after creation:
  form.get('first')?.enable();
  form.get('last')?.disable();
'
[1A[2KChrome Headless 139.0.0.0 (Windows 10): Executed 606 of 1370[31m (175 FAILED)[39m (0 secs / 5.011 secs)
[1A[2KWARN: [36m'
  It looks like you're using the disabled attribute with a reactive form directive. If you set disabled to true
  when you set up this control in your component class, the disabled attribute will actually be set in the DOM for
  you. We recommend using this approach to avoid 'changed after checked' errors.

  Example:
  // Specify the `disabled` property at control creation time:
  form = new FormGroup({
    first: new FormControl({value: 'Nancy', disabled: true}, Validators.required),
    last: new FormControl('Drew', Validators.required)
  });

  // Controls can also be enabled/disabled after creation:
  form.get('first')?.enable();
  form.get('last')?.disable();
'[39m
Chrome Headless 139.0.0.0 (Windows 10): Executed 606 of 1370[31m (175 FAILED)[39m (0 secs / 5.011 secs)
WARN: '
  It looks like you're using the disabled attribute with a reactive form directive. If you set disabled to true
  when you set up this control in your component class, the disabled attribute will actually be set in the DOM for
  you. We recommend using this approach to avoid 'changed after checked' errors.

  Example:
  // Specify the `disabled` property at control creation time:
  form = new FormGroup({
    first: new FormControl({value: 'Nancy', disabled: true}, Validators.required),
    last: new FormControl('Drew', Validators.required)
  });

  // Controls can also be enabled/disabled after creation:
  form.get('first')?.enable();
  form.get('last')?.disable();
'
[1A[2KChrome Headless 139.0.0.0 (Windows 10): Executed 607 of 1370[31m (175 FAILED)[39m (0 secs / 5.015 secs)
[1A[2KWARN: [36m'
  It looks like you're using the disabled attribute with a reactive form directive. If you set disabled to true
  when you set up this control in your component class, the disabled attribute will actually be set in the DOM for
  you. We recommend using this approach to avoid 'changed after checked' errors.

  Example:
  // Specify the `disabled` property at control creation time:
  form = new FormGroup({
    first: new FormControl({value: 'Nancy', disabled: true}, Validators.required),
    last: new FormControl('Drew', Validators.required)
  });

  // Controls can also be enabled/disabled after creation:
  form.get('first')?.enable();
  form.get('last')?.disable();
'[39m
Chrome Headless 139.0.0.0 (Windows 10): Executed 607 of 1370[31m (175 FAILED)[39m (0 secs / 5.015 secs)
WARN: '
  It looks like you're using the disabled attribute with a reactive form directive. If you set disabled to true
  when you set up this control in your component class, the disabled attribute will actually be set in the DOM for
  you. We recommend using this approach to avoid 'changed after checked' errors.

  Example:
  // Specify the `disabled` property at control creation time:
  form = new FormGroup({
    first: new FormControl({value: 'Nancy', disabled: true}, Validators.required),
    last: new FormControl('Drew', Validators.required)
  });

  // Controls can also be enabled/disabled after creation:
  form.get('first')?.enable();
  form.get('last')?.disable();
'
[1A[2KChrome Headless 139.0.0.0 (Windows 10): Executed 608 of 1370[31m (175 FAILED)[39m (0 secs / 5.018 secs)
[1A[2KWARN: [36m'
  It looks like you're using the disabled attribute with a reactive form directive. If you set disabled to true
  when you set up this control in your component class, the disabled attribute will actually be set in the DOM for
  you. We recommend using this approach to avoid 'changed after checked' errors.

  Example:
  // Specify the `disabled` property at control creation time:
  form = new FormGroup({
    first: new FormControl({value: 'Nancy', disabled: true}, Validators.required),
    last: new FormControl('Drew', Validators.required)
  });

  // Controls can also be enabled/disabled after creation:
  form.get('first')?.enable();
  form.get('last')?.disable();
'[39m
Chrome Headless 139.0.0.0 (Windows 10): Executed 608 of 1370[31m (175 FAILED)[39m (0 secs / 5.018 secs)
WARN: '
  It looks like you're using the disabled attribute with a reactive form directive. If you set disabled to true
  when you set up this control in your component class, the disabled attribute will actually be set in the DOM for
  you. We recommend using this approach to avoid 'changed after checked' errors.

  Example:
  // Specify the `disabled` property at control creation time:
  form = new FormGroup({
    first: new FormControl({value: 'Nancy', disabled: true}, Validators.required),
    last: new FormControl('Drew', Validators.required)
  });

  // Controls can also be enabled/disabled after creation:
  form.get('first')?.enable();
  form.get('last')?.disable();
'
[1A[2K[31mChrome Headless 139.0.0.0 (Windows 10) InputPasswordComponent Placeholder Behavior should use default placeholder when no custom placeholder provided FAILED[39m
	Expected null to be 'INPUTS.PASSWORD_PLACEHOLDER'.
	    at <Jasmine>
	    at UserContext.<anonymous> (spec-input-password.component.spec.js:291:84)
	    at _ZoneDelegate.invoke (node_modules/zone.js/fesm2015/zone.js:398:28)
	    at _ProxyZoneSpec.onInvoke (node_modules/zone.js/fesm2015/zone-testing.js:2132:39)
	    at _ZoneDelegate.invoke (node_modules/zone.js/fesm2015/zone.js:397:34)
Chrome Headless 139.0.0.0 (Windows 10): Executed 609 of 1370[31m (176 FAILED)[39m (0 secs / 5.022 secs)
[1A[2KWARN: [36m'
  It looks like you're using the disabled attribute with a reactive form directive. If you set disabled to true
  when you set up this control in your component class, the disabled attribute will actually be set in the DOM for
  you. We recommend using this approach to avoid 'changed after checked' errors.

  Example:
  // Specify the `disabled` property at control creation time:
  form = new FormGroup({
    first: new FormControl({value: 'Nancy', disabled: true}, Validators.required),
    last: new FormControl('Drew', Validators.required)
  });

  // Controls can also be enabled/disabled after creation:
  form.get('first')?.enable();
  form.get('last')?.disable();
'[39m
Chrome Headless 139.0.0.0 (Windows 10): Executed 609 of 1370[31m (176 FAILED)[39m (0 secs / 5.022 secs)
WARN: '
  It looks like you're using the disabled attribute with a reactive form directive. If you set disabled to true
  when you set up this control in your component class, the disabled attribute will actually be set in the DOM for
  you. We recommend using this approach to avoid 'changed after checked' errors.

  Example:
  // Specify the `disabled` property at control creation time:
  form = new FormGroup({
    first: new FormControl({value: 'Nancy', disabled: true}, Validators.required),
    last: new FormControl('Drew', Validators.required)
  });

  // Controls can also be enabled/disabled after creation:
  form.get('first')?.enable();
  form.get('last')?.disable();
'
[1A[2K[31mChrome Headless 139.0.0.0 (Windows 10) InputPasswordComponent Placeholder Behavior should use custom placeholder when provided FAILED[39m
	Expected null to be 'Custom password placeholder'.
	    at <Jasmine>
	    at UserContext.<anonymous> (spec-input-password.component.spec.js:285:84)
	    at _ZoneDelegate.invoke (node_modules/zone.js/fesm2015/zone.js:398:28)
	    at _ProxyZoneSpec.onInvoke (node_modules/zone.js/fesm2015/zone-testing.js:2132:39)
	    at _ZoneDelegate.invoke (node_modules/zone.js/fesm2015/zone.js:397:34)
Chrome Headless 139.0.0.0 (Windows 10): Executed 610 of 1370[31m (177 FAILED)[39m (0 secs / 5.027 secs)
[1A[2KWARN: [36m'
  It looks like you're using the disabled attribute with a reactive form directive. If you set disabled to true
  when you set up this control in your component class, the disabled attribute will actually be set in the DOM for
  you. We recommend using this approach to avoid 'changed after checked' errors.

  Example:
  // Specify the `disabled` property at control creation time:
  form = new FormGroup({
    first: new FormControl({value: 'Nancy', disabled: true}, Validators.required),
    last: new FormControl('Drew', Validators.required)
  });

  // Controls can also be enabled/disabled after creation:
  form.get('first')?.enable();
  form.get('last')?.disable();
'[39m
Chrome Headless 139.0.0.0 (Windows 10): Executed 610 of 1370[31m (177 FAILED)[39m (0 secs / 5.027 secs)
WARN: '
  It looks like you're using the disabled attribute with a reactive form directive. If you set disabled to true
  when you set up this control in your component class, the disabled attribute will actually be set in the DOM for
  you. We recommend using this approach to avoid 'changed after checked' errors.

  Example:
  // Specify the `disabled` property at control creation time:
  form = new FormGroup({
    first: new FormControl({value: 'Nancy', disabled: true}, Validators.required),
    last: new FormControl('Drew', Validators.required)
  });

  // Controls can also be enabled/disabled after creation:
  form.get('first')?.enable();
  form.get('last')?.disable();
'
[1A[2KChrome Headless 139.0.0.0 (Windows 10): Executed 611 of 1370[31m (177 FAILED)[39m (0 secs / 5.031 secs)
[1A[2KWARN: [36m'
  It looks like you're using the disabled attribute with a reactive form directive. If you set disabled to true
  when you set up this control in your component class, the disabled attribute will actually be set in the DOM for
  you. We recommend using this approach to avoid 'changed after checked' errors.

  Example:
  // Specify the `disabled` property at control creation time:
  form = new FormGroup({
    first: new FormControl({value: 'Nancy', disabled: true}, Validators.required),
    last: new FormControl('Drew', Validators.required)
  });

  // Controls can also be enabled/disabled after creation:
  form.get('first')?.enable();
  form.get('last')?.disable();
'[39m
Chrome Headless 139.0.0.0 (Windows 10): Executed 611 of 1370[31m (177 FAILED)[39m (0 secs / 5.031 secs)
WARN: '
  It looks like you're using the disabled attribute with a reactive form directive. If you set disabled to true
  when you set up this control in your component class, the disabled attribute will actually be set in the DOM for
  you. We recommend using this approach to avoid 'changed after checked' errors.

  Example:
  // Specify the `disabled` property at control creation time:
  form = new FormGroup({
    first: new FormControl({value: 'Nancy', disabled: true}, Validators.required),
    last: new FormControl('Drew', Validators.required)
  });

  // Controls can also be enabled/disabled after creation:
  form.get('first')?.enable();
  form.get('last')?.disable();
'
[1A[2KChrome Headless 139.0.0.0 (Windows 10): Executed 612 of 1370[31m (177 FAILED)[39m (0 secs / 5.035 secs)
[1A[2KWARN: [36m'
  It looks like you're using the disabled attribute with a reactive form directive. If you set disabled to true
  when you set up this control in your component class, the disabled attribute will actually be set in the DOM for
  you. We recommend using this approach to avoid 'changed after checked' errors.

  Example:
  // Specify the `disabled` property at control creation time:
  form = new FormGroup({
    first: new FormControl({value: 'Nancy', disabled: true}, Validators.required),
    last: new FormControl('Drew', Validators.required)
  });

  // Controls can also be enabled/disabled after creation:
  form.get('first')?.enable();
  form.get('last')?.disable();
'[39m
Chrome Headless 139.0.0.0 (Windows 10): Executed 612 of 1370[31m (177 FAILED)[39m (0 secs / 5.035 secs)
WARN: '
  It looks like you're using the disabled attribute with a reactive form directive. If you set disabled to true
  when you set up this control in your component class, the disabled attribute will actually be set in the DOM for
  you. We recommend using this approach to avoid 'changed after checked' errors.

  Example:
  // Specify the `disabled` property at control creation time:
  form = new FormGroup({
    first: new FormControl({value: 'Nancy', disabled: true}, Validators.required),
    last: new FormControl('Drew', Validators.required)
  });

  // Controls can also be enabled/disabled after creation:
  form.get('first')?.enable();
  form.get('last')?.disable();
'
[1A[2KChrome Headless 139.0.0.0 (Windows 10): Executed 613 of 1370[31m (177 FAILED)[39m (0 secs / 5.039 secs)
[1A[2KWARN: [36m'
  It looks like you're using the disabled attribute with a reactive form directive. If you set disabled to true
  when you set up this control in your component class, the disabled attribute will actually be set in the DOM for
  you. We recommend using this approach to avoid 'changed after checked' errors.

  Example:
  // Specify the `disabled` property at control creation time:
  form = new FormGroup({
    first: new FormControl({value: 'Nancy', disabled: true}, Validators.required),
    last: new FormControl('Drew', Validators.required)
  });

  // Controls can also be enabled/disabled after creation:
  form.get('first')?.enable();
  form.get('last')?.disable();
'[39m
Chrome Headless 139.0.0.0 (Windows 10): Executed 613 of 1370[31m (177 FAILED)[39m (0 secs / 5.039 secs)
WARN: '
  It looks like you're using the disabled attribute with a reactive form directive. If you set disabled to true
  when you set up this control in your component class, the disabled attribute will actually be set in the DOM for
  you. We recommend using this approach to avoid 'changed after checked' errors.

  Example:
  // Specify the `disabled` property at control creation time:
  form = new FormGroup({
    first: new FormControl({value: 'Nancy', disabled: true}, Validators.required),
    last: new FormControl('Drew', Validators.required)
  });

  // Controls can also be enabled/disabled after creation:
  form.get('first')?.enable();
  form.get('last')?.disable();
'
[1A[2K[31mChrome Headless 139.0.0.0 (Windows 10) InputPasswordComponent Form Integration should initialize with form control value FAILED[39m
	Expected '' to be 'initialPassword'.
	    at <Jasmine>
	    at UserContext.<anonymous> (spec-input-password.component.spec.js:299:46)
	    at _ZoneDelegate.invoke (node_modules/zone.js/fesm2015/zone.js:398:28)
	    at _ProxyZoneSpec.onInvoke (node_modules/zone.js/fesm2015/zone-testing.js:2132:39)
	    at _ZoneDelegate.invoke (node_modules/zone.js/fesm2015/zone.js:397:34)
Chrome Headless 139.0.0.0 (Windows 10): Executed 614 of 1370[31m (178 FAILED)[39m (0 secs / 5.044 secs)
[1A[2KChrome Headless 139.0.0.0 (Windows 10): Executed 615 of 1370[31m (178 FAILED)[39m (0 secs / 5.046 secs)
[1A[2KChrome Headless 139.0.0.0 (Windows 10): Executed 616 of 1370[31m (178 FAILED)[39m (0 secs / 5.047 secs)
[1A[2K[31mChrome Headless 139.0.0.0 (Windows 10) CardComponent Template Integration should have proper component selector FAILED[39m
	Expected 'CardComponent2' to be 'CardComponent'.
	    at <Jasmine>
	    at UserContext.<anonymous> (spec-card.component.spec.js:87:56)
	    at _ZoneDelegate.invoke (node_modules/zone.js/fesm2015/zone.js:398:28)
	    at _ProxyZoneSpec.onInvoke (node_modules/zone.js/fesm2015/zone-testing.js:2132:39)
	    at _ZoneDelegate.invoke (node_modules/zone.js/fesm2015/zone.js:397:34)
Chrome Headless 139.0.0.0 (Windows 10): Executed 617 of 1370[31m (179 FAILED)[39m (0 secs / 5.049 secs)
[1A[2KChrome Headless 139.0.0.0 (Windows 10): Executed 618 of 1370[31m (179 FAILED)[39m (0 secs / 5.05 secs)
[1A[2KChrome Headless 139.0.0.0 (Windows 10): Executed 619 of 1370[31m (179 FAILED)[39m (0 secs / 5.051 secs)
[1A[2K[31mChrome Headless 139.0.0.0 (Windows 10) CardComponent should return correct card classes for default variant FAILED[39m
	Expected undefined to be true.
	    at <Jasmine>
	    at UserContext.<anonymous> (spec-card.component.spec.js:38:43)
	    at _ZoneDelegate.invoke (node_modules/zone.js/fesm2015/zone.js:398:28)
	    at _ProxyZoneSpec.onInvoke (node_modules/zone.js/fesm2015/zone-testing.js:2132:39)
	    at _ZoneDelegate.invoke (node_modules/zone.js/fesm2015/zone.js:397:34)
Chrome Headless 139.0.0.0 (Windows 10): Executed 620 of 1370[31m (180 FAILED)[39m (0 secs / 5.053 secs)
[1A[2KChrome Headless 139.0.0.0 (Windows 10): Executed 621 of 1370[31m (180 FAILED)[39m (0 secs / 5.054 secs)
[1A[2KChrome Headless 139.0.0.0 (Windows 10): Executed 622 of 1370[31m (180 FAILED)[39m (0 secs / 5.055 secs)
[1A[2KChrome Headless 139.0.0.0 (Windows 10): Executed 623 of 1370[31m (180 FAILED)[39m (0 secs / 5.056 secs)
[1A[2KChrome Headless 139.0.0.0 (Windows 10): Executed 624 of 1370[31m (180 FAILED)[39m (0 secs / 5.057 secs)
[1A[2KChrome Headless 139.0.0.0 (Windows 10): Executed 625 of 1370[31m (180 FAILED)[39m (0 secs / 5.062 secs)
[1A[2KChrome Headless 139.0.0.0 (Windows 10): Executed 626 of 1370[31m (180 FAILED)[39m (0 secs / 5.063 secs)
[1A[2KChrome Headless 139.0.0.0 (Windows 10): Executed 627 of 1370[31m (180 FAILED)[39m (0 secs / 5.063 secs)
[1A[2KChrome Headless 139.0.0.0 (Windows 10): Executed 628 of 1370[31m (180 FAILED)[39m (0 secs / 5.063 secs)
[1A[2KChrome Headless 139.0.0.0 (Windows 10): Executed 629 of 1370[31m (180 FAILED)[39m (0 secs / 5.064 secs)
[1A[2KChrome Headless 139.0.0.0 (Windows 10): Executed 630 of 1370[31m (180 FAILED)[39m (0 secs / 5.065 secs)
[1A[2KChrome Headless 139.0.0.0 (Windows 10): Executed 631 of 1370[31m (180 FAILED)[39m (0 secs / 5.066 secs)
[1A[2KChrome Headless 139.0.0.0 (Windows 10): Executed 632 of 1370[31m (180 FAILED)[39m (0 secs / 5.067 secs)
[1A[2KChrome Headless 139.0.0.0 (Windows 10): Executed 633 of 1370[31m (180 FAILED)[39m (0 secs / 5.068 secs)
[1A[2K[31mChrome Headless 139.0.0.0 (Windows 10) AdminSettingsPageComponent should create FAILED[39m
	TypeError: Cannot read properties of undefined (reading 'name')
	    at AdminSettingsPageComponent2.initializeForm (spec-admin-settings-page.component.spec.js:630:53)
	    at AdminSettingsPageComponent2.ngOnInit (spec-admin-settings-page.component.spec.js:617:10)
	    at callHookInternal (node_modules/@angular/core/fesm2022/debug_node.mjs:860:14)
	    at callHook (node_modules/@angular/core/fesm2022/debug_node.mjs:887:13)
	    at callHooks (node_modules/@angular/core/fesm2022/debug_node.mjs:841:17)
	    at executeInitAndCheckHooks (node_modules/@angular/core/fesm2022/debug_node.mjs:791:9)
	    at refreshView (node_modules/@angular/core/fesm2022/debug_node.mjs:8974:21)
	    at detectChangesInView (node_modules/@angular/core/fesm2022/debug_node.mjs:9179:9)
	    at detectChangesInViewWhileDirty (node_modules/@angular/core/fesm2022/debug_node.mjs:8868:9)
	    at detectChangesInternal (node_modules/@angular/core/fesm2022/debug_node.mjs:8856:9)
Chrome Headless 139.0.0.0 (Windows 10): Executed 634 of 1370[31m (181 FAILED)[39m (0 secs / 5.085 secs)
[1A[2K[31mChrome Headless 139.0.0.0 (Windows 10) AdminSettingsPageComponent Save Settings should save settings successfully FAILED[39m
	TypeError: Cannot read properties of undefined (reading 'name')
	    at AdminSettingsPageComponent2.initializeForm (spec-admin-settings-page.component.spec.js:630:53)
	    at AdminSettingsPageComponent2.ngOnInit (spec-admin-settings-page.component.spec.js:617:10)
	    at callHookInternal (node_modules/@angular/core/fesm2022/debug_node.mjs:860:14)
	    at callHook (node_modules/@angular/core/fesm2022/debug_node.mjs:887:13)
	    at callHooks (node_modules/@angular/core/fesm2022/debug_node.mjs:841:17)
	    at executeInitAndCheckHooks (node_modules/@angular/core/fesm2022/debug_node.mjs:791:9)
	    at refreshView (node_modules/@angular/core/fesm2022/debug_node.mjs:8974:21)
	    at detectChangesInView (node_modules/@angular/core/fesm2022/debug_node.mjs:9179:9)
	    at detectChangesInViewWhileDirty (node_modules/@angular/core/fesm2022/debug_node.mjs:8868:9)
	    at detectChangesInternal (node_modules/@angular/core/fesm2022/debug_node.mjs:8856:9)
Chrome Headless 139.0.0.0 (Windows 10): Executed 635 of 1370[31m (182 FAILED)[39m (0 secs / 5.092 secs)
[1A[2K[31mChrome Headless 139.0.0.0 (Windows 10) AdminSettingsPageComponent Save Settings should handle save errors FAILED[39m
	TypeError: Cannot read properties of undefined (reading 'name')
	    at AdminSettingsPageComponent2.initializeForm (spec-admin-settings-page.component.spec.js:630:53)
	    at AdminSettingsPageComponent2.ngOnInit (spec-admin-settings-page.component.spec.js:617:10)
	    at callHookInternal (node_modules/@angular/core/fesm2022/debug_node.mjs:860:14)
	    at callHook (node_modules/@angular/core/fesm2022/debug_node.mjs:887:13)
	    at callHooks (node_modules/@angular/core/fesm2022/debug_node.mjs:841:17)
	    at executeInitAndCheckHooks (node_modules/@angular/core/fesm2022/debug_node.mjs:791:9)
	    at refreshView (node_modules/@angular/core/fesm2022/debug_node.mjs:8974:21)
	    at detectChangesInView (node_modules/@angular/core/fesm2022/debug_node.mjs:9179:9)
	    at detectChangesInViewWhileDirty (node_modules/@angular/core/fesm2022/debug_node.mjs:8868:9)
	    at detectChangesInternal (node_modules/@angular/core/fesm2022/debug_node.mjs:8856:9)
Chrome Headless 139.0.0.0 (Windows 10): Executed 636 of 1370[31m (183 FAILED)[39m (0 secs / 5.099 secs)
[1A[2K[31mChrome Headless 139.0.0.0 (Windows 10) AdminSettingsPageComponent Save Settings should update currency if changed FAILED[39m
	TypeError: Cannot read properties of undefined (reading 'name')
	    at AdminSettingsPageComponent2.initializeForm (spec-admin-settings-page.component.spec.js:630:53)
	    at AdminSettingsPageComponent2.ngOnInit (spec-admin-settings-page.component.spec.js:617:10)
	    at callHookInternal (node_modules/@angular/core/fesm2022/debug_node.mjs:860:14)
	    at callHook (node_modules/@angular/core/fesm2022/debug_node.mjs:887:13)
	    at callHooks (node_modules/@angular/core/fesm2022/debug_node.mjs:841:17)
	    at executeInitAndCheckHooks (node_modules/@angular/core/fesm2022/debug_node.mjs:791:9)
	    at refreshView (node_modules/@angular/core/fesm2022/debug_node.mjs:8974:21)
	    at detectChangesInView (node_modules/@angular/core/fesm2022/debug_node.mjs:9179:9)
	    at detectChangesInViewWhileDirty (node_modules/@angular/core/fesm2022/debug_node.mjs:8868:9)
	    at detectChangesInternal (node_modules/@angular/core/fesm2022/debug_node.mjs:8856:9)
Chrome Headless 139.0.0.0 (Windows 10): Executed 637 of 1370[31m (184 FAILED)[39m (0 secs / 5.106 secs)
[1A[2K[31mChrome Headless 139.0.0.0 (Windows 10) AdminSettingsPageComponent Form Management should initialize form with current settings FAILED[39m
	TypeError: Cannot read properties of undefined (reading 'name')
	    at AdminSettingsPageComponent2.initializeForm (spec-admin-settings-page.component.spec.js:630:53)
	    at AdminSettingsPageComponent2.ngOnInit (spec-admin-settings-page.component.spec.js:617:10)
	    at callHookInternal (node_modules/@angular/core/fesm2022/debug_node.mjs:860:14)
	    at callHook (node_modules/@angular/core/fesm2022/debug_node.mjs:887:13)
	    at callHooks (node_modules/@angular/core/fesm2022/debug_node.mjs:841:17)
	    at executeInitAndCheckHooks (node_modules/@angular/core/fesm2022/debug_node.mjs:791:9)
	    at refreshView (node_modules/@angular/core/fesm2022/debug_node.mjs:8974:21)
	    at detectChangesInView (node_modules/@angular/core/fesm2022/debug_node.mjs:9179:9)
	    at detectChangesInViewWhileDirty (node_modules/@angular/core/fesm2022/debug_node.mjs:8868:9)
	    at detectChangesInternal (node_modules/@angular/core/fesm2022/debug_node.mjs:8856:9)
Chrome Headless 139.0.0.0 (Windows 10): Executed 638 of 1370[31m (185 FAILED)[39m (0 secs / 5.112 secs)
[1A[2K[31mChrome Headless 139.0.0.0 (Windows 10) AdminSettingsPageComponent Form Management should update form when settings change FAILED[39m
	TypeError: Cannot read properties of undefined (reading 'name')
	    at AdminSettingsPageComponent2.initializeForm (spec-admin-settings-page.component.spec.js:630:53)
	    at AdminSettingsPageComponent2.ngOnInit (spec-admin-settings-page.component.spec.js:617:10)
	    at callHookInternal (node_modules/@angular/core/fesm2022/debug_node.mjs:860:14)
	    at callHook (node_modules/@angular/core/fesm2022/debug_node.mjs:887:13)
	    at callHooks (node_modules/@angular/core/fesm2022/debug_node.mjs:841:17)
	    at executeInitAndCheckHooks (node_modules/@angular/core/fesm2022/debug_node.mjs:791:9)
	    at refreshView (node_modules/@angular/core/fesm2022/debug_node.mjs:8974:21)
	    at detectChangesInView (node_modules/@angular/core/fesm2022/debug_node.mjs:9179:9)
	    at detectChangesInViewWhileDirty (node_modules/@angular/core/fesm2022/debug_node.mjs:8868:9)
	    at detectChangesInternal (node_modules/@angular/core/fesm2022/debug_node.mjs:8856:9)
Chrome Headless 139.0.0.0 (Windows 10): Executed 639 of 1370[31m (186 FAILED)[39m (0 secs / 5.119 secs)
[1A[2K[31mChrome Headless 139.0.0.0 (Windows 10) AdminSettingsPageComponent Initialization should load settings on init FAILED[39m
	TypeError: Cannot read properties of undefined (reading 'name')
	    at AdminSettingsPageComponent2.initializeForm (spec-admin-settings-page.component.spec.js:630:53)
	    at AdminSettingsPageComponent2.ngOnInit (spec-admin-settings-page.component.spec.js:617:10)
	    at callHookInternal (node_modules/@angular/core/fesm2022/debug_node.mjs:860:14)
	    at callHook (node_modules/@angular/core/fesm2022/debug_node.mjs:887:13)
	    at callHooks (node_modules/@angular/core/fesm2022/debug_node.mjs:841:17)
	    at executeInitAndCheckHooks (node_modules/@angular/core/fesm2022/debug_node.mjs:791:9)
	    at refreshView (node_modules/@angular/core/fesm2022/debug_node.mjs:8974:21)
	    at detectChangesInView (node_modules/@angular/core/fesm2022/debug_node.mjs:9179:9)
	    at detectChangesInViewWhileDirty (node_modules/@angular/core/fesm2022/debug_node.mjs:8868:9)
	    at detectChangesInternal (node_modules/@angular/core/fesm2022/debug_node.mjs:8856:9)
Chrome Headless 139.0.0.0 (Windows 10): Executed 640 of 1370[31m (187 FAILED)[39m (0 secs / 5.126 secs)
[1A[2KChrome Headless 139.0.0.0 (Windows 10): Executed 641 of 1370[31m (187 FAILED)[39m (0 secs / 5.13 secs)
[1A[2KChrome Headless 139.0.0.0 (Windows 10): Executed 642 of 1370[31m (187 FAILED)[39m (0 secs / 5.132 secs)
[1A[2KChrome Headless 139.0.0.0 (Windows 10): Executed 643 of 1370[31m (187 FAILED)[39m (0 secs / 5.133 secs)
[1A[2KChrome Headless 139.0.0.0 (Windows 10): Executed 644 of 1370[31m (187 FAILED)[39m (0 secs / 5.139 secs)
[1A[2KWARN: [36m'
  It looks like you're using the disabled attribute with a reactive form directive. If you set disabled to true
  when you set up this control in your component class, the disabled attribute will actually be set in the DOM for
  you. We recommend using this approach to avoid 'changed after checked' errors.

  Example:
  // Specify the `disabled` property at control creation time:
  form = new FormGroup({
    first: new FormControl({value: 'Nancy', disabled: true}, Validators.required),
    last: new FormControl('Drew', Validators.required)
  });

  // Controls can also be enabled/disabled after creation:
  form.get('first')?.enable();
  form.get('last')?.disable();
'[39m
Chrome Headless 139.0.0.0 (Windows 10): Executed 644 of 1370[31m (187 FAILED)[39m (0 secs / 5.139 secs)
WARN: '
  It looks like you're using the disabled attribute with a reactive form directive. If you set disabled to true
  when you set up this control in your component class, the disabled attribute will actually be set in the DOM for
  you. We recommend using this approach to avoid 'changed after checked' errors.

  Example:
  // Specify the `disabled` property at control creation time:
  form = new FormGroup({
    first: new FormControl({value: 'Nancy', disabled: true}, Validators.required),
    last: new FormControl('Drew', Validators.required)
  });

  // Controls can also be enabled/disabled after creation:
  form.get('first')?.enable();
  form.get('last')?.disable();
'
[1A[2K[31mChrome Headless 139.0.0.0 (Windows 10) InputCheckboxComponent Size Variants should render with large size FAILED[39m
	Expected null to be 'large'.
	    at <Jasmine>
	    at UserContext.<anonymous> (spec-input-checkbox.component.spec.js:245:66)
	    at _ZoneDelegate.invoke (node_modules/zone.js/fesm2015/zone.js:398:28)
	    at _ProxyZoneSpec.onInvoke (node_modules/zone.js/fesm2015/zone-testing.js:2132:39)
	    at _ZoneDelegate.invoke (node_modules/zone.js/fesm2015/zone.js:397:34)
Chrome Headless 139.0.0.0 (Windows 10): Executed 645 of 1370[31m (188 FAILED)[39m (0 secs / 5.146 secs)
[1A[2KWARN: [36m'
  It looks like you're using the disabled attribute with a reactive form directive. If you set disabled to true
  when you set up this control in your component class, the disabled attribute will actually be set in the DOM for
  you. We recommend using this approach to avoid 'changed after checked' errors.

  Example:
  // Specify the `disabled` property at control creation time:
  form = new FormGroup({
    first: new FormControl({value: 'Nancy', disabled: true}, Validators.required),
    last: new FormControl('Drew', Validators.required)
  });

  // Controls can also be enabled/disabled after creation:
  form.get('first')?.enable();
  form.get('last')?.disable();
'[39m
Chrome Headless 139.0.0.0 (Windows 10): Executed 645 of 1370[31m (188 FAILED)[39m (0 secs / 5.146 secs)
WARN: '
  It looks like you're using the disabled attribute with a reactive form directive. If you set disabled to true
  when you set up this control in your component class, the disabled attribute will actually be set in the DOM for
  you. We recommend using this approach to avoid 'changed after checked' errors.

  Example:
  // Specify the `disabled` property at control creation time:
  form = new FormGroup({
    first: new FormControl({value: 'Nancy', disabled: true}, Validators.required),
    last: new FormControl('Drew', Validators.required)
  });

  // Controls can also be enabled/disabled after creation:
  form.get('first')?.enable();
  form.get('last')?.disable();
'
[1A[2K[31mChrome Headless 139.0.0.0 (Windows 10) InputCheckboxComponent Size Variants should render with small size FAILED[39m
	Expected null to be 'small'.
	    at <Jasmine>
	    at UserContext.<anonymous> (spec-input-checkbox.component.spec.js:239:66)
	    at _ZoneDelegate.invoke (node_modules/zone.js/fesm2015/zone.js:398:28)
	    at _ProxyZoneSpec.onInvoke (node_modules/zone.js/fesm2015/zone-testing.js:2132:39)
	    at _ZoneDelegate.invoke (node_modules/zone.js/fesm2015/zone.js:397:34)
Chrome Headless 139.0.0.0 (Windows 10): Executed 646 of 1370[31m (189 FAILED)[39m (0 secs / 5.151 secs)
[1A[2KWARN: [36m'
  It looks like you're using the disabled attribute with a reactive form directive. If you set disabled to true
  when you set up this control in your component class, the disabled attribute will actually be set in the DOM for
  you. We recommend using this approach to avoid 'changed after checked' errors.

  Example:
  // Specify the `disabled` property at control creation time:
  form = new FormGroup({
    first: new FormControl({value: 'Nancy', disabled: true}, Validators.required),
    last: new FormControl('Drew', Validators.required)
  });

  // Controls can also be enabled/disabled after creation:
  form.get('first')?.enable();
  form.get('last')?.disable();
'[39m
Chrome Headless 139.0.0.0 (Windows 10): Executed 646 of 1370[31m (189 FAILED)[39m (0 secs / 5.151 secs)
WARN: '
  It looks like you're using the disabled attribute with a reactive form directive. If you set disabled to true
  when you set up this control in your component class, the disabled attribute will actually be set in the DOM for
  you. We recommend using this approach to avoid 'changed after checked' errors.

  Example:
  // Specify the `disabled` property at control creation time:
  form = new FormGroup({
    first: new FormControl({value: 'Nancy', disabled: true}, Validators.required),
    last: new FormControl('Drew', Validators.required)
  });

  // Controls can also be enabled/disabled after creation:
  form.get('first')?.enable();
  form.get('last')?.disable();
'
[1A[2KChrome Headless 139.0.0.0 (Windows 10): Executed 647 of 1370[31m (189 FAILED)[39m (0 secs / 5.154 secs)
[1A[2KWARN: [36m'
  It looks like you're using the disabled attribute with a reactive form directive. If you set disabled to true
  when you set up this control in your component class, the disabled attribute will actually be set in the DOM for
  you. We recommend using this approach to avoid 'changed after checked' errors.

  Example:
  // Specify the `disabled` property at control creation time:
  form = new FormGroup({
    first: new FormControl({value: 'Nancy', disabled: true}, Validators.required),
    last: new FormControl('Drew', Validators.required)
  });

  // Controls can also be enabled/disabled after creation:
  form.get('first')?.enable();
  form.get('last')?.disable();
'[39m
Chrome Headless 139.0.0.0 (Windows 10): Executed 647 of 1370[31m (189 FAILED)[39m (0 secs / 5.154 secs)
WARN: '
  It looks like you're using the disabled attribute with a reactive form directive. If you set disabled to true
  when you set up this control in your component class, the disabled attribute will actually be set in the DOM for
  you. We recommend using this approach to avoid 'changed after checked' errors.

  Example:
  // Specify the `disabled` property at control creation time:
  form = new FormGroup({
    first: new FormControl({value: 'Nancy', disabled: true}, Validators.required),
    last: new FormControl('Drew', Validators.required)
  });

  // Controls can also be enabled/disabled after creation:
  form.get('first')?.enable();
  form.get('last')?.disable();
'
[1A[2K[31mChrome Headless 139.0.0.0 (Windows 10) InputCheckboxComponent Variant Configuration should apply outlined variant correctly FAILED[39m
	Expected null to be 'outlined'.
	    at <Jasmine>
	    at UserContext.<anonymous> (spec-input-checkbox.component.spec.js:259:69)
	    at _ZoneDelegate.invoke (node_modules/zone.js/fesm2015/zone.js:398:28)
	    at _ProxyZoneSpec.onInvoke (node_modules/zone.js/fesm2015/zone-testing.js:2132:39)
	    at _ZoneDelegate.invoke (node_modules/zone.js/fesm2015/zone.js:397:34)
Chrome Headless 139.0.0.0 (Windows 10): Executed 648 of 1370[31m (190 FAILED)[39m (0 secs / 5.158 secs)
[1A[2KWARN: [36m'
  It looks like you're using the disabled attribute with a reactive form directive. If you set disabled to true
  when you set up this control in your component class, the disabled attribute will actually be set in the DOM for
  you. We recommend using this approach to avoid 'changed after checked' errors.

  Example:
  // Specify the `disabled` property at control creation time:
  form = new FormGroup({
    first: new FormControl({value: 'Nancy', disabled: true}, Validators.required),
    last: new FormControl('Drew', Validators.required)
  });

  // Controls can also be enabled/disabled after creation:
  form.get('first')?.enable();
  form.get('last')?.disable();
'[39m
Chrome Headless 139.0.0.0 (Windows 10): Executed 648 of 1370[31m (190 FAILED)[39m (0 secs / 5.158 secs)
WARN: '
  It looks like you're using the disabled attribute with a reactive form directive. If you set disabled to true
  when you set up this control in your component class, the disabled attribute will actually be set in the DOM for
  you. We recommend using this approach to avoid 'changed after checked' errors.

  Example:
  // Specify the `disabled` property at control creation time:
  form = new FormGroup({
    first: new FormControl({value: 'Nancy', disabled: true}, Validators.required),
    last: new FormControl('Drew', Validators.required)
  });

  // Controls can also be enabled/disabled after creation:
  form.get('first')?.enable();
  form.get('last')?.disable();
'
[1A[2K[31mChrome Headless 139.0.0.0 (Windows 10) InputCheckboxComponent Variant Configuration should apply filled variant correctly FAILED[39m
	Expected null to be 'filled'.
	    at <Jasmine>
	    at UserContext.<anonymous> (spec-input-checkbox.component.spec.js:265:69)
	    at _ZoneDelegate.invoke (node_modules/zone.js/fesm2015/zone.js:398:28)
	    at _ProxyZoneSpec.onInvoke (node_modules/zone.js/fesm2015/zone-testing.js:2132:39)
	    at _ZoneDelegate.invoke (node_modules/zone.js/fesm2015/zone.js:397:34)
Chrome Headless 139.0.0.0 (Windows 10): Executed 649 of 1370[31m (191 FAILED)[39m (0 secs / 5.162 secs)
[1A[2KWARN: [36m'
  It looks like you're using the disabled attribute with a reactive form directive. If you set disabled to true
  when you set up this control in your component class, the disabled attribute will actually be set in the DOM for
  you. We recommend using this approach to avoid 'changed after checked' errors.

  Example:
  // Specify the `disabled` property at control creation time:
  form = new FormGroup({
    first: new FormControl({value: 'Nancy', disabled: true}, Validators.required),
    last: new FormControl('Drew', Validators.required)
  });

  // Controls can also be enabled/disabled after creation:
  form.get('first')?.enable();
  form.get('last')?.disable();
'[39m
Chrome Headless 139.0.0.0 (Windows 10): Executed 649 of 1370[31m (191 FAILED)[39m (0 secs / 5.162 secs)
WARN: '
  It looks like you're using the disabled attribute with a reactive form directive. If you set disabled to true
  when you set up this control in your component class, the disabled attribute will actually be set in the DOM for
  you. We recommend using this approach to avoid 'changed after checked' errors.

  Example:
  // Specify the `disabled` property at control creation time:
  form = new FormGroup({
    first: new FormControl({value: 'Nancy', disabled: true}, Validators.required),
    last: new FormControl('Drew', Validators.required)
  });

  // Controls can also be enabled/disabled after creation:
  form.get('first')?.enable();
  form.get('last')?.disable();
'
[1A[2KWARN: [36m'
  It looks like you're using the disabled attribute with a reactive form directive. If you set disabled to true
  when you set up this control in your component class, the disabled attribute will actually be set in the DOM for
  you. We recommend using this approach to avoid 'changed after checked' errors.

  Example:
  // Specify the `disabled` property at control creation time:
  form = new FormGroup({
    first: new FormControl({value: 'Nancy', disabled: true}, Validators.required),
    last: new FormControl('Drew', Validators.required)
  });

  // Controls can also be enabled/disabled after creation:
  form.get('first')?.enable();
  form.get('last')?.disable();
'[39m
Chrome Headless 139.0.0.0 (Windows 10): Executed 649 of 1370[31m (191 FAILED)[39m (0 secs / 5.162 secs)
WARN: '
  It looks like you're using the disabled attribute with a reactive form directive. If you set disabled to true
  when you set up this control in your component class, the disabled attribute will actually be set in the DOM for
  you. We recommend using this approach to avoid 'changed after checked' errors.

  Example:
  // Specify the `disabled` property at control creation time:
  form = new FormGroup({
    first: new FormControl({value: 'Nancy', disabled: true}, Validators.required),
    last: new FormControl('Drew', Validators.required)
  });

  // Controls can also be enabled/disabled after creation:
  form.get('first')?.enable();
  form.get('last')?.disable();
'
[1A[2K[31mChrome Headless 139.0.0.0 (Windows 10) InputCheckboxComponent State Management should handle disabled state correctly FAILED[39m
	Expected null to be 'true'.
	    at <Jasmine>
	    at UserContext.<anonymous> (spec-input-checkbox.component.spec.js:273:70)
	    at _ZoneDelegate.invoke (node_modules/zone.js/fesm2015/zone.js:398:28)
	    at _ProxyZoneSpec.onInvoke (node_modules/zone.js/fesm2015/zone-testing.js:2132:39)
	    at _ZoneDelegate.invoke (node_modules/zone.js/fesm2015/zone.js:397:34)
Chrome Headless 139.0.0.0 (Windows 10): Executed 650 of 1370[31m (192 FAILED)[39m (0 secs / 5.166 secs)
[1A[2KWARN: [36m'
  It looks like you're using the disabled attribute with a reactive form directive. If you set disabled to true
  when you set up this control in your component class, the disabled attribute will actually be set in the DOM for
  you. We recommend using this approach to avoid 'changed after checked' errors.

  Example:
  // Specify the `disabled` property at control creation time:
  form = new FormGroup({
    first: new FormControl({value: 'Nancy', disabled: true}, Validators.required),
    last: new FormControl('Drew', Validators.required)
  });

  // Controls can also be enabled/disabled after creation:
  form.get('first')?.enable();
  form.get('last')?.disable();
'[39m
Chrome Headless 139.0.0.0 (Windows 10): Executed 650 of 1370[31m (192 FAILED)[39m (0 secs / 5.166 secs)
WARN: '
  It looks like you're using the disabled attribute with a reactive form directive. If you set disabled to true
  when you set up this control in your component class, the disabled attribute will actually be set in the DOM for
  you. We recommend using this approach to avoid 'changed after checked' errors.

  Example:
  // Specify the `disabled` property at control creation time:
  form = new FormGroup({
    first: new FormControl({value: 'Nancy', disabled: true}, Validators.required),
    last: new FormControl('Drew', Validators.required)
  });

  // Controls can also be enabled/disabled after creation:
  form.get('first')?.enable();
  form.get('last')?.disable();
'
[1A[2K[31mChrome Headless 139.0.0.0 (Windows 10) InputCheckboxComponent State Management should handle readonly state correctly (should be disabled) FAILED[39m
	Expected null to be 'true'.
	    at <Jasmine>
	    at UserContext.<anonymous> (spec-input-checkbox.component.spec.js:279:70)
	    at _ZoneDelegate.invoke (node_modules/zone.js/fesm2015/zone.js:398:28)
	    at _ProxyZoneSpec.onInvoke (node_modules/zone.js/fesm2015/zone-testing.js:2132:39)
	    at _ZoneDelegate.invoke (node_modules/zone.js/fesm2015/zone.js:397:34)
Chrome Headless 139.0.0.0 (Windows 10): Executed 651 of 1370[31m (193 FAILED)[39m (0 secs / 5.17 secs)
[1A[2KWARN: [36m'
  It looks like you're using the disabled attribute with a reactive form directive. If you set disabled to true
  when you set up this control in your component class, the disabled attribute will actually be set in the DOM for
  you. We recommend using this approach to avoid 'changed after checked' errors.

  Example:
  // Specify the `disabled` property at control creation time:
  form = new FormGroup({
    first: new FormControl({value: 'Nancy', disabled: true}, Validators.required),
    last: new FormControl('Drew', Validators.required)
  });

  // Controls can also be enabled/disabled after creation:
  form.get('first')?.enable();
  form.get('last')?.disable();
'[39m
Chrome Headless 139.0.0.0 (Windows 10): Executed 651 of 1370[31m (193 FAILED)[39m (0 secs / 5.17 secs)
WARN: '
  It looks like you're using the disabled attribute with a reactive form directive. If you set disabled to true
  when you set up this control in your component class, the disabled attribute will actually be set in the DOM for
  you. We recommend using this approach to avoid 'changed after checked' errors.

  Example:
  // Specify the `disabled` property at control creation time:
  form = new FormGroup({
    first: new FormControl({value: 'Nancy', disabled: true}, Validators.required),
    last: new FormControl('Drew', Validators.required)
  });

  // Controls can also be enabled/disabled after creation:
  form.get('first')?.enable();
  form.get('last')?.disable();
'
[1A[2K[31mChrome Headless 139.0.0.0 (Windows 10) InputCheckboxComponent State Management should handle invalid state correctly FAILED[39m
	Expected null to be 'true'.
	    at <Jasmine>
	    at UserContext.<anonymous> (spec-input-checkbox.component.spec.js:285:69)
	    at _ZoneDelegate.invoke (node_modules/zone.js/fesm2015/zone.js:398:28)
	    at _ProxyZoneSpec.onInvoke (node_modules/zone.js/fesm2015/zone-testing.js:2132:39)
	    at _ZoneDelegate.invoke (node_modules/zone.js/fesm2015/zone.js:397:34)
Chrome Headless 139.0.0.0 (Windows 10): Executed 652 of 1370[31m (194 FAILED)[39m (0 secs / 5.174 secs)
[1A[2KWARN: [36m'
  It looks like you're using the disabled attribute with a reactive form directive. If you set disabled to true
  when you set up this control in your component class, the disabled attribute will actually be set in the DOM for
  you. We recommend using this approach to avoid 'changed after checked' errors.

  Example:
  // Specify the `disabled` property at control creation time:
  form = new FormGroup({
    first: new FormControl({value: 'Nancy', disabled: true}, Validators.required),
    last: new FormControl('Drew', Validators.required)
  });

  // Controls can also be enabled/disabled after creation:
  form.get('first')?.enable();
  form.get('last')?.disable();
'[39m
Chrome Headless 139.0.0.0 (Windows 10): Executed 652 of 1370[31m (194 FAILED)[39m (0 secs / 5.174 secs)
WARN: '
  It looks like you're using the disabled attribute with a reactive form directive. If you set disabled to true
  when you set up this control in your component class, the disabled attribute will actually be set in the DOM for
  you. We recommend using this approach to avoid 'changed after checked' errors.

  Example:
  // Specify the `disabled` property at control creation time:
  form = new FormGroup({
    first: new FormControl({value: 'Nancy', disabled: true}, Validators.required),
    last: new FormControl('Drew', Validators.required)
  });

  // Controls can also be enabled/disabled after creation:
  form.get('first')?.enable();
  form.get('last')?.disable();
'
[1A[2KWARN: [36m'
  It looks like you're using the disabled attribute with a reactive form directive. If you set disabled to true
  when you set up this control in your component class, the disabled attribute will actually be set in the DOM for
  you. We recommend using this approach to avoid 'changed after checked' errors.

  Example:
  // Specify the `disabled` property at control creation time:
  form = new FormGroup({
    first: new FormControl({value: 'Nancy', disabled: true}, Validators.required),
    last: new FormControl('Drew', Validators.required)
  });

  // Controls can also be enabled/disabled after creation:
  form.get('first')?.enable();
  form.get('last')?.disable();
'[39m
Chrome Headless 139.0.0.0 (Windows 10): Executed 652 of 1370[31m (194 FAILED)[39m (0 secs / 5.174 secs)
WARN: '
  It looks like you're using the disabled attribute with a reactive form directive. If you set disabled to true
  when you set up this control in your component class, the disabled attribute will actually be set in the DOM for
  you. We recommend using this approach to avoid 'changed after checked' errors.

  Example:
  // Specify the `disabled` property at control creation time:
  form = new FormGroup({
    first: new FormControl({value: 'Nancy', disabled: true}, Validators.required),
    last: new FormControl('Drew', Validators.required)
  });

  // Controls can also be enabled/disabled after creation:
  form.get('first')?.enable();
  form.get('last')?.disable();
'
[1A[2KChrome Headless 139.0.0.0 (Windows 10): Executed 653 of 1370[31m (194 FAILED)[39m (0 secs / 5.179 secs)
[1A[2KWARN: [36m'
  It looks like you're using the disabled attribute with a reactive form directive. If you set disabled to true
  when you set up this control in your component class, the disabled attribute will actually be set in the DOM for
  you. We recommend using this approach to avoid 'changed after checked' errors.

  Example:
  // Specify the `disabled` property at control creation time:
  form = new FormGroup({
    first: new FormControl({value: 'Nancy', disabled: true}, Validators.required),
    last: new FormControl('Drew', Validators.required)
  });

  // Controls can also be enabled/disabled after creation:
  form.get('first')?.enable();
  form.get('last')?.disable();
'[39m
Chrome Headless 139.0.0.0 (Windows 10): Executed 653 of 1370[31m (194 FAILED)[39m (0 secs / 5.179 secs)
WARN: '
  It looks like you're using the disabled attribute with a reactive form directive. If you set disabled to true
  when you set up this control in your component class, the disabled attribute will actually be set in the DOM for
  you. We recommend using this approach to avoid 'changed after checked' errors.

  Example:
  // Specify the `disabled` property at control creation time:
  form = new FormGroup({
    first: new FormControl({value: 'Nancy', disabled: true}, Validators.required),
    last: new FormControl('Drew', Validators.required)
  });

  // Controls can also be enabled/disabled after creation:
  form.get('first')?.enable();
  form.get('last')?.disable();
'
[1A[2K[31mChrome Headless 139.0.0.0 (Windows 10) InputCheckboxComponent Form Integration should initialize with form control value FAILED[39m
	Expected undefined to be true.
	    at <Jasmine>
	    at UserContext.<anonymous> (spec-input-checkbox.component.spec.js:293:55)
	    at _ZoneDelegate.invoke (node_modules/zone.js/fesm2015/zone.js:398:28)
	    at _ProxyZoneSpec.onInvoke (node_modules/zone.js/fesm2015/zone-testing.js:2132:39)
	    at _ZoneDelegate.invoke (node_modules/zone.js/fesm2015/zone.js:397:34)
Chrome Headless 139.0.0.0 (Windows 10): Executed 654 of 1370[31m (195 FAILED)[39m (0 secs / 5.184 secs)
[1A[2KWARN: [36m'
  It looks like you're using the disabled attribute with a reactive form directive. If you set disabled to true
  when you set up this control in your component class, the disabled attribute will actually be set in the DOM for
  you. We recommend using this approach to avoid 'changed after checked' errors.

  Example:
  // Specify the `disabled` property at control creation time:
  form = new FormGroup({
    first: new FormControl({value: 'Nancy', disabled: true}, Validators.required),
    last: new FormControl('Drew', Validators.required)
  });

  // Controls can also be enabled/disabled after creation:
  form.get('first')?.enable();
  form.get('last')?.disable();
'[39m
Chrome Headless 139.0.0.0 (Windows 10): Executed 654 of 1370[31m (195 FAILED)[39m (0 secs / 5.184 secs)
WARN: '
  It looks like you're using the disabled attribute with a reactive form directive. If you set disabled to true
  when you set up this control in your component class, the disabled attribute will actually be set in the DOM for
  you. We recommend using this approach to avoid 'changed after checked' errors.

  Example:
  // Specify the `disabled` property at control creation time:
  form = new FormGroup({
    first: new FormControl({value: 'Nancy', disabled: true}, Validators.required),
    last: new FormControl('Drew', Validators.required)
  });

  // Controls can also be enabled/disabled after creation:
  form.get('first')?.enable();
  form.get('last')?.disable();
'
[1A[2KChrome Headless 139.0.0.0 (Windows 10): Executed 655 of 1370[31m (195 FAILED)[39m (0 secs / 5.188 secs)
[1A[2KWARN: [36m'
  It looks like you're using the disabled attribute with a reactive form directive. If you set disabled to true
  when you set up this control in your component class, the disabled attribute will actually be set in the DOM for
  you. We recommend using this approach to avoid 'changed after checked' errors.

  Example:
  // Specify the `disabled` property at control creation time:
  form = new FormGroup({
    first: new FormControl({value: 'Nancy', disabled: true}, Validators.required),
    last: new FormControl('Drew', Validators.required)
  });

  // Controls can also be enabled/disabled after creation:
  form.get('first')?.enable();
  form.get('last')?.disable();
'[39m
Chrome Headless 139.0.0.0 (Windows 10): Executed 655 of 1370[31m (195 FAILED)[39m (0 secs / 5.188 secs)
WARN: '
  It looks like you're using the disabled attribute with a reactive form directive. If you set disabled to true
  when you set up this control in your component class, the disabled attribute will actually be set in the DOM for
  you. We recommend using this approach to avoid 'changed after checked' errors.

  Example:
  // Specify the `disabled` property at control creation time:
  form = new FormGroup({
    first: new FormControl({value: 'Nancy', disabled: true}, Validators.required),
    last: new FormControl('Drew', Validators.required)
  });

  // Controls can also be enabled/disabled after creation:
  form.get('first')?.enable();
  form.get('last')?.disable();
'
[1A[2KChrome Headless 139.0.0.0 (Windows 10): Executed 656 of 1370[31m (195 FAILED)[39m (0 secs / 5.191 secs)
[1A[2KWARN: [36m'
  It looks like you're using the disabled attribute with a reactive form directive. If you set disabled to true
  when you set up this control in your component class, the disabled attribute will actually be set in the DOM for
  you. We recommend using this approach to avoid 'changed after checked' errors.

  Example:
  // Specify the `disabled` property at control creation time:
  form = new FormGroup({
    first: new FormControl({value: 'Nancy', disabled: true}, Validators.required),
    last: new FormControl('Drew', Validators.required)
  });

  // Controls can also be enabled/disabled after creation:
  form.get('first')?.enable();
  form.get('last')?.disable();
'[39m
Chrome Headless 139.0.0.0 (Windows 10): Executed 656 of 1370[31m (195 FAILED)[39m (0 secs / 5.191 secs)
WARN: '
  It looks like you're using the disabled attribute with a reactive form directive. If you set disabled to true
  when you set up this control in your component class, the disabled attribute will actually be set in the DOM for
  you. We recommend using this approach to avoid 'changed after checked' errors.

  Example:
  // Specify the `disabled` property at control creation time:
  form = new FormGroup({
    first: new FormControl({value: 'Nancy', disabled: true}, Validators.required),
    last: new FormControl('Drew', Validators.required)
  });

  // Controls can also be enabled/disabled after creation:
  form.get('first')?.enable();
  form.get('last')?.disable();
'
[1A[2K[31mChrome Headless 139.0.0.0 (Windows 10) InputCheckboxComponent Accessibility should have proper label text FAILED[39m
	Expected 'translated text' to be 'Vull rebre el newsletter'.
	    at <Jasmine>
	    at UserContext.<anonymous> (spec-input-checkbox.component.spec.js:341:61)
	    at _ZoneDelegate.invoke (node_modules/zone.js/fesm2015/zone.js:398:28)
	    at _ProxyZoneSpec.onInvoke (node_modules/zone.js/fesm2015/zone-testing.js:2132:39)
	    at _ZoneDelegate.invoke (node_modules/zone.js/fesm2015/zone.js:397:34)
Chrome Headless 139.0.0.0 (Windows 10): Executed 657 of 1370[31m (196 FAILED)[39m (0 secs / 5.195 secs)
[1A[2KWARN: [36m'
  It looks like you're using the disabled attribute with a reactive form directive. If you set disabled to true
  when you set up this control in your component class, the disabled attribute will actually be set in the DOM for
  you. We recommend using this approach to avoid 'changed after checked' errors.

  Example:
  // Specify the `disabled` property at control creation time:
  form = new FormGroup({
    first: new FormControl({value: 'Nancy', disabled: true}, Validators.required),
    last: new FormControl('Drew', Validators.required)
  });

  // Controls can also be enabled/disabled after creation:
  form.get('first')?.enable();
  form.get('last')?.disable();
'[39m
Chrome Headless 139.0.0.0 (Windows 10): Executed 657 of 1370[31m (196 FAILED)[39m (0 secs / 5.195 secs)
WARN: '
  It looks like you're using the disabled attribute with a reactive form directive. If you set disabled to true
  when you set up this control in your component class, the disabled attribute will actually be set in the DOM for
  you. We recommend using this approach to avoid 'changed after checked' errors.

  Example:
  // Specify the `disabled` property at control creation time:
  form = new FormGroup({
    first: new FormControl({value: 'Nancy', disabled: true}, Validators.required),
    last: new FormControl('Drew', Validators.required)
  });

  // Controls can also be enabled/disabled after creation:
  form.get('first')?.enable();
  form.get('last')?.disable();
'
[1A[2KWARN: [36m'
  It looks like you're using the disabled attribute with a reactive form directive. If you set disabled to true
  when you set up this control in your component class, the disabled attribute will actually be set in the DOM for
  you. We recommend using this approach to avoid 'changed after checked' errors.

  Example:
  // Specify the `disabled` property at control creation time:
  form = new FormGroup({
    first: new FormControl({value: 'Nancy', disabled: true}, Validators.required),
    last: new FormControl('Drew', Validators.required)
  });

  // Controls can also be enabled/disabled after creation:
  form.get('first')?.enable();
  form.get('last')?.disable();
'[39m
Chrome Headless 139.0.0.0 (Windows 10): Executed 657 of 1370[31m (196 FAILED)[39m (0 secs / 5.195 secs)
WARN: '
  It looks like you're using the disabled attribute with a reactive form directive. If you set disabled to true
  when you set up this control in your component class, the disabled attribute will actually be set in the DOM for
  you. We recommend using this approach to avoid 'changed after checked' errors.

  Example:
  // Specify the `disabled` property at control creation time:
  form = new FormGroup({
    first: new FormControl({value: 'Nancy', disabled: true}, Validators.required),
    last: new FormControl('Drew', Validators.required)
  });

  // Controls can also be enabled/disabled after creation:
  form.get('first')?.enable();
  form.get('last')?.disable();
'
[1A[2K[31mChrome Headless 139.0.0.0 (Windows 10) InputCheckboxComponent Accessibility should have unique IDs for multiple instances FAILED[39m
	Expected null not to be null. Tip: To check for deep equality, use .toEqual() instead of .toBe().
	    at <Jasmine>
	    at UserContext.<anonymous> (spec-input-checkbox.component.spec.js:335:71)
	    at _ZoneDelegate.invoke (node_modules/zone.js/fesm2015/zone.js:398:28)
	    at _ProxyZoneSpec.onInvoke (node_modules/zone.js/fesm2015/zone-testing.js:2132:39)
	    at _ZoneDelegate.invoke (node_modules/zone.js/fesm2015/zone.js:397:34)
Chrome Headless 139.0.0.0 (Windows 10): Executed 658 of 1370[31m (197 FAILED)[39m (0 secs / 5.199 secs)
[1A[2KWARN: [36m'
  It looks like you're using the disabled attribute with a reactive form directive. If you set disabled to true
  when you set up this control in your component class, the disabled attribute will actually be set in the DOM for
  you. We recommend using this approach to avoid 'changed after checked' errors.

  Example:
  // Specify the `disabled` property at control creation time:
  form = new FormGroup({
    first: new FormControl({value: 'Nancy', disabled: true}, Validators.required),
    last: new FormControl('Drew', Validators.required)
  });

  // Controls can also be enabled/disabled after creation:
  form.get('first')?.enable();
  form.get('last')?.disable();
'[39m
Chrome Headless 139.0.0.0 (Windows 10): Executed 658 of 1370[31m (197 FAILED)[39m (0 secs / 5.199 secs)
WARN: '
  It looks like you're using the disabled attribute with a reactive form directive. If you set disabled to true
  when you set up this control in your component class, the disabled attribute will actually be set in the DOM for
  you. We recommend using this approach to avoid 'changed after checked' errors.

  Example:
  // Specify the `disabled` property at control creation time:
  form = new FormGroup({
    first: new FormControl({value: 'Nancy', disabled: true}, Validators.required),
    last: new FormControl('Drew', Validators.required)
  });

  // Controls can also be enabled/disabled after creation:
  form.get('first')?.enable();
  form.get('last')?.disable();
'
[1A[2K[31mChrome Headless 139.0.0.0 (Windows 10) InputCheckboxComponent Accessibility should have proper label-input association FAILED[39m
	Expected 'checkbox-8ev6guc00' to be null. Tip: To check for deep equality, use .toEqual() instead of .toBe().
	    at <Jasmine>
	    at UserContext.<anonymous> (spec-input-checkbox.component.spec.js:328:62)
	    at _ZoneDelegate.invoke (node_modules/zone.js/fesm2015/zone.js:398:28)
	    at _ProxyZoneSpec.onInvoke (node_modules/zone.js/fesm2015/zone-testing.js:2132:39)
	    at _ZoneDelegate.invoke (node_modules/zone.js/fesm2015/zone.js:397:34)
Chrome Headless 139.0.0.0 (Windows 10): Executed 659 of 1370[31m (198 FAILED)[39m (0 secs / 5.203 secs)
[1A[2KWARN: [36m'
  It looks like you're using the disabled attribute with a reactive form directive. If you set disabled to true
  when you set up this control in your component class, the disabled attribute will actually be set in the DOM for
  you. We recommend using this approach to avoid 'changed after checked' errors.

  Example:
  // Specify the `disabled` property at control creation time:
  form = new FormGroup({
    first: new FormControl({value: 'Nancy', disabled: true}, Validators.required),
    last: new FormControl('Drew', Validators.required)
  });

  // Controls can also be enabled/disabled after creation:
  form.get('first')?.enable();
  form.get('last')?.disable();
'[39m
Chrome Headless 139.0.0.0 (Windows 10): Executed 659 of 1370[31m (198 FAILED)[39m (0 secs / 5.203 secs)
WARN: '
  It looks like you're using the disabled attribute with a reactive form directive. If you set disabled to true
  when you set up this control in your component class, the disabled attribute will actually be set in the DOM for
  you. We recommend using this approach to avoid 'changed after checked' errors.

  Example:
  // Specify the `disabled` property at control creation time:
  form = new FormGroup({
    first: new FormControl({value: 'Nancy', disabled: true}, Validators.required),
    last: new FormControl('Drew', Validators.required)
  });

  // Controls can also be enabled/disabled after creation:
  form.get('first')?.enable();
  form.get('last')?.disable();
'
[1A[2KChrome Headless 139.0.0.0 (Windows 10): Executed 660 of 1370[31m (198 FAILED)[39m (0 secs / 5.21 secs)
[1A[2KWARN: [36m'
  It looks like you're using the disabled attribute with a reactive form directive. If you set disabled to true
  when you set up this control in your component class, the disabled attribute will actually be set in the DOM for
  you. We recommend using this approach to avoid 'changed after checked' errors.

  Example:
  // Specify the `disabled` property at control creation time:
  form = new FormGroup({
    first: new FormControl({value: 'Nancy', disabled: true}, Validators.required),
    last: new FormControl('Drew', Validators.required)
  });

  // Controls can also be enabled/disabled after creation:
  form.get('first')?.enable();
  form.get('last')?.disable();
'[39m
Chrome Headless 139.0.0.0 (Windows 10): Executed 660 of 1370[31m (198 FAILED)[39m (0 secs / 5.21 secs)
WARN: '
  It looks like you're using the disabled attribute with a reactive form directive. If you set disabled to true
  when you set up this control in your component class, the disabled attribute will actually be set in the DOM for
  you. We recommend using this approach to avoid 'changed after checked' errors.

  Example:
  // Specify the `disabled` property at control creation time:
  form = new FormGroup({
    first: new FormControl({value: 'Nancy', disabled: true}, Validators.required),
    last: new FormControl('Drew', Validators.required)
  });

  // Controls can also be enabled/disabled after creation:
  form.get('first')?.enable();
  form.get('last')?.disable();
'
[1A[2KChrome Headless 139.0.0.0 (Windows 10): Executed 661 of 1370[31m (198 FAILED)[39m (0 secs / 5.214 secs)
[1A[2KWARN: [36m'
  It looks like you're using the disabled attribute with a reactive form directive. If you set disabled to true
  when you set up this control in your component class, the disabled attribute will actually be set in the DOM for
  you. We recommend using this approach to avoid 'changed after checked' errors.

  Example:
  // Specify the `disabled` property at control creation time:
  form = new FormGroup({
    first: new FormControl({value: 'Nancy', disabled: true}, Validators.required),
    last: new FormControl('Drew', Validators.required)
  });

  // Controls can also be enabled/disabled after creation:
  form.get('first')?.enable();
  form.get('last')?.disable();
'[39m
Chrome Headless 139.0.0.0 (Windows 10): Executed 661 of 1370[31m (198 FAILED)[39m (0 secs / 5.214 secs)
WARN: '
  It looks like you're using the disabled attribute with a reactive form directive. If you set disabled to true
  when you set up this control in your component class, the disabled attribute will actually be set in the DOM for
  you. We recommend using this approach to avoid 'changed after checked' errors.

  Example:
  // Specify the `disabled` property at control creation time:
  form = new FormGroup({
    first: new FormControl({value: 'Nancy', disabled: true}, Validators.required),
    last: new FormControl('Drew', Validators.required)
  });

  // Controls can also be enabled/disabled after creation:
  form.get('first')?.enable();
  form.get('last')?.disable();
'
[1A[2K[31mChrome Headless 139.0.0.0 (Windows 10) InputCheckboxComponent Component Mounting should render label when provided FAILED[39m
	Expected 'translated text' to be 'Accepto els termes i condicions'.
	    at <Jasmine>
	    at UserContext.<anonymous> (spec-input-checkbox.component.spec.js:155:61)
	    at _ZoneDelegate.invoke (node_modules/zone.js/fesm2015/zone.js:398:28)
	    at _ProxyZoneSpec.onInvoke (node_modules/zone.js/fesm2015/zone-testing.js:2132:39)
	    at _ZoneDelegate.invoke (node_modules/zone.js/fesm2015/zone.js:397:34)
Chrome Headless 139.0.0.0 (Windows 10): Executed 662 of 1370[31m (199 FAILED)[39m (0 secs / 5.218 secs)
[1A[2KWARN: [36m'
  It looks like you're using the disabled attribute with a reactive form directive. If you set disabled to true
  when you set up this control in your component class, the disabled attribute will actually be set in the DOM for
  you. We recommend using this approach to avoid 'changed after checked' errors.

  Example:
  // Specify the `disabled` property at control creation time:
  form = new FormGroup({
    first: new FormControl({value: 'Nancy', disabled: true}, Validators.required),
    last: new FormControl('Drew', Validators.required)
  });

  // Controls can also be enabled/disabled after creation:
  form.get('first')?.enable();
  form.get('last')?.disable();
'[39m
Chrome Headless 139.0.0.0 (Windows 10): Executed 662 of 1370[31m (199 FAILED)[39m (0 secs / 5.218 secs)
WARN: '
  It looks like you're using the disabled attribute with a reactive form directive. If you set disabled to true
  when you set up this control in your component class, the disabled attribute will actually be set in the DOM for
  you. We recommend using this approach to avoid 'changed after checked' errors.

  Example:
  // Specify the `disabled` property at control creation time:
  form = new FormGroup({
    first: new FormControl({value: 'Nancy', disabled: true}, Validators.required),
    last: new FormControl('Drew', Validators.required)
  });

  // Controls can also be enabled/disabled after creation:
  form.get('first')?.enable();
  form.get('last')?.disable();
'
[1A[2KChrome Headless 139.0.0.0 (Windows 10): Executed 663 of 1370[31m (199 FAILED)[39m (0 secs / 5.221 secs)
[1A[2KWARN: [36m'
  It looks like you're using the disabled attribute with a reactive form directive. If you set disabled to true
  when you set up this control in your component class, the disabled attribute will actually be set in the DOM for
  you. We recommend using this approach to avoid 'changed after checked' errors.

  Example:
  // Specify the `disabled` property at control creation time:
  form = new FormGroup({
    first: new FormControl({value: 'Nancy', disabled: true}, Validators.required),
    last: new FormControl('Drew', Validators.required)
  });

  // Controls can also be enabled/disabled after creation:
  form.get('first')?.enable();
  form.get('last')?.disable();
'[39m
Chrome Headless 139.0.0.0 (Windows 10): Executed 663 of 1370[31m (199 FAILED)[39m (0 secs / 5.221 secs)
WARN: '
  It looks like you're using the disabled attribute with a reactive form directive. If you set disabled to true
  when you set up this control in your component class, the disabled attribute will actually be set in the DOM for
  you. We recommend using this approach to avoid 'changed after checked' errors.

  Example:
  // Specify the `disabled` property at control creation time:
  form = new FormGroup({
    first: new FormControl({value: 'Nancy', disabled: true}, Validators.required),
    last: new FormControl('Drew', Validators.required)
  });

  // Controls can also be enabled/disabled after creation:
  form.get('first')?.enable();
  form.get('last')?.disable();
'
[1A[2KChrome Headless 139.0.0.0 (Windows 10): Executed 664 of 1370[31m (199 FAILED)[39m (0 secs / 5.224 secs)
[1A[2KWARN: [36m'
  It looks like you're using the disabled attribute with a reactive form directive. If you set disabled to true
  when you set up this control in your component class, the disabled attribute will actually be set in the DOM for
  you. We recommend using this approach to avoid 'changed after checked' errors.

  Example:
  // Specify the `disabled` property at control creation time:
  form = new FormGroup({
    first: new FormControl({value: 'Nancy', disabled: true}, Validators.required),
    last: new FormControl('Drew', Validators.required)
  });

  // Controls can also be enabled/disabled after creation:
  form.get('first')?.enable();
  form.get('last')?.disable();
'[39m
Chrome Headless 139.0.0.0 (Windows 10): Executed 664 of 1370[31m (199 FAILED)[39m (0 secs / 5.224 secs)
WARN: '
  It looks like you're using the disabled attribute with a reactive form directive. If you set disabled to true
  when you set up this control in your component class, the disabled attribute will actually be set in the DOM for
  you. We recommend using this approach to avoid 'changed after checked' errors.

  Example:
  // Specify the `disabled` property at control creation time:
  form = new FormGroup({
    first: new FormControl({value: 'Nancy', disabled: true}, Validators.required),
    last: new FormControl('Drew', Validators.required)
  });

  // Controls can also be enabled/disabled after creation:
  form.get('first')?.enable();
  form.get('last')?.disable();
'
[1A[2K[31mChrome Headless 139.0.0.0 (Windows 10) InputCheckboxComponent Component Mounting should have binary mode enabled FAILED[39m
	Expected null to be 'true'.
	    at <Jasmine>
	    at UserContext.<anonymous> (spec-input-checkbox.component.spec.js:170:68)
	    at _ZoneDelegate.invoke (node_modules/zone.js/fesm2015/zone.js:398:28)
	    at _ProxyZoneSpec.onInvoke (node_modules/zone.js/fesm2015/zone-testing.js:2132:39)
	    at _ZoneDelegate.invoke (node_modules/zone.js/fesm2015/zone.js:397:34)
Chrome Headless 139.0.0.0 (Windows 10): Executed 665 of 1370[31m (200 FAILED)[39m (0 secs / 5.228 secs)
[1A[2KWARN: [36m'
  It looks like you're using the disabled attribute with a reactive form directive. If you set disabled to true
  when you set up this control in your component class, the disabled attribute will actually be set in the DOM for
  you. We recommend using this approach to avoid 'changed after checked' errors.

  Example:
  // Specify the `disabled` property at control creation time:
  form = new FormGroup({
    first: new FormControl({value: 'Nancy', disabled: true}, Validators.required),
    last: new FormControl('Drew', Validators.required)
  });

  // Controls can also be enabled/disabled after creation:
  form.get('first')?.enable();
  form.get('last')?.disable();
'[39m
Chrome Headless 139.0.0.0 (Windows 10): Executed 665 of 1370[31m (200 FAILED)[39m (0 secs / 5.228 secs)
WARN: '
  It looks like you're using the disabled attribute with a reactive form directive. If you set disabled to true
  when you set up this control in your component class, the disabled attribute will actually be set in the DOM for
  you. We recommend using this approach to avoid 'changed after checked' errors.

  Example:
  // Specify the `disabled` property at control creation time:
  form = new FormGroup({
    first: new FormControl({value: 'Nancy', disabled: true}, Validators.required),
    last: new FormControl('Drew', Validators.required)
  });

  // Controls can also be enabled/disabled after creation:
  form.get('first')?.enable();
  form.get('last')?.disable();
'
[1A[2K[31mChrome Headless 139.0.0.0 (Windows 10) InputCheckboxComponent Component Mounting should generate unique ID for each instance FAILED[39m
	Expected null to be truthy.
	    at <Jasmine>
	    at UserContext.<anonymous> (spec-input-checkbox.component.spec.js:164:69)
	    at _ZoneDelegate.invoke (node_modules/zone.js/fesm2015/zone.js:398:28)
	    at _ProxyZoneSpec.onInvoke (node_modules/zone.js/fesm2015/zone-testing.js:2132:39)
	    at _ZoneDelegate.invoke (node_modules/zone.js/fesm2015/zone.js:397:34)
	Expected null to contain 'checkbox-'.
	    at <Jasmine>
	    at UserContext.<anonymous> (spec-input-checkbox.component.spec.js:165:69)
	    at _ZoneDelegate.invoke (node_modules/zone.js/fesm2015/zone.js:398:28)
	    at _ProxyZoneSpec.onInvoke (node_modules/zone.js/fesm2015/zone-testing.js:2132:39)
	    at _ZoneDelegate.invoke (node_modules/zone.js/fesm2015/zone.js:397:34)
	Expected 'checkbox-soaz88a0r' to be null. Tip: To check for deep equality, use .toEqual() instead of .toBe().
	    at <Jasmine>
	    at UserContext.<anonymous> (spec-input-checkbox.component.spec.js:166:62)
	    at _ZoneDelegate.invoke (node_modules/zone.js/fesm2015/zone.js:398:28)
	    at _ProxyZoneSpec.onInvoke (node_modules/zone.js/fesm2015/zone-testing.js:2132:39)
	    at _ZoneDelegate.invoke (node_modules/zone.js/fesm2015/zone.js:397:34)
Chrome Headless 139.0.0.0 (Windows 10): Executed 666 of 1370[31m (201 FAILED)[39m (0 secs / 5.232 secs)
[1A[2KWARN: [36m'
  It looks like you're using the disabled attribute with a reactive form directive. If you set disabled to true
  when you set up this control in your component class, the disabled attribute will actually be set in the DOM for
  you. We recommend using this approach to avoid 'changed after checked' errors.

  Example:
  // Specify the `disabled` property at control creation time:
  form = new FormGroup({
    first: new FormControl({value: 'Nancy', disabled: true}, Validators.required),
    last: new FormControl('Drew', Validators.required)
  });

  // Controls can also be enabled/disabled after creation:
  form.get('first')?.enable();
  form.get('last')?.disable();
'[39m
Chrome Headless 139.0.0.0 (Windows 10): Executed 666 of 1370[31m (201 FAILED)[39m (0 secs / 5.232 secs)
WARN: '
  It looks like you're using the disabled attribute with a reactive form directive. If you set disabled to true
  when you set up this control in your component class, the disabled attribute will actually be set in the DOM for
  you. We recommend using this approach to avoid 'changed after checked' errors.

  Example:
  // Specify the `disabled` property at control creation time:
  form = new FormGroup({
    first: new FormControl({value: 'Nancy', disabled: true}, Validators.required),
    last: new FormControl('Drew', Validators.required)
  });

  // Controls can also be enabled/disabled after creation:
  form.get('first')?.enable();
  form.get('last')?.disable();
'
[1A[2KChrome Headless 139.0.0.0 (Windows 10): Executed 667 of 1370[31m (201 FAILED)[39m (0 secs / 5.236 secs)
[1A[2KWARN: [36m'
  It looks like you're using the disabled attribute with a reactive form directive. If you set disabled to true
  when you set up this control in your component class, the disabled attribute will actually be set in the DOM for
  you. We recommend using this approach to avoid 'changed after checked' errors.

  Example:
  // Specify the `disabled` property at control creation time:
  form = new FormGroup({
    first: new FormControl({value: 'Nancy', disabled: true}, Validators.required),
    last: new FormControl('Drew', Validators.required)
  });

  // Controls can also be enabled/disabled after creation:
  form.get('first')?.enable();
  form.get('last')?.disable();
'[39m
Chrome Headless 139.0.0.0 (Windows 10): Executed 667 of 1370[31m (201 FAILED)[39m (0 secs / 5.236 secs)
WARN: '
  It looks like you're using the disabled attribute with a reactive form directive. If you set disabled to true
  when you set up this control in your component class, the disabled attribute will actually be set in the DOM for
  you. We recommend using this approach to avoid 'changed after checked' errors.

  Example:
  // Specify the `disabled` property at control creation time:
  form = new FormGroup({
    first: new FormControl({value: 'Nancy', disabled: true}, Validators.required),
    last: new FormControl('Drew', Validators.required)
  });

  // Controls can also be enabled/disabled after creation:
  form.get('first')?.enable();
  form.get('last')?.disable();
'
[1A[2KChrome Headless 139.0.0.0 (Windows 10): Executed 668 of 1370[31m (201 FAILED)[39m (0 secs / 5.24 secs)
[1A[2KWARN: [36m'
  It looks like you're using the disabled attribute with a reactive form directive. If you set disabled to true
  when you set up this control in your component class, the disabled attribute will actually be set in the DOM for
  you. We recommend using this approach to avoid 'changed after checked' errors.

  Example:
  // Specify the `disabled` property at control creation time:
  form = new FormGroup({
    first: new FormControl({value: 'Nancy', disabled: true}, Validators.required),
    last: new FormControl('Drew', Validators.required)
  });

  // Controls can also be enabled/disabled after creation:
  form.get('first')?.enable();
  form.get('last')?.disable();
'[39m
Chrome Headless 139.0.0.0 (Windows 10): Executed 668 of 1370[31m (201 FAILED)[39m (0 secs / 5.24 secs)
WARN: '
  It looks like you're using the disabled attribute with a reactive form directive. If you set disabled to true
  when you set up this control in your component class, the disabled attribute will actually be set in the DOM for
  you. We recommend using this approach to avoid 'changed after checked' errors.

  Example:
  // Specify the `disabled` property at control creation time:
  form = new FormGroup({
    first: new FormControl({value: 'Nancy', disabled: true}, Validators.required),
    last: new FormControl('Drew', Validators.required)
  });

  // Controls can also be enabled/disabled after creation:
  form.get('first')?.enable();
  form.get('last')?.disable();
'
[1A[2KChrome Headless 139.0.0.0 (Windows 10): Executed 669 of 1370[31m (201 FAILED)[39m (0 secs / 5.244 secs)
[1A[2KWARN: [36m'
  It looks like you're using the disabled attribute with a reactive form directive. If you set disabled to true
  when you set up this control in your component class, the disabled attribute will actually be set in the DOM for
  you. We recommend using this approach to avoid 'changed after checked' errors.

  Example:
  // Specify the `disabled` property at control creation time:
  form = new FormGroup({
    first: new FormControl({value: 'Nancy', disabled: true}, Validators.required),
    last: new FormControl('Drew', Validators.required)
  });

  // Controls can also be enabled/disabled after creation:
  form.get('first')?.enable();
  form.get('last')?.disable();
'[39m
Chrome Headless 139.0.0.0 (Windows 10): Executed 669 of 1370[31m (201 FAILED)[39m (0 secs / 5.244 secs)
WARN: '
  It looks like you're using the disabled attribute with a reactive form directive. If you set disabled to true
  when you set up this control in your component class, the disabled attribute will actually be set in the DOM for
  you. We recommend using this approach to avoid 'changed after checked' errors.

  Example:
  // Specify the `disabled` property at control creation time:
  form = new FormGroup({
    first: new FormControl({value: 'Nancy', disabled: true}, Validators.required),
    last: new FormControl('Drew', Validators.required)
  });

  // Controls can also be enabled/disabled after creation:
  form.get('first')?.enable();
  form.get('last')?.disable();
'
[1A[2K[31mChrome Headless 139.0.0.0 (Windows 10) InputCheckboxComponent Component Configuration should apply invalid state correctly FAILED[39m
	Expected null to be 'true'.
	    at <Jasmine>
	    at UserContext.<anonymous> (spec-input-checkbox.component.spec.js:213:69)
	    at _ZoneDelegate.invoke (node_modules/zone.js/fesm2015/zone.js:398:28)
	    at _ProxyZoneSpec.onInvoke (node_modules/zone.js/fesm2015/zone-testing.js:2132:39)
	    at _ZoneDelegate.invoke (node_modules/zone.js/fesm2015/zone.js:397:34)
Chrome Headless 139.0.0.0 (Windows 10): Executed 670 of 1370[31m (202 FAILED)[39m (0 secs / 5.248 secs)
[1A[2KWARN: [36m'
  It looks like you're using the disabled attribute with a reactive form directive. If you set disabled to true
  when you set up this control in your component class, the disabled attribute will actually be set in the DOM for
  you. We recommend using this approach to avoid 'changed after checked' errors.

  Example:
  // Specify the `disabled` property at control creation time:
  form = new FormGroup({
    first: new FormControl({value: 'Nancy', disabled: true}, Validators.required),
    last: new FormControl('Drew', Validators.required)
  });

  // Controls can also be enabled/disabled after creation:
  form.get('first')?.enable();
  form.get('last')?.disable();
'[39m
Chrome Headless 139.0.0.0 (Windows 10): Executed 670 of 1370[31m (202 FAILED)[39m (0 secs / 5.248 secs)
WARN: '
  It looks like you're using the disabled attribute with a reactive form directive. If you set disabled to true
  when you set up this control in your component class, the disabled attribute will actually be set in the DOM for
  you. We recommend using this approach to avoid 'changed after checked' errors.

  Example:
  // Specify the `disabled` property at control creation time:
  form = new FormGroup({
    first: new FormControl({value: 'Nancy', disabled: true}, Validators.required),
    last: new FormControl('Drew', Validators.required)
  });

  // Controls can also be enabled/disabled after creation:
  form.get('first')?.enable();
  form.get('last')?.disable();
'
[1A[2K[31mChrome Headless 139.0.0.0 (Windows 10) InputCheckboxComponent Component Configuration should apply readonly state correctly FAILED[39m
	Expected null to be 'true'.
	    at <Jasmine>
	    at UserContext.<anonymous> (spec-input-checkbox.component.spec.js:207:70)
	    at _ZoneDelegate.invoke (node_modules/zone.js/fesm2015/zone.js:398:28)
	    at _ProxyZoneSpec.onInvoke (node_modules/zone.js/fesm2015/zone-testing.js:2132:39)
	    at _ZoneDelegate.invoke (node_modules/zone.js/fesm2015/zone.js:397:34)
Chrome Headless 139.0.0.0 (Windows 10): Executed 671 of 1370[31m (203 FAILED)[39m (0 secs / 5.252 secs)
[1A[2KWARN: [36m'
  It looks like you're using the disabled attribute with a reactive form directive. If you set disabled to true
  when you set up this control in your component class, the disabled attribute will actually be set in the DOM for
  you. We recommend using this approach to avoid 'changed after checked' errors.

  Example:
  // Specify the `disabled` property at control creation time:
  form = new FormGroup({
    first: new FormControl({value: 'Nancy', disabled: true}, Validators.required),
    last: new FormControl('Drew', Validators.required)
  });

  // Controls can also be enabled/disabled after creation:
  form.get('first')?.enable();
  form.get('last')?.disable();
'[39m
Chrome Headless 139.0.0.0 (Windows 10): Executed 671 of 1370[31m (203 FAILED)[39m (0 secs / 5.252 secs)
WARN: '
  It looks like you're using the disabled attribute with a reactive form directive. If you set disabled to true
  when you set up this control in your component class, the disabled attribute will actually be set in the DOM for
  you. We recommend using this approach to avoid 'changed after checked' errors.

  Example:
  // Specify the `disabled` property at control creation time:
  form = new FormGroup({
    first: new FormControl({value: 'Nancy', disabled: true}, Validators.required),
    last: new FormControl('Drew', Validators.required)
  });

  // Controls can also be enabled/disabled after creation:
  form.get('first')?.enable();
  form.get('last')?.disable();
'
[1A[2KChrome Headless 139.0.0.0 (Windows 10): Executed 672 of 1370[31m (203 FAILED)[39m (0 secs / 5.256 secs)
[1A[2KWARN: [36m'
  It looks like you're using the disabled attribute with a reactive form directive. If you set disabled to true
  when you set up this control in your component class, the disabled attribute will actually be set in the DOM for
  you. We recommend using this approach to avoid 'changed after checked' errors.

  Example:
  // Specify the `disabled` property at control creation time:
  form = new FormGroup({
    first: new FormControl({value: 'Nancy', disabled: true}, Validators.required),
    last: new FormControl('Drew', Validators.required)
  });

  // Controls can also be enabled/disabled after creation:
  form.get('first')?.enable();
  form.get('last')?.disable();
'[39m
Chrome Headless 139.0.0.0 (Windows 10): Executed 672 of 1370[31m (203 FAILED)[39m (0 secs / 5.256 secs)
WARN: '
  It looks like you're using the disabled attribute with a reactive form directive. If you set disabled to true
  when you set up this control in your component class, the disabled attribute will actually be set in the DOM for
  you. We recommend using this approach to avoid 'changed after checked' errors.

  Example:
  // Specify the `disabled` property at control creation time:
  form = new FormGroup({
    first: new FormControl({value: 'Nancy', disabled: true}, Validators.required),
    last: new FormControl('Drew', Validators.required)
  });

  // Controls can also be enabled/disabled after creation:
  form.get('first')?.enable();
  form.get('last')?.disable();
'
[1A[2KWARN: [36m'
  It looks like you're using the disabled attribute with a reactive form directive. If you set disabled to true
  when you set up this control in your component class, the disabled attribute will actually be set in the DOM for
  you. We recommend using this approach to avoid 'changed after checked' errors.

  Example:
  // Specify the `disabled` property at control creation time:
  form = new FormGroup({
    first: new FormControl({value: 'Nancy', disabled: true}, Validators.required),
    last: new FormControl('Drew', Validators.required)
  });

  // Controls can also be enabled/disabled after creation:
  form.get('first')?.enable();
  form.get('last')?.disable();
'[39m
Chrome Headless 139.0.0.0 (Windows 10): Executed 672 of 1370[31m (203 FAILED)[39m (0 secs / 5.256 secs)
WARN: '
  It looks like you're using the disabled attribute with a reactive form directive. If you set disabled to true
  when you set up this control in your component class, the disabled attribute will actually be set in the DOM for
  you. We recommend using this approach to avoid 'changed after checked' errors.

  Example:
  // Specify the `disabled` property at control creation time:
  form = new FormGroup({
    first: new FormControl({value: 'Nancy', disabled: true}, Validators.required),
    last: new FormControl('Drew', Validators.required)
  });

  // Controls can also be enabled/disabled after creation:
  form.get('first')?.enable();
  form.get('last')?.disable();
'
[1A[2K[31mChrome Headless 139.0.0.0 (Windows 10) InputCheckboxComponent Component Configuration should apply disabled state correctly FAILED[39m
	Expected null to be 'true'.
	    at <Jasmine>
	    at UserContext.<anonymous> (spec-input-checkbox.component.spec.js:201:70)
	    at _ZoneDelegate.invoke (node_modules/zone.js/fesm2015/zone.js:398:28)
	    at _ProxyZoneSpec.onInvoke (node_modules/zone.js/fesm2015/zone-testing.js:2132:39)
	    at _ZoneDelegate.invoke (node_modules/zone.js/fesm2015/zone.js:397:34)
Chrome Headless 139.0.0.0 (Windows 10): Executed 673 of 1370[31m (204 FAILED)[39m (0 secs / 5.26 secs)
[1A[2KWARN: [36m'
  It looks like you're using the disabled attribute with a reactive form directive. If you set disabled to true
  when you set up this control in your component class, the disabled attribute will actually be set in the DOM for
  you. We recommend using this approach to avoid 'changed after checked' errors.

  Example:
  // Specify the `disabled` property at control creation time:
  form = new FormGroup({
    first: new FormControl({value: 'Nancy', disabled: true}, Validators.required),
    last: new FormControl('Drew', Validators.required)
  });

  // Controls can also be enabled/disabled after creation:
  form.get('first')?.enable();
  form.get('last')?.disable();
'[39m
Chrome Headless 139.0.0.0 (Windows 10): Executed 673 of 1370[31m (204 FAILED)[39m (0 secs / 5.26 secs)
WARN: '
  It looks like you're using the disabled attribute with a reactive form directive. If you set disabled to true
  when you set up this control in your component class, the disabled attribute will actually be set in the DOM for
  you. We recommend using this approach to avoid 'changed after checked' errors.

  Example:
  // Specify the `disabled` property at control creation time:
  form = new FormGroup({
    first: new FormControl({value: 'Nancy', disabled: true}, Validators.required),
    last: new FormControl('Drew', Validators.required)
  });

  // Controls can also be enabled/disabled after creation:
  form.get('first')?.enable();
  form.get('last')?.disable();
'
[1A[2K[31mChrome Headless 139.0.0.0 (Windows 10) InputCheckboxComponent Component Configuration should apply size configuration correctly when provided FAILED[39m
	Expected null to be 'large'.
	    at <Jasmine>
	    at UserContext.<anonymous> (spec-input-checkbox.component.spec.js:219:66)
	    at _ZoneDelegate.invoke (node_modules/zone.js/fesm2015/zone.js:398:28)
	    at _ProxyZoneSpec.onInvoke (node_modules/zone.js/fesm2015/zone-testing.js:2132:39)
	    at _ZoneDelegate.invoke (node_modules/zone.js/fesm2015/zone.js:397:34)
Chrome Headless 139.0.0.0 (Windows 10): Executed 674 of 1370[31m (205 FAILED)[39m (0 secs / 5.264 secs)
[1A[2KWARN: [36m'
  It looks like you're using the disabled attribute with a reactive form directive. If you set disabled to true
  when you set up this control in your component class, the disabled attribute will actually be set in the DOM for
  you. We recommend using this approach to avoid 'changed after checked' errors.

  Example:
  // Specify the `disabled` property at control creation time:
  form = new FormGroup({
    first: new FormControl({value: 'Nancy', disabled: true}, Validators.required),
    last: new FormControl('Drew', Validators.required)
  });

  // Controls can also be enabled/disabled after creation:
  form.get('first')?.enable();
  form.get('last')?.disable();
'[39m
Chrome Headless 139.0.0.0 (Windows 10): Executed 674 of 1370[31m (205 FAILED)[39m (0 secs / 5.264 secs)
WARN: '
  It looks like you're using the disabled attribute with a reactive form directive. If you set disabled to true
  when you set up this control in your component class, the disabled attribute will actually be set in the DOM for
  you. We recommend using this approach to avoid 'changed after checked' errors.

  Example:
  // Specify the `disabled` property at control creation time:
  form = new FormGroup({
    first: new FormControl({value: 'Nancy', disabled: true}, Validators.required),
    last: new FormControl('Drew', Validators.required)
  });

  // Controls can also be enabled/disabled after creation:
  form.get('first')?.enable();
  form.get('last')?.disable();
'
[1A[2K[31mChrome Headless 139.0.0.0 (Windows 10) InputCheckboxComponent Component Configuration should apply variant configuration correctly FAILED[39m
	Expected null to be 'filled'.
	    at <Jasmine>
	    at UserContext.<anonymous> (spec-input-checkbox.component.spec.js:231:69)
	    at _ZoneDelegate.invoke (node_modules/zone.js/fesm2015/zone.js:398:28)
	    at _ProxyZoneSpec.onInvoke (node_modules/zone.js/fesm2015/zone-testing.js:2132:39)
	    at _ZoneDelegate.invoke (node_modules/zone.js/fesm2015/zone.js:397:34)
Chrome Headless 139.0.0.0 (Windows 10): Executed 675 of 1370[31m (206 FAILED)[39m (0 secs / 5.268 secs)
[1A[2KChrome Headless 139.0.0.0 (Windows 10): Executed 676 of 1370[31m (206 FAILED)[39m (0 secs / 5.27 secs)
[1A[2KChrome Headless 139.0.0.0 (Windows 10): Executed 677 of 1370[31m (206 FAILED)[39m (0 secs / 5.271 secs)
[1A[2KChrome Headless 139.0.0.0 (Windows 10): Executed 678 of 1370[31m (206 FAILED)[39m (0 secs / 5.272 secs)
[1A[2K[31mChrome Headless 139.0.0.0 (Windows 10) LoaderComponent Service Integration should respond to service isLoading changes FAILED[39m
	TypeError: Cannot read properties of undefined (reading 'subscribe')
	    at _TranslatePipe.transform (node_modules/@ngx-translate/core/fesm2022/ngx-translate-core.mjs:972:75)
	    at ╔Á╔ÁpipeBind1 (node_modules/@angular/core/fesm2022/debug_node.mjs:28062:24)
	    at LoaderComponent2_Conditional_0_Conditional_3_Template (ng:///LoaderComponent2.js:13:29)
	    at executeTemplate (node_modules/@angular/core/fesm2022/debug_node.mjs:7929:9)
	    at refreshView (node_modules/@angular/core/fesm2022/debug_node.mjs:8959:13)
	    at detectChangesInView (node_modules/@angular/core/fesm2022/debug_node.mjs:9179:9)
	    at detectChangesInViewIfAttached (node_modules/@angular/core/fesm2022/debug_node.mjs:9139:5)
	    at detectChangesInEmbeddedViews (node_modules/@angular/core/fesm2022/debug_node.mjs:9096:13)
	    at refreshView (node_modules/@angular/core/fesm2022/debug_node.mjs:8988:9)
	    at detectChangesInView (node_modules/@angular/core/fesm2022/debug_node.mjs:9179:9)
Chrome Headless 139.0.0.0 (Windows 10): Executed 679 of 1370[31m (207 FAILED)[39m (0 secs / 5.275 secs)
[1A[2K[31mChrome Headless 139.0.0.0 (Windows 10) LoaderComponent Service Integration should respond to service config changes FAILED[39m
	TypeError: Cannot read properties of undefined (reading 'subscribe')
	    at _TranslatePipe.transform (node_modules/@ngx-translate/core/fesm2022/ngx-translate-core.mjs:972:75)
	    at ╔Á╔ÁpipeBind1 (node_modules/@angular/core/fesm2022/debug_node.mjs:28062:24)
	    at LoaderComponent2_Conditional_0_Conditional_3_Template (ng:///LoaderComponent2.js:13:29)
	    at executeTemplate (node_modules/@angular/core/fesm2022/debug_node.mjs:7929:9)
	    at refreshView (node_modules/@angular/core/fesm2022/debug_node.mjs:8959:13)
	    at detectChangesInView (node_modules/@angular/core/fesm2022/debug_node.mjs:9179:9)
	    at detectChangesInViewIfAttached (node_modules/@angular/core/fesm2022/debug_node.mjs:9139:5)
	    at detectChangesInEmbeddedViews (node_modules/@angular/core/fesm2022/debug_node.mjs:9096:13)
	    at refreshView (node_modules/@angular/core/fesm2022/debug_node.mjs:8988:9)
	    at detectChangesInView (node_modules/@angular/core/fesm2022/debug_node.mjs:9179:9)
Chrome Headless 139.0.0.0 (Windows 10): Executed 680 of 1370[31m (208 FAILED)[39m (0 secs / 5.277 secs)
[1A[2KChrome Headless 139.0.0.0 (Windows 10): Executed 681 of 1370[31m (208 FAILED)[39m (0 secs / 5.278 secs)
[1A[2KChrome Headless 139.0.0.0 (Windows 10): Executed 682 of 1370[31m (208 FAILED)[39m (0 secs / 5.278 secs)
[1A[2KChrome Headless 139.0.0.0 (Windows 10): Executed 683 of 1370[31m (208 FAILED)[39m (0 secs / 5.278 secs)
[1A[2K[31mChrome Headless 139.0.0.0 (Windows 10) LoaderComponent Component Behavior should handle service state changes gracefully FAILED[39m
	Expected function not to throw, but it threw TypeError: Cannot read properties of undefined (reading 'subscribe').
	    at <Jasmine>
	    at UserContext.<anonymous> (spec-loader.component.spec.js:175:14)
	    at _ZoneDelegate.invoke (node_modules/zone.js/fesm2015/zone.js:398:28)
	    at _ProxyZoneSpec.onInvoke (node_modules/zone.js/fesm2015/zone-testing.js:2132:39)
	    at _ZoneDelegate.invoke (node_modules/zone.js/fesm2015/zone.js:397:34)
Chrome Headless 139.0.0.0 (Windows 10): Executed 684 of 1370[31m (209 FAILED)[39m (0 secs / 5.279 secs)
[1A[2KChrome Headless 139.0.0.0 (Windows 10): Executed 685 of 1370[31m (209 FAILED)[39m (0 secs / 5.28 secs)
[1A[2K[31mChrome Headless 139.0.0.0 (Windows 10) LoaderComponent Template Rendering should have proper HTML structure FAILED[39m
	TypeError: Cannot read properties of undefined (reading 'subscribe')
	    at _TranslatePipe.transform (node_modules/@ngx-translate/core/fesm2022/ngx-translate-core.mjs:972:75)
	    at ╔Á╔ÁpipeBind1 (node_modules/@angular/core/fesm2022/debug_node.mjs:28062:24)
	    at LoaderComponent2_Conditional_0_Conditional_3_Template (ng:///LoaderComponent2.js:13:29)
	    at executeTemplate (node_modules/@angular/core/fesm2022/debug_node.mjs:7929:9)
	    at refreshView (node_modules/@angular/core/fesm2022/debug_node.mjs:8959:13)
	    at detectChangesInView (node_modules/@angular/core/fesm2022/debug_node.mjs:9179:9)
	    at detectChangesInViewIfAttached (node_modules/@angular/core/fesm2022/debug_node.mjs:9139:5)
	    at detectChangesInEmbeddedViews (node_modules/@angular/core/fesm2022/debug_node.mjs:9096:13)
	    at refreshView (node_modules/@angular/core/fesm2022/debug_node.mjs:8988:9)
	    at detectChangesInView (node_modules/@angular/core/fesm2022/debug_node.mjs:9179:9)
Chrome Headless 139.0.0.0 (Windows 10): Executed 686 of 1370[31m (210 FAILED)[39m (0 secs / 5.281 secs)
[1A[2KChrome Headless 139.0.0.0 (Windows 10): Executed 687 of 1370[31m (210 FAILED)[39m (0 secs / 5.282 secs)
[1A[2KChrome Headless 139.0.0.0 (Windows 10): Executed 688 of 1370[31m (210 FAILED)[39m (0 secs / 5.282 secs)
[1A[2K[31mChrome Headless 139.0.0.0 (Windows 10) LoaderComponent Template Rendering should have proper CSS classes FAILED[39m
	TypeError: Cannot read properties of undefined (reading 'subscribe')
	    at _TranslatePipe.transform (node_modules/@ngx-translate/core/fesm2022/ngx-translate-core.mjs:972:75)
	    at ╔Á╔ÁpipeBind1 (node_modules/@angular/core/fesm2022/debug_node.mjs:28062:24)
	    at LoaderComponent2_Conditional_0_Conditional_3_Template (ng:///LoaderComponent2.js:13:29)
	    at executeTemplate (node_modules/@angular/core/fesm2022/debug_node.mjs:7929:9)
	    at refreshView (node_modules/@angular/core/fesm2022/debug_node.mjs:8959:13)
	    at detectChangesInView (node_modules/@angular/core/fesm2022/debug_node.mjs:9179:9)
	    at detectChangesInViewIfAttached (node_modules/@angular/core/fesm2022/debug_node.mjs:9139:5)
	    at detectChangesInEmbeddedViews (node_modules/@angular/core/fesm2022/debug_node.mjs:9096:13)
	    at refreshView (node_modules/@angular/core/fesm2022/debug_node.mjs:8988:9)
	    at detectChangesInView (node_modules/@angular/core/fesm2022/debug_node.mjs:9179:9)
Chrome Headless 139.0.0.0 (Windows 10): Executed 689 of 1370[31m (211 FAILED)[39m (0 secs / 5.283 secs)
[1A[2K[31mChrome Headless 139.0.0.0 (Windows 10) LoaderComponent Template Rendering should render message when config has message FAILED[39m
	TypeError: Cannot read properties of undefined (reading 'subscribe')
	    at _TranslatePipe.transform (node_modules/@ngx-translate/core/fesm2022/ngx-translate-core.mjs:972:75)
	    at ╔Á╔ÁpipeBind1 (node_modules/@angular/core/fesm2022/debug_node.mjs:28062:24)
	    at LoaderComponent2_Conditional_0_Conditional_3_Template (ng:///LoaderComponent2.js:13:29)
	    at executeTemplate (node_modules/@angular/core/fesm2022/debug_node.mjs:7929:9)
	    at refreshView (node_modules/@angular/core/fesm2022/debug_node.mjs:8959:13)
	    at detectChangesInView (node_modules/@angular/core/fesm2022/debug_node.mjs:9179:9)
	    at detectChangesInViewIfAttached (node_modules/@angular/core/fesm2022/debug_node.mjs:9139:5)
	    at detectChangesInEmbeddedViews (node_modules/@angular/core/fesm2022/debug_node.mjs:9096:13)
	    at refreshView (node_modules/@angular/core/fesm2022/debug_node.mjs:8988:9)
	    at detectChangesInView (node_modules/@angular/core/fesm2022/debug_node.mjs:9179:9)
Chrome Headless 139.0.0.0 (Windows 10): Executed 690 of 1370[31m (212 FAILED)[39m (0 secs / 5.285 secs)
[1A[2K[31mChrome Headless 139.0.0.0 (Windows 10) LoaderComponent Template Rendering should render loader content structure FAILED[39m
	TypeError: Cannot read properties of undefined (reading 'subscribe')
	    at _TranslatePipe.transform (node_modules/@ngx-translate/core/fesm2022/ngx-translate-core.mjs:972:75)
	    at ╔Á╔ÁpipeBind1 (node_modules/@angular/core/fesm2022/debug_node.mjs:28062:24)
	    at LoaderComponent2_Conditional_0_Conditional_3_Template (ng:///LoaderComponent2.js:13:29)
	    at executeTemplate (node_modules/@angular/core/fesm2022/debug_node.mjs:7929:9)
	    at refreshView (node_modules/@angular/core/fesm2022/debug_node.mjs:8959:13)
	    at detectChangesInView (node_modules/@angular/core/fesm2022/debug_node.mjs:9179:9)
	    at detectChangesInViewIfAttached (node_modules/@angular/core/fesm2022/debug_node.mjs:9139:5)
	    at detectChangesInEmbeddedViews (node_modules/@angular/core/fesm2022/debug_node.mjs:9096:13)
	    at refreshView (node_modules/@angular/core/fesm2022/debug_node.mjs:8988:9)
	    at detectChangesInView (node_modules/@angular/core/fesm2022/debug_node.mjs:9179:9)
Chrome Headless 139.0.0.0 (Windows 10): Executed 691 of 1370[31m (213 FAILED)[39m (0 secs / 5.286 secs)
[1A[2K[31mChrome Headless 139.0.0.0 (Windows 10) LoaderComponent Template Rendering should render loader when isLoading is true FAILED[39m
	TypeError: Cannot read properties of undefined (reading 'subscribe')
	    at _TranslatePipe.transform (node_modules/@ngx-translate/core/fesm2022/ngx-translate-core.mjs:972:75)
	    at ╔Á╔ÁpipeBind1 (node_modules/@angular/core/fesm2022/debug_node.mjs:28062:24)
	    at LoaderComponent2_Conditional_0_Conditional_3_Template (ng:///LoaderComponent2.js:13:29)
	    at executeTemplate (node_modules/@angular/core/fesm2022/debug_node.mjs:7929:9)
	    at refreshView (node_modules/@angular/core/fesm2022/debug_node.mjs:8959:13)
	    at detectChangesInView (node_modules/@angular/core/fesm2022/debug_node.mjs:9179:9)
	    at detectChangesInViewIfAttached (node_modules/@angular/core/fesm2022/debug_node.mjs:9139:5)
	    at detectChangesInEmbeddedViews (node_modules/@angular/core/fesm2022/debug_node.mjs:9096:13)
	    at refreshView (node_modules/@angular/core/fesm2022/debug_node.mjs:8988:9)
	    at detectChangesInView (node_modules/@angular/core/fesm2022/debug_node.mjs:9179:9)
Chrome Headless 139.0.0.0 (Windows 10): Executed 692 of 1370[31m (214 FAILED)[39m (0 secs / 5.288 secs)
[1A[2KChrome Headless 139.0.0.0 (Windows 10): Executed 693 of 1370[31m (214 FAILED)[39m (0 secs / 5.289 secs)
[1A[2K[31mChrome Headless 139.0.0.0 (Windows 10) LoaderComponent should be a standalone component FAILED[39m
	Expected 'LoaderComponent2' to be 'LoaderComponent'.
	    at <Jasmine>
	    at UserContext.<anonymous> (spec-loader.component.spec.js:66:56)
	    at _ZoneDelegate.invoke (node_modules/zone.js/fesm2015/zone.js:398:28)
	    at _ProxyZoneSpec.onInvoke (node_modules/zone.js/fesm2015/zone-testing.js:2132:39)
	    at _ZoneDelegate.invoke (node_modules/zone.js/fesm2015/zone.js:397:34)
Chrome Headless 139.0.0.0 (Windows 10): Executed 694 of 1370[31m (215 FAILED)[39m (0 secs / 5.29 secs)
[1A[2KChrome Headless 139.0.0.0 (Windows 10): Executed 695 of 1370[31m (215 FAILED)[39m (0 secs / 5.291 secs)
[1A[2K[31mChrome Headless 139.0.0.0 (Windows 10) LoaderComponent Component Structure should have proper component selector FAILED[39m
	Expected 'LoaderComponent2' to be 'LoaderComponent'.
	    at <Jasmine>
	    at UserContext.<anonymous> (spec-loader.component.spec.js:198:58)
	    at _ZoneDelegate.invoke (node_modules/zone.js/fesm2015/zone.js:398:28)
	    at _ProxyZoneSpec.onInvoke (node_modules/zone.js/fesm2015/zone-testing.js:2132:39)
	    at _ZoneDelegate.invoke (node_modules/zone.js/fesm2015/zone.js:397:34)
Chrome Headless 139.0.0.0 (Windows 10): Executed 696 of 1370[31m (216 FAILED)[39m (0 secs / 5.292 secs)
[1A[2KChrome Headless 139.0.0.0 (Windows 10): Executed 697 of 1370[31m (216 FAILED)[39m (0 secs / 5.293 secs)
[1A[2KChrome Headless 139.0.0.0 (Windows 10): Executed 698 of 1370[31m (216 FAILED)[39m (0 secs / 5.298 secs)
[1A[2KChrome Headless 139.0.0.0 (Windows 10): Executed 699 of 1370[31m (216 FAILED)[39m (0 secs / 5.3 secs)
[1A[2KChrome Headless 139.0.0.0 (Windows 10): Executed 700 of 1370[31m (216 FAILED)[39m (0 secs / 5.301 secs)
[1A[2KWARN: [36m'
  It looks like you're using the disabled attribute with a reactive form directive. If you set disabled to true
  when you set up this control in your component class, the disabled attribute will actually be set in the DOM for
  you. We recommend using this approach to avoid 'changed after checked' errors.

  Example:
  // Specify the `disabled` property at control creation time:
  form = new FormGroup({
    first: new FormControl({value: 'Nancy', disabled: true}, Validators.required),
    last: new FormControl('Drew', Validators.required)
  });

  // Controls can also be enabled/disabled after creation:
  form.get('first')?.enable();
  form.get('last')?.disable();
'[39m
Chrome Headless 139.0.0.0 (Windows 10): Executed 700 of 1370[31m (216 FAILED)[39m (0 secs / 5.301 secs)
WARN: '
  It looks like you're using the disabled attribute with a reactive form directive. If you set disabled to true
  when you set up this control in your component class, the disabled attribute will actually be set in the DOM for
  you. We recommend using this approach to avoid 'changed after checked' errors.

  Example:
  // Specify the `disabled` property at control creation time:
  form = new FormGroup({
    first: new FormControl({value: 'Nancy', disabled: true}, Validators.required),
    last: new FormControl('Drew', Validators.required)
  });

  // Controls can also be enabled/disabled after creation:
  form.get('first')?.enable();
  form.get('last')?.disable();
'
[1A[2KChrome Headless 139.0.0.0 (Windows 10): Executed 701 of 1370[31m (216 FAILED)[39m (0 secs / 5.31 secs)
[1A[2KWARN: [36m'
  It looks like you're using the disabled attribute with a reactive form directive. If you set disabled to true
  when you set up this control in your component class, the disabled attribute will actually be set in the DOM for
  you. We recommend using this approach to avoid 'changed after checked' errors.

  Example:
  // Specify the `disabled` property at control creation time:
  form = new FormGroup({
    first: new FormControl({value: 'Nancy', disabled: true}, Validators.required),
    last: new FormControl('Drew', Validators.required)
  });

  // Controls can also be enabled/disabled after creation:
  form.get('first')?.enable();
  form.get('last')?.disable();
'[39m
Chrome Headless 139.0.0.0 (Windows 10): Executed 701 of 1370[31m (216 FAILED)[39m (0 secs / 5.31 secs)
WARN: '
  It looks like you're using the disabled attribute with a reactive form directive. If you set disabled to true
  when you set up this control in your component class, the disabled attribute will actually be set in the DOM for
  you. We recommend using this approach to avoid 'changed after checked' errors.

  Example:
  // Specify the `disabled` property at control creation time:
  form = new FormGroup({
    first: new FormControl({value: 'Nancy', disabled: true}, Validators.required),
    last: new FormControl('Drew', Validators.required)
  });

  // Controls can also be enabled/disabled after creation:
  form.get('first')?.enable();
  form.get('last')?.disable();
'
[1A[2KChrome Headless 139.0.0.0 (Windows 10): Executed 702 of 1370[31m (216 FAILED)[39m (0 secs / 5.316 secs)
[1A[2KWARN: [36m'
  It looks like you're using the disabled attribute with a reactive form directive. If you set disabled to true
  when you set up this control in your component class, the disabled attribute will actually be set in the DOM for
  you. We recommend using this approach to avoid 'changed after checked' errors.

  Example:
  // Specify the `disabled` property at control creation time:
  form = new FormGroup({
    first: new FormControl({value: 'Nancy', disabled: true}, Validators.required),
    last: new FormControl('Drew', Validators.required)
  });

  // Controls can also be enabled/disabled after creation:
  form.get('first')?.enable();
  form.get('last')?.disable();
'[39m
Chrome Headless 139.0.0.0 (Windows 10): Executed 702 of 1370[31m (216 FAILED)[39m (0 secs / 5.316 secs)
WARN: '
  It looks like you're using the disabled attribute with a reactive form directive. If you set disabled to true
  when you set up this control in your component class, the disabled attribute will actually be set in the DOM for
  you. We recommend using this approach to avoid 'changed after checked' errors.

  Example:
  // Specify the `disabled` property at control creation time:
  form = new FormGroup({
    first: new FormControl({value: 'Nancy', disabled: true}, Validators.required),
    last: new FormControl('Drew', Validators.required)
  });

  // Controls can also be enabled/disabled after creation:
  form.get('first')?.enable();
  form.get('last')?.disable();
'
[1A[2KChrome Headless 139.0.0.0 (Windows 10): Executed 703 of 1370[31m (216 FAILED)[39m (0 secs / 5.321 secs)
[1A[2KWARN: [36m'
  It looks like you're using the disabled attribute with a reactive form directive. If you set disabled to true
  when you set up this control in your component class, the disabled attribute will actually be set in the DOM for
  you. We recommend using this approach to avoid 'changed after checked' errors.

  Example:
  // Specify the `disabled` property at control creation time:
  form = new FormGroup({
    first: new FormControl({value: 'Nancy', disabled: true}, Validators.required),
    last: new FormControl('Drew', Validators.required)
  });

  // Controls can also be enabled/disabled after creation:
  form.get('first')?.enable();
  form.get('last')?.disable();
'[39m
Chrome Headless 139.0.0.0 (Windows 10): Executed 703 of 1370[31m (216 FAILED)[39m (0 secs / 5.321 secs)
WARN: '
  It looks like you're using the disabled attribute with a reactive form directive. If you set disabled to true
  when you set up this control in your component class, the disabled attribute will actually be set in the DOM for
  you. We recommend using this approach to avoid 'changed after checked' errors.

  Example:
  // Specify the `disabled` property at control creation time:
  form = new FormGroup({
    first: new FormControl({value: 'Nancy', disabled: true}, Validators.required),
    last: new FormControl('Drew', Validators.required)
  });

  // Controls can also be enabled/disabled after creation:
  form.get('first')?.enable();
  form.get('last')?.disable();
'
[1A[2KChrome Headless 139.0.0.0 (Windows 10): Executed 704 of 1370[31m (216 FAILED)[39m (0 secs / 5.339 secs)
[1A[2KWARN: [36m'
  It looks like you're using the disabled attribute with a reactive form directive. If you set disabled to true
  when you set up this control in your component class, the disabled attribute will actually be set in the DOM for
  you. We recommend using this approach to avoid 'changed after checked' errors.

  Example:
  // Specify the `disabled` property at control creation time:
  form = new FormGroup({
    first: new FormControl({value: 'Nancy', disabled: true}, Validators.required),
    last: new FormControl('Drew', Validators.required)
  });

  // Controls can also be enabled/disabled after creation:
  form.get('first')?.enable();
  form.get('last')?.disable();
'[39m
Chrome Headless 139.0.0.0 (Windows 10): Executed 704 of 1370[31m (216 FAILED)[39m (0 secs / 5.339 secs)
WARN: '
  It looks like you're using the disabled attribute with a reactive form directive. If you set disabled to true
  when you set up this control in your component class, the disabled attribute will actually be set in the DOM for
  you. We recommend using this approach to avoid 'changed after checked' errors.

  Example:
  // Specify the `disabled` property at control creation time:
  form = new FormGroup({
    first: new FormControl({value: 'Nancy', disabled: true}, Validators.required),
    last: new FormControl('Drew', Validators.required)
  });

  // Controls can also be enabled/disabled after creation:
  form.get('first')?.enable();
  form.get('last')?.disable();
'
[1A[2KChrome Headless 139.0.0.0 (Windows 10): Executed 705 of 1370[31m (216 FAILED)[39m (0 secs / 5.346 secs)
[1A[2KWARN: [36m'
  It looks like you're using the disabled attribute with a reactive form directive. If you set disabled to true
  when you set up this control in your component class, the disabled attribute will actually be set in the DOM for
  you. We recommend using this approach to avoid 'changed after checked' errors.

  Example:
  // Specify the `disabled` property at control creation time:
  form = new FormGroup({
    first: new FormControl({value: 'Nancy', disabled: true}, Validators.required),
    last: new FormControl('Drew', Validators.required)
  });

  // Controls can also be enabled/disabled after creation:
  form.get('first')?.enable();
  form.get('last')?.disable();
'[39m
Chrome Headless 139.0.0.0 (Windows 10): Executed 705 of 1370[31m (216 FAILED)[39m (0 secs / 5.346 secs)
WARN: '
  It looks like you're using the disabled attribute with a reactive form directive. If you set disabled to true
  when you set up this control in your component class, the disabled attribute will actually be set in the DOM for
  you. We recommend using this approach to avoid 'changed after checked' errors.

  Example:
  // Specify the `disabled` property at control creation time:
  form = new FormGroup({
    first: new FormControl({value: 'Nancy', disabled: true}, Validators.required),
    last: new FormControl('Drew', Validators.required)
  });

  // Controls can also be enabled/disabled after creation:
  form.get('first')?.enable();
  form.get('last')?.disable();
'
[1A[2KChrome Headless 139.0.0.0 (Windows 10): Executed 706 of 1370[31m (216 FAILED)[39m (0 secs / 5.354 secs)
[1A[2KWARN: [36m'
  It looks like you're using the disabled attribute with a reactive form directive. If you set disabled to true
  when you set up this control in your component class, the disabled attribute will actually be set in the DOM for
  you. We recommend using this approach to avoid 'changed after checked' errors.

  Example:
  // Specify the `disabled` property at control creation time:
  form = new FormGroup({
    first: new FormControl({value: 'Nancy', disabled: true}, Validators.required),
    last: new FormControl('Drew', Validators.required)
  });

  // Controls can also be enabled/disabled after creation:
  form.get('first')?.enable();
  form.get('last')?.disable();
'[39m
Chrome Headless 139.0.0.0 (Windows 10): Executed 706 of 1370[31m (216 FAILED)[39m (0 secs / 5.354 secs)
WARN: '
  It looks like you're using the disabled attribute with a reactive form directive. If you set disabled to true
  when you set up this control in your component class, the disabled attribute will actually be set in the DOM for
  you. We recommend using this approach to avoid 'changed after checked' errors.

  Example:
  // Specify the `disabled` property at control creation time:
  form = new FormGroup({
    first: new FormControl({value: 'Nancy', disabled: true}, Validators.required),
    last: new FormControl('Drew', Validators.required)
  });

  // Controls can also be enabled/disabled after creation:
  form.get('first')?.enable();
  form.get('last')?.disable();
'
[1A[2KChrome Headless 139.0.0.0 (Windows 10): Executed 707 of 1370[31m (216 FAILED)[39m (0 secs / 5.359 secs)
[1A[2KWARN: [36m'
  It looks like you're using the disabled attribute with a reactive form directive. If you set disabled to true
  when you set up this control in your component class, the disabled attribute will actually be set in the DOM for
  you. We recommend using this approach to avoid 'changed after checked' errors.

  Example:
  // Specify the `disabled` property at control creation time:
  form = new FormGroup({
    first: new FormControl({value: 'Nancy', disabled: true}, Validators.required),
    last: new FormControl('Drew', Validators.required)
  });

  // Controls can also be enabled/disabled after creation:
  form.get('first')?.enable();
  form.get('last')?.disable();
'[39m
Chrome Headless 139.0.0.0 (Windows 10): Executed 707 of 1370[31m (216 FAILED)[39m (0 secs / 5.359 secs)
WARN: '
  It looks like you're using the disabled attribute with a reactive form directive. If you set disabled to true
  when you set up this control in your component class, the disabled attribute will actually be set in the DOM for
  you. We recommend using this approach to avoid 'changed after checked' errors.

  Example:
  // Specify the `disabled` property at control creation time:
  form = new FormGroup({
    first: new FormControl({value: 'Nancy', disabled: true}, Validators.required),
    last: new FormControl('Drew', Validators.required)
  });

  // Controls can also be enabled/disabled after creation:
  form.get('first')?.enable();
  form.get('last')?.disable();
'
[1A[2KChrome Headless 139.0.0.0 (Windows 10): Executed 708 of 1370[31m (216 FAILED)[39m (0 secs / 5.365 secs)
[1A[2KWARN: [36m'
  It looks like you're using the disabled attribute with a reactive form directive. If you set disabled to true
  when you set up this control in your component class, the disabled attribute will actually be set in the DOM for
  you. We recommend using this approach to avoid 'changed after checked' errors.

  Example:
  // Specify the `disabled` property at control creation time:
  form = new FormGroup({
    first: new FormControl({value: 'Nancy', disabled: true}, Validators.required),
    last: new FormControl('Drew', Validators.required)
  });

  // Controls can also be enabled/disabled after creation:
  form.get('first')?.enable();
  form.get('last')?.disable();
'[39m
Chrome Headless 139.0.0.0 (Windows 10): Executed 708 of 1370[31m (216 FAILED)[39m (0 secs / 5.365 secs)
WARN: '
  It looks like you're using the disabled attribute with a reactive form directive. If you set disabled to true
  when you set up this control in your component class, the disabled attribute will actually be set in the DOM for
  you. We recommend using this approach to avoid 'changed after checked' errors.

  Example:
  // Specify the `disabled` property at control creation time:
  form = new FormGroup({
    first: new FormControl({value: 'Nancy', disabled: true}, Validators.required),
    last: new FormControl('Drew', Validators.required)
  });

  // Controls can also be enabled/disabled after creation:
  form.get('first')?.enable();
  form.get('last')?.disable();
'
[1A[2KChrome Headless 139.0.0.0 (Windows 10): Executed 709 of 1370[31m (216 FAILED)[39m (0 secs / 5.37 secs)
[1A[2KWARN: [36m'
  It looks like you're using the disabled attribute with a reactive form directive. If you set disabled to true
  when you set up this control in your component class, the disabled attribute will actually be set in the DOM for
  you. We recommend using this approach to avoid 'changed after checked' errors.

  Example:
  // Specify the `disabled` property at control creation time:
  form = new FormGroup({
    first: new FormControl({value: 'Nancy', disabled: true}, Validators.required),
    last: new FormControl('Drew', Validators.required)
  });

  // Controls can also be enabled/disabled after creation:
  form.get('first')?.enable();
  form.get('last')?.disable();
'[39m
Chrome Headless 139.0.0.0 (Windows 10): Executed 709 of 1370[31m (216 FAILED)[39m (0 secs / 5.37 secs)
WARN: '
  It looks like you're using the disabled attribute with a reactive form directive. If you set disabled to true
  when you set up this control in your component class, the disabled attribute will actually be set in the DOM for
  you. We recommend using this approach to avoid 'changed after checked' errors.

  Example:
  // Specify the `disabled` property at control creation time:
  form = new FormGroup({
    first: new FormControl({value: 'Nancy', disabled: true}, Validators.required),
    last: new FormControl('Drew', Validators.required)
  });

  // Controls can also be enabled/disabled after creation:
  form.get('first')?.enable();
  form.get('last')?.disable();
'
[1A[2KChrome Headless 139.0.0.0 (Windows 10): Executed 710 of 1370[31m (216 FAILED)[39m (0 secs / 5.375 secs)
[1A[2KWARN: [36m'
  It looks like you're using the disabled attribute with a reactive form directive. If you set disabled to true
  when you set up this control in your component class, the disabled attribute will actually be set in the DOM for
  you. We recommend using this approach to avoid 'changed after checked' errors.

  Example:
  // Specify the `disabled` property at control creation time:
  form = new FormGroup({
    first: new FormControl({value: 'Nancy', disabled: true}, Validators.required),
    last: new FormControl('Drew', Validators.required)
  });

  // Controls can also be enabled/disabled after creation:
  form.get('first')?.enable();
  form.get('last')?.disable();
'[39m
Chrome Headless 139.0.0.0 (Windows 10): Executed 710 of 1370[31m (216 FAILED)[39m (0 secs / 5.375 secs)
WARN: '
  It looks like you're using the disabled attribute with a reactive form directive. If you set disabled to true
  when you set up this control in your component class, the disabled attribute will actually be set in the DOM for
  you. We recommend using this approach to avoid 'changed after checked' errors.

  Example:
  // Specify the `disabled` property at control creation time:
  form = new FormGroup({
    first: new FormControl({value: 'Nancy', disabled: true}, Validators.required),
    last: new FormControl('Drew', Validators.required)
  });

  // Controls can also be enabled/disabled after creation:
  form.get('first')?.enable();
  form.get('last')?.disable();
'
[1A[2KWARN: [36m'
  It looks like you're using the disabled attribute with a reactive form directive. If you set disabled to true
  when you set up this control in your component class, the disabled attribute will actually be set in the DOM for
  you. We recommend using this approach to avoid 'changed after checked' errors.

  Example:
  // Specify the `disabled` property at control creation time:
  form = new FormGroup({
    first: new FormControl({value: 'Nancy', disabled: true}, Validators.required),
    last: new FormControl('Drew', Validators.required)
  });

  // Controls can also be enabled/disabled after creation:
  form.get('first')?.enable();
  form.get('last')?.disable();
'[39m
Chrome Headless 139.0.0.0 (Windows 10): Executed 710 of 1370[31m (216 FAILED)[39m (0 secs / 5.375 secs)
WARN: '
  It looks like you're using the disabled attribute with a reactive form directive. If you set disabled to true
  when you set up this control in your component class, the disabled attribute will actually be set in the DOM for
  you. We recommend using this approach to avoid 'changed after checked' errors.

  Example:
  // Specify the `disabled` property at control creation time:
  form = new FormGroup({
    first: new FormControl({value: 'Nancy', disabled: true}, Validators.required),
    last: new FormControl('Drew', Validators.required)
  });

  // Controls can also be enabled/disabled after creation:
  form.get('first')?.enable();
  form.get('last')?.disable();
'
[1A[2KChrome Headless 139.0.0.0 (Windows 10): Executed 711 of 1370[31m (216 FAILED)[39m (0 secs / 5.382 secs)
[1A[2KWARN: [36m'
  It looks like you're using the disabled attribute with a reactive form directive. If you set disabled to true
  when you set up this control in your component class, the disabled attribute will actually be set in the DOM for
  you. We recommend using this approach to avoid 'changed after checked' errors.

  Example:
  // Specify the `disabled` property at control creation time:
  form = new FormGroup({
    first: new FormControl({value: 'Nancy', disabled: true}, Validators.required),
    last: new FormControl('Drew', Validators.required)
  });

  // Controls can also be enabled/disabled after creation:
  form.get('first')?.enable();
  form.get('last')?.disable();
'[39m
Chrome Headless 139.0.0.0 (Windows 10): Executed 711 of 1370[31m (216 FAILED)[39m (0 secs / 5.382 secs)
WARN: '
  It looks like you're using the disabled attribute with a reactive form directive. If you set disabled to true
  when you set up this control in your component class, the disabled attribute will actually be set in the DOM for
  you. We recommend using this approach to avoid 'changed after checked' errors.

  Example:
  // Specify the `disabled` property at control creation time:
  form = new FormGroup({
    first: new FormControl({value: 'Nancy', disabled: true}, Validators.required),
    last: new FormControl('Drew', Validators.required)
  });

  // Controls can also be enabled/disabled after creation:
  form.get('first')?.enable();
  form.get('last')?.disable();
'
[1A[2KChrome Headless 139.0.0.0 (Windows 10): Executed 712 of 1370[31m (216 FAILED)[39m (0 secs / 5.387 secs)
[1A[2KWARN: [36m'
  It looks like you're using the disabled attribute with a reactive form directive. If you set disabled to true
  when you set up this control in your component class, the disabled attribute will actually be set in the DOM for
  you. We recommend using this approach to avoid 'changed after checked' errors.

  Example:
  // Specify the `disabled` property at control creation time:
  form = new FormGroup({
    first: new FormControl({value: 'Nancy', disabled: true}, Validators.required),
    last: new FormControl('Drew', Validators.required)
  });

  // Controls can also be enabled/disabled after creation:
  form.get('first')?.enable();
  form.get('last')?.disable();
'[39m
Chrome Headless 139.0.0.0 (Windows 10): Executed 712 of 1370[31m (216 FAILED)[39m (0 secs / 5.387 secs)
WARN: '
  It looks like you're using the disabled attribute with a reactive form directive. If you set disabled to true
  when you set up this control in your component class, the disabled attribute will actually be set in the DOM for
  you. We recommend using this approach to avoid 'changed after checked' errors.

  Example:
  // Specify the `disabled` property at control creation time:
  form = new FormGroup({
    first: new FormControl({value: 'Nancy', disabled: true}, Validators.required),
    last: new FormControl('Drew', Validators.required)
  });

  // Controls can also be enabled/disabled after creation:
  form.get('first')?.enable();
  form.get('last')?.disable();
'
[1A[2KChrome Headless 139.0.0.0 (Windows 10): Executed 713 of 1370[31m (216 FAILED)[39m (0 secs / 5.392 secs)
[1A[2KWARN: [36m'
  It looks like you're using the disabled attribute with a reactive form directive. If you set disabled to true
  when you set up this control in your component class, the disabled attribute will actually be set in the DOM for
  you. We recommend using this approach to avoid 'changed after checked' errors.

  Example:
  // Specify the `disabled` property at control creation time:
  form = new FormGroup({
    first: new FormControl({value: 'Nancy', disabled: true}, Validators.required),
    last: new FormControl('Drew', Validators.required)
  });

  // Controls can also be enabled/disabled after creation:
  form.get('first')?.enable();
  form.get('last')?.disable();
'[39m
Chrome Headless 139.0.0.0 (Windows 10): Executed 713 of 1370[31m (216 FAILED)[39m (0 secs / 5.392 secs)
WARN: '
  It looks like you're using the disabled attribute with a reactive form directive. If you set disabled to true
  when you set up this control in your component class, the disabled attribute will actually be set in the DOM for
  you. We recommend using this approach to avoid 'changed after checked' errors.

  Example:
  // Specify the `disabled` property at control creation time:
  form = new FormGroup({
    first: new FormControl({value: 'Nancy', disabled: true}, Validators.required),
    last: new FormControl('Drew', Validators.required)
  });

  // Controls can also be enabled/disabled after creation:
  form.get('first')?.enable();
  form.get('last')?.disable();
'
[1A[2KChrome Headless 139.0.0.0 (Windows 10): Executed 714 of 1370[31m (216 FAILED)[39m (0 secs / 5.4 secs)
[1A[2KWARN: [36m'
  It looks like you're using the disabled attribute with a reactive form directive. If you set disabled to true
  when you set up this control in your component class, the disabled attribute will actually be set in the DOM for
  you. We recommend using this approach to avoid 'changed after checked' errors.

  Example:
  // Specify the `disabled` property at control creation time:
  form = new FormGroup({
    first: new FormControl({value: 'Nancy', disabled: true}, Validators.required),
    last: new FormControl('Drew', Validators.required)
  });

  // Controls can also be enabled/disabled after creation:
  form.get('first')?.enable();
  form.get('last')?.disable();
'[39m
Chrome Headless 139.0.0.0 (Windows 10): Executed 714 of 1370[31m (216 FAILED)[39m (0 secs / 5.4 secs)
WARN: '
  It looks like you're using the disabled attribute with a reactive form directive. If you set disabled to true
  when you set up this control in your component class, the disabled attribute will actually be set in the DOM for
  you. We recommend using this approach to avoid 'changed after checked' errors.

  Example:
  // Specify the `disabled` property at control creation time:
  form = new FormGroup({
    first: new FormControl({value: 'Nancy', disabled: true}, Validators.required),
    last: new FormControl('Drew', Validators.required)
  });

  // Controls can also be enabled/disabled after creation:
  form.get('first')?.enable();
  form.get('last')?.disable();
'
[1A[2KChrome Headless 139.0.0.0 (Windows 10): Executed 715 of 1370[31m (216 FAILED)[39m (0 secs / 5.405 secs)
[1A[2KWARN: [36m'
  It looks like you're using the disabled attribute with a reactive form directive. If you set disabled to true
  when you set up this control in your component class, the disabled attribute will actually be set in the DOM for
  you. We recommend using this approach to avoid 'changed after checked' errors.

  Example:
  // Specify the `disabled` property at control creation time:
  form = new FormGroup({
    first: new FormControl({value: 'Nancy', disabled: true}, Validators.required),
    last: new FormControl('Drew', Validators.required)
  });

  // Controls can also be enabled/disabled after creation:
  form.get('first')?.enable();
  form.get('last')?.disable();
'[39m
Chrome Headless 139.0.0.0 (Windows 10): Executed 715 of 1370[31m (216 FAILED)[39m (0 secs / 5.405 secs)
WARN: '
  It looks like you're using the disabled attribute with a reactive form directive. If you set disabled to true
  when you set up this control in your component class, the disabled attribute will actually be set in the DOM for
  you. We recommend using this approach to avoid 'changed after checked' errors.

  Example:
  // Specify the `disabled` property at control creation time:
  form = new FormGroup({
    first: new FormControl({value: 'Nancy', disabled: true}, Validators.required),
    last: new FormControl('Drew', Validators.required)
  });

  // Controls can also be enabled/disabled after creation:
  form.get('first')?.enable();
  form.get('last')?.disable();
'
[1A[2KChrome Headless 139.0.0.0 (Windows 10): Executed 716 of 1370[31m (216 FAILED)[39m (0 secs / 5.411 secs)
[1A[2KWARN: [36m'
  It looks like you're using the disabled attribute with a reactive form directive. If you set disabled to true
  when you set up this control in your component class, the disabled attribute will actually be set in the DOM for
  you. We recommend using this approach to avoid 'changed after checked' errors.

  Example:
  // Specify the `disabled` property at control creation time:
  form = new FormGroup({
    first: new FormControl({value: 'Nancy', disabled: true}, Validators.required),
    last: new FormControl('Drew', Validators.required)
  });

  // Controls can also be enabled/disabled after creation:
  form.get('first')?.enable();
  form.get('last')?.disable();
'[39m
Chrome Headless 139.0.0.0 (Windows 10): Executed 716 of 1370[31m (216 FAILED)[39m (0 secs / 5.411 secs)
WARN: '
  It looks like you're using the disabled attribute with a reactive form directive. If you set disabled to true
  when you set up this control in your component class, the disabled attribute will actually be set in the DOM for
  you. We recommend using this approach to avoid 'changed after checked' errors.

  Example:
  // Specify the `disabled` property at control creation time:
  form = new FormGroup({
    first: new FormControl({value: 'Nancy', disabled: true}, Validators.required),
    last: new FormControl('Drew', Validators.required)
  });

  // Controls can also be enabled/disabled after creation:
  form.get('first')?.enable();
  form.get('last')?.disable();
'
[1A[2KChrome Headless 139.0.0.0 (Windows 10): Executed 717 of 1370[31m (216 FAILED)[39m (0 secs / 5.416 secs)
[1A[2KWARN: [36m'
  It looks like you're using the disabled attribute with a reactive form directive. If you set disabled to true
  when you set up this control in your component class, the disabled attribute will actually be set in the DOM for
  you. We recommend using this approach to avoid 'changed after checked' errors.

  Example:
  // Specify the `disabled` property at control creation time:
  form = new FormGroup({
    first: new FormControl({value: 'Nancy', disabled: true}, Validators.required),
    last: new FormControl('Drew', Validators.required)
  });

  // Controls can also be enabled/disabled after creation:
  form.get('first')?.enable();
  form.get('last')?.disable();
'[39m
Chrome Headless 139.0.0.0 (Windows 10): Executed 717 of 1370[31m (216 FAILED)[39m (0 secs / 5.416 secs)
WARN: '
  It looks like you're using the disabled attribute with a reactive form directive. If you set disabled to true
  when you set up this control in your component class, the disabled attribute will actually be set in the DOM for
  you. We recommend using this approach to avoid 'changed after checked' errors.

  Example:
  // Specify the `disabled` property at control creation time:
  form = new FormGroup({
    first: new FormControl({value: 'Nancy', disabled: true}, Validators.required),
    last: new FormControl('Drew', Validators.required)
  });

  // Controls can also be enabled/disabled after creation:
  form.get('first')?.enable();
  form.get('last')?.disable();
'
[1A[2KChrome Headless 139.0.0.0 (Windows 10): Executed 718 of 1370[31m (216 FAILED)[39m (0 secs / 5.424 secs)
[1A[2KWARN: [36m'
  It looks like you're using the disabled attribute with a reactive form directive. If you set disabled to true
  when you set up this control in your component class, the disabled attribute will actually be set in the DOM for
  you. We recommend using this approach to avoid 'changed after checked' errors.

  Example:
  // Specify the `disabled` property at control creation time:
  form = new FormGroup({
    first: new FormControl({value: 'Nancy', disabled: true}, Validators.required),
    last: new FormControl('Drew', Validators.required)
  });

  // Controls can also be enabled/disabled after creation:
  form.get('first')?.enable();
  form.get('last')?.disable();
'[39m
Chrome Headless 139.0.0.0 (Windows 10): Executed 718 of 1370[31m (216 FAILED)[39m (0 secs / 5.424 secs)
WARN: '
  It looks like you're using the disabled attribute with a reactive form directive. If you set disabled to true
  when you set up this control in your component class, the disabled attribute will actually be set in the DOM for
  you. We recommend using this approach to avoid 'changed after checked' errors.

  Example:
  // Specify the `disabled` property at control creation time:
  form = new FormGroup({
    first: new FormControl({value: 'Nancy', disabled: true}, Validators.required),
    last: new FormControl('Drew', Validators.required)
  });

  // Controls can also be enabled/disabled after creation:
  form.get('first')?.enable();
  form.get('last')?.disable();
'
[1A[2KChrome Headless 139.0.0.0 (Windows 10): Executed 719 of 1370[31m (216 FAILED)[39m (0 secs / 5.43 secs)
[1A[2KWARN: [36m'
  It looks like you're using the disabled attribute with a reactive form directive. If you set disabled to true
  when you set up this control in your component class, the disabled attribute will actually be set in the DOM for
  you. We recommend using this approach to avoid 'changed after checked' errors.

  Example:
  // Specify the `disabled` property at control creation time:
  form = new FormGroup({
    first: new FormControl({value: 'Nancy', disabled: true}, Validators.required),
    last: new FormControl('Drew', Validators.required)
  });

  // Controls can also be enabled/disabled after creation:
  form.get('first')?.enable();
  form.get('last')?.disable();
'[39m
Chrome Headless 139.0.0.0 (Windows 10): Executed 719 of 1370[31m (216 FAILED)[39m (0 secs / 5.43 secs)
WARN: '
  It looks like you're using the disabled attribute with a reactive form directive. If you set disabled to true
  when you set up this control in your component class, the disabled attribute will actually be set in the DOM for
  you. We recommend using this approach to avoid 'changed after checked' errors.

  Example:
  // Specify the `disabled` property at control creation time:
  form = new FormGroup({
    first: new FormControl({value: 'Nancy', disabled: true}, Validators.required),
    last: new FormControl('Drew', Validators.required)
  });

  // Controls can also be enabled/disabled after creation:
  form.get('first')?.enable();
  form.get('last')?.disable();
'
[1A[2KChrome Headless 139.0.0.0 (Windows 10): Executed 720 of 1370[31m (216 FAILED)[39m (0 secs / 5.438 secs)
[1A[2KWARN: [36m'
  It looks like you're using the disabled attribute with a reactive form directive. If you set disabled to true
  when you set up this control in your component class, the disabled attribute will actually be set in the DOM for
  you. We recommend using this approach to avoid 'changed after checked' errors.

  Example:
  // Specify the `disabled` property at control creation time:
  form = new FormGroup({
    first: new FormControl({value: 'Nancy', disabled: true}, Validators.required),
    last: new FormControl('Drew', Validators.required)
  });

  // Controls can also be enabled/disabled after creation:
  form.get('first')?.enable();
  form.get('last')?.disable();
'[39m
Chrome Headless 139.0.0.0 (Windows 10): Executed 720 of 1370[31m (216 FAILED)[39m (0 secs / 5.438 secs)
WARN: '
  It looks like you're using the disabled attribute with a reactive form directive. If you set disabled to true
  when you set up this control in your component class, the disabled attribute will actually be set in the DOM for
  you. We recommend using this approach to avoid 'changed after checked' errors.

  Example:
  // Specify the `disabled` property at control creation time:
  form = new FormGroup({
    first: new FormControl({value: 'Nancy', disabled: true}, Validators.required),
    last: new FormControl('Drew', Validators.required)
  });

  // Controls can also be enabled/disabled after creation:
  form.get('first')?.enable();
  form.get('last')?.disable();
'
[1A[2KChrome Headless 139.0.0.0 (Windows 10): Executed 721 of 1370[31m (216 FAILED)[39m (0 secs / 5.444 secs)
[1A[2KWARN: [36m'
  It looks like you're using the disabled attribute with a reactive form directive. If you set disabled to true
  when you set up this control in your component class, the disabled attribute will actually be set in the DOM for
  you. We recommend using this approach to avoid 'changed after checked' errors.

  Example:
  // Specify the `disabled` property at control creation time:
  form = new FormGroup({
    first: new FormControl({value: 'Nancy', disabled: true}, Validators.required),
    last: new FormControl('Drew', Validators.required)
  });

  // Controls can also be enabled/disabled after creation:
  form.get('first')?.enable();
  form.get('last')?.disable();
'[39m
Chrome Headless 139.0.0.0 (Windows 10): Executed 721 of 1370[31m (216 FAILED)[39m (0 secs / 5.444 secs)
WARN: '
  It looks like you're using the disabled attribute with a reactive form directive. If you set disabled to true
  when you set up this control in your component class, the disabled attribute will actually be set in the DOM for
  you. We recommend using this approach to avoid 'changed after checked' errors.

  Example:
  // Specify the `disabled` property at control creation time:
  form = new FormGroup({
    first: new FormControl({value: 'Nancy', disabled: true}, Validators.required),
    last: new FormControl('Drew', Validators.required)
  });

  // Controls can also be enabled/disabled after creation:
  form.get('first')?.enable();
  form.get('last')?.disable();
'
[1A[2KChrome Headless 139.0.0.0 (Windows 10): Executed 722 of 1370[31m (216 FAILED)[39m (0 secs / 5.451 secs)
[1A[2KWARN: [36m'
  It looks like you're using the disabled attribute with a reactive form directive. If you set disabled to true
  when you set up this control in your component class, the disabled attribute will actually be set in the DOM for
  you. We recommend using this approach to avoid 'changed after checked' errors.

  Example:
  // Specify the `disabled` property at control creation time:
  form = new FormGroup({
    first: new FormControl({value: 'Nancy', disabled: true}, Validators.required),
    last: new FormControl('Drew', Validators.required)
  });

  // Controls can also be enabled/disabled after creation:
  form.get('first')?.enable();
  form.get('last')?.disable();
'[39m
Chrome Headless 139.0.0.0 (Windows 10): Executed 722 of 1370[31m (216 FAILED)[39m (0 secs / 5.451 secs)
WARN: '
  It looks like you're using the disabled attribute with a reactive form directive. If you set disabled to true
  when you set up this control in your component class, the disabled attribute will actually be set in the DOM for
  you. We recommend using this approach to avoid 'changed after checked' errors.

  Example:
  // Specify the `disabled` property at control creation time:
  form = new FormGroup({
    first: new FormControl({value: 'Nancy', disabled: true}, Validators.required),
    last: new FormControl('Drew', Validators.required)
  });

  // Controls can also be enabled/disabled after creation:
  form.get('first')?.enable();
  form.get('last')?.disable();
'
[1A[2KChrome Headless 139.0.0.0 (Windows 10): Executed 723 of 1370[31m (216 FAILED)[39m (0 secs / 5.459 secs)
[1A[2KWARN: [36m'
  It looks like you're using the disabled attribute with a reactive form directive. If you set disabled to true
  when you set up this control in your component class, the disabled attribute will actually be set in the DOM for
  you. We recommend using this approach to avoid 'changed after checked' errors.

  Example:
  // Specify the `disabled` property at control creation time:
  form = new FormGroup({
    first: new FormControl({value: 'Nancy', disabled: true}, Validators.required),
    last: new FormControl('Drew', Validators.required)
  });

  // Controls can also be enabled/disabled after creation:
  form.get('first')?.enable();
  form.get('last')?.disable();
'[39m
Chrome Headless 139.0.0.0 (Windows 10): Executed 723 of 1370[31m (216 FAILED)[39m (0 secs / 5.459 secs)
WARN: '
  It looks like you're using the disabled attribute with a reactive form directive. If you set disabled to true
  when you set up this control in your component class, the disabled attribute will actually be set in the DOM for
  you. We recommend using this approach to avoid 'changed after checked' errors.

  Example:
  // Specify the `disabled` property at control creation time:
  form = new FormGroup({
    first: new FormControl({value: 'Nancy', disabled: true}, Validators.required),
    last: new FormControl('Drew', Validators.required)
  });

  // Controls can also be enabled/disabled after creation:
  form.get('first')?.enable();
  form.get('last')?.disable();
'
[1A[2KChrome Headless 139.0.0.0 (Windows 10): Executed 724 of 1370[31m (216 FAILED)[39m (0 secs / 5.466 secs)
[1A[2KWARN: [36m'
  It looks like you're using the disabled attribute with a reactive form directive. If you set disabled to true
  when you set up this control in your component class, the disabled attribute will actually be set in the DOM for
  you. We recommend using this approach to avoid 'changed after checked' errors.

  Example:
  // Specify the `disabled` property at control creation time:
  form = new FormGroup({
    first: new FormControl({value: 'Nancy', disabled: true}, Validators.required),
    last: new FormControl('Drew', Validators.required)
  });

  // Controls can also be enabled/disabled after creation:
  form.get('first')?.enable();
  form.get('last')?.disable();
'[39m
Chrome Headless 139.0.0.0 (Windows 10): Executed 724 of 1370[31m (216 FAILED)[39m (0 secs / 5.466 secs)
WARN: '
  It looks like you're using the disabled attribute with a reactive form directive. If you set disabled to true
  when you set up this control in your component class, the disabled attribute will actually be set in the DOM for
  you. We recommend using this approach to avoid 'changed after checked' errors.

  Example:
  // Specify the `disabled` property at control creation time:
  form = new FormGroup({
    first: new FormControl({value: 'Nancy', disabled: true}, Validators.required),
    last: new FormControl('Drew', Validators.required)
  });

  // Controls can also be enabled/disabled after creation:
  form.get('first')?.enable();
  form.get('last')?.disable();
'
[1A[2KChrome Headless 139.0.0.0 (Windows 10): Executed 725 of 1370[31m (216 FAILED)[39m (0 secs / 5.471 secs)
[1A[2KWARN: [36m'
  It looks like you're using the disabled attribute with a reactive form directive. If you set disabled to true
  when you set up this control in your component class, the disabled attribute will actually be set in the DOM for
  you. We recommend using this approach to avoid 'changed after checked' errors.

  Example:
  // Specify the `disabled` property at control creation time:
  form = new FormGroup({
    first: new FormControl({value: 'Nancy', disabled: true}, Validators.required),
    last: new FormControl('Drew', Validators.required)
  });

  // Controls can also be enabled/disabled after creation:
  form.get('first')?.enable();
  form.get('last')?.disable();
'[39m
Chrome Headless 139.0.0.0 (Windows 10): Executed 725 of 1370[31m (216 FAILED)[39m (0 secs / 5.471 secs)
WARN: '
  It looks like you're using the disabled attribute with a reactive form directive. If you set disabled to true
  when you set up this control in your component class, the disabled attribute will actually be set in the DOM for
  you. We recommend using this approach to avoid 'changed after checked' errors.

  Example:
  // Specify the `disabled` property at control creation time:
  form = new FormGroup({
    first: new FormControl({value: 'Nancy', disabled: true}, Validators.required),
    last: new FormControl('Drew', Validators.required)
  });

  // Controls can also be enabled/disabled after creation:
  form.get('first')?.enable();
  form.get('last')?.disable();
'
[1A[2KWARN: [36m'
  It looks like you're using the disabled attribute with a reactive form directive. If you set disabled to true
  when you set up this control in your component class, the disabled attribute will actually be set in the DOM for
  you. We recommend using this approach to avoid 'changed after checked' errors.

  Example:
  // Specify the `disabled` property at control creation time:
  form = new FormGroup({
    first: new FormControl({value: 'Nancy', disabled: true}, Validators.required),
    last: new FormControl('Drew', Validators.required)
  });

  // Controls can also be enabled/disabled after creation:
  form.get('first')?.enable();
  form.get('last')?.disable();
'[39m
Chrome Headless 139.0.0.0 (Windows 10): Executed 725 of 1370[31m (216 FAILED)[39m (0 secs / 5.471 secs)
WARN: '
  It looks like you're using the disabled attribute with a reactive form directive. If you set disabled to true
  when you set up this control in your component class, the disabled attribute will actually be set in the DOM for
  you. We recommend using this approach to avoid 'changed after checked' errors.

  Example:
  // Specify the `disabled` property at control creation time:
  form = new FormGroup({
    first: new FormControl({value: 'Nancy', disabled: true}, Validators.required),
    last: new FormControl('Drew', Validators.required)
  });

  // Controls can also be enabled/disabled after creation:
  form.get('first')?.enable();
  form.get('last')?.disable();
'
[1A[2KChrome Headless 139.0.0.0 (Windows 10): Executed 726 of 1370[31m (216 FAILED)[39m (0 secs / 5.478 secs)
[1A[2KWARN: [36m'
  It looks like you're using the disabled attribute with a reactive form directive. If you set disabled to true
  when you set up this control in your component class, the disabled attribute will actually be set in the DOM for
  you. We recommend using this approach to avoid 'changed after checked' errors.

  Example:
  // Specify the `disabled` property at control creation time:
  form = new FormGroup({
    first: new FormControl({value: 'Nancy', disabled: true}, Validators.required),
    last: new FormControl('Drew', Validators.required)
  });

  // Controls can also be enabled/disabled after creation:
  form.get('first')?.enable();
  form.get('last')?.disable();
'[39m
Chrome Headless 139.0.0.0 (Windows 10): Executed 726 of 1370[31m (216 FAILED)[39m (0 secs / 5.478 secs)
WARN: '
  It looks like you're using the disabled attribute with a reactive form directive. If you set disabled to true
  when you set up this control in your component class, the disabled attribute will actually be set in the DOM for
  you. We recommend using this approach to avoid 'changed after checked' errors.

  Example:
  // Specify the `disabled` property at control creation time:
  form = new FormGroup({
    first: new FormControl({value: 'Nancy', disabled: true}, Validators.required),
    last: new FormControl('Drew', Validators.required)
  });

  // Controls can also be enabled/disabled after creation:
  form.get('first')?.enable();
  form.get('last')?.disable();
'
[1A[2KChrome Headless 139.0.0.0 (Windows 10): Executed 727 of 1370[31m (216 FAILED)[39m (0 secs / 5.486 secs)
[1A[2KWARN: [36m'
  It looks like you're using the disabled attribute with a reactive form directive. If you set disabled to true
  when you set up this control in your component class, the disabled attribute will actually be set in the DOM for
  you. We recommend using this approach to avoid 'changed after checked' errors.

  Example:
  // Specify the `disabled` property at control creation time:
  form = new FormGroup({
    first: new FormControl({value: 'Nancy', disabled: true}, Validators.required),
    last: new FormControl('Drew', Validators.required)
  });

  // Controls can also be enabled/disabled after creation:
  form.get('first')?.enable();
  form.get('last')?.disable();
'[39m
Chrome Headless 139.0.0.0 (Windows 10): Executed 727 of 1370[31m (216 FAILED)[39m (0 secs / 5.486 secs)
WARN: '
  It looks like you're using the disabled attribute with a reactive form directive. If you set disabled to true
  when you set up this control in your component class, the disabled attribute will actually be set in the DOM for
  you. We recommend using this approach to avoid 'changed after checked' errors.

  Example:
  // Specify the `disabled` property at control creation time:
  form = new FormGroup({
    first: new FormControl({value: 'Nancy', disabled: true}, Validators.required),
    last: new FormControl('Drew', Validators.required)
  });

  // Controls can also be enabled/disabled after creation:
  form.get('first')?.enable();
  form.get('last')?.disable();
'
[1A[2KChrome Headless 139.0.0.0 (Windows 10): Executed 728 of 1370[31m (216 FAILED)[39m (0 secs / 5.491 secs)
[1A[2KWARN: [36m'
  It looks like you're using the disabled attribute with a reactive form directive. If you set disabled to true
  when you set up this control in your component class, the disabled attribute will actually be set in the DOM for
  you. We recommend using this approach to avoid 'changed after checked' errors.

  Example:
  // Specify the `disabled` property at control creation time:
  form = new FormGroup({
    first: new FormControl({value: 'Nancy', disabled: true}, Validators.required),
    last: new FormControl('Drew', Validators.required)
  });

  // Controls can also be enabled/disabled after creation:
  form.get('first')?.enable();
  form.get('last')?.disable();
'[39m
Chrome Headless 139.0.0.0 (Windows 10): Executed 728 of 1370[31m (216 FAILED)[39m (0 secs / 5.491 secs)
WARN: '
  It looks like you're using the disabled attribute with a reactive form directive. If you set disabled to true
  when you set up this control in your component class, the disabled attribute will actually be set in the DOM for
  you. We recommend using this approach to avoid 'changed after checked' errors.

  Example:
  // Specify the `disabled` property at control creation time:
  form = new FormGroup({
    first: new FormControl({value: 'Nancy', disabled: true}, Validators.required),
    last: new FormControl('Drew', Validators.required)
  });

  // Controls can also be enabled/disabled after creation:
  form.get('first')?.enable();
  form.get('last')?.disable();
'
[1A[2KChrome Headless 139.0.0.0 (Windows 10): Executed 729 of 1370[31m (216 FAILED)[39m (0 secs / 5.496 secs)
[1A[2KWARN: [36m'
  It looks like you're using the disabled attribute with a reactive form directive. If you set disabled to true
  when you set up this control in your component class, the disabled attribute will actually be set in the DOM for
  you. We recommend using this approach to avoid 'changed after checked' errors.

  Example:
  // Specify the `disabled` property at control creation time:
  form = new FormGroup({
    first: new FormControl({value: 'Nancy', disabled: true}, Validators.required),
    last: new FormControl('Drew', Validators.required)
  });

  // Controls can also be enabled/disabled after creation:
  form.get('first')?.enable();
  form.get('last')?.disable();
'[39m
Chrome Headless 139.0.0.0 (Windows 10): Executed 729 of 1370[31m (216 FAILED)[39m (0 secs / 5.496 secs)
WARN: '
  It looks like you're using the disabled attribute with a reactive form directive. If you set disabled to true
  when you set up this control in your component class, the disabled attribute will actually be set in the DOM for
  you. We recommend using this approach to avoid 'changed after checked' errors.

  Example:
  // Specify the `disabled` property at control creation time:
  form = new FormGroup({
    first: new FormControl({value: 'Nancy', disabled: true}, Validators.required),
    last: new FormControl('Drew', Validators.required)
  });

  // Controls can also be enabled/disabled after creation:
  form.get('first')?.enable();
  form.get('last')?.disable();
'
[1A[2KChrome Headless 139.0.0.0 (Windows 10): Executed 730 of 1370[31m (216 FAILED)[39m (0 secs / 5.501 secs)
[1A[2KWARN: [36m'
  It looks like you're using the disabled attribute with a reactive form directive. If you set disabled to true
  when you set up this control in your component class, the disabled attribute will actually be set in the DOM for
  you. We recommend using this approach to avoid 'changed after checked' errors.

  Example:
  // Specify the `disabled` property at control creation time:
  form = new FormGroup({
    first: new FormControl({value: 'Nancy', disabled: true}, Validators.required),
    last: new FormControl('Drew', Validators.required)
  });

  // Controls can also be enabled/disabled after creation:
  form.get('first')?.enable();
  form.get('last')?.disable();
'[39m
Chrome Headless 139.0.0.0 (Windows 10): Executed 730 of 1370[31m (216 FAILED)[39m (0 secs / 5.501 secs)
WARN: '
  It looks like you're using the disabled attribute with a reactive form directive. If you set disabled to true
  when you set up this control in your component class, the disabled attribute will actually be set in the DOM for
  you. We recommend using this approach to avoid 'changed after checked' errors.

  Example:
  // Specify the `disabled` property at control creation time:
  form = new FormGroup({
    first: new FormControl({value: 'Nancy', disabled: true}, Validators.required),
    last: new FormControl('Drew', Validators.required)
  });

  // Controls can also be enabled/disabled after creation:
  form.get('first')?.enable();
  form.get('last')?.disable();
'
[1A[2KChrome Headless 139.0.0.0 (Windows 10): Executed 731 of 1370[31m (216 FAILED)[39m (0 secs / 5.507 secs)
[1A[2KWARN: [36m'
  It looks like you're using the disabled attribute with a reactive form directive. If you set disabled to true
  when you set up this control in your component class, the disabled attribute will actually be set in the DOM for
  you. We recommend using this approach to avoid 'changed after checked' errors.

  Example:
  // Specify the `disabled` property at control creation time:
  form = new FormGroup({
    first: new FormControl({value: 'Nancy', disabled: true}, Validators.required),
    last: new FormControl('Drew', Validators.required)
  });

  // Controls can also be enabled/disabled after creation:
  form.get('first')?.enable();
  form.get('last')?.disable();
'[39m
Chrome Headless 139.0.0.0 (Windows 10): Executed 731 of 1370[31m (216 FAILED)[39m (0 secs / 5.507 secs)
WARN: '
  It looks like you're using the disabled attribute with a reactive form directive. If you set disabled to true
  when you set up this control in your component class, the disabled attribute will actually be set in the DOM for
  you. We recommend using this approach to avoid 'changed after checked' errors.

  Example:
  // Specify the `disabled` property at control creation time:
  form = new FormGroup({
    first: new FormControl({value: 'Nancy', disabled: true}, Validators.required),
    last: new FormControl('Drew', Validators.required)
  });

  // Controls can also be enabled/disabled after creation:
  form.get('first')?.enable();
  form.get('last')?.disable();
'
[1A[2KChrome Headless 139.0.0.0 (Windows 10): Executed 732 of 1370[31m (216 FAILED)[39m (0 secs / 5.513 secs)
[1A[2KWARN: [36m'
  It looks like you're using the disabled attribute with a reactive form directive. If you set disabled to true
  when you set up this control in your component class, the disabled attribute will actually be set in the DOM for
  you. We recommend using this approach to avoid 'changed after checked' errors.

  Example:
  // Specify the `disabled` property at control creation time:
  form = new FormGroup({
    first: new FormControl({value: 'Nancy', disabled: true}, Validators.required),
    last: new FormControl('Drew', Validators.required)
  });

  // Controls can also be enabled/disabled after creation:
  form.get('first')?.enable();
  form.get('last')?.disable();
'[39m
Chrome Headless 139.0.0.0 (Windows 10): Executed 732 of 1370[31m (216 FAILED)[39m (0 secs / 5.513 secs)
WARN: '
  It looks like you're using the disabled attribute with a reactive form directive. If you set disabled to true
  when you set up this control in your component class, the disabled attribute will actually be set in the DOM for
  you. We recommend using this approach to avoid 'changed after checked' errors.

  Example:
  // Specify the `disabled` property at control creation time:
  form = new FormGroup({
    first: new FormControl({value: 'Nancy', disabled: true}, Validators.required),
    last: new FormControl('Drew', Validators.required)
  });

  // Controls can also be enabled/disabled after creation:
  form.get('first')?.enable();
  form.get('last')?.disable();
'
[1A[2KChrome Headless 139.0.0.0 (Windows 10): Executed 733 of 1370[31m (216 FAILED)[39m (0 secs / 5.518 secs)
[1A[2KWARN: [36m'
  It looks like you're using the disabled attribute with a reactive form directive. If you set disabled to true
  when you set up this control in your component class, the disabled attribute will actually be set in the DOM for
  you. We recommend using this approach to avoid 'changed after checked' errors.

  Example:
  // Specify the `disabled` property at control creation time:
  form = new FormGroup({
    first: new FormControl({value: 'Nancy', disabled: true}, Validators.required),
    last: new FormControl('Drew', Validators.required)
  });

  // Controls can also be enabled/disabled after creation:
  form.get('first')?.enable();
  form.get('last')?.disable();
'[39m
Chrome Headless 139.0.0.0 (Windows 10): Executed 733 of 1370[31m (216 FAILED)[39m (0 secs / 5.518 secs)
WARN: '
  It looks like you're using the disabled attribute with a reactive form directive. If you set disabled to true
  when you set up this control in your component class, the disabled attribute will actually be set in the DOM for
  you. We recommend using this approach to avoid 'changed after checked' errors.

  Example:
  // Specify the `disabled` property at control creation time:
  form = new FormGroup({
    first: new FormControl({value: 'Nancy', disabled: true}, Validators.required),
    last: new FormControl('Drew', Validators.required)
  });

  // Controls can also be enabled/disabled after creation:
  form.get('first')?.enable();
  form.get('last')?.disable();
'
[1A[2KChrome Headless 139.0.0.0 (Windows 10): Executed 734 of 1370[31m (216 FAILED)[39m (0 secs / 5.524 secs)
[1A[2KWARN: [36m'
  It looks like you're using the disabled attribute with a reactive form directive. If you set disabled to true
  when you set up this control in your component class, the disabled attribute will actually be set in the DOM for
  you. We recommend using this approach to avoid 'changed after checked' errors.

  Example:
  // Specify the `disabled` property at control creation time:
  form = new FormGroup({
    first: new FormControl({value: 'Nancy', disabled: true}, Validators.required),
    last: new FormControl('Drew', Validators.required)
  });

  // Controls can also be enabled/disabled after creation:
  form.get('first')?.enable();
  form.get('last')?.disable();
'[39m
Chrome Headless 139.0.0.0 (Windows 10): Executed 734 of 1370[31m (216 FAILED)[39m (0 secs / 5.524 secs)
WARN: '
  It looks like you're using the disabled attribute with a reactive form directive. If you set disabled to true
  when you set up this control in your component class, the disabled attribute will actually be set in the DOM for
  you. We recommend using this approach to avoid 'changed after checked' errors.

  Example:
  // Specify the `disabled` property at control creation time:
  form = new FormGroup({
    first: new FormControl({value: 'Nancy', disabled: true}, Validators.required),
    last: new FormControl('Drew', Validators.required)
  });

  // Controls can also be enabled/disabled after creation:
  form.get('first')?.enable();
  form.get('last')?.disable();
'
[1A[2KChrome Headless 139.0.0.0 (Windows 10): Executed 735 of 1370[31m (216 FAILED)[39m (0 secs / 5.53 secs)
[1A[2KWARN: [36m'
  It looks like you're using the disabled attribute with a reactive form directive. If you set disabled to true
  when you set up this control in your component class, the disabled attribute will actually be set in the DOM for
  you. We recommend using this approach to avoid 'changed after checked' errors.

  Example:
  // Specify the `disabled` property at control creation time:
  form = new FormGroup({
    first: new FormControl({value: 'Nancy', disabled: true}, Validators.required),
    last: new FormControl('Drew', Validators.required)
  });

  // Controls can also be enabled/disabled after creation:
  form.get('first')?.enable();
  form.get('last')?.disable();
'[39m
Chrome Headless 139.0.0.0 (Windows 10): Executed 735 of 1370[31m (216 FAILED)[39m (0 secs / 5.53 secs)
WARN: '
  It looks like you're using the disabled attribute with a reactive form directive. If you set disabled to true
  when you set up this control in your component class, the disabled attribute will actually be set in the DOM for
  you. We recommend using this approach to avoid 'changed after checked' errors.

  Example:
  // Specify the `disabled` property at control creation time:
  form = new FormGroup({
    first: new FormControl({value: 'Nancy', disabled: true}, Validators.required),
    last: new FormControl('Drew', Validators.required)
  });

  // Controls can also be enabled/disabled after creation:
  form.get('first')?.enable();
  form.get('last')?.disable();
'
[1A[2KChrome Headless 139.0.0.0 (Windows 10): Executed 736 of 1370[31m (216 FAILED)[39m (0 secs / 5.535 secs)
[1A[2KWARN: [36m'
  It looks like you're using the disabled attribute with a reactive form directive. If you set disabled to true
  when you set up this control in your component class, the disabled attribute will actually be set in the DOM for
  you. We recommend using this approach to avoid 'changed after checked' errors.

  Example:
  // Specify the `disabled` property at control creation time:
  form = new FormGroup({
    first: new FormControl({value: 'Nancy', disabled: true}, Validators.required),
    last: new FormControl('Drew', Validators.required)
  });

  // Controls can also be enabled/disabled after creation:
  form.get('first')?.enable();
  form.get('last')?.disable();
'[39m
Chrome Headless 139.0.0.0 (Windows 10): Executed 736 of 1370[31m (216 FAILED)[39m (0 secs / 5.535 secs)
WARN: '
  It looks like you're using the disabled attribute with a reactive form directive. If you set disabled to true
  when you set up this control in your component class, the disabled attribute will actually be set in the DOM for
  you. We recommend using this approach to avoid 'changed after checked' errors.

  Example:
  // Specify the `disabled` property at control creation time:
  form = new FormGroup({
    first: new FormControl({value: 'Nancy', disabled: true}, Validators.required),
    last: new FormControl('Drew', Validators.required)
  });

  // Controls can also be enabled/disabled after creation:
  form.get('first')?.enable();
  form.get('last')?.disable();
'
[1A[2KChrome Headless 139.0.0.0 (Windows 10): Executed 737 of 1370[31m (216 FAILED)[39m (0 secs / 5.542 secs)
[1A[2KWARN: [36m'
  It looks like you're using the disabled attribute with a reactive form directive. If you set disabled to true
  when you set up this control in your component class, the disabled attribute will actually be set in the DOM for
  you. We recommend using this approach to avoid 'changed after checked' errors.

  Example:
  // Specify the `disabled` property at control creation time:
  form = new FormGroup({
    first: new FormControl({value: 'Nancy', disabled: true}, Validators.required),
    last: new FormControl('Drew', Validators.required)
  });

  // Controls can also be enabled/disabled after creation:
  form.get('first')?.enable();
  form.get('last')?.disable();
'[39m
Chrome Headless 139.0.0.0 (Windows 10): Executed 737 of 1370[31m (216 FAILED)[39m (0 secs / 5.542 secs)
WARN: '
  It looks like you're using the disabled attribute with a reactive form directive. If you set disabled to true
  when you set up this control in your component class, the disabled attribute will actually be set in the DOM for
  you. We recommend using this approach to avoid 'changed after checked' errors.

  Example:
  // Specify the `disabled` property at control creation time:
  form = new FormGroup({
    first: new FormControl({value: 'Nancy', disabled: true}, Validators.required),
    last: new FormControl('Drew', Validators.required)
  });

  // Controls can also be enabled/disabled after creation:
  form.get('first')?.enable();
  form.get('last')?.disable();
'
[1A[2KChrome Headless 139.0.0.0 (Windows 10): Executed 738 of 1370[31m (216 FAILED)[39m (0 secs / 5.547 secs)
[1A[2KWARN: [36m'
  It looks like you're using the disabled attribute with a reactive form directive. If you set disabled to true
  when you set up this control in your component class, the disabled attribute will actually be set in the DOM for
  you. We recommend using this approach to avoid 'changed after checked' errors.

  Example:
  // Specify the `disabled` property at control creation time:
  form = new FormGroup({
    first: new FormControl({value: 'Nancy', disabled: true}, Validators.required),
    last: new FormControl('Drew', Validators.required)
  });

  // Controls can also be enabled/disabled after creation:
  form.get('first')?.enable();
  form.get('last')?.disable();
'[39m
Chrome Headless 139.0.0.0 (Windows 10): Executed 738 of 1370[31m (216 FAILED)[39m (0 secs / 5.547 secs)
WARN: '
  It looks like you're using the disabled attribute with a reactive form directive. If you set disabled to true
  when you set up this control in your component class, the disabled attribute will actually be set in the DOM for
  you. We recommend using this approach to avoid 'changed after checked' errors.

  Example:
  // Specify the `disabled` property at control creation time:
  form = new FormGroup({
    first: new FormControl({value: 'Nancy', disabled: true}, Validators.required),
    last: new FormControl('Drew', Validators.required)
  });

  // Controls can also be enabled/disabled after creation:
  form.get('first')?.enable();
  form.get('last')?.disable();
'
[1A[2KChrome Headless 139.0.0.0 (Windows 10): Executed 739 of 1370[31m (216 FAILED)[39m (0 secs / 5.554 secs)
[1A[2KWARN: [36m'
  It looks like you're using the disabled attribute with a reactive form directive. If you set disabled to true
  when you set up this control in your component class, the disabled attribute will actually be set in the DOM for
  you. We recommend using this approach to avoid 'changed after checked' errors.

  Example:
  // Specify the `disabled` property at control creation time:
  form = new FormGroup({
    first: new FormControl({value: 'Nancy', disabled: true}, Validators.required),
    last: new FormControl('Drew', Validators.required)
  });

  // Controls can also be enabled/disabled after creation:
  form.get('first')?.enable();
  form.get('last')?.disable();
'[39m
Chrome Headless 139.0.0.0 (Windows 10): Executed 739 of 1370[31m (216 FAILED)[39m (0 secs / 5.554 secs)
WARN: '
  It looks like you're using the disabled attribute with a reactive form directive. If you set disabled to true
  when you set up this control in your component class, the disabled attribute will actually be set in the DOM for
  you. We recommend using this approach to avoid 'changed after checked' errors.

  Example:
  // Specify the `disabled` property at control creation time:
  form = new FormGroup({
    first: new FormControl({value: 'Nancy', disabled: true}, Validators.required),
    last: new FormControl('Drew', Validators.required)
  });

  // Controls can also be enabled/disabled after creation:
  form.get('first')?.enable();
  form.get('last')?.disable();
'
[1A[2KChrome Headless 139.0.0.0 (Windows 10): Executed 740 of 1370[31m (216 FAILED)[39m (0 secs / 5.578 secs)
[1A[2KWARN: [36m'
  It looks like you're using the disabled attribute with a reactive form directive. If you set disabled to true
  when you set up this control in your component class, the disabled attribute will actually be set in the DOM for
  you. We recommend using this approach to avoid 'changed after checked' errors.

  Example:
  // Specify the `disabled` property at control creation time:
  form = new FormGroup({
    first: new FormControl({value: 'Nancy', disabled: true}, Validators.required),
    last: new FormControl('Drew', Validators.required)
  });

  // Controls can also be enabled/disabled after creation:
  form.get('first')?.enable();
  form.get('last')?.disable();
'[39m
Chrome Headless 139.0.0.0 (Windows 10): Executed 740 of 1370[31m (216 FAILED)[39m (0 secs / 5.578 secs)
WARN: '
  It looks like you're using the disabled attribute with a reactive form directive. If you set disabled to true
  when you set up this control in your component class, the disabled attribute will actually be set in the DOM for
  you. We recommend using this approach to avoid 'changed after checked' errors.

  Example:
  // Specify the `disabled` property at control creation time:
  form = new FormGroup({
    first: new FormControl({value: 'Nancy', disabled: true}, Validators.required),
    last: new FormControl('Drew', Validators.required)
  });

  // Controls can also be enabled/disabled after creation:
  form.get('first')?.enable();
  form.get('last')?.disable();
'
[1A[2KChrome Headless 139.0.0.0 (Windows 10): Executed 741 of 1370[31m (216 FAILED)[39m (0 secs / 5.584 secs)
[1A[2KWARN: [36m'
  It looks like you're using the disabled attribute with a reactive form directive. If you set disabled to true
  when you set up this control in your component class, the disabled attribute will actually be set in the DOM for
  you. We recommend using this approach to avoid 'changed after checked' errors.

  Example:
  // Specify the `disabled` property at control creation time:
  form = new FormGroup({
    first: new FormControl({value: 'Nancy', disabled: true}, Validators.required),
    last: new FormControl('Drew', Validators.required)
  });

  // Controls can also be enabled/disabled after creation:
  form.get('first')?.enable();
  form.get('last')?.disable();
'[39m
Chrome Headless 139.0.0.0 (Windows 10): Executed 741 of 1370[31m (216 FAILED)[39m (0 secs / 5.584 secs)
WARN: '
  It looks like you're using the disabled attribute with a reactive form directive. If you set disabled to true
  when you set up this control in your component class, the disabled attribute will actually be set in the DOM for
  you. We recommend using this approach to avoid 'changed after checked' errors.

  Example:
  // Specify the `disabled` property at control creation time:
  form = new FormGroup({
    first: new FormControl({value: 'Nancy', disabled: true}, Validators.required),
    last: new FormControl('Drew', Validators.required)
  });

  // Controls can also be enabled/disabled after creation:
  form.get('first')?.enable();
  form.get('last')?.disable();
'
[1A[2KChrome Headless 139.0.0.0 (Windows 10): Executed 742 of 1370[31m (216 FAILED)[39m (0 secs / 5.59 secs)
[1A[2KWARN: [36m'
  It looks like you're using the disabled attribute with a reactive form directive. If you set disabled to true
  when you set up this control in your component class, the disabled attribute will actually be set in the DOM for
  you. We recommend using this approach to avoid 'changed after checked' errors.

  Example:
  // Specify the `disabled` property at control creation time:
  form = new FormGroup({
    first: new FormControl({value: 'Nancy', disabled: true}, Validators.required),
    last: new FormControl('Drew', Validators.required)
  });

  // Controls can also be enabled/disabled after creation:
  form.get('first')?.enable();
  form.get('last')?.disable();
'[39m
Chrome Headless 139.0.0.0 (Windows 10): Executed 742 of 1370[31m (216 FAILED)[39m (0 secs / 5.59 secs)
WARN: '
  It looks like you're using the disabled attribute with a reactive form directive. If you set disabled to true
  when you set up this control in your component class, the disabled attribute will actually be set in the DOM for
  you. We recommend using this approach to avoid 'changed after checked' errors.

  Example:
  // Specify the `disabled` property at control creation time:
  form = new FormGroup({
    first: new FormControl({value: 'Nancy', disabled: true}, Validators.required),
    last: new FormControl('Drew', Validators.required)
  });

  // Controls can also be enabled/disabled after creation:
  form.get('first')?.enable();
  form.get('last')?.disable();
'
[1A[2KChrome Headless 139.0.0.0 (Windows 10): Executed 743 of 1370[31m (216 FAILED)[39m (0 secs / 5.596 secs)
[1A[2KWARN: [36m'
  It looks like you're using the disabled attribute with a reactive form directive. If you set disabled to true
  when you set up this control in your component class, the disabled attribute will actually be set in the DOM for
  you. We recommend using this approach to avoid 'changed after checked' errors.

  Example:
  // Specify the `disabled` property at control creation time:
  form = new FormGroup({
    first: new FormControl({value: 'Nancy', disabled: true}, Validators.required),
    last: new FormControl('Drew', Validators.required)
  });

  // Controls can also be enabled/disabled after creation:
  form.get('first')?.enable();
  form.get('last')?.disable();
'[39m
Chrome Headless 139.0.0.0 (Windows 10): Executed 743 of 1370[31m (216 FAILED)[39m (0 secs / 5.596 secs)
WARN: '
  It looks like you're using the disabled attribute with a reactive form directive. If you set disabled to true
  when you set up this control in your component class, the disabled attribute will actually be set in the DOM for
  you. We recommend using this approach to avoid 'changed after checked' errors.

  Example:
  // Specify the `disabled` property at control creation time:
  form = new FormGroup({
    first: new FormControl({value: 'Nancy', disabled: true}, Validators.required),
    last: new FormControl('Drew', Validators.required)
  });

  // Controls can also be enabled/disabled after creation:
  form.get('first')?.enable();
  form.get('last')?.disable();
'
[1A[2KChrome Headless 139.0.0.0 (Windows 10): Executed 744 of 1370[31m (216 FAILED)[39m (0 secs / 5.601 secs)
[1A[2KWARN: [36m'
  It looks like you're using the disabled attribute with a reactive form directive. If you set disabled to true
  when you set up this control in your component class, the disabled attribute will actually be set in the DOM for
  you. We recommend using this approach to avoid 'changed after checked' errors.

  Example:
  // Specify the `disabled` property at control creation time:
  form = new FormGroup({
    first: new FormControl({value: 'Nancy', disabled: true}, Validators.required),
    last: new FormControl('Drew', Validators.required)
  });

  // Controls can also be enabled/disabled after creation:
  form.get('first')?.enable();
  form.get('last')?.disable();
'[39m
Chrome Headless 139.0.0.0 (Windows 10): Executed 744 of 1370[31m (216 FAILED)[39m (0 secs / 5.601 secs)
WARN: '
  It looks like you're using the disabled attribute with a reactive form directive. If you set disabled to true
  when you set up this control in your component class, the disabled attribute will actually be set in the DOM for
  you. We recommend using this approach to avoid 'changed after checked' errors.

  Example:
  // Specify the `disabled` property at control creation time:
  form = new FormGroup({
    first: new FormControl({value: 'Nancy', disabled: true}, Validators.required),
    last: new FormControl('Drew', Validators.required)
  });

  // Controls can also be enabled/disabled after creation:
  form.get('first')?.enable();
  form.get('last')?.disable();
'
[1A[2KChrome Headless 139.0.0.0 (Windows 10): Executed 745 of 1370[31m (216 FAILED)[39m (0 secs / 5.607 secs)
[1A[2KWARN: [36m'
  It looks like you're using the disabled attribute with a reactive form directive. If you set disabled to true
  when you set up this control in your component class, the disabled attribute will actually be set in the DOM for
  you. We recommend using this approach to avoid 'changed after checked' errors.

  Example:
  // Specify the `disabled` property at control creation time:
  form = new FormGroup({
    first: new FormControl({value: 'Nancy', disabled: true}, Validators.required),
    last: new FormControl('Drew', Validators.required)
  });

  // Controls can also be enabled/disabled after creation:
  form.get('first')?.enable();
  form.get('last')?.disable();
'[39m
Chrome Headless 139.0.0.0 (Windows 10): Executed 745 of 1370[31m (216 FAILED)[39m (0 secs / 5.607 secs)
WARN: '
  It looks like you're using the disabled attribute with a reactive form directive. If you set disabled to true
  when you set up this control in your component class, the disabled attribute will actually be set in the DOM for
  you. We recommend using this approach to avoid 'changed after checked' errors.

  Example:
  // Specify the `disabled` property at control creation time:
  form = new FormGroup({
    first: new FormControl({value: 'Nancy', disabled: true}, Validators.required),
    last: new FormControl('Drew', Validators.required)
  });

  // Controls can also be enabled/disabled after creation:
  form.get('first')?.enable();
  form.get('last')?.disable();
'
[1A[2KChrome Headless 139.0.0.0 (Windows 10): Executed 746 of 1370[31m (216 FAILED)[39m (0 secs / 5.613 secs)
[1A[2KChrome Headless 139.0.0.0 (Windows 10): Executed 747 of 1370[31m (216 FAILED)[39m (0 secs / 5.627 secs)
[1A[2KChrome Headless 139.0.0.0 (Windows 10): Executed 748 of 1370[31m (216 FAILED)[39m (0 secs / 5.631 secs)
[1A[2KChrome Headless 139.0.0.0 (Windows 10): Executed 749 of 1370[31m (216 FAILED)[39m (0 secs / 5.635 secs)
[1A[2K[31mChrome Headless 139.0.0.0 (Windows 10) LoggerDemoComponent should be a standalone component FAILED[39m
	Expected 'LoggerDemoComponent2' to be 'LoggerDemoComponent'.
	    at <Jasmine>
	    at UserContext.<anonymous> (spec-logger-demo.component.spec.js:573:60)
	    at _ZoneDelegate.invoke (node_modules/zone.js/fesm2015/zone.js:398:28)
	    at _ProxyZoneSpec.onInvoke (node_modules/zone.js/fesm2015/zone-testing.js:2132:39)
	    at _ZoneDelegate.invoke (node_modules/zone.js/fesm2015/zone.js:397:34)
Chrome Headless 139.0.0.0 (Windows 10): Executed 750 of 1370[31m (217 FAILED)[39m (0 secs / 5.639 secs)
[1A[2KChrome Headless 139.0.0.0 (Windows 10): Executed 751 of 1370[31m (217 FAILED)[39m (0 secs / 5.643 secs)
[1A[2KChrome Headless 139.0.0.0 (Windows 10): Executed 752 of 1370[31m (217 FAILED)[39m (0 secs / 5.646 secs)
[1A[2KChrome Headless 139.0.0.0 (Windows 10): Executed 753 of 1370[31m (217 FAILED)[39m (0 secs / 5.649 secs)
[1A[2KChrome Headless 139.0.0.0 (Windows 10): Executed 754 of 1370[31m (217 FAILED)[39m (0 secs / 5.652 secs)
[1A[2KChrome Headless 139.0.0.0 (Windows 10): Executed 755 of 1370[31m (217 FAILED)[39m (0 secs / 5.656 secs)
[1A[2KChrome Headless 139.0.0.0 (Windows 10): Executed 756 of 1370[31m (217 FAILED)[39m (0 secs / 5.659 secs)
[1A[2KChrome Headless 139.0.0.0 (Windows 10): Executed 757 of 1370[31m (217 FAILED)[39m (0 secs / 5.663 secs)
[1A[2KChrome Headless 139.0.0.0 (Windows 10): Executed 758 of 1370[31m (217 FAILED)[39m (0 secs / 5.667 secs)
[1A[2KChrome Headless 139.0.0.0 (Windows 10): Executed 759 of 1370[31m (217 FAILED)[39m (0 secs / 5.67 secs)
[1A[2KChrome Headless 139.0.0.0 (Windows 10): Executed 760 of 1370[31m (217 FAILED)[39m (0 secs / 5.674 secs)
[1A[2KChrome Headless 139.0.0.0 (Windows 10): Executed 761 of 1370[31m (217 FAILED)[39m (0 secs / 5.677 secs)
[1A[2KChrome Headless 139.0.0.0 (Windows 10): Executed 762 of 1370[31m (217 FAILED)[39m (0 secs / 5.681 secs)
[1A[2KChrome Headless 139.0.0.0 (Windows 10): Executed 763 of 1370[31m (217 FAILED)[39m (0 secs / 5.684 secs)
[1A[2KChrome Headless 139.0.0.0 (Windows 10): Executed 764 of 1370[31m (217 FAILED)[39m (0 secs / 5.688 secs)
[1A[2KChrome Headless 139.0.0.0 (Windows 10): Executed 765 of 1370[31m (217 FAILED)[39m (0 secs / 5.692 secs)
[1A[2KChrome Headless 139.0.0.0 (Windows 10): Executed 766 of 1370[31m (217 FAILED)[39m (0 secs / 5.696 secs)
[1A[2KChrome Headless 139.0.0.0 (Windows 10): Executed 767 of 1370[31m (217 FAILED)[39m (0 secs / 5.7 secs)
[1A[2KChrome Headless 139.0.0.0 (Windows 10): Executed 768 of 1370[31m (217 FAILED)[39m (0 secs / 5.704 secs)
[1A[2KChrome Headless 139.0.0.0 (Windows 10): Executed 769 of 1370[31m (217 FAILED)[39m (0 secs / 5.707 secs)
[1A[2KChrome Headless 139.0.0.0 (Windows 10): Executed 770 of 1370[31m (217 FAILED)[39m (0 secs / 5.71 secs)
[1A[2KChrome Headless 139.0.0.0 (Windows 10): Executed 771 of 1370[31m (217 FAILED)[39m (0 secs / 5.713 secs)
[1A[2KChrome Headless 139.0.0.0 (Windows 10): Executed 772 of 1370[31m (217 FAILED)[39m (0 secs / 5.717 secs)
[1A[2KChrome Headless 139.0.0.0 (Windows 10): Executed 773 of 1370[31m (217 FAILED)[39m (0 secs / 5.721 secs)
[1A[2KChrome Headless 139.0.0.0 (Windows 10): Executed 774 of 1370[31m (217 FAILED)[39m (0 secs / 5.724 secs)
[1A[2KChrome Headless 139.0.0.0 (Windows 10): Executed 775 of 1370[31m (217 FAILED)[39m (0 secs / 5.727 secs)
[1A[2KChrome Headless 139.0.0.0 (Windows 10): Executed 776 of 1370[31m (217 FAILED)[39m (0 secs / 5.734 secs)
[1A[2KChrome Headless 139.0.0.0 (Windows 10): Executed 777 of 1370[31m (217 FAILED)[39m (0 secs / 5.738 secs)
[1A[2K[31mChrome Headless 139.0.0.0 (Windows 10) AppointmentSlotComponent should have default input values FAILED[39m
	Error: NG0950: Input is required but no value is available yet. Find more at https://angular.dev/errors/NG0950
	error properties: Object({ code: -950 })
	    at AppointmentSlotComponent2.inputValueFn [as data] (node_modules/@angular/core/fesm2022/core.mjs:61:19)
	    at UserContext.<anonymous> (spec-appointment-slot.component.spec.js:87:22)
	    at _ZoneDelegate.invoke (node_modules/zone.js/fesm2015/zone.js:398:28)
	    at _ProxyZoneSpec.onInvoke (node_modules/zone.js/fesm2015/zone-testing.js:2132:39)
	    at _ZoneDelegate.invoke (node_modules/zone.js/fesm2015/zone.js:397:34)
	    at ZoneImpl.run (node_modules/zone.js/fesm2015/zone.js:113:43)
	    at runInTestZone (node_modules/zone.js/fesm2015/zone-testing.js:216:38)
	    at UserContext.<anonymous> (node_modules/zone.js/fesm2015/zone-testing.js:234:32)
	    at <Jasmine>
Chrome Headless 139.0.0.0 (Windows 10): Executed 778 of 1370[31m (218 FAILED)[39m (0 secs / 5.741 secs)
[1A[2KChrome Headless 139.0.0.0 (Windows 10): Executed 779 of 1370[31m (218 FAILED)[39m (0 secs / 5.743 secs)
[1A[2K[31mChrome Headless 139.0.0.0 (Windows 10) AppointmentSlotComponent should handle missing data gracefully FAILED[39m
	TypeError: component.data.set is not a function
	    at UserContext.<anonymous> (spec-appointment-slot.component.spec.js:101:20)
	    at _ZoneDelegate.invoke (node_modules/zone.js/fesm2015/zone.js:398:28)
	    at _ProxyZoneSpec.onInvoke (node_modules/zone.js/fesm2015/zone-testing.js:2132:39)
	    at _ZoneDelegate.invoke (node_modules/zone.js/fesm2015/zone.js:397:34)
	    at ZoneImpl.run (node_modules/zone.js/fesm2015/zone.js:113:43)
	    at runInTestZone (node_modules/zone.js/fesm2015/zone-testing.js:216:38)
	    at UserContext.<anonymous> (node_modules/zone.js/fesm2015/zone-testing.js:234:32)
	    at <Jasmine>
Chrome Headless 139.0.0.0 (Windows 10): Executed 780 of 1370[31m (219 FAILED)[39m (0 secs / 5.744 secs)
[1A[2K[31mChrome Headless 139.0.0.0 (Windows 10) AppointmentSlotComponent should format duration correctly FAILED[39m
	Expected '1h 30min' to be '1h 30m'.
	    at <Jasmine>
	    at UserContext.<anonymous> (spec-appointment-slot.component.spec.js:91:42)
	    at _ZoneDelegate.invoke (node_modules/zone.js/fesm2015/zone.js:398:28)
	    at _ProxyZoneSpec.onInvoke (node_modules/zone.js/fesm2015/zone-testing.js:2132:39)
	    at _ZoneDelegate.invoke (node_modules/zone.js/fesm2015/zone.js:397:34)
	Expected '30 min' to be '30m'.
	    at <Jasmine>
	    at UserContext.<anonymous> (spec-appointment-slot.component.spec.js:92:42)
	    at _ZoneDelegate.invoke (node_modules/zone.js/fesm2015/zone.js:398:28)
	    at _ProxyZoneSpec.onInvoke (node_modules/zone.js/fesm2015/zone-testing.js:2132:39)
	    at _ZoneDelegate.invoke (node_modules/zone.js/fesm2015/zone.js:397:34)
Chrome Headless 139.0.0.0 (Windows 10): Executed 781 of 1370[31m (220 FAILED)[39m (0 secs / 5.745 secs)
[1A[2K[31mChrome Headless 139.0.0.0 (Windows 10) AppointmentSlotComponent should have computed position FAILED[39m
	TypeError: component.data.set is not a function
	    at UserContext.<anonymous> (spec-appointment-slot.component.spec.js:95:20)
	    at _ZoneDelegate.invoke (node_modules/zone.js/fesm2015/zone.js:398:28)
	    at _ProxyZoneSpec.onInvoke (node_modules/zone.js/fesm2015/zone-testing.js:2132:39)
	    at _ZoneDelegate.invoke (node_modules/zone.js/fesm2015/zone.js:397:34)
	    at ZoneImpl.run (node_modules/zone.js/fesm2015/zone.js:113:43)
	    at runInTestZone (node_modules/zone.js/fesm2015/zone-testing.js:216:38)
	    at UserContext.<anonymous> (node_modules/zone.js/fesm2015/zone-testing.js:234:32)
	    at <Jasmine>
Chrome Headless 139.0.0.0 (Windows 10): Executed 782 of 1370[31m (221 FAILED)[39m (0 secs / 5.746 secs)
[1A[2KChrome Headless 139.0.0.0 (Windows 10): Executed 783 of 1370[31m (221 FAILED)[39m (0 secs / 5.748 secs)
[1A[2KChrome Headless 139.0.0.0 (Windows 10): Executed 784 of 1370[31m (221 FAILED)[39m (0 secs / 5.75 secs)
[1A[2KChrome Headless 139.0.0.0 (Windows 10): Executed 785 of 1370[31m (221 FAILED)[39m (0 secs / 5.751 secs)
[1A[2KChrome Headless 139.0.0.0 (Windows 10): Executed 786 of 1370[31m (221 FAILED)[39m (0 secs / 5.752 secs)
[1A[2K[31mChrome Headless 139.0.0.0 (Windows 10) ActionsButtonsComponent Actions Service Integration should handle service errors gracefully FAILED[39m
	Expected function not to throw, but it threw Error: Service error.
	    at <Jasmine>
	    at UserContext.<anonymous> (src/app/shared/components/actions-buttons/actions-buttons.component.spec.ts:127:14)
	    at _ZoneDelegate.invoke (node_modules/zone.js/fesm2015/zone.js:398:28)
	    at _ProxyZoneSpec.onInvoke (node_modules/zone.js/fesm2015/zone-testing.js:2132:39)
	    at _ZoneDelegate.invoke (node_modules/zone.js/fesm2015/zone.js:397:34)
Chrome Headless 139.0.0.0 (Windows 10): Executed 787 of 1370[31m (222 FAILED)[39m (0 secs / 5.754 secs)
[1A[2KChrome Headless 139.0.0.0 (Windows 10): Executed 788 of 1370[31m (222 FAILED)[39m (0 secs / 5.755 secs)
[1A[2KChrome Headless 139.0.0.0 (Windows 10): Executed 789 of 1370[31m (222 FAILED)[39m (0 secs / 5.756 secs)
[1A[2KChrome Headless 139.0.0.0 (Windows 10): Executed 790 of 1370[31m (222 FAILED)[39m (0 secs / 5.758 secs)
[1A[2KChrome Headless 139.0.0.0 (Windows 10): Executed 791 of 1370[31m (222 FAILED)[39m (0 secs / 5.76 secs)
[1A[2KChrome Headless 139.0.0.0 (Windows 10): Executed 792 of 1370[31m (222 FAILED)[39m (0 secs / 5.761 secs)
[1A[2KChrome Headless 139.0.0.0 (Windows 10): Executed 793 of 1370[31m (222 FAILED)[39m (0 secs / 5.762 secs)
[1A[2KChrome Headless 139.0.0.0 (Windows 10): Executed 794 of 1370[31m (222 FAILED)[39m (0 secs / 5.764 secs)
[1A[2K[31mChrome Headless 139.0.0.0 (Windows 10) ActionsButtonsComponent Template Rendering should render action icon FAILED[39m
	Expected null to be truthy.
	    at <Jasmine>
	    at UserContext.<anonymous> (src/app/shared/components/actions-buttons/actions-buttons.component.spec.ts:242:20)
	    at _ZoneDelegate.invoke (node_modules/zone.js/fesm2015/zone.js:398:28)
	    at _ProxyZoneSpec.onInvoke (node_modules/zone.js/fesm2015/zone-testing.js:2132:39)
	    at _ZoneDelegate.invoke (node_modules/zone.js/fesm2015/zone.js:397:34)
Chrome Headless 139.0.0.0 (Windows 10): Executed 795 of 1370[31m (223 FAILED)[39m (0 secs / 5.766 secs)
[1A[2KChrome Headless 139.0.0.0 (Windows 10): Executed 796 of 1370[31m (223 FAILED)[39m (0 secs / 5.768 secs)
[1A[2KChrome Headless 139.0.0.0 (Windows 10): Executed 797 of 1370[31m (223 FAILED)[39m (0 secs / 5.77 secs)
[1A[2KChrome Headless 139.0.0.0 (Windows 10): Executed 798 of 1370[31m (223 FAILED)[39m (0 secs / 5.772 secs)
[1A[2KChrome Headless 139.0.0.0 (Windows 10): Executed 799 of 1370[31m (223 FAILED)[39m (0 secs / 5.773 secs)
[1A[2KChrome Headless 139.0.0.0 (Windows 10): Executed 800 of 1370[31m (223 FAILED)[39m (0 secs / 5.774 secs)
[1A[2KChrome Headless 139.0.0.0 (Windows 10): Executed 801 of 1370[31m (223 FAILED)[39m (0 secs / 5.775 secs)
[1A[2KChrome Headless 139.0.0.0 (Windows 10): Executed 802 of 1370[31m (223 FAILED)[39m (0 secs / 5.775 secs)
[1A[2KChrome Headless 139.0.0.0 (Windows 10): Executed 803 of 1370[31m (223 FAILED)[39m (0 secs / 5.778 secs)
[1A[2KChrome Headless 139.0.0.0 (Windows 10): Executed 804 of 1370[31m (223 FAILED)[39m (0 secs / 5.78 secs)
[1A[2KChrome Headless 139.0.0.0 (Windows 10): Executed 805 of 1370[31m (223 FAILED)[39m (0 secs / 5.782 secs)
[1A[2KChrome Headless 139.0.0.0 (Windows 10): Executed 806 of 1370[31m (223 FAILED)[39m (0 secs / 5.784 secs)
[1A[2KWARN: [36m'
  It looks like you're using the disabled attribute with a reactive form directive. If you set disabled to true
  when you set up this control in your component class, the disabled attribute will actually be set in the DOM for
  you. We recommend using this approach to avoid 'changed after checked' errors.

  Example:
  // Specify the `disabled` property at control creation time:
  form = new FormGroup({
    first: new FormControl({value: 'Nancy', disabled: true}, Validators.required),
    last: new FormControl('Drew', Validators.required)
  });

  // Controls can also be enabled/disabled after creation:
  form.get('first')?.enable();
  form.get('last')?.disable();
'[39m
Chrome Headless 139.0.0.0 (Windows 10): Executed 806 of 1370[31m (223 FAILED)[39m (0 secs / 5.784 secs)
WARN: '
  It looks like you're using the disabled attribute with a reactive form directive. If you set disabled to true
  when you set up this control in your component class, the disabled attribute will actually be set in the DOM for
  you. We recommend using this approach to avoid 'changed after checked' errors.

  Example:
  // Specify the `disabled` property at control creation time:
  form = new FormGroup({
    first: new FormControl({value: 'Nancy', disabled: true}, Validators.required),
    last: new FormControl('Drew', Validators.required)
  });

  // Controls can also be enabled/disabled after creation:
  form.get('first')?.enable();
  form.get('last')?.disable();
'
[1A[2K[31mChrome Headless 139.0.0.0 (Windows 10) InputToggleSwitchComponent Component Mounting should generate unique ID for each instance FAILED[39m
	Expected null to be truthy.
	    at <Jasmine>
	    at UserContext.<anonymous> (spec-input-toggleswitch.component.spec.js:175:67)
	    at _ZoneDelegate.invoke (node_modules/zone.js/fesm2015/zone.js:398:28)
	    at _ProxyZoneSpec.onInvoke (node_modules/zone.js/fesm2015/zone-testing.js:2132:39)
	    at _ZoneDelegate.invoke (node_modules/zone.js/fesm2015/zone.js:397:34)
	Expected null to contain 'toggleswitch-'.
	    at <Jasmine>
	    at UserContext.<anonymous> (spec-input-toggleswitch.component.spec.js:176:67)
	    at _ZoneDelegate.invoke (node_modules/zone.js/fesm2015/zone.js:398:28)
	    at _ProxyZoneSpec.onInvoke (node_modules/zone.js/fesm2015/zone-testing.js:2132:39)
	    at _ZoneDelegate.invoke (node_modules/zone.js/fesm2015/zone.js:397:34)
	Expected 'toggleswitch-no0gmf5o4' to be null. Tip: To check for deep equality, use .toEqual() instead of .toBe().
	    at <Jasmine>
	    at UserContext.<anonymous> (spec-input-toggleswitch.component.spec.js:177:62)
	    at _ZoneDelegate.invoke (node_modules/zone.js/fesm2015/zone.js:398:28)
	    at _ProxyZoneSpec.onInvoke (node_modules/zone.js/fesm2015/zone-testing.js:2132:39)
	    at _ZoneDelegate.invoke (node_modules/zone.js/fesm2015/zone.js:397:34)
Chrome Headless 139.0.0.0 (Windows 10): Executed 807 of 1370[31m (224 FAILED)[39m (0 secs / 5.796 secs)
[1A[2KWARN: [36m'
  It looks like you're using the disabled attribute with a reactive form directive. If you set disabled to true
  when you set up this control in your component class, the disabled attribute will actually be set in the DOM for
  you. We recommend using this approach to avoid 'changed after checked' errors.

  Example:
  // Specify the `disabled` property at control creation time:
  form = new FormGroup({
    first: new FormControl({value: 'Nancy', disabled: true}, Validators.required),
    last: new FormControl('Drew', Validators.required)
  });

  // Controls can also be enabled/disabled after creation:
  form.get('first')?.enable();
  form.get('last')?.disable();
'[39m
Chrome Headless 139.0.0.0 (Windows 10): Executed 807 of 1370[31m (224 FAILED)[39m (0 secs / 5.796 secs)
WARN: '
  It looks like you're using the disabled attribute with a reactive form directive. If you set disabled to true
  when you set up this control in your component class, the disabled attribute will actually be set in the DOM for
  you. We recommend using this approach to avoid 'changed after checked' errors.

  Example:
  // Specify the `disabled` property at control creation time:
  form = new FormGroup({
    first: new FormControl({value: 'Nancy', disabled: true}, Validators.required),
    last: new FormControl('Drew', Validators.required)
  });

  // Controls can also be enabled/disabled after creation:
  form.get('first')?.enable();
  form.get('last')?.disable();
'
[1A[2KChrome Headless 139.0.0.0 (Windows 10): Executed 808 of 1370[31m (224 FAILED)[39m (0 secs / 5.8 secs)
[1A[2KWARN: [36m'
  It looks like you're using the disabled attribute with a reactive form directive. If you set disabled to true
  when you set up this control in your component class, the disabled attribute will actually be set in the DOM for
  you. We recommend using this approach to avoid 'changed after checked' errors.

  Example:
  // Specify the `disabled` property at control creation time:
  form = new FormGroup({
    first: new FormControl({value: 'Nancy', disabled: true}, Validators.required),
    last: new FormControl('Drew', Validators.required)
  });

  // Controls can also be enabled/disabled after creation:
  form.get('first')?.enable();
  form.get('last')?.disable();
'[39m
Chrome Headless 139.0.0.0 (Windows 10): Executed 808 of 1370[31m (224 FAILED)[39m (0 secs / 5.8 secs)
WARN: '
  It looks like you're using the disabled attribute with a reactive form directive. If you set disabled to true
  when you set up this control in your component class, the disabled attribute will actually be set in the DOM for
  you. We recommend using this approach to avoid 'changed after checked' errors.

  Example:
  // Specify the `disabled` property at control creation time:
  form = new FormGroup({
    first: new FormControl({value: 'Nancy', disabled: true}, Validators.required),
    last: new FormControl('Drew', Validators.required)
  });

  // Controls can also be enabled/disabled after creation:
  form.get('first')?.enable();
  form.get('last')?.disable();
'
[1A[2K[31mChrome Headless 139.0.0.0 (Windows 10) InputToggleSwitchComponent Component Mounting should render label when provided FAILED[39m
	Expected 'COMMON.FAVORITE' to be 'Favorit'.
	    at <Jasmine>
	    at UserContext.<anonymous> (spec-input-toggleswitch.component.spec.js:153:61)
	    at _ZoneDelegate.invoke (node_modules/zone.js/fesm2015/zone.js:398:28)
	    at _ProxyZoneSpec.onInvoke (node_modules/zone.js/fesm2015/zone-testing.js:2132:39)
	    at _ZoneDelegate.invoke (node_modules/zone.js/fesm2015/zone.js:397:34)
Chrome Headless 139.0.0.0 (Windows 10): Executed 809 of 1370[31m (225 FAILED)[39m (0 secs / 5.806 secs)
[1A[2KWARN: [36m'
  It looks like you're using the disabled attribute with a reactive form directive. If you set disabled to true
  when you set up this control in your component class, the disabled attribute will actually be set in the DOM for
  you. We recommend using this approach to avoid 'changed after checked' errors.

  Example:
  // Specify the `disabled` property at control creation time:
  form = new FormGroup({
    first: new FormControl({value: 'Nancy', disabled: true}, Validators.required),
    last: new FormControl('Drew', Validators.required)
  });

  // Controls can also be enabled/disabled after creation:
  form.get('first')?.enable();
  form.get('last')?.disable();
'[39m
Chrome Headless 139.0.0.0 (Windows 10): Executed 809 of 1370[31m (225 FAILED)[39m (0 secs / 5.806 secs)
WARN: '
  It looks like you're using the disabled attribute with a reactive form directive. If you set disabled to true
  when you set up this control in your component class, the disabled attribute will actually be set in the DOM for
  you. We recommend using this approach to avoid 'changed after checked' errors.

  Example:
  // Specify the `disabled` property at control creation time:
  form = new FormGroup({
    first: new FormControl({value: 'Nancy', disabled: true}, Validators.required),
    last: new FormControl('Drew', Validators.required)
  });

  // Controls can also be enabled/disabled after creation:
  form.get('first')?.enable();
  form.get('last')?.disable();
'
[1A[2KChrome Headless 139.0.0.0 (Windows 10): Executed 810 of 1370[31m (225 FAILED)[39m (0 secs / 5.81 secs)
[1A[2KWARN: [36m'
  It looks like you're using the disabled attribute with a reactive form directive. If you set disabled to true
  when you set up this control in your component class, the disabled attribute will actually be set in the DOM for
  you. We recommend using this approach to avoid 'changed after checked' errors.

  Example:
  // Specify the `disabled` property at control creation time:
  form = new FormGroup({
    first: new FormControl({value: 'Nancy', disabled: true}, Validators.required),
    last: new FormControl('Drew', Validators.required)
  });

  // Controls can also be enabled/disabled after creation:
  form.get('first')?.enable();
  form.get('last')?.disable();
'[39m
Chrome Headless 139.0.0.0 (Windows 10): Executed 810 of 1370[31m (225 FAILED)[39m (0 secs / 5.81 secs)
WARN: '
  It looks like you're using the disabled attribute with a reactive form directive. If you set disabled to true
  when you set up this control in your component class, the disabled attribute will actually be set in the DOM for
  you. We recommend using this approach to avoid 'changed after checked' errors.

  Example:
  // Specify the `disabled` property at control creation time:
  form = new FormGroup({
    first: new FormControl({value: 'Nancy', disabled: true}, Validators.required),
    last: new FormControl('Drew', Validators.required)
  });

  // Controls can also be enabled/disabled after creation:
  form.get('first')?.enable();
  form.get('last')?.disable();
'
[1A[2KChrome Headless 139.0.0.0 (Windows 10): Executed 811 of 1370[31m (225 FAILED)[39m (0 secs / 5.815 secs)
[1A[2KWARN: [36m'
  It looks like you're using the disabled attribute with a reactive form directive. If you set disabled to true
  when you set up this control in your component class, the disabled attribute will actually be set in the DOM for
  you. We recommend using this approach to avoid 'changed after checked' errors.

  Example:
  // Specify the `disabled` property at control creation time:
  form = new FormGroup({
    first: new FormControl({value: 'Nancy', disabled: true}, Validators.required),
    last: new FormControl('Drew', Validators.required)
  });

  // Controls can also be enabled/disabled after creation:
  form.get('first')?.enable();
  form.get('last')?.disable();
'[39m
Chrome Headless 139.0.0.0 (Windows 10): Executed 811 of 1370[31m (225 FAILED)[39m (0 secs / 5.815 secs)
WARN: '
  It looks like you're using the disabled attribute with a reactive form directive. If you set disabled to true
  when you set up this control in your component class, the disabled attribute will actually be set in the DOM for
  you. We recommend using this approach to avoid 'changed after checked' errors.

  Example:
  // Specify the `disabled` property at control creation time:
  form = new FormGroup({
    first: new FormControl({value: 'Nancy', disabled: true}, Validators.required),
    last: new FormControl('Drew', Validators.required)
  });

  // Controls can also be enabled/disabled after creation:
  form.get('first')?.enable();
  form.get('last')?.disable();
'
[1A[2KChrome Headless 139.0.0.0 (Windows 10): Executed 812 of 1370[31m (225 FAILED)[39m (0 secs / 5.819 secs)
[1A[2KWARN: [36m'
  It looks like you're using the disabled attribute with a reactive form directive. If you set disabled to true
  when you set up this control in your component class, the disabled attribute will actually be set in the DOM for
  you. We recommend using this approach to avoid 'changed after checked' errors.

  Example:
  // Specify the `disabled` property at control creation time:
  form = new FormGroup({
    first: new FormControl({value: 'Nancy', disabled: true}, Validators.required),
    last: new FormControl('Drew', Validators.required)
  });

  // Controls can also be enabled/disabled after creation:
  form.get('first')?.enable();
  form.get('last')?.disable();
'[39m
Chrome Headless 139.0.0.0 (Windows 10): Executed 812 of 1370[31m (225 FAILED)[39m (0 secs / 5.819 secs)
WARN: '
  It looks like you're using the disabled attribute with a reactive form directive. If you set disabled to true
  when you set up this control in your component class, the disabled attribute will actually be set in the DOM for
  you. We recommend using this approach to avoid 'changed after checked' errors.

  Example:
  // Specify the `disabled` property at control creation time:
  form = new FormGroup({
    first: new FormControl({value: 'Nancy', disabled: true}, Validators.required),
    last: new FormControl('Drew', Validators.required)
  });

  // Controls can also be enabled/disabled after creation:
  form.get('first')?.enable();
  form.get('last')?.disable();
'
[1A[2KChrome Headless 139.0.0.0 (Windows 10): Executed 813 of 1370[31m (225 FAILED)[39m (0 secs / 5.823 secs)
[1A[2KWARN: [36m'
  It looks like you're using the disabled attribute with a reactive form directive. If you set disabled to true
  when you set up this control in your component class, the disabled attribute will actually be set in the DOM for
  you. We recommend using this approach to avoid 'changed after checked' errors.

  Example:
  // Specify the `disabled` property at control creation time:
  form = new FormGroup({
    first: new FormControl({value: 'Nancy', disabled: true}, Validators.required),
    last: new FormControl('Drew', Validators.required)
  });

  // Controls can also be enabled/disabled after creation:
  form.get('first')?.enable();
  form.get('last')?.disable();
'[39m
Chrome Headless 139.0.0.0 (Windows 10): Executed 813 of 1370[31m (225 FAILED)[39m (0 secs / 5.823 secs)
WARN: '
  It looks like you're using the disabled attribute with a reactive form directive. If you set disabled to true
  when you set up this control in your component class, the disabled attribute will actually be set in the DOM for
  you. We recommend using this approach to avoid 'changed after checked' errors.

  Example:
  // Specify the `disabled` property at control creation time:
  form = new FormGroup({
    first: new FormControl({value: 'Nancy', disabled: true}, Validators.required),
    last: new FormControl('Drew', Validators.required)
  });

  // Controls can also be enabled/disabled after creation:
  form.get('first')?.enable();
  form.get('last')?.disable();
'
[1A[2K[31mChrome Headless 139.0.0.0 (Windows 10) InputToggleSwitchComponent Toggle Switch Specific Properties should apply falseValue configuration correctly FAILED[39m
	Expected null to be 'OFF'.
	    at <Jasmine>
	    at UserContext.<anonymous> (spec-input-toggleswitch.component.spec.js:264:70)
	    at _ZoneDelegate.invoke (node_modules/zone.js/fesm2015/zone.js:398:28)
	    at _ProxyZoneSpec.onInvoke (node_modules/zone.js/fesm2015/zone-testing.js:2132:39)
	    at _ZoneDelegate.invoke (node_modules/zone.js/fesm2015/zone.js:397:34)
Chrome Headless 139.0.0.0 (Windows 10): Executed 814 of 1370[31m (226 FAILED)[39m (0 secs / 5.836 secs)
[1A[2KWARN: [36m'
  It looks like you're using the disabled attribute with a reactive form directive. If you set disabled to true
  when you set up this control in your component class, the disabled attribute will actually be set in the DOM for
  you. We recommend using this approach to avoid 'changed after checked' errors.

  Example:
  // Specify the `disabled` property at control creation time:
  form = new FormGroup({
    first: new FormControl({value: 'Nancy', disabled: true}, Validators.required),
    last: new FormControl('Drew', Validators.required)
  });

  // Controls can also be enabled/disabled after creation:
  form.get('first')?.enable();
  form.get('last')?.disable();
'[39m
Chrome Headless 139.0.0.0 (Windows 10): Executed 814 of 1370[31m (226 FAILED)[39m (0 secs / 5.836 secs)
WARN: '
  It looks like you're using the disabled attribute with a reactive form directive. If you set disabled to true
  when you set up this control in your component class, the disabled attribute will actually be set in the DOM for
  you. We recommend using this approach to avoid 'changed after checked' errors.

  Example:
  // Specify the `disabled` property at control creation time:
  form = new FormGroup({
    first: new FormControl({value: 'Nancy', disabled: true}, Validators.required),
    last: new FormControl('Drew', Validators.required)
  });

  // Controls can also be enabled/disabled after creation:
  form.get('first')?.enable();
  form.get('last')?.disable();
'
[1A[2K[31mChrome Headless 139.0.0.0 (Windows 10) InputToggleSwitchComponent Toggle Switch Specific Properties should apply trueValue configuration correctly FAILED[39m
	Expected null to be 'ON'.
	    at <Jasmine>
	    at UserContext.<anonymous> (spec-input-toggleswitch.component.spec.js:258:69)
	    at _ZoneDelegate.invoke (node_modules/zone.js/fesm2015/zone.js:398:28)
	    at _ProxyZoneSpec.onInvoke (node_modules/zone.js/fesm2015/zone-testing.js:2132:39)
	    at _ZoneDelegate.invoke (node_modules/zone.js/fesm2015/zone.js:397:34)
Chrome Headless 139.0.0.0 (Windows 10): Executed 815 of 1370[31m (227 FAILED)[39m (0 secs / 5.842 secs)
[1A[2KWARN: [36m'
  It looks like you're using the disabled attribute with a reactive form directive. If you set disabled to true
  when you set up this control in your component class, the disabled attribute will actually be set in the DOM for
  you. We recommend using this approach to avoid 'changed after checked' errors.

  Example:
  // Specify the `disabled` property at control creation time:
  form = new FormGroup({
    first: new FormControl({value: 'Nancy', disabled: true}, Validators.required),
    last: new FormControl('Drew', Validators.required)
  });

  // Controls can also be enabled/disabled after creation:
  form.get('first')?.enable();
  form.get('last')?.disable();
'[39m
Chrome Headless 139.0.0.0 (Windows 10): Executed 815 of 1370[31m (227 FAILED)[39m (0 secs / 5.842 secs)
WARN: '
  It looks like you're using the disabled attribute with a reactive form directive. If you set disabled to true
  when you set up this control in your component class, the disabled attribute will actually be set in the DOM for
  you. We recommend using this approach to avoid 'changed after checked' errors.

  Example:
  // Specify the `disabled` property at control creation time:
  form = new FormGroup({
    first: new FormControl({value: 'Nancy', disabled: true}, Validators.required),
    last: new FormControl('Drew', Validators.required)
  });

  // Controls can also be enabled/disabled after creation:
  form.get('first')?.enable();
  form.get('last')?.disable();
'
[1A[2K[31mChrome Headless 139.0.0.0 (Windows 10) InputToggleSwitchComponent Toggle Switch Specific Properties should apply tabindex configuration correctly FAILED[39m
	Expected null to be '1'.
	    at <Jasmine>
	    at UserContext.<anonymous> (spec-input-toggleswitch.component.spec.js:252:68)
	    at _ZoneDelegate.invoke (node_modules/zone.js/fesm2015/zone.js:398:28)
	    at _ProxyZoneSpec.onInvoke (node_modules/zone.js/fesm2015/zone-testing.js:2132:39)
	    at _ZoneDelegate.invoke (node_modules/zone.js/fesm2015/zone.js:397:34)
Chrome Headless 139.0.0.0 (Windows 10): Executed 816 of 1370[31m (228 FAILED)[39m (0 secs / 5.868 secs)
[1A[2KWARN: [36m'
  It looks like you're using the disabled attribute with a reactive form directive. If you set disabled to true
  when you set up this control in your component class, the disabled attribute will actually be set in the DOM for
  you. We recommend using this approach to avoid 'changed after checked' errors.

  Example:
  // Specify the `disabled` property at control creation time:
  form = new FormGroup({
    first: new FormControl({value: 'Nancy', disabled: true}, Validators.required),
    last: new FormControl('Drew', Validators.required)
  });

  // Controls can also be enabled/disabled after creation:
  form.get('first')?.enable();
  form.get('last')?.disable();
'[39m
Chrome Headless 139.0.0.0 (Windows 10): Executed 816 of 1370[31m (228 FAILED)[39m (0 secs / 5.868 secs)
WARN: '
  It looks like you're using the disabled attribute with a reactive form directive. If you set disabled to true
  when you set up this control in your component class, the disabled attribute will actually be set in the DOM for
  you. We recommend using this approach to avoid 'changed after checked' errors.

  Example:
  // Specify the `disabled` property at control creation time:
  form = new FormGroup({
    first: new FormControl({value: 'Nancy', disabled: true}, Validators.required),
    last: new FormControl('Drew', Validators.required)
  });

  // Controls can also be enabled/disabled after creation:
  form.get('first')?.enable();
  form.get('last')?.disable();
'
[1A[2K[31mChrome Headless 139.0.0.0 (Windows 10) InputToggleSwitchComponent Toggle Switch Specific Properties should apply styleClass configuration correctly FAILED[39m
	Expected null to be 'custom-toggle'.
	    at <Jasmine>
	    at UserContext.<anonymous> (spec-input-toggleswitch.component.spec.js:246:70)
	    at _ZoneDelegate.invoke (node_modules/zone.js/fesm2015/zone.js:398:28)
	    at _ProxyZoneSpec.onInvoke (node_modules/zone.js/fesm2015/zone-testing.js:2132:39)
	    at _ZoneDelegate.invoke (node_modules/zone.js/fesm2015/zone.js:397:34)
Chrome Headless 139.0.0.0 (Windows 10): Executed 817 of 1370[31m (229 FAILED)[39m (0 secs / 5.872 secs)
[1A[2KWARN: [36m'
  It looks like you're using the disabled attribute with a reactive form directive. If you set disabled to true
  when you set up this control in your component class, the disabled attribute will actually be set in the DOM for
  you. We recommend using this approach to avoid 'changed after checked' errors.

  Example:
  // Specify the `disabled` property at control creation time:
  form = new FormGroup({
    first: new FormControl({value: 'Nancy', disabled: true}, Validators.required),
    last: new FormControl('Drew', Validators.required)
  });

  // Controls can also be enabled/disabled after creation:
  form.get('first')?.enable();
  form.get('last')?.disable();
'[39m
Chrome Headless 139.0.0.0 (Windows 10): Executed 817 of 1370[31m (229 FAILED)[39m (0 secs / 5.872 secs)
WARN: '
  It looks like you're using the disabled attribute with a reactive form directive. If you set disabled to true
  when you set up this control in your component class, the disabled attribute will actually be set in the DOM for
  you. We recommend using this approach to avoid 'changed after checked' errors.

  Example:
  // Specify the `disabled` property at control creation time:
  form = new FormGroup({
    first: new FormControl({value: 'Nancy', disabled: true}, Validators.required),
    last: new FormControl('Drew', Validators.required)
  });

  // Controls can also be enabled/disabled after creation:
  form.get('first')?.enable();
  form.get('last')?.disable();
'
[1A[2K[31mChrome Headless 139.0.0.0 (Windows 10) InputToggleSwitchComponent Toggle Switch Specific Properties should apply name configuration correctly FAILED[39m
	Expected null to be 'test-toggle'.
	    at <Jasmine>
	    at UserContext.<anonymous> (spec-input-toggleswitch.component.spec.js:240:64)
	    at _ZoneDelegate.invoke (node_modules/zone.js/fesm2015/zone.js:398:28)
	    at _ProxyZoneSpec.onInvoke (node_modules/zone.js/fesm2015/zone-testing.js:2132:39)
	    at _ZoneDelegate.invoke (node_modules/zone.js/fesm2015/zone.js:397:34)
Chrome Headless 139.0.0.0 (Windows 10): Executed 818 of 1370[31m (230 FAILED)[39m (0 secs / 5.876 secs)
[1A[2KWARN: [36m'
  It looks like you're using the disabled attribute with a reactive form directive. If you set disabled to true
  when you set up this control in your component class, the disabled attribute will actually be set in the DOM for
  you. We recommend using this approach to avoid 'changed after checked' errors.

  Example:
  // Specify the `disabled` property at control creation time:
  form = new FormGroup({
    first: new FormControl({value: 'Nancy', disabled: true}, Validators.required),
    last: new FormControl('Drew', Validators.required)
  });

  // Controls can also be enabled/disabled after creation:
  form.get('first')?.enable();
  form.get('last')?.disable();
'[39m
Chrome Headless 139.0.0.0 (Windows 10): Executed 818 of 1370[31m (230 FAILED)[39m (0 secs / 5.876 secs)
WARN: '
  It looks like you're using the disabled attribute with a reactive form directive. If you set disabled to true
  when you set up this control in your component class, the disabled attribute will actually be set in the DOM for
  you. We recommend using this approach to avoid 'changed after checked' errors.

  Example:
  // Specify the `disabled` property at control creation time:
  form = new FormGroup({
    first: new FormControl({value: 'Nancy', disabled: true}, Validators.required),
    last: new FormControl('Drew', Validators.required)
  });

  // Controls can also be enabled/disabled after creation:
  form.get('first')?.enable();
  form.get('last')?.disable();
'
[1A[2KWARN: [36m'
  It looks like you're using the disabled attribute with a reactive form directive. If you set disabled to true
  when you set up this control in your component class, the disabled attribute will actually be set in the DOM for
  you. We recommend using this approach to avoid 'changed after checked' errors.

  Example:
  // Specify the `disabled` property at control creation time:
  form = new FormGroup({
    first: new FormControl({value: 'Nancy', disabled: true}, Validators.required),
    last: new FormControl('Drew', Validators.required)
  });

  // Controls can also be enabled/disabled after creation:
  form.get('first')?.enable();
  form.get('last')?.disable();
'[39m
Chrome Headless 139.0.0.0 (Windows 10): Executed 818 of 1370[31m (230 FAILED)[39m (0 secs / 5.876 secs)
WARN: '
  It looks like you're using the disabled attribute with a reactive form directive. If you set disabled to true
  when you set up this control in your component class, the disabled attribute will actually be set in the DOM for
  you. We recommend using this approach to avoid 'changed after checked' errors.

  Example:
  // Specify the `disabled` property at control creation time:
  form = new FormGroup({
    first: new FormControl({value: 'Nancy', disabled: true}, Validators.required),
    last: new FormControl('Drew', Validators.required)
  });

  // Controls can also be enabled/disabled after creation:
  form.get('first')?.enable();
  form.get('last')?.disable();
'
[1A[2K[31mChrome Headless 139.0.0.0 (Windows 10) InputToggleSwitchComponent Component Configuration should apply disabled state correctly FAILED[39m
	Expected null to be 'true'.
	    at <Jasmine>
	    at UserContext.<anonymous> (spec-input-toggleswitch.component.spec.js:214:68)
	    at _ZoneDelegate.invoke (node_modules/zone.js/fesm2015/zone.js:398:28)
	    at _ProxyZoneSpec.onInvoke (node_modules/zone.js/fesm2015/zone-testing.js:2132:39)
	    at _ZoneDelegate.invoke (node_modules/zone.js/fesm2015/zone.js:397:34)
Chrome Headless 139.0.0.0 (Windows 10): Executed 819 of 1370[31m (231 FAILED)[39m (0 secs / 5.88 secs)
[1A[2KWARN: [36m'
  It looks like you're using the disabled attribute with a reactive form directive. If you set disabled to true
  when you set up this control in your component class, the disabled attribute will actually be set in the DOM for
  you. We recommend using this approach to avoid 'changed after checked' errors.

  Example:
  // Specify the `disabled` property at control creation time:
  form = new FormGroup({
    first: new FormControl({value: 'Nancy', disabled: true}, Validators.required),
    last: new FormControl('Drew', Validators.required)
  });

  // Controls can also be enabled/disabled after creation:
  form.get('first')?.enable();
  form.get('last')?.disable();
'[39m
Chrome Headless 139.0.0.0 (Windows 10): Executed 819 of 1370[31m (231 FAILED)[39m (0 secs / 5.88 secs)
WARN: '
  It looks like you're using the disabled attribute with a reactive form directive. If you set disabled to true
  when you set up this control in your component class, the disabled attribute will actually be set in the DOM for
  you. We recommend using this approach to avoid 'changed after checked' errors.

  Example:
  // Specify the `disabled` property at control creation time:
  form = new FormGroup({
    first: new FormControl({value: 'Nancy', disabled: true}, Validators.required),
    last: new FormControl('Drew', Validators.required)
  });

  // Controls can also be enabled/disabled after creation:
  form.get('first')?.enable();
  form.get('last')?.disable();
'
[1A[2K[31mChrome Headless 139.0.0.0 (Windows 10) InputToggleSwitchComponent Component Configuration should apply required state correctly FAILED[39m
	Expected '' to be 'true'.
	    at <Jasmine>
	    at UserContext.<anonymous> (spec-input-toggleswitch.component.spec.js:220:68)
	    at _ZoneDelegate.invoke (node_modules/zone.js/fesm2015/zone.js:398:28)
	    at _ProxyZoneSpec.onInvoke (node_modules/zone.js/fesm2015/zone-testing.js:2132:39)
	    at _ZoneDelegate.invoke (node_modules/zone.js/fesm2015/zone.js:397:34)
Chrome Headless 139.0.0.0 (Windows 10): Executed 820 of 1370[31m (232 FAILED)[39m (0 secs / 5.884 secs)
[1A[2KWARN: [36m'
  It looks like you're using the disabled attribute with a reactive form directive. If you set disabled to true
  when you set up this control in your component class, the disabled attribute will actually be set in the DOM for
  you. We recommend using this approach to avoid 'changed after checked' errors.

  Example:
  // Specify the `disabled` property at control creation time:
  form = new FormGroup({
    first: new FormControl({value: 'Nancy', disabled: true}, Validators.required),
    last: new FormControl('Drew', Validators.required)
  });

  // Controls can also be enabled/disabled after creation:
  form.get('first')?.enable();
  form.get('last')?.disable();
'[39m
Chrome Headless 139.0.0.0 (Windows 10): Executed 820 of 1370[31m (232 FAILED)[39m (0 secs / 5.884 secs)
WARN: '
  It looks like you're using the disabled attribute with a reactive form directive. If you set disabled to true
  when you set up this control in your component class, the disabled attribute will actually be set in the DOM for
  you. We recommend using this approach to avoid 'changed after checked' errors.

  Example:
  // Specify the `disabled` property at control creation time:
  form = new FormGroup({
    first: new FormControl({value: 'Nancy', disabled: true}, Validators.required),
    last: new FormControl('Drew', Validators.required)
  });

  // Controls can also be enabled/disabled after creation:
  form.get('first')?.enable();
  form.get('last')?.disable();
'
[1A[2K[31mChrome Headless 139.0.0.0 (Windows 10) InputToggleSwitchComponent Component Configuration should apply invalid state correctly FAILED[39m
	Expected null to be 'true'.
	    at <Jasmine>
	    at UserContext.<anonymous> (spec-input-toggleswitch.component.spec.js:232:67)
	    at _ZoneDelegate.invoke (node_modules/zone.js/fesm2015/zone.js:398:28)
	    at _ProxyZoneSpec.onInvoke (node_modules/zone.js/fesm2015/zone-testing.js:2132:39)
	    at _ZoneDelegate.invoke (node_modules/zone.js/fesm2015/zone.js:397:34)
Chrome Headless 139.0.0.0 (Windows 10): Executed 821 of 1370[31m (233 FAILED)[39m (0 secs / 5.888 secs)
[1A[2KWARN: [36m'
  It looks like you're using the disabled attribute with a reactive form directive. If you set disabled to true
  when you set up this control in your component class, the disabled attribute will actually be set in the DOM for
  you. We recommend using this approach to avoid 'changed after checked' errors.

  Example:
  // Specify the `disabled` property at control creation time:
  form = new FormGroup({
    first: new FormControl({value: 'Nancy', disabled: true}, Validators.required),
    last: new FormControl('Drew', Validators.required)
  });

  // Controls can also be enabled/disabled after creation:
  form.get('first')?.enable();
  form.get('last')?.disable();
'[39m
Chrome Headless 139.0.0.0 (Windows 10): Executed 821 of 1370[31m (233 FAILED)[39m (0 secs / 5.888 secs)
WARN: '
  It looks like you're using the disabled attribute with a reactive form directive. If you set disabled to true
  when you set up this control in your component class, the disabled attribute will actually be set in the DOM for
  you. We recommend using this approach to avoid 'changed after checked' errors.

  Example:
  // Specify the `disabled` property at control creation time:
  form = new FormGroup({
    first: new FormControl({value: 'Nancy', disabled: true}, Validators.required),
    last: new FormControl('Drew', Validators.required)
  });

  // Controls can also be enabled/disabled after creation:
  form.get('first')?.enable();
  form.get('last')?.disable();
'
[1A[2K[31mChrome Headless 139.0.0.0 (Windows 10) InputToggleSwitchComponent Component Configuration should apply readonly state correctly FAILED[39m
	Expected null to be 'true'.
	    at <Jasmine>
	    at UserContext.<anonymous> (spec-input-toggleswitch.component.spec.js:226:68)
	    at _ZoneDelegate.invoke (node_modules/zone.js/fesm2015/zone.js:398:28)
	    at _ProxyZoneSpec.onInvoke (node_modules/zone.js/fesm2015/zone-testing.js:2132:39)
	    at _ZoneDelegate.invoke (node_modules/zone.js/fesm2015/zone.js:397:34)
Chrome Headless 139.0.0.0 (Windows 10): Executed 822 of 1370[31m (234 FAILED)[39m (0 secs / 5.893 secs)
[1A[2KWARN: [36m'
  It looks like you're using the disabled attribute with a reactive form directive. If you set disabled to true
  when you set up this control in your component class, the disabled attribute will actually be set in the DOM for
  you. We recommend using this approach to avoid 'changed after checked' errors.

  Example:
  // Specify the `disabled` property at control creation time:
  form = new FormGroup({
    first: new FormControl({value: 'Nancy', disabled: true}, Validators.required),
    last: new FormControl('Drew', Validators.required)
  });

  // Controls can also be enabled/disabled after creation:
  form.get('first')?.enable();
  form.get('last')?.disable();
'[39m
Chrome Headless 139.0.0.0 (Windows 10): Executed 822 of 1370[31m (234 FAILED)[39m (0 secs / 5.893 secs)
WARN: '
  It looks like you're using the disabled attribute with a reactive form directive. If you set disabled to true
  when you set up this control in your component class, the disabled attribute will actually be set in the DOM for
  you. We recommend using this approach to avoid 'changed after checked' errors.

  Example:
  // Specify the `disabled` property at control creation time:
  form = new FormGroup({
    first: new FormControl({value: 'Nancy', disabled: true}, Validators.required),
    last: new FormControl('Drew', Validators.required)
  });

  // Controls can also be enabled/disabled after creation:
  form.get('first')?.enable();
  form.get('last')?.disable();
'
[1A[2KChrome Headless 139.0.0.0 (Windows 10): Executed 823 of 1370[31m (234 FAILED)[39m (0 secs / 5.898 secs)
[1A[2KWARN: [36m'
  It looks like you're using the disabled attribute with a reactive form directive. If you set disabled to true
  when you set up this control in your component class, the disabled attribute will actually be set in the DOM for
  you. We recommend using this approach to avoid 'changed after checked' errors.

  Example:
  // Specify the `disabled` property at control creation time:
  form = new FormGroup({
    first: new FormControl({value: 'Nancy', disabled: true}, Validators.required),
    last: new FormControl('Drew', Validators.required)
  });

  // Controls can also be enabled/disabled after creation:
  form.get('first')?.enable();
  form.get('last')?.disable();
'[39m
Chrome Headless 139.0.0.0 (Windows 10): Executed 823 of 1370[31m (234 FAILED)[39m (0 secs / 5.898 secs)
WARN: '
  It looks like you're using the disabled attribute with a reactive form directive. If you set disabled to true
  when you set up this control in your component class, the disabled attribute will actually be set in the DOM for
  you. We recommend using this approach to avoid 'changed after checked' errors.

  Example:
  // Specify the `disabled` property at control creation time:
  form = new FormGroup({
    first: new FormControl({value: 'Nancy', disabled: true}, Validators.required),
    last: new FormControl('Drew', Validators.required)
  });

  // Controls can also be enabled/disabled after creation:
  form.get('first')?.enable();
  form.get('last')?.disable();
'
[1A[2KChrome Headless 139.0.0.0 (Windows 10): Executed 824 of 1370[31m (234 FAILED)[39m (0 secs / 5.903 secs)
[1A[2KWARN: [36m'
  It looks like you're using the disabled attribute with a reactive form directive. If you set disabled to true
  when you set up this control in your component class, the disabled attribute will actually be set in the DOM for
  you. We recommend using this approach to avoid 'changed after checked' errors.

  Example:
  // Specify the `disabled` property at control creation time:
  form = new FormGroup({
    first: new FormControl({value: 'Nancy', disabled: true}, Validators.required),
    last: new FormControl('Drew', Validators.required)
  });

  // Controls can also be enabled/disabled after creation:
  form.get('first')?.enable();
  form.get('last')?.disable();
'[39m
Chrome Headless 139.0.0.0 (Windows 10): Executed 824 of 1370[31m (234 FAILED)[39m (0 secs / 5.903 secs)
WARN: '
  It looks like you're using the disabled attribute with a reactive form directive. If you set disabled to true
  when you set up this control in your component class, the disabled attribute will actually be set in the DOM for
  you. We recommend using this approach to avoid 'changed after checked' errors.

  Example:
  // Specify the `disabled` property at control creation time:
  form = new FormGroup({
    first: new FormControl({value: 'Nancy', disabled: true}, Validators.required),
    last: new FormControl('Drew', Validators.required)
  });

  // Controls can also be enabled/disabled after creation:
  form.get('first')?.enable();
  form.get('last')?.disable();
'
[1A[2KChrome Headless 139.0.0.0 (Windows 10): Executed 825 of 1370[31m (234 FAILED)[39m (0 secs / 5.907 secs)
[1A[2KWARN: [36m'
  It looks like you're using the disabled attribute with a reactive form directive. If you set disabled to true
  when you set up this control in your component class, the disabled attribute will actually be set in the DOM for
  you. We recommend using this approach to avoid 'changed after checked' errors.

  Example:
  // Specify the `disabled` property at control creation time:
  form = new FormGroup({
    first: new FormControl({value: 'Nancy', disabled: true}, Validators.required),
    last: new FormControl('Drew', Validators.required)
  });

  // Controls can also be enabled/disabled after creation:
  form.get('first')?.enable();
  form.get('last')?.disable();
'[39m
Chrome Headless 139.0.0.0 (Windows 10): Executed 825 of 1370[31m (234 FAILED)[39m (0 secs / 5.907 secs)
WARN: '
  It looks like you're using the disabled attribute with a reactive form directive. If you set disabled to true
  when you set up this control in your component class, the disabled attribute will actually be set in the DOM for
  you. We recommend using this approach to avoid 'changed after checked' errors.

  Example:
  // Specify the `disabled` property at control creation time:
  form = new FormGroup({
    first: new FormControl({value: 'Nancy', disabled: true}, Validators.required),
    last: new FormControl('Drew', Validators.required)
  });

  // Controls can also be enabled/disabled after creation:
  form.get('first')?.enable();
  form.get('last')?.disable();
'
[1A[2KChrome Headless 139.0.0.0 (Windows 10): Executed 826 of 1370[31m (234 FAILED)[39m (0 secs / 5.911 secs)
[1A[2KWARN: [36m'
  It looks like you're using the disabled attribute with a reactive form directive. If you set disabled to true
  when you set up this control in your component class, the disabled attribute will actually be set in the DOM for
  you. We recommend using this approach to avoid 'changed after checked' errors.

  Example:
  // Specify the `disabled` property at control creation time:
  form = new FormGroup({
    first: new FormControl({value: 'Nancy', disabled: true}, Validators.required),
    last: new FormControl('Drew', Validators.required)
  });

  // Controls can also be enabled/disabled after creation:
  form.get('first')?.enable();
  form.get('last')?.disable();
'[39m
Chrome Headless 139.0.0.0 (Windows 10): Executed 826 of 1370[31m (234 FAILED)[39m (0 secs / 5.911 secs)
WARN: '
  It looks like you're using the disabled attribute with a reactive form directive. If you set disabled to true
  when you set up this control in your component class, the disabled attribute will actually be set in the DOM for
  you. We recommend using this approach to avoid 'changed after checked' errors.

  Example:
  // Specify the `disabled` property at control creation time:
  form = new FormGroup({
    first: new FormControl({value: 'Nancy', disabled: true}, Validators.required),
    last: new FormControl('Drew', Validators.required)
  });

  // Controls can also be enabled/disabled after creation:
  form.get('first')?.enable();
  form.get('last')?.disable();
'
[1A[2KChrome Headless 139.0.0.0 (Windows 10): Executed 827 of 1370[31m (234 FAILED)[39m (0 secs / 5.914 secs)
[1A[2KWARN: [36m'
  It looks like you're using the disabled attribute with a reactive form directive. If you set disabled to true
  when you set up this control in your component class, the disabled attribute will actually be set in the DOM for
  you. We recommend using this approach to avoid 'changed after checked' errors.

  Example:
  // Specify the `disabled` property at control creation time:
  form = new FormGroup({
    first: new FormControl({value: 'Nancy', disabled: true}, Validators.required),
    last: new FormControl('Drew', Validators.required)
  });

  // Controls can also be enabled/disabled after creation:
  form.get('first')?.enable();
  form.get('last')?.disable();
'[39m
Chrome Headless 139.0.0.0 (Windows 10): Executed 827 of 1370[31m (234 FAILED)[39m (0 secs / 5.914 secs)
WARN: '
  It looks like you're using the disabled attribute with a reactive form directive. If you set disabled to true
  when you set up this control in your component class, the disabled attribute will actually be set in the DOM for
  you. We recommend using this approach to avoid 'changed after checked' errors.

  Example:
  // Specify the `disabled` property at control creation time:
  form = new FormGroup({
    first: new FormControl({value: 'Nancy', disabled: true}, Validators.required),
    last: new FormControl('Drew', Validators.required)
  });

  // Controls can also be enabled/disabled after creation:
  form.get('first')?.enable();
  form.get('last')?.disable();
'
[1A[2KChrome Headless 139.0.0.0 (Windows 10): Executed 828 of 1370[31m (234 FAILED)[39m (0 secs / 5.917 secs)
[1A[2KWARN: [36m'
  It looks like you're using the disabled attribute with a reactive form directive. If you set disabled to true
  when you set up this control in your component class, the disabled attribute will actually be set in the DOM for
  you. We recommend using this approach to avoid 'changed after checked' errors.

  Example:
  // Specify the `disabled` property at control creation time:
  form = new FormGroup({
    first: new FormControl({value: 'Nancy', disabled: true}, Validators.required),
    last: new FormControl('Drew', Validators.required)
  });

  // Controls can also be enabled/disabled after creation:
  form.get('first')?.enable();
  form.get('last')?.disable();
'[39m
Chrome Headless 139.0.0.0 (Windows 10): Executed 828 of 1370[31m (234 FAILED)[39m (0 secs / 5.917 secs)
WARN: '
  It looks like you're using the disabled attribute with a reactive form directive. If you set disabled to true
  when you set up this control in your component class, the disabled attribute will actually be set in the DOM for
  you. We recommend using this approach to avoid 'changed after checked' errors.

  Example:
  // Specify the `disabled` property at control creation time:
  form = new FormGroup({
    first: new FormControl({value: 'Nancy', disabled: true}, Validators.required),
    last: new FormControl('Drew', Validators.required)
  });

  // Controls can also be enabled/disabled after creation:
  form.get('first')?.enable();
  form.get('last')?.disable();
'
[1A[2KChrome Headless 139.0.0.0 (Windows 10): Executed 829 of 1370[31m (234 FAILED)[39m (0 secs / 5.921 secs)
[1A[2KWARN: [36m'
  It looks like you're using the disabled attribute with a reactive form directive. If you set disabled to true
  when you set up this control in your component class, the disabled attribute will actually be set in the DOM for
  you. We recommend using this approach to avoid 'changed after checked' errors.

  Example:
  // Specify the `disabled` property at control creation time:
  form = new FormGroup({
    first: new FormControl({value: 'Nancy', disabled: true}, Validators.required),
    last: new FormControl('Drew', Validators.required)
  });

  // Controls can also be enabled/disabled after creation:
  form.get('first')?.enable();
  form.get('last')?.disable();
'[39m
Chrome Headless 139.0.0.0 (Windows 10): Executed 829 of 1370[31m (234 FAILED)[39m (0 secs / 5.921 secs)
WARN: '
  It looks like you're using the disabled attribute with a reactive form directive. If you set disabled to true
  when you set up this control in your component class, the disabled attribute will actually be set in the DOM for
  you. We recommend using this approach to avoid 'changed after checked' errors.

  Example:
  // Specify the `disabled` property at control creation time:
  form = new FormGroup({
    first: new FormControl({value: 'Nancy', disabled: true}, Validators.required),
    last: new FormControl('Drew', Validators.required)
  });

  // Controls can also be enabled/disabled after creation:
  form.get('first')?.enable();
  form.get('last')?.disable();
'
[1A[2K[31mChrome Headless 139.0.0.0 (Windows 10) InputToggleSwitchComponent Toggle Switch Input Interaction should handle blur event correctly FAILED[39m
	Expected false to be true.
	    at <Jasmine>
	    at UserContext.<anonymous> (spec-input-toggleswitch.component.spec.js:206:58)
	    at _ZoneDelegate.invoke (node_modules/zone.js/fesm2015/zone.js:398:28)
	    at _ProxyZoneSpec.onInvoke (node_modules/zone.js/fesm2015/zone-testing.js:2132:39)
	    at _ZoneDelegate.invoke (node_modules/zone.js/fesm2015/zone.js:397:34)
Chrome Headless 139.0.0.0 (Windows 10): Executed 830 of 1370[31m (235 FAILED)[39m (0 secs / 5.925 secs)
[1A[2KWARN: [36m'
  It looks like you're using the disabled attribute with a reactive form directive. If you set disabled to true
  when you set up this control in your component class, the disabled attribute will actually be set in the DOM for
  you. We recommend using this approach to avoid 'changed after checked' errors.

  Example:
  // Specify the `disabled` property at control creation time:
  form = new FormGroup({
    first: new FormControl({value: 'Nancy', disabled: true}, Validators.required),
    last: new FormControl('Drew', Validators.required)
  });

  // Controls can also be enabled/disabled after creation:
  form.get('first')?.enable();
  form.get('last')?.disable();
'[39m
Chrome Headless 139.0.0.0 (Windows 10): Executed 830 of 1370[31m (235 FAILED)[39m (0 secs / 5.925 secs)
WARN: '
  It looks like you're using the disabled attribute with a reactive form directive. If you set disabled to true
  when you set up this control in your component class, the disabled attribute will actually be set in the DOM for
  you. We recommend using this approach to avoid 'changed after checked' errors.

  Example:
  // Specify the `disabled` property at control creation time:
  form = new FormGroup({
    first: new FormControl({value: 'Nancy', disabled: true}, Validators.required),
    last: new FormControl('Drew', Validators.required)
  });

  // Controls can also be enabled/disabled after creation:
  form.get('first')?.enable();
  form.get('last')?.disable();
'
[1A[2KChrome Headless 139.0.0.0 (Windows 10): Executed 831 of 1370[31m (235 FAILED)[39m (0 secs / 5.93 secs)
[1A[2KWARN: [36m'
  It looks like you're using the disabled attribute with a reactive form directive. If you set disabled to true
  when you set up this control in your component class, the disabled attribute will actually be set in the DOM for
  you. We recommend using this approach to avoid 'changed after checked' errors.

  Example:
  // Specify the `disabled` property at control creation time:
  form = new FormGroup({
    first: new FormControl({value: 'Nancy', disabled: true}, Validators.required),
    last: new FormControl('Drew', Validators.required)
  });

  // Controls can also be enabled/disabled after creation:
  form.get('first')?.enable();
  form.get('last')?.disable();
'[39m
Chrome Headless 139.0.0.0 (Windows 10): Executed 831 of 1370[31m (235 FAILED)[39m (0 secs / 5.93 secs)
WARN: '
  It looks like you're using the disabled attribute with a reactive form directive. If you set disabled to true
  when you set up this control in your component class, the disabled attribute will actually be set in the DOM for
  you. We recommend using this approach to avoid 'changed after checked' errors.

  Example:
  // Specify the `disabled` property at control creation time:
  form = new FormGroup({
    first: new FormControl({value: 'Nancy', disabled: true}, Validators.required),
    last: new FormControl('Drew', Validators.required)
  });

  // Controls can also be enabled/disabled after creation:
  form.get('first')?.enable();
  form.get('last')?.disable();
'
[1A[2K[31mChrome Headless 139.0.0.0 (Windows 10) InputToggleSwitchComponent Accessibility should have proper label-input association FAILED[39m
	Expected 'toggleswitch-66y1yvrf3' to be null. Tip: To check for deep equality, use .toEqual() instead of .toBe().
	    at <Jasmine>
	    at UserContext.<anonymous> (spec-input-toggleswitch.component.spec.js:357:62)
	    at _ZoneDelegate.invoke (node_modules/zone.js/fesm2015/zone.js:398:28)
	    at _ProxyZoneSpec.onInvoke (node_modules/zone.js/fesm2015/zone-testing.js:2132:39)
	    at _ZoneDelegate.invoke (node_modules/zone.js/fesm2015/zone.js:397:34)
Chrome Headless 139.0.0.0 (Windows 10): Executed 832 of 1370[31m (236 FAILED)[39m (0 secs / 5.934 secs)
[1A[2KWARN: [36m'
  It looks like you're using the disabled attribute with a reactive form directive. If you set disabled to true
  when you set up this control in your component class, the disabled attribute will actually be set in the DOM for
  you. We recommend using this approach to avoid 'changed after checked' errors.

  Example:
  // Specify the `disabled` property at control creation time:
  form = new FormGroup({
    first: new FormControl({value: 'Nancy', disabled: true}, Validators.required),
    last: new FormControl('Drew', Validators.required)
  });

  // Controls can also be enabled/disabled after creation:
  form.get('first')?.enable();
  form.get('last')?.disable();
'[39m
Chrome Headless 139.0.0.0 (Windows 10): Executed 832 of 1370[31m (236 FAILED)[39m (0 secs / 5.934 secs)
WARN: '
  It looks like you're using the disabled attribute with a reactive form directive. If you set disabled to true
  when you set up this control in your component class, the disabled attribute will actually be set in the DOM for
  you. We recommend using this approach to avoid 'changed after checked' errors.

  Example:
  // Specify the `disabled` property at control creation time:
  form = new FormGroup({
    first: new FormControl({value: 'Nancy', disabled: true}, Validators.required),
    last: new FormControl('Drew', Validators.required)
  });

  // Controls can also be enabled/disabled after creation:
  form.get('first')?.enable();
  form.get('last')?.disable();
'
[1A[2K[31mChrome Headless 139.0.0.0 (Windows 10) InputToggleSwitchComponent Accessibility should have proper label text FAILED[39m
	Expected 'COMMON.NOTIFICATIONS' to be 'Notificacions'.
	    at <Jasmine>
	    at UserContext.<anonymous> (spec-input-toggleswitch.component.spec.js:370:61)
	    at _ZoneDelegate.invoke (node_modules/zone.js/fesm2015/zone.js:398:28)
	    at _ProxyZoneSpec.onInvoke (node_modules/zone.js/fesm2015/zone-testing.js:2132:39)
	    at _ZoneDelegate.invoke (node_modules/zone.js/fesm2015/zone.js:397:34)
Chrome Headless 139.0.0.0 (Windows 10): Executed 833 of 1370[31m (237 FAILED)[39m (0 secs / 5.938 secs)
[1A[2KWARN: [36m'
  It looks like you're using the disabled attribute with a reactive form directive. If you set disabled to true
  when you set up this control in your component class, the disabled attribute will actually be set in the DOM for
  you. We recommend using this approach to avoid 'changed after checked' errors.

  Example:
  // Specify the `disabled` property at control creation time:
  form = new FormGroup({
    first: new FormControl({value: 'Nancy', disabled: true}, Validators.required),
    last: new FormControl('Drew', Validators.required)
  });

  // Controls can also be enabled/disabled after creation:
  form.get('first')?.enable();
  form.get('last')?.disable();
'[39m
Chrome Headless 139.0.0.0 (Windows 10): Executed 833 of 1370[31m (237 FAILED)[39m (0 secs / 5.938 secs)
WARN: '
  It looks like you're using the disabled attribute with a reactive form directive. If you set disabled to true
  when you set up this control in your component class, the disabled attribute will actually be set in the DOM for
  you. We recommend using this approach to avoid 'changed after checked' errors.

  Example:
  // Specify the `disabled` property at control creation time:
  form = new FormGroup({
    first: new FormControl({value: 'Nancy', disabled: true}, Validators.required),
    last: new FormControl('Drew', Validators.required)
  });

  // Controls can also be enabled/disabled after creation:
  form.get('first')?.enable();
  form.get('last')?.disable();
'
[1A[2KWARN: [36m'
  It looks like you're using the disabled attribute with a reactive form directive. If you set disabled to true
  when you set up this control in your component class, the disabled attribute will actually be set in the DOM for
  you. We recommend using this approach to avoid 'changed after checked' errors.

  Example:
  // Specify the `disabled` property at control creation time:
  form = new FormGroup({
    first: new FormControl({value: 'Nancy', disabled: true}, Validators.required),
    last: new FormControl('Drew', Validators.required)
  });

  // Controls can also be enabled/disabled after creation:
  form.get('first')?.enable();
  form.get('last')?.disable();
'[39m
Chrome Headless 139.0.0.0 (Windows 10): Executed 833 of 1370[31m (237 FAILED)[39m (0 secs / 5.938 secs)
WARN: '
  It looks like you're using the disabled attribute with a reactive form directive. If you set disabled to true
  when you set up this control in your component class, the disabled attribute will actually be set in the DOM for
  you. We recommend using this approach to avoid 'changed after checked' errors.

  Example:
  // Specify the `disabled` property at control creation time:
  form = new FormGroup({
    first: new FormControl({value: 'Nancy', disabled: true}, Validators.required),
    last: new FormControl('Drew', Validators.required)
  });

  // Controls can also be enabled/disabled after creation:
  form.get('first')?.enable();
  form.get('last')?.disable();
'
[1A[2K[31mChrome Headless 139.0.0.0 (Windows 10) InputToggleSwitchComponent Accessibility should have unique IDs for multiple instances FAILED[39m
	Expected null not to be null. Tip: To check for deep equality, use .toEqual() instead of .toBe().
	    at <Jasmine>
	    at UserContext.<anonymous> (spec-input-toggleswitch.component.spec.js:364:69)
	    at _ZoneDelegate.invoke (node_modules/zone.js/fesm2015/zone.js:398:28)
	    at _ProxyZoneSpec.onInvoke (node_modules/zone.js/fesm2015/zone-testing.js:2132:39)
	    at _ZoneDelegate.invoke (node_modules/zone.js/fesm2015/zone.js:397:34)
Chrome Headless 139.0.0.0 (Windows 10): Executed 834 of 1370[31m (238 FAILED)[39m (0 secs / 5.946 secs)
[1A[2KWARN: [36m'
  It looks like you're using the disabled attribute with a reactive form directive. If you set disabled to true
  when you set up this control in your component class, the disabled attribute will actually be set in the DOM for
  you. We recommend using this approach to avoid 'changed after checked' errors.

  Example:
  // Specify the `disabled` property at control creation time:
  form = new FormGroup({
    first: new FormControl({value: 'Nancy', disabled: true}, Validators.required),
    last: new FormControl('Drew', Validators.required)
  });

  // Controls can also be enabled/disabled after creation:
  form.get('first')?.enable();
  form.get('last')?.disable();
'[39m
Chrome Headless 139.0.0.0 (Windows 10): Executed 834 of 1370[31m (238 FAILED)[39m (0 secs / 5.946 secs)
WARN: '
  It looks like you're using the disabled attribute with a reactive form directive. If you set disabled to true
  when you set up this control in your component class, the disabled attribute will actually be set in the DOM for
  you. We recommend using this approach to avoid 'changed after checked' errors.

  Example:
  // Specify the `disabled` property at control creation time:
  form = new FormGroup({
    first: new FormControl({value: 'Nancy', disabled: true}, Validators.required),
    last: new FormControl('Drew', Validators.required)
  });

  // Controls can also be enabled/disabled after creation:
  form.get('first')?.enable();
  form.get('last')?.disable();
'
[1A[2K[31mChrome Headless 139.0.0.0 (Windows 10) InputToggleSwitchComponent Form Integration should handle form validation correctly FAILED[39m
	Expected true to be false.
	    at <Jasmine>
	    at UserContext.<anonymous> (spec-input-toggleswitch.component.spec.js:324:39)
	    at _ZoneDelegate.invoke (node_modules/zone.js/fesm2015/zone.js:398:28)
	    at _ProxyZoneSpec.onInvoke (node_modules/zone.js/fesm2015/zone-testing.js:2132:39)
	    at _ZoneDelegate.invoke (node_modules/zone.js/fesm2015/zone.js:397:34)
Chrome Headless 139.0.0.0 (Windows 10): Executed 835 of 1370[31m (239 FAILED)[39m (0 secs / 5.952 secs)
[1A[2KWARN: [36m'
  It looks like you're using the disabled attribute with a reactive form directive. If you set disabled to true
  when you set up this control in your component class, the disabled attribute will actually be set in the DOM for
  you. We recommend using this approach to avoid 'changed after checked' errors.

  Example:
  // Specify the `disabled` property at control creation time:
  form = new FormGroup({
    first: new FormControl({value: 'Nancy', disabled: true}, Validators.required),
    last: new FormControl('Drew', Validators.required)
  });

  // Controls can also be enabled/disabled after creation:
  form.get('first')?.enable();
  form.get('last')?.disable();
'[39m
Chrome Headless 139.0.0.0 (Windows 10): Executed 835 of 1370[31m (239 FAILED)[39m (0 secs / 5.952 secs)
WARN: '
  It looks like you're using the disabled attribute with a reactive form directive. If you set disabled to true
  when you set up this control in your component class, the disabled attribute will actually be set in the DOM for
  you. We recommend using this approach to avoid 'changed after checked' errors.

  Example:
  // Specify the `disabled` property at control creation time:
  form = new FormGroup({
    first: new FormControl({value: 'Nancy', disabled: true}, Validators.required),
    last: new FormControl('Drew', Validators.required)
  });

  // Controls can also be enabled/disabled after creation:
  form.get('first')?.enable();
  form.get('last')?.disable();
'
[1A[2KChrome Headless 139.0.0.0 (Windows 10): Executed 836 of 1370[31m (239 FAILED)[39m (0 secs / 5.959 secs)
[1A[2KWARN: [36m'
  It looks like you're using the disabled attribute with a reactive form directive. If you set disabled to true
  when you set up this control in your component class, the disabled attribute will actually be set in the DOM for
  you. We recommend using this approach to avoid 'changed after checked' errors.

  Example:
  // Specify the `disabled` property at control creation time:
  form = new FormGroup({
    first: new FormControl({value: 'Nancy', disabled: true}, Validators.required),
    last: new FormControl('Drew', Validators.required)
  });

  // Controls can also be enabled/disabled after creation:
  form.get('first')?.enable();
  form.get('last')?.disable();
'[39m
Chrome Headless 139.0.0.0 (Windows 10): Executed 836 of 1370[31m (239 FAILED)[39m (0 secs / 5.959 secs)
WARN: '
  It looks like you're using the disabled attribute with a reactive form directive. If you set disabled to true
  when you set up this control in your component class, the disabled attribute will actually be set in the DOM for
  you. We recommend using this approach to avoid 'changed after checked' errors.

  Example:
  // Specify the `disabled` property at control creation time:
  form = new FormGroup({
    first: new FormControl({value: 'Nancy', disabled: true}, Validators.required),
    last: new FormControl('Drew', Validators.required)
  });

  // Controls can also be enabled/disabled after creation:
  form.get('first')?.enable();
  form.get('last')?.disable();
'
[1A[2K[31mChrome Headless 139.0.0.0 (Windows 10) InputToggleSwitchComponent Form Integration should mark form as touched when input loses focus FAILED[39m
	Expected false to be true.
	    at <Jasmine>
	    at UserContext.<anonymous> (spec-input-toggleswitch.component.spec.js:339:38)
	    at _ZoneDelegate.invoke (node_modules/zone.js/fesm2015/zone.js:398:28)
	    at _ProxyZoneSpec.onInvoke (node_modules/zone.js/fesm2015/zone-testing.js:2132:39)
	    at _ZoneDelegate.invoke (node_modules/zone.js/fesm2015/zone.js:397:34)
Chrome Headless 139.0.0.0 (Windows 10): Executed 837 of 1370[31m (240 FAILED)[39m (0 secs / 5.963 secs)
[1A[2KWARN: [36m'
  It looks like you're using the disabled attribute with a reactive form directive. If you set disabled to true
  when you set up this control in your component class, the disabled attribute will actually be set in the DOM for
  you. We recommend using this approach to avoid 'changed after checked' errors.

  Example:
  // Specify the `disabled` property at control creation time:
  form = new FormGroup({
    first: new FormControl({value: 'Nancy', disabled: true}, Validators.required),
    last: new FormControl('Drew', Validators.required)
  });

  // Controls can also be enabled/disabled after creation:
  form.get('first')?.enable();
  form.get('last')?.disable();
'[39m
Chrome Headless 139.0.0.0 (Windows 10): Executed 837 of 1370[31m (240 FAILED)[39m (0 secs / 5.963 secs)
WARN: '
  It looks like you're using the disabled attribute with a reactive form directive. If you set disabled to true
  when you set up this control in your component class, the disabled attribute will actually be set in the DOM for
  you. We recommend using this approach to avoid 'changed after checked' errors.

  Example:
  // Specify the `disabled` property at control creation time:
  form = new FormGroup({
    first: new FormControl({value: 'Nancy', disabled: true}, Validators.required),
    last: new FormControl('Drew', Validators.required)
  });

  // Controls can also be enabled/disabled after creation:
  form.get('first')?.enable();
  form.get('last')?.disable();
'
[1A[2KChrome Headless 139.0.0.0 (Windows 10): Executed 838 of 1370[31m (240 FAILED)[39m (0 secs / 5.97 secs)
[1A[2KWARN: [36m'
  It looks like you're using the disabled attribute with a reactive form directive. If you set disabled to true
  when you set up this control in your component class, the disabled attribute will actually be set in the DOM for
  you. We recommend using this approach to avoid 'changed after checked' errors.

  Example:
  // Specify the `disabled` property at control creation time:
  form = new FormGroup({
    first: new FormControl({value: 'Nancy', disabled: true}, Validators.required),
    last: new FormControl('Drew', Validators.required)
  });

  // Controls can also be enabled/disabled after creation:
  form.get('first')?.enable();
  form.get('last')?.disable();
'[39m
Chrome Headless 139.0.0.0 (Windows 10): Executed 838 of 1370[31m (240 FAILED)[39m (0 secs / 5.97 secs)
WARN: '
  It looks like you're using the disabled attribute with a reactive form directive. If you set disabled to true
  when you set up this control in your component class, the disabled attribute will actually be set in the DOM for
  you. We recommend using this approach to avoid 'changed after checked' errors.

  Example:
  // Specify the `disabled` property at control creation time:
  form = new FormGroup({
    first: new FormControl({value: 'Nancy', disabled: true}, Validators.required),
    last: new FormControl('Drew', Validators.required)
  });

  // Controls can also be enabled/disabled after creation:
  form.get('first')?.enable();
  form.get('last')?.disable();
'
[1A[2K[31mChrome Headless 139.0.0.0 (Windows 10) InputToggleSwitchComponent Form Integration should initialize with form control value FAILED[39m
	Expected undefined to be true.
	    at <Jasmine>
	    at UserContext.<anonymous> (spec-input-toggleswitch.component.spec.js:319:53)
	    at _ZoneDelegate.invoke (node_modules/zone.js/fesm2015/zone.js:398:28)
	    at _ProxyZoneSpec.onInvoke (node_modules/zone.js/fesm2015/zone-testing.js:2132:39)
	    at _ZoneDelegate.invoke (node_modules/zone.js/fesm2015/zone.js:397:34)
Chrome Headless 139.0.0.0 (Windows 10): Executed 839 of 1370[31m (241 FAILED)[39m (0 secs / 5.975 secs)
[1A[2KWARN: [36m'
  It looks like you're using the disabled attribute with a reactive form directive. If you set disabled to true
  when you set up this control in your component class, the disabled attribute will actually be set in the DOM for
  you. We recommend using this approach to avoid 'changed after checked' errors.

  Example:
  // Specify the `disabled` property at control creation time:
  form = new FormGroup({
    first: new FormControl({value: 'Nancy', disabled: true}, Validators.required),
    last: new FormControl('Drew', Validators.required)
  });

  // Controls can also be enabled/disabled after creation:
  form.get('first')?.enable();
  form.get('last')?.disable();
'[39m
Chrome Headless 139.0.0.0 (Windows 10): Executed 839 of 1370[31m (241 FAILED)[39m (0 secs / 5.975 secs)
WARN: '
  It looks like you're using the disabled attribute with a reactive form directive. If you set disabled to true
  when you set up this control in your component class, the disabled attribute will actually be set in the DOM for
  you. We recommend using this approach to avoid 'changed after checked' errors.

  Example:
  // Specify the `disabled` property at control creation time:
  form = new FormGroup({
    first: new FormControl({value: 'Nancy', disabled: true}, Validators.required),
    last: new FormControl('Drew', Validators.required)
  });

  // Controls can also be enabled/disabled after creation:
  form.get('first')?.enable();
  form.get('last')?.disable();
'
[1A[2KChrome Headless 139.0.0.0 (Windows 10): Executed 840 of 1370[31m (241 FAILED)[39m (0 secs / 5.981 secs)
[1A[2KWARN: [36m'
  It looks like you're using the disabled attribute with a reactive form directive. If you set disabled to true
  when you set up this control in your component class, the disabled attribute will actually be set in the DOM for
  you. We recommend using this approach to avoid 'changed after checked' errors.

  Example:
  // Specify the `disabled` property at control creation time:
  form = new FormGroup({
    first: new FormControl({value: 'Nancy', disabled: true}, Validators.required),
    last: new FormControl('Drew', Validators.required)
  });

  // Controls can also be enabled/disabled after creation:
  form.get('first')?.enable();
  form.get('last')?.disable();
'[39m
Chrome Headless 139.0.0.0 (Windows 10): Executed 840 of 1370[31m (241 FAILED)[39m (0 secs / 5.981 secs)
WARN: '
  It looks like you're using the disabled attribute with a reactive form directive. If you set disabled to true
  when you set up this control in your component class, the disabled attribute will actually be set in the DOM for
  you. We recommend using this approach to avoid 'changed after checked' errors.

  Example:
  // Specify the `disabled` property at control creation time:
  form = new FormGroup({
    first: new FormControl({value: 'Nancy', disabled: true}, Validators.required),
    last: new FormControl('Drew', Validators.required)
  });

  // Controls can also be enabled/disabled after creation:
  form.get('first')?.enable();
  form.get('last')?.disable();
'
[1A[2KChrome Headless 139.0.0.0 (Windows 10): Executed 841 of 1370[31m (241 FAILED)[39m (0 secs / 5.985 secs)
[1A[2KWARN: [36m'
  It looks like you're using the disabled attribute with a reactive form directive. If you set disabled to true
  when you set up this control in your component class, the disabled attribute will actually be set in the DOM for
  you. We recommend using this approach to avoid 'changed after checked' errors.

  Example:
  // Specify the `disabled` property at control creation time:
  form = new FormGroup({
    first: new FormControl({value: 'Nancy', disabled: true}, Validators.required),
    last: new FormControl('Drew', Validators.required)
  });

  // Controls can also be enabled/disabled after creation:
  form.get('first')?.enable();
  form.get('last')?.disable();
'[39m
Chrome Headless 139.0.0.0 (Windows 10): Executed 841 of 1370[31m (241 FAILED)[39m (0 secs / 5.985 secs)
WARN: '
  It looks like you're using the disabled attribute with a reactive form directive. If you set disabled to true
  when you set up this control in your component class, the disabled attribute will actually be set in the DOM for
  you. We recommend using this approach to avoid 'changed after checked' errors.

  Example:
  // Specify the `disabled` property at control creation time:
  form = new FormGroup({
    first: new FormControl({value: 'Nancy', disabled: true}, Validators.required),
    last: new FormControl('Drew', Validators.required)
  });

  // Controls can also be enabled/disabled after creation:
  form.get('first')?.enable();
  form.get('last')?.disable();
'
[1A[2KChrome Headless 139.0.0.0 (Windows 10): Executed 842 of 1370[31m (241 FAILED)[39m (0 secs / 5.989 secs)
[1A[2KWARN: [36m'
  It looks like you're using the disabled attribute with a reactive form directive. If you set disabled to true
  when you set up this control in your component class, the disabled attribute will actually be set in the DOM for
  you. We recommend using this approach to avoid 'changed after checked' errors.

  Example:
  // Specify the `disabled` property at control creation time:
  form = new FormGroup({
    first: new FormControl({value: 'Nancy', disabled: true}, Validators.required),
    last: new FormControl('Drew', Validators.required)
  });

  // Controls can also be enabled/disabled after creation:
  form.get('first')?.enable();
  form.get('last')?.disable();
'[39m
Chrome Headless 139.0.0.0 (Windows 10): Executed 842 of 1370[31m (241 FAILED)[39m (0 secs / 5.989 secs)
WARN: '
  It looks like you're using the disabled attribute with a reactive form directive. If you set disabled to true
  when you set up this control in your component class, the disabled attribute will actually be set in the DOM for
  you. We recommend using this approach to avoid 'changed after checked' errors.

  Example:
  // Specify the `disabled` property at control creation time:
  form = new FormGroup({
    first: new FormControl({value: 'Nancy', disabled: true}, Validators.required),
    last: new FormControl('Drew', Validators.required)
  });

  // Controls can also be enabled/disabled after creation:
  form.get('first')?.enable();
  form.get('last')?.disable();
'
[1A[2KChrome Headless 139.0.0.0 (Windows 10): Executed 843 of 1370[31m (241 FAILED)[39m (0 secs / 5.994 secs)
[1A[2KChrome Headless 139.0.0.0 (Windows 10): Executed 844 of 1370[31m (241 FAILED)[39m (0 secs / 5.999 secs)
[1A[2K[31mChrome Headless 139.0.0.0 (Windows 10) LoadingStateComponent should be a standalone component FAILED[39m
	Expected 'LoadingStateComponent2' to be 'LoadingStateComponent'.
	    at <Jasmine>
	    at UserContext.<anonymous> (spec-loading-state.component.spec.js:194:62)
	    at _ZoneDelegate.invoke (node_modules/zone.js/fesm2015/zone.js:398:28)
	    at _ProxyZoneSpec.onInvoke (node_modules/zone.js/fesm2015/zone-testing.js:2132:39)
	    at _ZoneDelegate.invoke (node_modules/zone.js/fesm2015/zone.js:397:34)
Chrome Headless 139.0.0.0 (Windows 10): Executed 845 of 1370[31m (242 FAILED)[39m (0 secs / 6.001 secs)
[1A[2KChrome Headless 139.0.0.0 (Windows 10): Executed 846 of 1370[31m (242 FAILED)[39m (0 secs / 6.002 secs)
[1A[2KChrome Headless 139.0.0.0 (Windows 10): Executed 847 of 1370[31m (242 FAILED)[39m (0 secs / 6.003 secs)
[1A[2KChrome Headless 139.0.0.0 (Windows 10): Executed 848 of 1370[31m (242 FAILED)[39m (0 secs / 6.004 secs)
[1A[2KChrome Headless 139.0.0.0 (Windows 10): Executed 849 of 1370[31m (242 FAILED)[39m (0 secs / 6.005 secs)
[1A[2KChrome Headless 139.0.0.0 (Windows 10): Executed 850 of 1370[31m (242 FAILED)[39m (0 secs / 6.006 secs)
[1A[2KChrome Headless 139.0.0.0 (Windows 10): Executed 851 of 1370[31m (242 FAILED)[39m (0 secs / 6.007 secs)
[1A[2KChrome Headless 139.0.0.0 (Windows 10): Executed 852 of 1370[31m (242 FAILED)[39m (0 secs / 6.008 secs)
[1A[2KChrome Headless 139.0.0.0 (Windows 10): Executed 853 of 1370[31m (242 FAILED)[39m (0 secs / 6.009 secs)
[1A[2KChrome Headless 139.0.0.0 (Windows 10): Executed 854 of 1370[31m (242 FAILED)[39m (0 secs / 6.01 secs)
[1A[2KChrome Headless 139.0.0.0 (Windows 10): Executed 855 of 1370[31m (242 FAILED)[39m (0 secs / 6.011 secs)
[1A[2KChrome Headless 139.0.0.0 (Windows 10): Executed 856 of 1370[31m (242 FAILED)[39m (0 secs / 6.012 secs)
[1A[2KChrome Headless 139.0.0.0 (Windows 10): Executed 857 of 1370[31m (242 FAILED)[39m (0 secs / 6.014 secs)
[1A[2KChrome Headless 139.0.0.0 (Windows 10): Executed 858 of 1370[31m (242 FAILED)[39m (0 secs / 6.016 secs)
[1A[2KChrome Headless 139.0.0.0 (Windows 10): Executed 859 of 1370[31m (242 FAILED)[39m (0 secs / 6.017 secs)
[1A[2KChrome Headless 139.0.0.0 (Windows 10): Executed 860 of 1370[31m (242 FAILED)[39m (0 secs / 6.019 secs)
[1A[2KChrome Headless 139.0.0.0 (Windows 10): Executed 861 of 1370[31m (242 FAILED)[39m (0 secs / 6.022 secs)
[1A[2KChrome Headless 139.0.0.0 (Windows 10): Executed 862 of 1370[31m (242 FAILED)[39m (0 secs / 6.024 secs)
[1A[2KChrome Headless 139.0.0.0 (Windows 10): Executed 863 of 1370[31m (242 FAILED)[39m (0 secs / 6.026 secs)
[1A[2K[31mChrome Headless 139.0.0.0 (Windows 10) CalendarTimeColumnComponent should apply lunch break styles correctly FAILED[39m
	Expected false to be true.
	    at <Jasmine>
	    at UserContext.<anonymous> (spec-calendar-time-column.component.spec.js:78:71)
	    at _ZoneDelegate.invoke (node_modules/zone.js/fesm2015/zone.js:398:28)
	    at _ProxyZoneSpec.onInvoke (node_modules/zone.js/fesm2015/zone-testing.js:2132:39)
	    at _ZoneDelegate.invoke (node_modules/zone.js/fesm2015/zone.js:397:34)
Chrome Headless 139.0.0.0 (Windows 10): Executed 864 of 1370[31m (243 FAILED)[39m (0 secs / 6.028 secs)
[1A[2KChrome Headless 139.0.0.0 (Windows 10): Executed 865 of 1370[31m (243 FAILED)[39m (0 secs / 6.03 secs)
[1A[2KChrome Headless 139.0.0.0 (Windows 10): Executed 866 of 1370[31m (243 FAILED)[39m (0 secs / 6.031 secs)
[1A[2KChrome Headless 139.0.0.0 (Windows 10): Executed 867 of 1370[31m (243 FAILED)[39m (0 secs / 6.032 secs)
[1A[2KChrome Headless 139.0.0.0 (Windows 10): Executed 868 of 1370[31m (243 FAILED)[39m (0 secs / 6.033 secs)
[1A[2KLOG: [36m'Initializing calendar core service...'[39m
Chrome Headless 139.0.0.0 (Windows 10): Executed 868 of 1370[31m (243 FAILED)[39m (0 secs / 6.033 secs)
LOG: 'Initializing calendar core service...'
[1A[2KChrome Headless 139.0.0.0 (Windows 10): Executed 869 of 1370[31m (243 FAILED)[39m (0 secs / 6.04 secs)
[1A[2KLOG: [36m'Initializing calendar core service...'[39m
Chrome Headless 139.0.0.0 (Windows 10): Executed 869 of 1370[31m (243 FAILED)[39m (0 secs / 6.04 secs)
LOG: 'Initializing calendar core service...'
[1A[2KChrome Headless 139.0.0.0 (Windows 10): Executed 870 of 1370[31m (243 FAILED)[39m (0 secs / 6.043 secs)
[1A[2KLOG: [36m'Initializing calendar core service...'[39m
Chrome Headless 139.0.0.0 (Windows 10): Executed 870 of 1370[31m (243 FAILED)[39m (0 secs / 6.043 secs)
LOG: 'Initializing calendar core service...'
[1A[2KChrome Headless 139.0.0.0 (Windows 10): Executed 871 of 1370[31m (243 FAILED)[39m (0 secs / 6.052 secs)
[1A[2KLOG: [36m'Initializing calendar core service...'[39m
Chrome Headless 139.0.0.0 (Windows 10): Executed 871 of 1370[31m (243 FAILED)[39m (0 secs / 6.052 secs)
LOG: 'Initializing calendar core service...'
[1A[2KChrome Headless 139.0.0.0 (Windows 10): Executed 872 of 1370[31m (243 FAILED)[39m (0 secs / 6.056 secs)
[1A[2KLOG: [36m'Initializing calendar core service...'[39m
Chrome Headless 139.0.0.0 (Windows 10): Executed 872 of 1370[31m (243 FAILED)[39m (0 secs / 6.056 secs)
LOG: 'Initializing calendar core service...'
[1A[2KChrome Headless 139.0.0.0 (Windows 10): Executed 873 of 1370[31m (243 FAILED)[39m (0 secs / 6.061 secs)
[1A[2KLOG: [36m'Initializing calendar core service...'[39m
Chrome Headless 139.0.0.0 (Windows 10): Executed 873 of 1370[31m (243 FAILED)[39m (0 secs / 6.061 secs)
LOG: 'Initializing calendar core service...'
[1A[2KChrome Headless 139.0.0.0 (Windows 10): Executed 874 of 1370[31m (243 FAILED)[39m (0 secs / 6.065 secs)
[1A[2KLOG: [36m'Initializing calendar core service...'[39m
Chrome Headless 139.0.0.0 (Windows 10): Executed 874 of 1370[31m (243 FAILED)[39m (0 secs / 6.065 secs)
LOG: 'Initializing calendar core service...'
[1A[2KChrome Headless 139.0.0.0 (Windows 10): Executed 875 of 1370[31m (243 FAILED)[39m (0 secs / 6.068 secs)
[1A[2KLOG: [36m'Initializing calendar core service...'[39m
Chrome Headless 139.0.0.0 (Windows 10): Executed 875 of 1370[31m (243 FAILED)[39m (0 secs / 6.068 secs)
LOG: 'Initializing calendar core service...'
[1A[2KChrome Headless 139.0.0.0 (Windows 10): Executed 876 of 1370[31m (243 FAILED)[39m (0 secs / 6.07 secs)
[1A[2KLOG: [36m'Initializing calendar core service...'[39m
Chrome Headless 139.0.0.0 (Windows 10): Executed 876 of 1370[31m (243 FAILED)[39m (0 secs / 6.07 secs)
LOG: 'Initializing calendar core service...'
[1A[2KChrome Headless 139.0.0.0 (Windows 10): Executed 877 of 1370[31m (243 FAILED)[39m (0 secs / 6.075 secs)
[1A[2KLOG: [36m'Initializing calendar core service...'[39m
Chrome Headless 139.0.0.0 (Windows 10): Executed 877 of 1370[31m (243 FAILED)[39m (0 secs / 6.075 secs)
LOG: 'Initializing calendar core service...'
[1A[2KChrome Headless 139.0.0.0 (Windows 10): Executed 878 of 1370[31m (243 FAILED)[39m (0 secs / 6.079 secs)
[1A[2KERROR: [36m'Error carregant par├ámetres del sistema:', FirebaseError: [code=invalid-argument]: Expected first argument to collection() to be a CollectionReference, a DocumentReference or FirebaseFirestore
FirebaseError: Expected first argument to collection() to be a CollectionReference, a DocumentReference or FirebaseFirestore[39m
Chrome Headless 139.0.0.0 (Windows 10): Executed 878 of 1370[31m (243 FAILED)[39m (0 secs / 6.079 secs)
ERROR: 'Error carregant par├ámetres del sistema:', FirebaseError: [code=invalid-argument]: Expected first argument to collection() to be a CollectionReference, a DocumentReference or FirebaseFirestore
FirebaseError: Expected first argument to collection() to be a CollectionReference, a DocumentReference or FirebaseFirestore
[1A[2KERROR: [36m'2025-08-25T14:21:47.050Z ERROR MEDIUM [FirebaseServicesService].loadServices  Expected first argument to collection() to be a CollectionReference, a DocumentReference or FirebaseFirestore'[39m
Chrome Headless 139.0.0.0 (Windows 10): Executed 878 of 1370[31m (243 FAILED)[39m (0 secs / 6.079 secs)
ERROR: '2025-08-25T14:21:47.050Z ERROR MEDIUM [FirebaseServicesService].loadServices  Expected first argument to collection() to be a CollectionReference, a DocumentReference or FirebaseFirestore'
[1A[2KERROR: [36m'Error Stack:', 'FirebaseError: Expected first argument to collection() to be a CollectionReference, a DocumentReference or FirebaseFirestore'[39m
Chrome Headless 139.0.0.0 (Windows 10): Executed 878 of 1370[31m (243 FAILED)[39m (0 secs / 6.079 secs)
ERROR: 'Error Stack:', 'FirebaseError: Expected first argument to collection() to be a CollectionReference, a DocumentReference or FirebaseFirestore'
[1A[2KERROR: [36m'Error Context:', Object{timestamp: '2025-08-25T14:21:47.050Z', component: 'FirebaseServicesService', method: 'loadServices', data: '{"operation":"loadServices","firebaseError":true}'}[39m
Chrome Headless 139.0.0.0 (Windows 10): Executed 878 of 1370[31m (243 FAILED)[39m (0 secs / 6.079 secs)
ERROR: 'Error Context:', Object{timestamp: '2025-08-25T14:21:47.050Z', component: 'FirebaseServicesService', method: 'loadServices', data: '{"operation":"loadServices","firebaseError":true}'}
[1A[2KERROR: [36m'2025-08-25T14:21:47.050Z ERROR MEDIUM [FirebaseServicesService].loadCustomCategories  Expected first argument to collection() to be a CollectionReference, a DocumentReference or FirebaseFirestore'[39m
Chrome Headless 139.0.0.0 (Windows 10): Executed 878 of 1370[31m (243 FAILED)[39m (0 secs / 6.079 secs)
ERROR: '2025-08-25T14:21:47.050Z ERROR MEDIUM [FirebaseServicesService].loadCustomCategories  Expected first argument to collection() to be a CollectionReference, a DocumentReference or FirebaseFirestore'
[1A[2KERROR: [36m'Error Stack:', 'FirebaseError: Expected first argument to collection() to be a CollectionReference, a DocumentReference or FirebaseFirestore'[39m
Chrome Headless 139.0.0.0 (Windows 10): Executed 878 of 1370[31m (243 FAILED)[39m (0 secs / 6.079 secs)
ERROR: 'Error Stack:', 'FirebaseError: Expected first argument to collection() to be a CollectionReference, a DocumentReference or FirebaseFirestore'
[1A[2KERROR: [36m'Error Context:', Object{timestamp: '2025-08-25T14:21:47.050Z', component: 'FirebaseServicesService', method: 'loadCustomCategories', data: '{"operation":"loadCustomCategories","firebaseError":true}'}[39m
Chrome Headless 139.0.0.0 (Windows 10): Executed 878 of 1370[31m (243 FAILED)[39m (0 secs / 6.079 secs)
ERROR: 'Error Context:', Object{timestamp: '2025-08-25T14:21:47.050Z', component: 'FirebaseServicesService', method: 'loadCustomCategories', data: '{"operation":"loadCustomCategories","firebaseError":true}'}
[1A[2K[31mChrome Headless 139.0.0.0 (Windows 10) AppointmentDetailPopupComponent should create FAILED[39m
	TypeError: Cannot read properties of undefined (reading 'subscribe')
	    at new _ConfirmDialog (node_modules/primeng/fesm2022/primeng-confirmdialog.mjs:322:75)
	    at NodeInjectorFactory._ConfirmDialog_Factory [as factory] (ng:///_ConfirmDialog/╔Áfac.js:4:10)
	    at getNodeInjectable (node_modules/@angular/core/fesm2022/debug_node.mjs:1989:44)
	    at instantiateAllDirectives (node_modules/@angular/core/fesm2022/debug_node.mjs:8170:27)
	    at createDirectivesInstances (node_modules/@angular/core/fesm2022/debug_node.mjs:7943:5)
	    at ╔Á╔ÁelementStart (node_modules/@angular/core/fesm2022/debug_node.mjs:22419:9)
	    at PopupDialogComponent2_Template (ng:///PopupDialogComponent2.js:64:9)
	    at executeTemplate (node_modules/@angular/core/fesm2022/debug_node.mjs:7929:9)
	    at renderView (node_modules/@angular/core/fesm2022/debug_node.mjs:8545:13)
	    at renderComponent (node_modules/@angular/core/fesm2022/debug_node.mjs:8490:5)
Chrome Headless 139.0.0.0 (Windows 10): Executed 879 of 1370[31m (244 FAILED)[39m (0 secs / 6.083 secs)
[1A[2KERROR: [36m'2025-08-25T14:21:47.051Z ERROR MEDIUM [BookingService].loadBookings  Expected first argument to collection() to be a CollectionReference, a DocumentReference or FirebaseFirestore'[39m
Chrome Headless 139.0.0.0 (Windows 10): Executed 879 of 1370[31m (244 FAILED)[39m (0 secs / 6.083 secs)
ERROR: '2025-08-25T14:21:47.051Z ERROR MEDIUM [BookingService].loadBookings  Expected first argument to collection() to be a CollectionReference, a DocumentReference or FirebaseFirestore'
[1A[2KERROR: [36m'Error Stack:', 'FirebaseError: Expected first argument to collection() to be a CollectionReference, a DocumentReference or FirebaseFirestore'[39m
Chrome Headless 139.0.0.0 (Windows 10): Executed 879 of 1370[31m (244 FAILED)[39m (0 secs / 6.083 secs)
ERROR: 'Error Stack:', 'FirebaseError: Expected first argument to collection() to be a CollectionReference, a DocumentReference or FirebaseFirestore'
[1A[2KERROR: [36m'Error Context:', Object{timestamp: '2025-08-25T14:21:47.051Z', component: 'BookingService', method: 'loadBookings', data: '{"operation":"loadBookings","firebaseError":true}'}[39m
Chrome Headless 139.0.0.0 (Windows 10): Executed 879 of 1370[31m (244 FAILED)[39m (0 secs / 6.083 secs)
ERROR: 'Error Context:', Object{timestamp: '2025-08-25T14:21:47.051Z', component: 'BookingService', method: 'loadBookings', data: '{"operation":"loadBookings","firebaseError":true}'}
[1A[2KERROR: [36m'Error carregant par├ámetres del sistema:', FirebaseError: [code=invalid-argument]: Expected first argument to collection() to be a CollectionReference, a DocumentReference or FirebaseFirestore
FirebaseError: Expected first argument to collection() to be a CollectionReference, a DocumentReference or FirebaseFirestore[39m
Chrome Headless 139.0.0.0 (Windows 10): Executed 879 of 1370[31m (244 FAILED)[39m (0 secs / 6.083 secs)
ERROR: 'Error carregant par├ámetres del sistema:', FirebaseError: [code=invalid-argument]: Expected first argument to collection() to be a CollectionReference, a DocumentReference or FirebaseFirestore
FirebaseError: Expected first argument to collection() to be a CollectionReference, a DocumentReference or FirebaseFirestore
[1A[2KERROR: [36m'2025-08-25T14:21:47.056Z ERROR MEDIUM [FirebaseServicesService].loadServices  Expected first argument to collection() to be a CollectionReference, a DocumentReference or FirebaseFirestore'[39m
Chrome Headless 139.0.0.0 (Windows 10): Executed 879 of 1370[31m (244 FAILED)[39m (0 secs / 6.083 secs)
ERROR: '2025-08-25T14:21:47.056Z ERROR MEDIUM [FirebaseServicesService].loadServices  Expected first argument to collection() to be a CollectionReference, a DocumentReference or FirebaseFirestore'
[1A[2KERROR: [36m'Error Stack:', 'FirebaseError: Expected first argument to collection() to be a CollectionReference, a DocumentReference or FirebaseFirestore'[39m
Chrome Headless 139.0.0.0 (Windows 10): Executed 879 of 1370[31m (244 FAILED)[39m (0 secs / 6.083 secs)
ERROR: 'Error Stack:', 'FirebaseError: Expected first argument to collection() to be a CollectionReference, a DocumentReference or FirebaseFirestore'
[1A[2KERROR: [36m'Error Context:', Object{timestamp: '2025-08-25T14:21:47.056Z', component: 'FirebaseServicesService', method: 'loadServices', data: '{"operation":"loadServices","firebaseError":true}'}[39m
Chrome Headless 139.0.0.0 (Windows 10): Executed 879 of 1370[31m (244 FAILED)[39m (0 secs / 6.083 secs)
ERROR: 'Error Context:', Object{timestamp: '2025-08-25T14:21:47.056Z', component: 'FirebaseServicesService', method: 'loadServices', data: '{"operation":"loadServices","firebaseError":true}'}
[1A[2KERROR: [36m'2025-08-25T14:21:47.056Z ERROR MEDIUM [FirebaseServicesService].loadCustomCategories  Expected first argument to collection() to be a CollectionReference, a DocumentReference or FirebaseFirestore'[39m
Chrome Headless 139.0.0.0 (Windows 10): Executed 879 of 1370[31m (244 FAILED)[39m (0 secs / 6.083 secs)
ERROR: '2025-08-25T14:21:47.056Z ERROR MEDIUM [FirebaseServicesService].loadCustomCategories  Expected first argument to collection() to be a CollectionReference, a DocumentReference or FirebaseFirestore'
[1A[2KERROR: [36m'Error Stack:', 'FirebaseError: Expected first argument to collection() to be a CollectionReference, a DocumentReference or FirebaseFirestore'[39m
Chrome Headless 139.0.0.0 (Windows 10): Executed 879 of 1370[31m (244 FAILED)[39m (0 secs / 6.083 secs)
ERROR: 'Error Stack:', 'FirebaseError: Expected first argument to collection() to be a CollectionReference, a DocumentReference or FirebaseFirestore'
[1A[2KERROR: [36m'Error Context:', Object{timestamp: '2025-08-25T14:21:47.056Z', component: 'FirebaseServicesService', method: 'loadCustomCategories', data: '{"operation":"loadCustomCategories","firebaseError":true}'}[39m
Chrome Headless 139.0.0.0 (Windows 10): Executed 879 of 1370[31m (244 FAILED)[39m (0 secs / 6.083 secs)
ERROR: 'Error Context:', Object{timestamp: '2025-08-25T14:21:47.056Z', component: 'FirebaseServicesService', method: 'loadCustomCategories', data: '{"operation":"loadCustomCategories","firebaseError":true}'}
[1A[2K[31mChrome Headless 139.0.0.0 (Windows 10) AppointmentDetailPopupComponent should format date correctly FAILED[39m
	TypeError: Cannot read properties of undefined (reading 'subscribe')
	    at new _ConfirmDialog (node_modules/primeng/fesm2022/primeng-confirmdialog.mjs:322:75)
	    at NodeInjectorFactory._ConfirmDialog_Factory [as factory] (ng:///_ConfirmDialog/╔Áfac.js:4:10)
	    at getNodeInjectable (node_modules/@angular/core/fesm2022/debug_node.mjs:1989:44)
	    at instantiateAllDirectives (node_modules/@angular/core/fesm2022/debug_node.mjs:8170:27)
	    at createDirectivesInstances (node_modules/@angular/core/fesm2022/debug_node.mjs:7943:5)
	    at ╔Á╔ÁelementStart (node_modules/@angular/core/fesm2022/debug_node.mjs:22419:9)
	    at PopupDialogComponent2_Template (ng:///PopupDialogComponent2.js:64:9)
	    at executeTemplate (node_modules/@angular/core/fesm2022/debug_node.mjs:7929:9)
	    at renderView (node_modules/@angular/core/fesm2022/debug_node.mjs:8545:13)
	    at renderComponent (node_modules/@angular/core/fesm2022/debug_node.mjs:8490:5)
Chrome Headless 139.0.0.0 (Windows 10): Executed 880 of 1370[31m (245 FAILED)[39m (0 secs / 6.087 secs)
[1A[2KERROR: [36m'2025-08-25T14:21:47.057Z ERROR MEDIUM [BookingService].loadBookings  Expected first argument to collection() to be a CollectionReference, a DocumentReference or FirebaseFirestore'[39m
Chrome Headless 139.0.0.0 (Windows 10): Executed 880 of 1370[31m (245 FAILED)[39m (0 secs / 6.087 secs)
ERROR: '2025-08-25T14:21:47.057Z ERROR MEDIUM [BookingService].loadBookings  Expected first argument to collection() to be a CollectionReference, a DocumentReference or FirebaseFirestore'
[1A[2KERROR: [36m'Error Stack:', 'FirebaseError: Expected first argument to collection() to be a CollectionReference, a DocumentReference or FirebaseFirestore'[39m
Chrome Headless 139.0.0.0 (Windows 10): Executed 880 of 1370[31m (245 FAILED)[39m (0 secs / 6.087 secs)
ERROR: 'Error Stack:', 'FirebaseError: Expected first argument to collection() to be a CollectionReference, a DocumentReference or FirebaseFirestore'
[1A[2KERROR: [36m'Error Context:', Object{timestamp: '2025-08-25T14:21:47.057Z', component: 'BookingService', method: 'loadBookings', data: '{"operation":"loadBookings","firebaseError":true}'}[39m
Chrome Headless 139.0.0.0 (Windows 10): Executed 880 of 1370[31m (245 FAILED)[39m (0 secs / 6.087 secs)
ERROR: 'Error Context:', Object{timestamp: '2025-08-25T14:21:47.057Z', component: 'BookingService', method: 'loadBookings', data: '{"operation":"loadBookings","firebaseError":true}'}
[1A[2KERROR: [36m'Error carregant par├ámetres del sistema:', FirebaseError: [code=invalid-argument]: Expected first argument to collection() to be a CollectionReference, a DocumentReference or FirebaseFirestore
FirebaseError: Expected first argument to collection() to be a CollectionReference, a DocumentReference or FirebaseFirestore[39m
Chrome Headless 139.0.0.0 (Windows 10): Executed 880 of 1370[31m (245 FAILED)[39m (0 secs / 6.087 secs)
ERROR: 'Error carregant par├ámetres del sistema:', FirebaseError: [code=invalid-argument]: Expected first argument to collection() to be a CollectionReference, a DocumentReference or FirebaseFirestore
FirebaseError: Expected first argument to collection() to be a CollectionReference, a DocumentReference or FirebaseFirestore
[1A[2KERROR: [36m'2025-08-25T14:21:47.064Z ERROR MEDIUM [FirebaseServicesService].loadServices  Expected first argument to collection() to be a CollectionReference, a DocumentReference or FirebaseFirestore'[39m
Chrome Headless 139.0.0.0 (Windows 10): Executed 880 of 1370[31m (245 FAILED)[39m (0 secs / 6.087 secs)
ERROR: '2025-08-25T14:21:47.064Z ERROR MEDIUM [FirebaseServicesService].loadServices  Expected first argument to collection() to be a CollectionReference, a DocumentReference or FirebaseFirestore'
[1A[2KERROR: [36m'Error Stack:', 'FirebaseError: Expected first argument to collection() to be a CollectionReference, a DocumentReference or FirebaseFirestore'[39m
Chrome Headless 139.0.0.0 (Windows 10): Executed 880 of 1370[31m (245 FAILED)[39m (0 secs / 6.087 secs)
ERROR: 'Error Stack:', 'FirebaseError: Expected first argument to collection() to be a CollectionReference, a DocumentReference or FirebaseFirestore'
[1A[2KERROR: [36m'Error Context:', Object{timestamp: '2025-08-25T14:21:47.064Z', component: 'FirebaseServicesService', method: 'loadServices', data: '{"operation":"loadServices","firebaseError":true}'}[39m
Chrome Headless 139.0.0.0 (Windows 10): Executed 880 of 1370[31m (245 FAILED)[39m (0 secs / 6.087 secs)
ERROR: 'Error Context:', Object{timestamp: '2025-08-25T14:21:47.064Z', component: 'FirebaseServicesService', method: 'loadServices', data: '{"operation":"loadServices","firebaseError":true}'}
[1A[2KERROR: [36m'2025-08-25T14:21:47.064Z ERROR MEDIUM [FirebaseServicesService].loadCustomCategories  Expected first argument to collection() to be a CollectionReference, a DocumentReference or FirebaseFirestore'[39m
Chrome Headless 139.0.0.0 (Windows 10): Executed 880 of 1370[31m (245 FAILED)[39m (0 secs / 6.087 secs)
ERROR: '2025-08-25T14:21:47.064Z ERROR MEDIUM [FirebaseServicesService].loadCustomCategories  Expected first argument to collection() to be a CollectionReference, a DocumentReference or FirebaseFirestore'
[1A[2KERROR: [36m'Error Stack:', 'FirebaseError: Expected first argument to collection() to be a CollectionReference, a DocumentReference or FirebaseFirestore'[39m
Chrome Headless 139.0.0.0 (Windows 10): Executed 880 of 1370[31m (245 FAILED)[39m (0 secs / 6.087 secs)
ERROR: 'Error Stack:', 'FirebaseError: Expected first argument to collection() to be a CollectionReference, a DocumentReference or FirebaseFirestore'
[1A[2KERROR: [36m'Error Context:', Object{timestamp: '2025-08-25T14:21:47.064Z', component: 'FirebaseServicesService', method: 'loadCustomCategories', data: '{"operation":"loadCustomCategories","firebaseError":true}'}[39m
Chrome Headless 139.0.0.0 (Windows 10): Executed 880 of 1370[31m (245 FAILED)[39m (0 secs / 6.087 secs)
ERROR: 'Error Context:', Object{timestamp: '2025-08-25T14:21:47.064Z', component: 'FirebaseServicesService', method: 'loadCustomCategories', data: '{"operation":"loadCustomCategories","firebaseError":true}'}
[1A[2K[31mChrome Headless 139.0.0.0 (Windows 10) AppointmentDetailPopupComponent should have required input signals FAILED[39m
	TypeError: Cannot read properties of undefined (reading 'subscribe')
	    at new _ConfirmDialog (node_modules/primeng/fesm2022/primeng-confirmdialog.mjs:322:75)
	    at NodeInjectorFactory._ConfirmDialog_Factory [as factory] (ng:///_ConfirmDialog/╔Áfac.js:4:10)
	    at getNodeInjectable (node_modules/@angular/core/fesm2022/debug_node.mjs:1989:44)
	    at instantiateAllDirectives (node_modules/@angular/core/fesm2022/debug_node.mjs:8170:27)
	    at createDirectivesInstances (node_modules/@angular/core/fesm2022/debug_node.mjs:7943:5)
	    at ╔Á╔ÁelementStart (node_modules/@angular/core/fesm2022/debug_node.mjs:22419:9)
	    at PopupDialogComponent2_Template (ng:///PopupDialogComponent2.js:64:9)
	    at executeTemplate (node_modules/@angular/core/fesm2022/debug_node.mjs:7929:9)
	    at renderView (node_modules/@angular/core/fesm2022/debug_node.mjs:8545:13)
	    at renderComponent (node_modules/@angular/core/fesm2022/debug_node.mjs:8490:5)
Chrome Headless 139.0.0.0 (Windows 10): Executed 881 of 1370[31m (246 FAILED)[39m (0 secs / 6.091 secs)
[1A[2KERROR: [36m'2025-08-25T14:21:47.065Z ERROR MEDIUM [BookingService].loadBookings  Expected first argument to collection() to be a CollectionReference, a DocumentReference or FirebaseFirestore'[39m
Chrome Headless 139.0.0.0 (Windows 10): Executed 881 of 1370[31m (246 FAILED)[39m (0 secs / 6.091 secs)
ERROR: '2025-08-25T14:21:47.065Z ERROR MEDIUM [BookingService].loadBookings  Expected first argument to collection() to be a CollectionReference, a DocumentReference or FirebaseFirestore'
[1A[2KERROR: [36m'Error Stack:', 'FirebaseError: Expected first argument to collection() to be a CollectionReference, a DocumentReference or FirebaseFirestore'[39m
Chrome Headless 139.0.0.0 (Windows 10): Executed 881 of 1370[31m (246 FAILED)[39m (0 secs / 6.091 secs)
ERROR: 'Error Stack:', 'FirebaseError: Expected first argument to collection() to be a CollectionReference, a DocumentReference or FirebaseFirestore'
[1A[2KERROR: [36m'Error Context:', Object{timestamp: '2025-08-25T14:21:47.065Z', component: 'BookingService', method: 'loadBookings', data: '{"operation":"loadBookings","firebaseError":true}'}[39m
Chrome Headless 139.0.0.0 (Windows 10): Executed 881 of 1370[31m (246 FAILED)[39m (0 secs / 6.091 secs)
ERROR: 'Error Context:', Object{timestamp: '2025-08-25T14:21:47.065Z', component: 'BookingService', method: 'loadBookings', data: '{"operation":"loadBookings","firebaseError":true}'}
[1A[2KERROR: [36m'Error carregant par├ámetres del sistema:', FirebaseError: [code=invalid-argument]: Expected first argument to collection() to be a CollectionReference, a DocumentReference or FirebaseFirestore
FirebaseError: Expected first argument to collection() to be a CollectionReference, a DocumentReference or FirebaseFirestore[39m
Chrome Headless 139.0.0.0 (Windows 10): Executed 881 of 1370[31m (246 FAILED)[39m (0 secs / 6.091 secs)
ERROR: 'Error carregant par├ámetres del sistema:', FirebaseError: [code=invalid-argument]: Expected first argument to collection() to be a CollectionReference, a DocumentReference or FirebaseFirestore
FirebaseError: Expected first argument to collection() to be a CollectionReference, a DocumentReference or FirebaseFirestore
[1A[2KERROR: [36m'2025-08-25T14:21:47.071Z ERROR MEDIUM [FirebaseServicesService].loadServices  Expected first argument to collection() to be a CollectionReference, a DocumentReference or FirebaseFirestore'[39m
Chrome Headless 139.0.0.0 (Windows 10): Executed 881 of 1370[31m (246 FAILED)[39m (0 secs / 6.091 secs)
ERROR: '2025-08-25T14:21:47.071Z ERROR MEDIUM [FirebaseServicesService].loadServices  Expected first argument to collection() to be a CollectionReference, a DocumentReference or FirebaseFirestore'
[1A[2KERROR: [36m'Error Stack:', 'FirebaseError: Expected first argument to collection() to be a CollectionReference, a DocumentReference or FirebaseFirestore'[39m
Chrome Headless 139.0.0.0 (Windows 10): Executed 881 of 1370[31m (246 FAILED)[39m (0 secs / 6.091 secs)
ERROR: 'Error Stack:', 'FirebaseError: Expected first argument to collection() to be a CollectionReference, a DocumentReference or FirebaseFirestore'
[1A[2KERROR: [36m'Error Context:', Object{timestamp: '2025-08-25T14:21:47.071Z', component: 'FirebaseServicesService', method: 'loadServices', data: '{"operation":"loadServices","firebaseError":true}'}[39m
Chrome Headless 139.0.0.0 (Windows 10): Executed 881 of 1370[31m (246 FAILED)[39m (0 secs / 6.091 secs)
ERROR: 'Error Context:', Object{timestamp: '2025-08-25T14:21:47.071Z', component: 'FirebaseServicesService', method: 'loadServices', data: '{"operation":"loadServices","firebaseError":true}'}
[1A[2KERROR: [36m'2025-08-25T14:21:47.072Z ERROR MEDIUM [FirebaseServicesService].loadCustomCategories  Expected first argument to collection() to be a CollectionReference, a DocumentReference or FirebaseFirestore'[39m
Chrome Headless 139.0.0.0 (Windows 10): Executed 881 of 1370[31m (246 FAILED)[39m (0 secs / 6.091 secs)
ERROR: '2025-08-25T14:21:47.072Z ERROR MEDIUM [FirebaseServicesService].loadCustomCategories  Expected first argument to collection() to be a CollectionReference, a DocumentReference or FirebaseFirestore'
[1A[2KERROR: [36m'Error Stack:', 'FirebaseError: Expected first argument to collection() to be a CollectionReference, a DocumentReference or FirebaseFirestore'[39m
Chrome Headless 139.0.0.0 (Windows 10): Executed 881 of 1370[31m (246 FAILED)[39m (0 secs / 6.091 secs)
ERROR: 'Error Stack:', 'FirebaseError: Expected first argument to collection() to be a CollectionReference, a DocumentReference or FirebaseFirestore'
[1A[2KERROR: [36m'Error Context:', Object{timestamp: '2025-08-25T14:21:47.072Z', component: 'FirebaseServicesService', method: 'loadCustomCategories', data: '{"operation":"loadCustomCategories","firebaseError":true}'}[39m
Chrome Headless 139.0.0.0 (Windows 10): Executed 881 of 1370[31m (246 FAILED)[39m (0 secs / 6.091 secs)
ERROR: 'Error Context:', Object{timestamp: '2025-08-25T14:21:47.072Z', component: 'FirebaseServicesService', method: 'loadCustomCategories', data: '{"operation":"loadCustomCategories","firebaseError":true}'}
[1A[2K[31mChrome Headless 139.0.0.0 (Windows 10) AppointmentDetailPopupComponent should format time correctly FAILED[39m
	TypeError: Cannot read properties of undefined (reading 'subscribe')
	    at new _ConfirmDialog (node_modules/primeng/fesm2022/primeng-confirmdialog.mjs:322:75)
	    at NodeInjectorFactory._ConfirmDialog_Factory [as factory] (ng:///_ConfirmDialog/╔Áfac.js:4:10)
	    at getNodeInjectable (node_modules/@angular/core/fesm2022/debug_node.mjs:1989:44)
	    at instantiateAllDirectives (node_modules/@angular/core/fesm2022/debug_node.mjs:8170:27)
	    at createDirectivesInstances (node_modules/@angular/core/fesm2022/debug_node.mjs:7943:5)
	    at ╔Á╔ÁelementStart (node_modules/@angular/core/fesm2022/debug_node.mjs:22419:9)
	    at PopupDialogComponent2_Template (ng:///PopupDialogComponent2.js:64:9)
	    at executeTemplate (node_modules/@angular/core/fesm2022/debug_node.mjs:7929:9)
	    at renderView (node_modules/@angular/core/fesm2022/debug_node.mjs:8545:13)
	    at renderComponent (node_modules/@angular/core/fesm2022/debug_node.mjs:8490:5)
Chrome Headless 139.0.0.0 (Windows 10): Executed 882 of 1370[31m (247 FAILED)[39m (0 secs / 6.098 secs)
[1A[2KERROR: [36m'2025-08-25T14:21:47.074Z ERROR MEDIUM [BookingService].loadBookings  Expected first argument to collection() to be a CollectionReference, a DocumentReference or FirebaseFirestore'[39m
Chrome Headless 139.0.0.0 (Windows 10): Executed 882 of 1370[31m (247 FAILED)[39m (0 secs / 6.098 secs)
ERROR: '2025-08-25T14:21:47.074Z ERROR MEDIUM [BookingService].loadBookings  Expected first argument to collection() to be a CollectionReference, a DocumentReference or FirebaseFirestore'
[1A[2KERROR: [36m'Error Stack:', 'FirebaseError: Expected first argument to collection() to be a CollectionReference, a DocumentReference or FirebaseFirestore'[39m
Chrome Headless 139.0.0.0 (Windows 10): Executed 882 of 1370[31m (247 FAILED)[39m (0 secs / 6.098 secs)
ERROR: 'Error Stack:', 'FirebaseError: Expected first argument to collection() to be a CollectionReference, a DocumentReference or FirebaseFirestore'
[1A[2KERROR: [36m'Error Context:', Object{timestamp: '2025-08-25T14:21:47.074Z', component: 'BookingService', method: 'loadBookings', data: '{"operation":"loadBookings","firebaseError":true}'}[39m
Chrome Headless 139.0.0.0 (Windows 10): Executed 882 of 1370[31m (247 FAILED)[39m (0 secs / 6.098 secs)
ERROR: 'Error Context:', Object{timestamp: '2025-08-25T14:21:47.074Z', component: 'BookingService', method: 'loadBookings', data: '{"operation":"loadBookings","firebaseError":true}'}
[1A[2KERROR: [36m'Error carregant par├ámetres del sistema:', FirebaseError: [code=invalid-argument]: Expected first argument to collection() to be a CollectionReference, a DocumentReference or FirebaseFirestore
FirebaseError: Expected first argument to collection() to be a CollectionReference, a DocumentReference or FirebaseFirestore[39m
Chrome Headless 139.0.0.0 (Windows 10): Executed 882 of 1370[31m (247 FAILED)[39m (0 secs / 6.098 secs)
ERROR: 'Error carregant par├ámetres del sistema:', FirebaseError: [code=invalid-argument]: Expected first argument to collection() to be a CollectionReference, a DocumentReference or FirebaseFirestore
FirebaseError: Expected first argument to collection() to be a CollectionReference, a DocumentReference or FirebaseFirestore
[1A[2KERROR: [36m'2025-08-25T14:21:47.082Z ERROR MEDIUM [FirebaseServicesService].loadServices  Expected first argument to collection() to be a CollectionReference, a DocumentReference or FirebaseFirestore'[39m
Chrome Headless 139.0.0.0 (Windows 10): Executed 882 of 1370[31m (247 FAILED)[39m (0 secs / 6.098 secs)
ERROR: '2025-08-25T14:21:47.082Z ERROR MEDIUM [FirebaseServicesService].loadServices  Expected first argument to collection() to be a CollectionReference, a DocumentReference or FirebaseFirestore'
[1A[2KERROR: [36m'Error Stack:', 'FirebaseError: Expected first argument to collection() to be a CollectionReference, a DocumentReference or FirebaseFirestore'[39m
Chrome Headless 139.0.0.0 (Windows 10): Executed 882 of 1370[31m (247 FAILED)[39m (0 secs / 6.098 secs)
ERROR: 'Error Stack:', 'FirebaseError: Expected first argument to collection() to be a CollectionReference, a DocumentReference or FirebaseFirestore'
[1A[2KERROR: [36m'Error Context:', Object{timestamp: '2025-08-25T14:21:47.082Z', component: 'FirebaseServicesService', method: 'loadServices', data: '{"operation":"loadServices","firebaseError":true}'}[39m
Chrome Headless 139.0.0.0 (Windows 10): Executed 882 of 1370[31m (247 FAILED)[39m (0 secs / 6.098 secs)
ERROR: 'Error Context:', Object{timestamp: '2025-08-25T14:21:47.082Z', component: 'FirebaseServicesService', method: 'loadServices', data: '{"operation":"loadServices","firebaseError":true}'}
[1A[2KERROR: [36m'2025-08-25T14:21:47.082Z ERROR MEDIUM [FirebaseServicesService].loadCustomCategories  Expected first argument to collection() to be a CollectionReference, a DocumentReference or FirebaseFirestore'[39m
Chrome Headless 139.0.0.0 (Windows 10): Executed 882 of 1370[31m (247 FAILED)[39m (0 secs / 6.098 secs)
ERROR: '2025-08-25T14:21:47.082Z ERROR MEDIUM [FirebaseServicesService].loadCustomCategories  Expected first argument to collection() to be a CollectionReference, a DocumentReference or FirebaseFirestore'
[1A[2KERROR: [36m'Error Stack:', 'FirebaseError: Expected first argument to collection() to be a CollectionReference, a DocumentReference or FirebaseFirestore'[39m
Chrome Headless 139.0.0.0 (Windows 10): Executed 882 of 1370[31m (247 FAILED)[39m (0 secs / 6.098 secs)
ERROR: 'Error Stack:', 'FirebaseError: Expected first argument to collection() to be a CollectionReference, a DocumentReference or FirebaseFirestore'
[1A[2KERROR: [36m'Error Context:', Object{timestamp: '2025-08-25T14:21:47.082Z', component: 'FirebaseServicesService', method: 'loadCustomCategories', data: '{"operation":"loadCustomCategories","firebaseError":true}'}[39m
Chrome Headless 139.0.0.0 (Windows 10): Executed 882 of 1370[31m (247 FAILED)[39m (0 secs / 6.098 secs)
ERROR: 'Error Context:', Object{timestamp: '2025-08-25T14:21:47.082Z', component: 'FirebaseServicesService', method: 'loadCustomCategories', data: '{"operation":"loadCustomCategories","firebaseError":true}'}
[1A[2K[31mChrome Headless 139.0.0.0 (Windows 10) AppointmentDetailPopupComponent should have computed properties FAILED[39m
	TypeError: Cannot read properties of undefined (reading 'subscribe')
	    at new _ConfirmDialog (node_modules/primeng/fesm2022/primeng-confirmdialog.mjs:322:75)
	    at NodeInjectorFactory._ConfirmDialog_Factory [as factory] (ng:///_ConfirmDialog/╔Áfac.js:4:10)
	    at getNodeInjectable (node_modules/@angular/core/fesm2022/debug_node.mjs:1989:44)
	    at instantiateAllDirectives (node_modules/@angular/core/fesm2022/debug_node.mjs:8170:27)
	    at createDirectivesInstances (node_modules/@angular/core/fesm2022/debug_node.mjs:7943:5)
	    at ╔Á╔ÁelementStart (node_modules/@angular/core/fesm2022/debug_node.mjs:22419:9)
	    at PopupDialogComponent2_Template (ng:///PopupDialogComponent2.js:64:9)
	    at executeTemplate (node_modules/@angular/core/fesm2022/debug_node.mjs:7929:9)
	    at renderView (node_modules/@angular/core/fesm2022/debug_node.mjs:8545:13)
	    at renderComponent (node_modules/@angular/core/fesm2022/debug_node.mjs:8490:5)
Chrome Headless 139.0.0.0 (Windows 10): Executed 883 of 1370[31m (248 FAILED)[39m (0 secs / 6.103 secs)
[1A[2KERROR: [36m'2025-08-25T14:21:47.083Z ERROR MEDIUM [BookingService].loadBookings  Expected first argument to collection() to be a CollectionReference, a DocumentReference or FirebaseFirestore'[39m
Chrome Headless 139.0.0.0 (Windows 10): Executed 883 of 1370[31m (248 FAILED)[39m (0 secs / 6.103 secs)
ERROR: '2025-08-25T14:21:47.083Z ERROR MEDIUM [BookingService].loadBookings  Expected first argument to collection() to be a CollectionReference, a DocumentReference or FirebaseFirestore'
[1A[2KERROR: [36m'Error Stack:', 'FirebaseError: Expected first argument to collection() to be a CollectionReference, a DocumentReference or FirebaseFirestore'[39m
Chrome Headless 139.0.0.0 (Windows 10): Executed 883 of 1370[31m (248 FAILED)[39m (0 secs / 6.103 secs)
ERROR: 'Error Stack:', 'FirebaseError: Expected first argument to collection() to be a CollectionReference, a DocumentReference or FirebaseFirestore'
[1A[2KERROR: [36m'Error Context:', Object{timestamp: '2025-08-25T14:21:47.083Z', component: 'BookingService', method: 'loadBookings', data: '{"operation":"loadBookings","firebaseError":true}'}[39m
Chrome Headless 139.0.0.0 (Windows 10): Executed 883 of 1370[31m (248 FAILED)[39m (0 secs / 6.103 secs)
ERROR: 'Error Context:', Object{timestamp: '2025-08-25T14:21:47.083Z', component: 'BookingService', method: 'loadBookings', data: '{"operation":"loadBookings","firebaseError":true}'}
[1A[2KERROR: [36m'Error carregant par├ámetres del sistema:', FirebaseError: [code=invalid-argument]: Expected first argument to collection() to be a CollectionReference, a DocumentReference or FirebaseFirestore
FirebaseError: Expected first argument to collection() to be a CollectionReference, a DocumentReference or FirebaseFirestore[39m
Chrome Headless 139.0.0.0 (Windows 10): Executed 883 of 1370[31m (248 FAILED)[39m (0 secs / 6.103 secs)
ERROR: 'Error carregant par├ámetres del sistema:', FirebaseError: [code=invalid-argument]: Expected first argument to collection() to be a CollectionReference, a DocumentReference or FirebaseFirestore
FirebaseError: Expected first argument to collection() to be a CollectionReference, a DocumentReference or FirebaseFirestore
[1A[2KERROR: [36m'2025-08-25T14:21:47.088Z ERROR MEDIUM [FirebaseServicesService].loadServices  Expected first argument to collection() to be a CollectionReference, a DocumentReference or FirebaseFirestore'[39m
Chrome Headless 139.0.0.0 (Windows 10): Executed 883 of 1370[31m (248 FAILED)[39m (0 secs / 6.103 secs)
ERROR: '2025-08-25T14:21:47.088Z ERROR MEDIUM [FirebaseServicesService].loadServices  Expected first argument to collection() to be a CollectionReference, a DocumentReference or FirebaseFirestore'
[1A[2KERROR: [36m'Error Stack:', 'FirebaseError: Expected first argument to collection() to be a CollectionReference, a DocumentReference or FirebaseFirestore'[39m
Chrome Headless 139.0.0.0 (Windows 10): Executed 883 of 1370[31m (248 FAILED)[39m (0 secs / 6.103 secs)
ERROR: 'Error Stack:', 'FirebaseError: Expected first argument to collection() to be a CollectionReference, a DocumentReference or FirebaseFirestore'
[1A[2KERROR: [36m'Error Context:', Object{timestamp: '2025-08-25T14:21:47.088Z', component: 'FirebaseServicesService', method: 'loadServices', data: '{"operation":"loadServices","firebaseError":true}'}[39m
Chrome Headless 139.0.0.0 (Windows 10): Executed 883 of 1370[31m (248 FAILED)[39m (0 secs / 6.103 secs)
ERROR: 'Error Context:', Object{timestamp: '2025-08-25T14:21:47.088Z', component: 'FirebaseServicesService', method: 'loadServices', data: '{"operation":"loadServices","firebaseError":true}'}
[1A[2KERROR: [36m'2025-08-25T14:21:47.088Z ERROR MEDIUM [FirebaseServicesService].loadCustomCategories  Expected first argument to collection() to be a CollectionReference, a DocumentReference or FirebaseFirestore'[39m
Chrome Headless 139.0.0.0 (Windows 10): Executed 883 of 1370[31m (248 FAILED)[39m (0 secs / 6.103 secs)
ERROR: '2025-08-25T14:21:47.088Z ERROR MEDIUM [FirebaseServicesService].loadCustomCategories  Expected first argument to collection() to be a CollectionReference, a DocumentReference or FirebaseFirestore'
[1A[2KERROR: [36m'Error Stack:', 'FirebaseError: Expected first argument to collection() to be a CollectionReference, a DocumentReference or FirebaseFirestore'[39m
Chrome Headless 139.0.0.0 (Windows 10): Executed 883 of 1370[31m (248 FAILED)[39m (0 secs / 6.103 secs)
ERROR: 'Error Stack:', 'FirebaseError: Expected first argument to collection() to be a CollectionReference, a DocumentReference or FirebaseFirestore'
[1A[2KERROR: [36m'Error Context:', Object{timestamp: '2025-08-25T14:21:47.088Z', component: 'FirebaseServicesService', method: 'loadCustomCategories', data: '{"operation":"loadCustomCategories","firebaseError":true}'}[39m
Chrome Headless 139.0.0.0 (Windows 10): Executed 883 of 1370[31m (248 FAILED)[39m (0 secs / 6.103 secs)
ERROR: 'Error Context:', Object{timestamp: '2025-08-25T14:21:47.088Z', component: 'FirebaseServicesService', method: 'loadCustomCategories', data: '{"operation":"loadCustomCategories","firebaseError":true}'}
[1A[2K[31mChrome Headless 139.0.0.0 (Windows 10) AppointmentDetailPopupComponent should format date correctly FAILED[39m
	TypeError: Cannot read properties of undefined (reading 'subscribe')
	    at new _ConfirmDialog (node_modules/primeng/fesm2022/primeng-confirmdialog.mjs:322:75)
	    at NodeInjectorFactory._ConfirmDialog_Factory [as factory] (ng:///_ConfirmDialog/╔Áfac.js:4:10)
	    at getNodeInjectable (node_modules/@angular/core/fesm2022/debug_node.mjs:1989:44)
	    at instantiateAllDirectives (node_modules/@angular/core/fesm2022/debug_node.mjs:8170:27)
	    at createDirectivesInstances (node_modules/@angular/core/fesm2022/debug_node.mjs:7943:5)
	    at ╔Á╔ÁelementStart (node_modules/@angular/core/fesm2022/debug_node.mjs:22419:9)
	    at PopupDialogComponent2_Template (ng:///PopupDialogComponent2.js:64:9)
	    at executeTemplate (node_modules/@angular/core/fesm2022/debug_node.mjs:7929:9)
	    at renderView (node_modules/@angular/core/fesm2022/debug_node.mjs:8545:13)
	    at renderComponent (node_modules/@angular/core/fesm2022/debug_node.mjs:8490:5)
Chrome Headless 139.0.0.0 (Windows 10): Executed 884 of 1370[31m (249 FAILED)[39m (0 secs / 6.108 secs)
[1A[2KERROR: [36m'2025-08-25T14:21:47.089Z ERROR MEDIUM [BookingService].loadBookings  Expected first argument to collection() to be a CollectionReference, a DocumentReference or FirebaseFirestore'[39m
Chrome Headless 139.0.0.0 (Windows 10): Executed 884 of 1370[31m (249 FAILED)[39m (0 secs / 6.108 secs)
ERROR: '2025-08-25T14:21:47.089Z ERROR MEDIUM [BookingService].loadBookings  Expected first argument to collection() to be a CollectionReference, a DocumentReference or FirebaseFirestore'
[1A[2KERROR: [36m'Error Stack:', 'FirebaseError: Expected first argument to collection() to be a CollectionReference, a DocumentReference or FirebaseFirestore'[39m
Chrome Headless 139.0.0.0 (Windows 10): Executed 884 of 1370[31m (249 FAILED)[39m (0 secs / 6.108 secs)
ERROR: 'Error Stack:', 'FirebaseError: Expected first argument to collection() to be a CollectionReference, a DocumentReference or FirebaseFirestore'
[1A[2KERROR: [36m'Error Context:', Object{timestamp: '2025-08-25T14:21:47.089Z', component: 'BookingService', method: 'loadBookings', data: '{"operation":"loadBookings","firebaseError":true}'}[39m
Chrome Headless 139.0.0.0 (Windows 10): Executed 884 of 1370[31m (249 FAILED)[39m (0 secs / 6.108 secs)
ERROR: 'Error Context:', Object{timestamp: '2025-08-25T14:21:47.089Z', component: 'BookingService', method: 'loadBookings', data: '{"operation":"loadBookings","firebaseError":true}'}
[1A[2KERROR: [36m'2025-08-25T14:21:47.093Z ERROR MEDIUM [FirebaseServicesService].loadServices  Expected first argument to collection() to be a CollectionReference, a DocumentReference or FirebaseFirestore'[39m
Chrome Headless 139.0.0.0 (Windows 10): Executed 884 of 1370[31m (249 FAILED)[39m (0 secs / 6.108 secs)
ERROR: '2025-08-25T14:21:47.093Z ERROR MEDIUM [FirebaseServicesService].loadServices  Expected first argument to collection() to be a CollectionReference, a DocumentReference or FirebaseFirestore'
[1A[2KERROR: [36m'Error Stack:', 'FirebaseError: Expected first argument to collection() to be a CollectionReference, a DocumentReference or FirebaseFirestore'[39m
Chrome Headless 139.0.0.0 (Windows 10): Executed 884 of 1370[31m (249 FAILED)[39m (0 secs / 6.108 secs)
ERROR: 'Error Stack:', 'FirebaseError: Expected first argument to collection() to be a CollectionReference, a DocumentReference or FirebaseFirestore'
[1A[2KERROR: [36m'Error Context:', Object{timestamp: '2025-08-25T14:21:47.093Z', component: 'FirebaseServicesService', method: 'loadServices', data: '{"operation":"loadServices","firebaseError":true}'}[39m
Chrome Headless 139.0.0.0 (Windows 10): Executed 884 of 1370[31m (249 FAILED)[39m (0 secs / 6.108 secs)
ERROR: 'Error Context:', Object{timestamp: '2025-08-25T14:21:47.093Z', component: 'FirebaseServicesService', method: 'loadServices', data: '{"operation":"loadServices","firebaseError":true}'}
[1A[2KERROR: [36m'2025-08-25T14:21:47.094Z ERROR MEDIUM [FirebaseServicesService].loadCustomCategories  Expected first argument to collection() to be a CollectionReference, a DocumentReference or FirebaseFirestore'[39m
Chrome Headless 139.0.0.0 (Windows 10): Executed 884 of 1370[31m (249 FAILED)[39m (0 secs / 6.108 secs)
ERROR: '2025-08-25T14:21:47.094Z ERROR MEDIUM [FirebaseServicesService].loadCustomCategories  Expected first argument to collection() to be a CollectionReference, a DocumentReference or FirebaseFirestore'
[1A[2KERROR: [36m'Error Stack:', 'FirebaseError: Expected first argument to collection() to be a CollectionReference, a DocumentReference or FirebaseFirestore'[39m
Chrome Headless 139.0.0.0 (Windows 10): Executed 884 of 1370[31m (249 FAILED)[39m (0 secs / 6.108 secs)
ERROR: 'Error Stack:', 'FirebaseError: Expected first argument to collection() to be a CollectionReference, a DocumentReference or FirebaseFirestore'
[1A[2KERROR: [36m'Error Context:', Object{timestamp: '2025-08-25T14:21:47.094Z', component: 'FirebaseServicesService', method: 'loadCustomCategories', data: '{"operation":"loadCustomCategories","firebaseError":true}'}[39m
Chrome Headless 139.0.0.0 (Windows 10): Executed 884 of 1370[31m (249 FAILED)[39m (0 secs / 6.108 secs)
ERROR: 'Error Context:', Object{timestamp: '2025-08-25T14:21:47.094Z', component: 'FirebaseServicesService', method: 'loadCustomCategories', data: '{"operation":"loadCustomCategories","firebaseError":true}'}
[1A[2KERROR: [36m'Error carregant par├ámetres del sistema:', FirebaseError: [code=invalid-argument]: Expected first argument to collection() to be a CollectionReference, a DocumentReference or FirebaseFirestore
FirebaseError: Expected first argument to collection() to be a CollectionReference, a DocumentReference or FirebaseFirestore[39m
Chrome Headless 139.0.0.0 (Windows 10): Executed 884 of 1370[31m (249 FAILED)[39m (0 secs / 6.108 secs)
ERROR: 'Error carregant par├ámetres del sistema:', FirebaseError: [code=invalid-argument]: Expected first argument to collection() to be a CollectionReference, a DocumentReference or FirebaseFirestore
FirebaseError: Expected first argument to collection() to be a CollectionReference, a DocumentReference or FirebaseFirestore
[1A[2KERROR: [36m'2025-08-25T14:21:47.098Z ERROR MEDIUM [FirebaseServicesService].loadServices  Expected first argument to collection() to be a CollectionReference, a DocumentReference or FirebaseFirestore'[39m
Chrome Headless 139.0.0.0 (Windows 10): Executed 884 of 1370[31m (249 FAILED)[39m (0 secs / 6.108 secs)
ERROR: '2025-08-25T14:21:47.098Z ERROR MEDIUM [FirebaseServicesService].loadServices  Expected first argument to collection() to be a CollectionReference, a DocumentReference or FirebaseFirestore'
[1A[2KERROR: [36m'Error Stack:', 'FirebaseError: Expected first argument to collection() to be a CollectionReference, a DocumentReference or FirebaseFirestore'[39m
Chrome Headless 139.0.0.0 (Windows 10): Executed 884 of 1370[31m (249 FAILED)[39m (0 secs / 6.108 secs)
ERROR: 'Error Stack:', 'FirebaseError: Expected first argument to collection() to be a CollectionReference, a DocumentReference or FirebaseFirestore'
[1A[2KERROR: [36m'Error Context:', Object{timestamp: '2025-08-25T14:21:47.098Z', component: 'FirebaseServicesService', method: 'loadServices', data: '{"operation":"loadServices","firebaseError":true}'}[39m
Chrome Headless 139.0.0.0 (Windows 10): Executed 884 of 1370[31m (249 FAILED)[39m (0 secs / 6.108 secs)
ERROR: 'Error Context:', Object{timestamp: '2025-08-25T14:21:47.098Z', component: 'FirebaseServicesService', method: 'loadServices', data: '{"operation":"loadServices","firebaseError":true}'}
[1A[2KERROR: [36m'2025-08-25T14:21:47.098Z ERROR MEDIUM [FirebaseServicesService].loadCustomCategories  Expected first argument to collection() to be a CollectionReference, a DocumentReference or FirebaseFirestore'[39m
Chrome Headless 139.0.0.0 (Windows 10): Executed 884 of 1370[31m (249 FAILED)[39m (0 secs / 6.108 secs)
ERROR: '2025-08-25T14:21:47.098Z ERROR MEDIUM [FirebaseServicesService].loadCustomCategories  Expected first argument to collection() to be a CollectionReference, a DocumentReference or FirebaseFirestore'
[1A[2KERROR: [36m'Error Stack:', 'FirebaseError: Expected first argument to collection() to be a CollectionReference, a DocumentReference or FirebaseFirestore'[39m
Chrome Headless 139.0.0.0 (Windows 10): Executed 884 of 1370[31m (249 FAILED)[39m (0 secs / 6.108 secs)
ERROR: 'Error Stack:', 'FirebaseError: Expected first argument to collection() to be a CollectionReference, a DocumentReference or FirebaseFirestore'
[1A[2KERROR: [36m'Error Context:', Object{timestamp: '2025-08-25T14:21:47.098Z', component: 'FirebaseServicesService', method: 'loadCustomCategories', data: '{"operation":"loadCustomCategories","firebaseError":true}'}[39m
Chrome Headless 139.0.0.0 (Windows 10): Executed 884 of 1370[31m (249 FAILED)[39m (0 secs / 6.108 secs)
ERROR: 'Error Context:', Object{timestamp: '2025-08-25T14:21:47.098Z', component: 'FirebaseServicesService', method: 'loadCustomCategories', data: '{"operation":"loadCustomCategories","firebaseError":true}'}
[1A[2K[31mChrome Headless 139.0.0.0 (Windows 10) AppointmentDetailPopupComponent should format time correctly FAILED[39m
	TypeError: Cannot read properties of undefined (reading 'subscribe')
	    at new _ConfirmDialog (node_modules/primeng/fesm2022/primeng-confirmdialog.mjs:322:75)
	    at NodeInjectorFactory._ConfirmDialog_Factory [as factory] (ng:///_ConfirmDialog/╔Áfac.js:4:10)
	    at getNodeInjectable (node_modules/@angular/core/fesm2022/debug_node.mjs:1989:44)
	    at instantiateAllDirectives (node_modules/@angular/core/fesm2022/debug_node.mjs:8170:27)
	    at createDirectivesInstances (node_modules/@angular/core/fesm2022/debug_node.mjs:7943:5)
	    at ╔Á╔ÁelementStart (node_modules/@angular/core/fesm2022/debug_node.mjs:22419:9)
	    at PopupDialogComponent2_Template (ng:///PopupDialogComponent2.js:64:9)
	    at executeTemplate (node_modules/@angular/core/fesm2022/debug_node.mjs:7929:9)
	    at renderView (node_modules/@angular/core/fesm2022/debug_node.mjs:8545:13)
	    at renderComponent (node_modules/@angular/core/fesm2022/debug_node.mjs:8490:5)
Chrome Headless 139.0.0.0 (Windows 10): Executed 885 of 1370[31m (250 FAILED)[39m (0 secs / 6.113 secs)
[1A[2KERROR: [36m'2025-08-25T14:21:47.099Z ERROR MEDIUM [BookingService].loadBookings  Expected first argument to collection() to be a CollectionReference, a DocumentReference or FirebaseFirestore'[39m
Chrome Headless 139.0.0.0 (Windows 10): Executed 885 of 1370[31m (250 FAILED)[39m (0 secs / 6.113 secs)
ERROR: '2025-08-25T14:21:47.099Z ERROR MEDIUM [BookingService].loadBookings  Expected first argument to collection() to be a CollectionReference, a DocumentReference or FirebaseFirestore'
[1A[2KERROR: [36m'Error Stack:', 'FirebaseError: Expected first argument to collection() to be a CollectionReference, a DocumentReference or FirebaseFirestore'[39m
Chrome Headless 139.0.0.0 (Windows 10): Executed 885 of 1370[31m (250 FAILED)[39m (0 secs / 6.113 secs)
ERROR: 'Error Stack:', 'FirebaseError: Expected first argument to collection() to be a CollectionReference, a DocumentReference or FirebaseFirestore'
[1A[2KERROR: [36m'Error Context:', Object{timestamp: '2025-08-25T14:21:47.099Z', component: 'BookingService', method: 'loadBookings', data: '{"operation":"loadBookings","firebaseError":true}'}[39m
Chrome Headless 139.0.0.0 (Windows 10): Executed 885 of 1370[31m (250 FAILED)[39m (0 secs / 6.113 secs)
ERROR: 'Error Context:', Object{timestamp: '2025-08-25T14:21:47.099Z', component: 'BookingService', method: 'loadBookings', data: '{"operation":"loadBookings","firebaseError":true}'}
[1A[2KERROR: [36m'2025-08-25T14:21:47.100Z ERROR MEDIUM [FirebaseServicesService].loadServices  Expected first argument to collection() to be a CollectionReference, a DocumentReference or FirebaseFirestore'[39m
Chrome Headless 139.0.0.0 (Windows 10): Executed 885 of 1370[31m (250 FAILED)[39m (0 secs / 6.113 secs)
ERROR: '2025-08-25T14:21:47.100Z ERROR MEDIUM [FirebaseServicesService].loadServices  Expected first argument to collection() to be a CollectionReference, a DocumentReference or FirebaseFirestore'
[1A[2KERROR: [36m'Error Stack:', 'FirebaseError: Expected first argument to collection() to be a CollectionReference, a DocumentReference or FirebaseFirestore'[39m
Chrome Headless 139.0.0.0 (Windows 10): Executed 885 of 1370[31m (250 FAILED)[39m (0 secs / 6.113 secs)
ERROR: 'Error Stack:', 'FirebaseError: Expected first argument to collection() to be a CollectionReference, a DocumentReference or FirebaseFirestore'
[1A[2KERROR: [36m'Error Context:', Object{timestamp: '2025-08-25T14:21:47.100Z', component: 'FirebaseServicesService', method: 'loadServices', data: '{"operation":"loadServices","firebaseError":true}'}[39m
Chrome Headless 139.0.0.0 (Windows 10): Executed 885 of 1370[31m (250 FAILED)[39m (0 secs / 6.113 secs)
ERROR: 'Error Context:', Object{timestamp: '2025-08-25T14:21:47.100Z', component: 'FirebaseServicesService', method: 'loadServices', data: '{"operation":"loadServices","firebaseError":true}'}
[1A[2KERROR: [36m'2025-08-25T14:21:47.101Z ERROR MEDIUM [FirebaseServicesService].loadCustomCategories  Expected first argument to collection() to be a CollectionReference, a DocumentReference or FirebaseFirestore'[39m
Chrome Headless 139.0.0.0 (Windows 10): Executed 885 of 1370[31m (250 FAILED)[39m (0 secs / 6.113 secs)
ERROR: '2025-08-25T14:21:47.101Z ERROR MEDIUM [FirebaseServicesService].loadCustomCategories  Expected first argument to collection() to be a CollectionReference, a DocumentReference or FirebaseFirestore'
[1A[2KERROR: [36m'Error Stack:', 'FirebaseError: Expected first argument to collection() to be a CollectionReference, a DocumentReference or FirebaseFirestore'[39m
Chrome Headless 139.0.0.0 (Windows 10): Executed 885 of 1370[31m (250 FAILED)[39m (0 secs / 6.113 secs)
ERROR: 'Error Stack:', 'FirebaseError: Expected first argument to collection() to be a CollectionReference, a DocumentReference or FirebaseFirestore'
[1A[2KERROR: [36m'Error Context:', Object{timestamp: '2025-08-25T14:21:47.101Z', component: 'FirebaseServicesService', method: 'loadCustomCategories', data: '{"operation":"loadCustomCategories","firebaseError":true}'}[39m
Chrome Headless 139.0.0.0 (Windows 10): Executed 885 of 1370[31m (250 FAILED)[39m (0 secs / 6.113 secs)
ERROR: 'Error Context:', Object{timestamp: '2025-08-25T14:21:47.101Z', component: 'FirebaseServicesService', method: 'loadCustomCategories', data: '{"operation":"loadCustomCategories","firebaseError":true}'}
[1A[2KERROR: [36m'Error carregant par├ámetres del sistema:', FirebaseError: [code=invalid-argument]: Expected first argument to collection() to be a CollectionReference, a DocumentReference or FirebaseFirestore
FirebaseError: Expected first argument to collection() to be a CollectionReference, a DocumentReference or FirebaseFirestore[39m
Chrome Headless 139.0.0.0 (Windows 10): Executed 885 of 1370[31m (250 FAILED)[39m (0 secs / 6.113 secs)
ERROR: 'Error carregant par├ámetres del sistema:', FirebaseError: [code=invalid-argument]: Expected first argument to collection() to be a CollectionReference, a DocumentReference or FirebaseFirestore
FirebaseError: Expected first argument to collection() to be a CollectionReference, a DocumentReference or FirebaseFirestore
[1A[2KERROR: [36m'2025-08-25T14:21:47.106Z ERROR MEDIUM [FirebaseServicesService].loadServices  Expected first argument to collection() to be a CollectionReference, a DocumentReference or FirebaseFirestore'[39m
Chrome Headless 139.0.0.0 (Windows 10): Executed 885 of 1370[31m (250 FAILED)[39m (0 secs / 6.113 secs)
ERROR: '2025-08-25T14:21:47.106Z ERROR MEDIUM [FirebaseServicesService].loadServices  Expected first argument to collection() to be a CollectionReference, a DocumentReference or FirebaseFirestore'
[1A[2KERROR: [36m'Error Stack:', 'FirebaseError: Expected first argument to collection() to be a CollectionReference, a DocumentReference or FirebaseFirestore'[39m
Chrome Headless 139.0.0.0 (Windows 10): Executed 885 of 1370[31m (250 FAILED)[39m (0 secs / 6.113 secs)
ERROR: 'Error Stack:', 'FirebaseError: Expected first argument to collection() to be a CollectionReference, a DocumentReference or FirebaseFirestore'
[1A[2KERROR: [36m'Error Context:', Object{timestamp: '2025-08-25T14:21:47.106Z', component: 'FirebaseServicesService', method: 'loadServices', data: '{"operation":"loadServices","firebaseError":true}'}[39m
Chrome Headless 139.0.0.0 (Windows 10): Executed 885 of 1370[31m (250 FAILED)[39m (0 secs / 6.113 secs)
ERROR: 'Error Context:', Object{timestamp: '2025-08-25T14:21:47.106Z', component: 'FirebaseServicesService', method: 'loadServices', data: '{"operation":"loadServices","firebaseError":true}'}
[1A[2KERROR: [36m'2025-08-25T14:21:47.106Z ERROR MEDIUM [FirebaseServicesService].loadCustomCategories  Expected first argument to collection() to be a CollectionReference, a DocumentReference or FirebaseFirestore'[39m
Chrome Headless 139.0.0.0 (Windows 10): Executed 885 of 1370[31m (250 FAILED)[39m (0 secs / 6.113 secs)
ERROR: '2025-08-25T14:21:47.106Z ERROR MEDIUM [FirebaseServicesService].loadCustomCategories  Expected first argument to collection() to be a CollectionReference, a DocumentReference or FirebaseFirestore'
[1A[2KERROR: [36m'Error Stack:', 'FirebaseError: Expected first argument to collection() to be a CollectionReference, a DocumentReference or FirebaseFirestore'[39m
Chrome Headless 139.0.0.0 (Windows 10): Executed 885 of 1370[31m (250 FAILED)[39m (0 secs / 6.113 secs)
ERROR: 'Error Stack:', 'FirebaseError: Expected first argument to collection() to be a CollectionReference, a DocumentReference or FirebaseFirestore'
[1A[2KERROR: [36m'Error Context:', Object{timestamp: '2025-08-25T14:21:47.106Z', component: 'FirebaseServicesService', method: 'loadCustomCategories', data: '{"operation":"loadCustomCategories","firebaseError":true}'}[39m
Chrome Headless 139.0.0.0 (Windows 10): Executed 885 of 1370[31m (250 FAILED)[39m (0 secs / 6.113 secs)
ERROR: 'Error Context:', Object{timestamp: '2025-08-25T14:21:47.106Z', component: 'FirebaseServicesService', method: 'loadCustomCategories', data: '{"operation":"loadCustomCategories","firebaseError":true}'}
[1A[2K[31mChrome Headless 139.0.0.0 (Windows 10) AppointmentDetailPopupComponent should have required methods FAILED[39m
	TypeError: Cannot read properties of undefined (reading 'subscribe')
	    at new _ConfirmDialog (node_modules/primeng/fesm2022/primeng-confirmdialog.mjs:322:75)
	    at NodeInjectorFactory._ConfirmDialog_Factory [as factory] (ng:///_ConfirmDialog/╔Áfac.js:4:10)
	    at getNodeInjectable (node_modules/@angular/core/fesm2022/debug_node.mjs:1989:44)
	    at instantiateAllDirectives (node_modules/@angular/core/fesm2022/debug_node.mjs:8170:27)
	    at createDirectivesInstances (node_modules/@angular/core/fesm2022/debug_node.mjs:7943:5)
	    at ╔Á╔ÁelementStart (node_modules/@angular/core/fesm2022/debug_node.mjs:22419:9)
	    at PopupDialogComponent2_Template (ng:///PopupDialogComponent2.js:64:9)
	    at executeTemplate (node_modules/@angular/core/fesm2022/debug_node.mjs:7929:9)
	    at renderView (node_modules/@angular/core/fesm2022/debug_node.mjs:8545:13)
	    at renderComponent (node_modules/@angular/core/fesm2022/debug_node.mjs:8490:5)
Chrome Headless 139.0.0.0 (Windows 10): Executed 886 of 1370[31m (251 FAILED)[39m (0 secs / 6.119 secs)
[1A[2KERROR: [36m'2025-08-25T14:21:47.107Z ERROR MEDIUM [BookingService].loadBookings  Expected first argument to collection() to be a CollectionReference, a DocumentReference or FirebaseFirestore'[39m
Chrome Headless 139.0.0.0 (Windows 10): Executed 886 of 1370[31m (251 FAILED)[39m (0 secs / 6.119 secs)
ERROR: '2025-08-25T14:21:47.107Z ERROR MEDIUM [BookingService].loadBookings  Expected first argument to collection() to be a CollectionReference, a DocumentReference or FirebaseFirestore'
[1A[2KERROR: [36m'Error Stack:', 'FirebaseError: Expected first argument to collection() to be a CollectionReference, a DocumentReference or FirebaseFirestore'[39m
Chrome Headless 139.0.0.0 (Windows 10): Executed 886 of 1370[31m (251 FAILED)[39m (0 secs / 6.119 secs)
ERROR: 'Error Stack:', 'FirebaseError: Expected first argument to collection() to be a CollectionReference, a DocumentReference or FirebaseFirestore'
[1A[2KERROR: [36m'Error Context:', Object{timestamp: '2025-08-25T14:21:47.107Z', component: 'BookingService', method: 'loadBookings', data: '{"operation":"loadBookings","firebaseError":true}'}[39m
Chrome Headless 139.0.0.0 (Windows 10): Executed 886 of 1370[31m (251 FAILED)[39m (0 secs / 6.119 secs)
ERROR: 'Error Context:', Object{timestamp: '2025-08-25T14:21:47.107Z', component: 'BookingService', method: 'loadBookings', data: '{"operation":"loadBookings","firebaseError":true}'}
[1A[2KERROR: [36m'2025-08-25T14:21:47.111Z ERROR MEDIUM [FirebaseServicesService].loadServices  Expected first argument to collection() to be a CollectionReference, a DocumentReference or FirebaseFirestore'[39m
Chrome Headless 139.0.0.0 (Windows 10): Executed 886 of 1370[31m (251 FAILED)[39m (0 secs / 6.119 secs)
ERROR: '2025-08-25T14:21:47.111Z ERROR MEDIUM [FirebaseServicesService].loadServices  Expected first argument to collection() to be a CollectionReference, a DocumentReference or FirebaseFirestore'
[1A[2KERROR: [36m'Error Stack:', 'FirebaseError: Expected first argument to collection() to be a CollectionReference, a DocumentReference or FirebaseFirestore'[39m
Chrome Headless 139.0.0.0 (Windows 10): Executed 886 of 1370[31m (251 FAILED)[39m (0 secs / 6.119 secs)
ERROR: 'Error Stack:', 'FirebaseError: Expected first argument to collection() to be a CollectionReference, a DocumentReference or FirebaseFirestore'
[1A[2KERROR: [36m'Error Context:', Object{timestamp: '2025-08-25T14:21:47.111Z', component: 'FirebaseServicesService', method: 'loadServices', data: '{"operation":"loadServices","firebaseError":true}'}[39m
Chrome Headless 139.0.0.0 (Windows 10): Executed 886 of 1370[31m (251 FAILED)[39m (0 secs / 6.119 secs)
ERROR: 'Error Context:', Object{timestamp: '2025-08-25T14:21:47.111Z', component: 'FirebaseServicesService', method: 'loadServices', data: '{"operation":"loadServices","firebaseError":true}'}
[1A[2KERROR: [36m'2025-08-25T14:21:47.111Z ERROR MEDIUM [FirebaseServicesService].loadCustomCategories  Expected first argument to collection() to be a CollectionReference, a DocumentReference or FirebaseFirestore'[39m
Chrome Headless 139.0.0.0 (Windows 10): Executed 886 of 1370[31m (251 FAILED)[39m (0 secs / 6.119 secs)
ERROR: '2025-08-25T14:21:47.111Z ERROR MEDIUM [FirebaseServicesService].loadCustomCategories  Expected first argument to collection() to be a CollectionReference, a DocumentReference or FirebaseFirestore'
[1A[2KERROR: [36m'Error Stack:', 'FirebaseError: Expected first argument to collection() to be a CollectionReference, a DocumentReference or FirebaseFirestore'[39m
Chrome Headless 139.0.0.0 (Windows 10): Executed 886 of 1370[31m (251 FAILED)[39m (0 secs / 6.119 secs)
ERROR: 'Error Stack:', 'FirebaseError: Expected first argument to collection() to be a CollectionReference, a DocumentReference or FirebaseFirestore'
[1A[2KERROR: [36m'Error Context:', Object{timestamp: '2025-08-25T14:21:47.111Z', component: 'FirebaseServicesService', method: 'loadCustomCategories', data: '{"operation":"loadCustomCategories","firebaseError":true}'}[39m
Chrome Headless 139.0.0.0 (Windows 10): Executed 886 of 1370[31m (251 FAILED)[39m (0 secs / 6.119 secs)
ERROR: 'Error Context:', Object{timestamp: '2025-08-25T14:21:47.111Z', component: 'FirebaseServicesService', method: 'loadCustomCategories', data: '{"operation":"loadCustomCategories","firebaseError":true}'}
[1A[2KERROR: [36m'Error carregant par├ámetres del sistema:', FirebaseError: [code=invalid-argument]: Expected first argument to collection() to be a CollectionReference, a DocumentReference or FirebaseFirestore
FirebaseError: Expected first argument to collection() to be a CollectionReference, a DocumentReference or FirebaseFirestore[39m
Chrome Headless 139.0.0.0 (Windows 10): Executed 886 of 1370[31m (251 FAILED)[39m (0 secs / 6.119 secs)
ERROR: 'Error carregant par├ámetres del sistema:', FirebaseError: [code=invalid-argument]: Expected first argument to collection() to be a CollectionReference, a DocumentReference or FirebaseFirestore
FirebaseError: Expected first argument to collection() to be a CollectionReference, a DocumentReference or FirebaseFirestore
[1A[2KERROR: [36m'2025-08-25T14:21:47.117Z ERROR MEDIUM [FirebaseServicesService].loadServices  Expected first argument to collection() to be a CollectionReference, a DocumentReference or FirebaseFirestore'[39m
Chrome Headless 139.0.0.0 (Windows 10): Executed 886 of 1370[31m (251 FAILED)[39m (0 secs / 6.119 secs)
ERROR: '2025-08-25T14:21:47.117Z ERROR MEDIUM [FirebaseServicesService].loadServices  Expected first argument to collection() to be a CollectionReference, a DocumentReference or FirebaseFirestore'
[1A[2KERROR: [36m'Error Stack:', 'FirebaseError: Expected first argument to collection() to be a CollectionReference, a DocumentReference or FirebaseFirestore'[39m
Chrome Headless 139.0.0.0 (Windows 10): Executed 886 of 1370[31m (251 FAILED)[39m (0 secs / 6.119 secs)
ERROR: 'Error Stack:', 'FirebaseError: Expected first argument to collection() to be a CollectionReference, a DocumentReference or FirebaseFirestore'
[1A[2KERROR: [36m'Error Context:', Object{timestamp: '2025-08-25T14:21:47.117Z', component: 'FirebaseServicesService', method: 'loadServices', data: '{"operation":"loadServices","firebaseError":true}'}[39m
Chrome Headless 139.0.0.0 (Windows 10): Executed 886 of 1370[31m (251 FAILED)[39m (0 secs / 6.119 secs)
ERROR: 'Error Context:', Object{timestamp: '2025-08-25T14:21:47.117Z', component: 'FirebaseServicesService', method: 'loadServices', data: '{"operation":"loadServices","firebaseError":true}'}
[1A[2KERROR: [36m'2025-08-25T14:21:47.118Z ERROR MEDIUM [FirebaseServicesService].loadCustomCategories  Expected first argument to collection() to be a CollectionReference, a DocumentReference or FirebaseFirestore'[39m
Chrome Headless 139.0.0.0 (Windows 10): Executed 886 of 1370[31m (251 FAILED)[39m (0 secs / 6.119 secs)
ERROR: '2025-08-25T14:21:47.118Z ERROR MEDIUM [FirebaseServicesService].loadCustomCategories  Expected first argument to collection() to be a CollectionReference, a DocumentReference or FirebaseFirestore'
[1A[2KERROR: [36m'Error Stack:', 'FirebaseError: Expected first argument to collection() to be a CollectionReference, a DocumentReference or FirebaseFirestore'[39m
Chrome Headless 139.0.0.0 (Windows 10): Executed 886 of 1370[31m (251 FAILED)[39m (0 secs / 6.119 secs)
ERROR: 'Error Stack:', 'FirebaseError: Expected first argument to collection() to be a CollectionReference, a DocumentReference or FirebaseFirestore'
[1A[2KERROR: [36m'Error Context:', Object{timestamp: '2025-08-25T14:21:47.118Z', component: 'FirebaseServicesService', method: 'loadCustomCategories', data: '{"operation":"loadCustomCategories","firebaseError":true}'}[39m
Chrome Headless 139.0.0.0 (Windows 10): Executed 886 of 1370[31m (251 FAILED)[39m (0 secs / 6.119 secs)
ERROR: 'Error Context:', Object{timestamp: '2025-08-25T14:21:47.118Z', component: 'FirebaseServicesService', method: 'loadCustomCategories', data: '{"operation":"loadCustomCategories","firebaseError":true}'}
[1A[2K[31mChrome Headless 139.0.0.0 (Windows 10) AppointmentDetailPopupComponent should emit closed event when onClose is called FAILED[39m
	TypeError: Cannot read properties of undefined (reading 'subscribe')
	    at new _ConfirmDialog (node_modules/primeng/fesm2022/primeng-confirmdialog.mjs:322:75)
	    at NodeInjectorFactory._ConfirmDialog_Factory [as factory] (ng:///_ConfirmDialog/╔Áfac.js:4:10)
	    at getNodeInjectable (node_modules/@angular/core/fesm2022/debug_node.mjs:1989:44)
	    at instantiateAllDirectives (node_modules/@angular/core/fesm2022/debug_node.mjs:8170:27)
	    at createDirectivesInstances (node_modules/@angular/core/fesm2022/debug_node.mjs:7943:5)
	    at ╔Á╔ÁelementStart (node_modules/@angular/core/fesm2022/debug_node.mjs:22419:9)
	    at PopupDialogComponent2_Template (ng:///PopupDialogComponent2.js:64:9)
	    at executeTemplate (node_modules/@angular/core/fesm2022/debug_node.mjs:7929:9)
	    at renderView (node_modules/@angular/core/fesm2022/debug_node.mjs:8545:13)
	    at renderComponent (node_modules/@angular/core/fesm2022/debug_node.mjs:8490:5)
Chrome Headless 139.0.0.0 (Windows 10): Executed 887 of 1370[31m (252 FAILED)[39m (0 secs / 6.125 secs)
[1A[2KERROR: [36m'2025-08-25T14:21:47.119Z ERROR MEDIUM [BookingService].loadBookings  Expected first argument to collection() to be a CollectionReference, a DocumentReference or FirebaseFirestore'[39m
Chrome Headless 139.0.0.0 (Windows 10): Executed 887 of 1370[31m (252 FAILED)[39m (0 secs / 6.125 secs)
ERROR: '2025-08-25T14:21:47.119Z ERROR MEDIUM [BookingService].loadBookings  Expected first argument to collection() to be a CollectionReference, a DocumentReference or FirebaseFirestore'
[1A[2KERROR: [36m'Error Stack:', 'FirebaseError: Expected first argument to collection() to be a CollectionReference, a DocumentReference or FirebaseFirestore'[39m
Chrome Headless 139.0.0.0 (Windows 10): Executed 887 of 1370[31m (252 FAILED)[39m (0 secs / 6.125 secs)
ERROR: 'Error Stack:', 'FirebaseError: Expected first argument to collection() to be a CollectionReference, a DocumentReference or FirebaseFirestore'
[1A[2KERROR: [36m'Error Context:', Object{timestamp: '2025-08-25T14:21:47.119Z', component: 'BookingService', method: 'loadBookings', data: '{"operation":"loadBookings","firebaseError":true}'}[39m
Chrome Headless 139.0.0.0 (Windows 10): Executed 887 of 1370[31m (252 FAILED)[39m (0 secs / 6.125 secs)
ERROR: 'Error Context:', Object{timestamp: '2025-08-25T14:21:47.119Z', component: 'BookingService', method: 'loadBookings', data: '{"operation":"loadBookings","firebaseError":true}'}
[1A[2KERROR: [36m'2025-08-25T14:21:47.120Z ERROR MEDIUM [FirebaseServicesService].loadServices  Expected first argument to collection() to be a CollectionReference, a DocumentReference or FirebaseFirestore'[39m
Chrome Headless 139.0.0.0 (Windows 10): Executed 887 of 1370[31m (252 FAILED)[39m (0 secs / 6.125 secs)
ERROR: '2025-08-25T14:21:47.120Z ERROR MEDIUM [FirebaseServicesService].loadServices  Expected first argument to collection() to be a CollectionReference, a DocumentReference or FirebaseFirestore'
[1A[2KERROR: [36m'Error Stack:', 'FirebaseError: Expected first argument to collection() to be a CollectionReference, a DocumentReference or FirebaseFirestore'[39m
Chrome Headless 139.0.0.0 (Windows 10): Executed 887 of 1370[31m (252 FAILED)[39m (0 secs / 6.125 secs)
ERROR: 'Error Stack:', 'FirebaseError: Expected first argument to collection() to be a CollectionReference, a DocumentReference or FirebaseFirestore'
[1A[2KERROR: [36m'Error Context:', Object{timestamp: '2025-08-25T14:21:47.120Z', component: 'FirebaseServicesService', method: 'loadServices', data: '{"operation":"loadServices","firebaseError":true}'}[39m
Chrome Headless 139.0.0.0 (Windows 10): Executed 887 of 1370[31m (252 FAILED)[39m (0 secs / 6.125 secs)
ERROR: 'Error Context:', Object{timestamp: '2025-08-25T14:21:47.120Z', component: 'FirebaseServicesService', method: 'loadServices', data: '{"operation":"loadServices","firebaseError":true}'}
[1A[2KERROR: [36m'2025-08-25T14:21:47.120Z ERROR MEDIUM [FirebaseServicesService].loadCustomCategories  Expected first argument to collection() to be a CollectionReference, a DocumentReference or FirebaseFirestore'[39m
Chrome Headless 139.0.0.0 (Windows 10): Executed 887 of 1370[31m (252 FAILED)[39m (0 secs / 6.125 secs)
ERROR: '2025-08-25T14:21:47.120Z ERROR MEDIUM [FirebaseServicesService].loadCustomCategories  Expected first argument to collection() to be a CollectionReference, a DocumentReference or FirebaseFirestore'
[1A[2KERROR: [36m'Error Stack:', 'FirebaseError: Expected first argument to collection() to be a CollectionReference, a DocumentReference or FirebaseFirestore'[39m
Chrome Headless 139.0.0.0 (Windows 10): Executed 887 of 1370[31m (252 FAILED)[39m (0 secs / 6.125 secs)
ERROR: 'Error Stack:', 'FirebaseError: Expected first argument to collection() to be a CollectionReference, a DocumentReference or FirebaseFirestore'
[1A[2KERROR: [36m'Error Context:', Object{timestamp: '2025-08-25T14:21:47.120Z', component: 'FirebaseServicesService', method: 'loadCustomCategories', data: '{"operation":"loadCustomCategories","firebaseError":true}'}[39m
Chrome Headless 139.0.0.0 (Windows 10): Executed 887 of 1370[31m (252 FAILED)[39m (0 secs / 6.125 secs)
ERROR: 'Error Context:', Object{timestamp: '2025-08-25T14:21:47.120Z', component: 'FirebaseServicesService', method: 'loadCustomCategories', data: '{"operation":"loadCustomCategories","firebaseError":true}'}
[1A[2KERROR: [36m'2025-08-25T14:21:47.121Z ERROR MEDIUM [FirebaseServicesService].loadServices  Expected first argument to collection() to be a CollectionReference, a DocumentReference or FirebaseFirestore'[39m
Chrome Headless 139.0.0.0 (Windows 10): Executed 887 of 1370[31m (252 FAILED)[39m (0 secs / 6.125 secs)
ERROR: '2025-08-25T14:21:47.121Z ERROR MEDIUM [FirebaseServicesService].loadServices  Expected first argument to collection() to be a CollectionReference, a DocumentReference or FirebaseFirestore'
[1A[2KERROR: [36m'Error Stack:', 'FirebaseError: Expected first argument to collection() to be a CollectionReference, a DocumentReference or FirebaseFirestore'[39m
Chrome Headless 139.0.0.0 (Windows 10): Executed 887 of 1370[31m (252 FAILED)[39m (0 secs / 6.125 secs)
ERROR: 'Error Stack:', 'FirebaseError: Expected first argument to collection() to be a CollectionReference, a DocumentReference or FirebaseFirestore'
[1A[2KERROR: [36m'Error Context:', Object{timestamp: '2025-08-25T14:21:47.121Z', component: 'FirebaseServicesService', method: 'loadServices', data: '{"operation":"loadServices","firebaseError":true}'}[39m
Chrome Headless 139.0.0.0 (Windows 10): Executed 887 of 1370[31m (252 FAILED)[39m (0 secs / 6.125 secs)
ERROR: 'Error Context:', Object{timestamp: '2025-08-25T14:21:47.121Z', component: 'FirebaseServicesService', method: 'loadServices', data: '{"operation":"loadServices","firebaseError":true}'}
[1A[2KERROR: [36m'2025-08-25T14:21:47.121Z ERROR MEDIUM [FirebaseServicesService].loadCustomCategories  Expected first argument to collection() to be a CollectionReference, a DocumentReference or FirebaseFirestore'[39m
Chrome Headless 139.0.0.0 (Windows 10): Executed 887 of 1370[31m (252 FAILED)[39m (0 secs / 6.125 secs)
ERROR: '2025-08-25T14:21:47.121Z ERROR MEDIUM [FirebaseServicesService].loadCustomCategories  Expected first argument to collection() to be a CollectionReference, a DocumentReference or FirebaseFirestore'
[1A[2KERROR: [36m'Error Stack:', 'FirebaseError: Expected first argument to collection() to be a CollectionReference, a DocumentReference or FirebaseFirestore'[39m
Chrome Headless 139.0.0.0 (Windows 10): Executed 887 of 1370[31m (252 FAILED)[39m (0 secs / 6.125 secs)
ERROR: 'Error Stack:', 'FirebaseError: Expected first argument to collection() to be a CollectionReference, a DocumentReference or FirebaseFirestore'
[1A[2KERROR: [36m'Error Context:', Object{timestamp: '2025-08-25T14:21:47.121Z', component: 'FirebaseServicesService', method: 'loadCustomCategories', data: '{"operation":"loadCustomCategories","firebaseError":true}'}[39m
Chrome Headless 139.0.0.0 (Windows 10): Executed 887 of 1370[31m (252 FAILED)[39m (0 secs / 6.125 secs)
ERROR: 'Error Context:', Object{timestamp: '2025-08-25T14:21:47.121Z', component: 'FirebaseServicesService', method: 'loadCustomCategories', data: '{"operation":"loadCustomCategories","firebaseError":true}'}
[1A[2KERROR: [36m'Error carregant par├ámetres del sistema:', FirebaseError: [code=invalid-argument]: Expected first argument to collection() to be a CollectionReference, a DocumentReference or FirebaseFirestore
FirebaseError: Expected first argument to collection() to be a CollectionReference, a DocumentReference or FirebaseFirestore[39m
Chrome Headless 139.0.0.0 (Windows 10): Executed 887 of 1370[31m (252 FAILED)[39m (0 secs / 6.125 secs)
ERROR: 'Error carregant par├ámetres del sistema:', FirebaseError: [code=invalid-argument]: Expected first argument to collection() to be a CollectionReference, a DocumentReference or FirebaseFirestore
FirebaseError: Expected first argument to collection() to be a CollectionReference, a DocumentReference or FirebaseFirestore
[1A[2KERROR: [36m'2025-08-25T14:21:47.126Z ERROR MEDIUM [FirebaseServicesService].loadServices  Expected first argument to collection() to be a CollectionReference, a DocumentReference or FirebaseFirestore'[39m
Chrome Headless 139.0.0.0 (Windows 10): Executed 887 of 1370[31m (252 FAILED)[39m (0 secs / 6.125 secs)
ERROR: '2025-08-25T14:21:47.126Z ERROR MEDIUM [FirebaseServicesService].loadServices  Expected first argument to collection() to be a CollectionReference, a DocumentReference or FirebaseFirestore'
[1A[2KERROR: [36m'Error Stack:', 'FirebaseError: Expected first argument to collection() to be a CollectionReference, a DocumentReference or FirebaseFirestore'[39m
Chrome Headless 139.0.0.0 (Windows 10): Executed 887 of 1370[31m (252 FAILED)[39m (0 secs / 6.125 secs)
ERROR: 'Error Stack:', 'FirebaseError: Expected first argument to collection() to be a CollectionReference, a DocumentReference or FirebaseFirestore'
[1A[2KERROR: [36m'Error Context:', Object{timestamp: '2025-08-25T14:21:47.126Z', component: 'FirebaseServicesService', method: 'loadServices', data: '{"operation":"loadServices","firebaseError":true}'}[39m
Chrome Headless 139.0.0.0 (Windows 10): Executed 887 of 1370[31m (252 FAILED)[39m (0 secs / 6.125 secs)
ERROR: 'Error Context:', Object{timestamp: '2025-08-25T14:21:47.126Z', component: 'FirebaseServicesService', method: 'loadServices', data: '{"operation":"loadServices","firebaseError":true}'}
[1A[2KERROR: [36m'2025-08-25T14:21:47.127Z ERROR MEDIUM [FirebaseServicesService].loadCustomCategories  Expected first argument to collection() to be a CollectionReference, a DocumentReference or FirebaseFirestore'[39m
Chrome Headless 139.0.0.0 (Windows 10): Executed 887 of 1370[31m (252 FAILED)[39m (0 secs / 6.125 secs)
ERROR: '2025-08-25T14:21:47.127Z ERROR MEDIUM [FirebaseServicesService].loadCustomCategories  Expected first argument to collection() to be a CollectionReference, a DocumentReference or FirebaseFirestore'
[1A[2KERROR: [36m'Error Stack:', 'FirebaseError: Expected first argument to collection() to be a CollectionReference, a DocumentReference or FirebaseFirestore'[39m
Chrome Headless 139.0.0.0 (Windows 10): Executed 887 of 1370[31m (252 FAILED)[39m (0 secs / 6.125 secs)
ERROR: 'Error Stack:', 'FirebaseError: Expected first argument to collection() to be a CollectionReference, a DocumentReference or FirebaseFirestore'
[1A[2KERROR: [36m'Error Context:', Object{timestamp: '2025-08-25T14:21:47.127Z', component: 'FirebaseServicesService', method: 'loadCustomCategories', data: '{"operation":"loadCustomCategories","firebaseError":true}'}[39m
Chrome Headless 139.0.0.0 (Windows 10): Executed 887 of 1370[31m (252 FAILED)[39m (0 secs / 6.125 secs)
ERROR: 'Error Context:', Object{timestamp: '2025-08-25T14:21:47.127Z', component: 'FirebaseServicesService', method: 'loadCustomCategories', data: '{"operation":"loadCustomCategories","firebaseError":true}'}
[1A[2K[31mChrome Headless 139.0.0.0 (Windows 10) AppointmentDetailPopupComponent should have required output signals FAILED[39m
	TypeError: Cannot read properties of undefined (reading 'subscribe')
	    at new _ConfirmDialog (node_modules/primeng/fesm2022/primeng-confirmdialog.mjs:322:75)
	    at NodeInjectorFactory._ConfirmDialog_Factory [as factory] (ng:///_ConfirmDialog/╔Áfac.js:4:10)
	    at getNodeInjectable (node_modules/@angular/core/fesm2022/debug_node.mjs:1989:44)
	    at instantiateAllDirectives (node_modules/@angular/core/fesm2022/debug_node.mjs:8170:27)
	    at createDirectivesInstances (node_modules/@angular/core/fesm2022/debug_node.mjs:7943:5)
	    at ╔Á╔ÁelementStart (node_modules/@angular/core/fesm2022/debug_node.mjs:22419:9)
	    at PopupDialogComponent2_Template (ng:///PopupDialogComponent2.js:64:9)
	    at executeTemplate (node_modules/@angular/core/fesm2022/debug_node.mjs:7929:9)
	    at renderView (node_modules/@angular/core/fesm2022/debug_node.mjs:8545:13)
	    at renderComponent (node_modules/@angular/core/fesm2022/debug_node.mjs:8490:5)
Chrome Headless 139.0.0.0 (Windows 10): Executed 888 of 1370[31m (253 FAILED)[39m (0 secs / 6.131 secs)
[1A[2KERROR: [36m'2025-08-25T14:21:47.128Z ERROR MEDIUM [BookingService].loadBookings  Expected first argument to collection() to be a CollectionReference, a DocumentReference or FirebaseFirestore'[39m
Chrome Headless 139.0.0.0 (Windows 10): Executed 888 of 1370[31m (253 FAILED)[39m (0 secs / 6.131 secs)
ERROR: '2025-08-25T14:21:47.128Z ERROR MEDIUM [BookingService].loadBookings  Expected first argument to collection() to be a CollectionReference, a DocumentReference or FirebaseFirestore'
[1A[2KERROR: [36m'Error Stack:', 'FirebaseError: Expected first argument to collection() to be a CollectionReference, a DocumentReference or FirebaseFirestore'[39m
Chrome Headless 139.0.0.0 (Windows 10): Executed 888 of 1370[31m (253 FAILED)[39m (0 secs / 6.131 secs)
ERROR: 'Error Stack:', 'FirebaseError: Expected first argument to collection() to be a CollectionReference, a DocumentReference or FirebaseFirestore'
[1A[2KERROR: [36m'Error Context:', Object{timestamp: '2025-08-25T14:21:47.128Z', component: 'BookingService', method: 'loadBookings', data: '{"operation":"loadBookings","firebaseError":true}'}[39m
Chrome Headless 139.0.0.0 (Windows 10): Executed 888 of 1370[31m (253 FAILED)[39m (0 secs / 6.131 secs)
ERROR: 'Error Context:', Object{timestamp: '2025-08-25T14:21:47.128Z', component: 'BookingService', method: 'loadBookings', data: '{"operation":"loadBookings","firebaseError":true}'}
[1A[2KERROR: [36m'2025-08-25T14:21:47.133Z ERROR MEDIUM [FirebaseServicesService].loadServices  Expected first argument to collection() to be a CollectionReference, a DocumentReference or FirebaseFirestore'[39m
Chrome Headless 139.0.0.0 (Windows 10): Executed 888 of 1370[31m (253 FAILED)[39m (0 secs / 6.131 secs)
ERROR: '2025-08-25T14:21:47.133Z ERROR MEDIUM [FirebaseServicesService].loadServices  Expected first argument to collection() to be a CollectionReference, a DocumentReference or FirebaseFirestore'
[1A[2KERROR: [36m'Error Stack:', 'FirebaseError: Expected first argument to collection() to be a CollectionReference, a DocumentReference or FirebaseFirestore'[39m
Chrome Headless 139.0.0.0 (Windows 10): Executed 888 of 1370[31m (253 FAILED)[39m (0 secs / 6.131 secs)
ERROR: 'Error Stack:', 'FirebaseError: Expected first argument to collection() to be a CollectionReference, a DocumentReference or FirebaseFirestore'
[1A[2KERROR: [36m'Error Context:', Object{timestamp: '2025-08-25T14:21:47.133Z', component: 'FirebaseServicesService', method: 'loadServices', data: '{"operation":"loadServices","firebaseError":true}'}[39m
Chrome Headless 139.0.0.0 (Windows 10): Executed 888 of 1370[31m (253 FAILED)[39m (0 secs / 6.131 secs)
ERROR: 'Error Context:', Object{timestamp: '2025-08-25T14:21:47.133Z', component: 'FirebaseServicesService', method: 'loadServices', data: '{"operation":"loadServices","firebaseError":true}'}
[1A[2KERROR: [36m'2025-08-25T14:21:47.134Z ERROR MEDIUM [FirebaseServicesService].loadCustomCategories  Expected first argument to collection() to be a CollectionReference, a DocumentReference or FirebaseFirestore'[39m
Chrome Headless 139.0.0.0 (Windows 10): Executed 888 of 1370[31m (253 FAILED)[39m (0 secs / 6.131 secs)
ERROR: '2025-08-25T14:21:47.134Z ERROR MEDIUM [FirebaseServicesService].loadCustomCategories  Expected first argument to collection() to be a CollectionReference, a DocumentReference or FirebaseFirestore'
[1A[2KERROR: [36m'Error Stack:', 'FirebaseError: Expected first argument to collection() to be a CollectionReference, a DocumentReference or FirebaseFirestore'[39m
Chrome Headless 139.0.0.0 (Windows 10): Executed 888 of 1370[31m (253 FAILED)[39m (0 secs / 6.131 secs)
ERROR: 'Error Stack:', 'FirebaseError: Expected first argument to collection() to be a CollectionReference, a DocumentReference or FirebaseFirestore'
[1A[2KERROR: [36m'Error Context:', Object{timestamp: '2025-08-25T14:21:47.134Z', component: 'FirebaseServicesService', method: 'loadCustomCategories', data: '{"operation":"loadCustomCategories","firebaseError":true}'}[39m
Chrome Headless 139.0.0.0 (Windows 10): Executed 888 of 1370[31m (253 FAILED)[39m (0 secs / 6.131 secs)
ERROR: 'Error Context:', Object{timestamp: '2025-08-25T14:21:47.134Z', component: 'FirebaseServicesService', method: 'loadCustomCategories', data: '{"operation":"loadCustomCategories","firebaseError":true}'}
[1A[2KERROR: [36m'2025-08-25T14:21:47.135Z ERROR MEDIUM [FirebaseServicesService].loadServices  Expected first argument to collection() to be a CollectionReference, a DocumentReference or FirebaseFirestore'[39m
Chrome Headless 139.0.0.0 (Windows 10): Executed 888 of 1370[31m (253 FAILED)[39m (0 secs / 6.131 secs)
ERROR: '2025-08-25T14:21:47.135Z ERROR MEDIUM [FirebaseServicesService].loadServices  Expected first argument to collection() to be a CollectionReference, a DocumentReference or FirebaseFirestore'
[1A[2KERROR: [36m'Error Stack:', 'FirebaseError: Expected first argument to collection() to be a CollectionReference, a DocumentReference or FirebaseFirestore'[39m
Chrome Headless 139.0.0.0 (Windows 10): Executed 888 of 1370[31m (253 FAILED)[39m (0 secs / 6.131 secs)
ERROR: 'Error Stack:', 'FirebaseError: Expected first argument to collection() to be a CollectionReference, a DocumentReference or FirebaseFirestore'
[1A[2KERROR: [36m'Error Context:', Object{timestamp: '2025-08-25T14:21:47.135Z', component: 'FirebaseServicesService', method: 'loadServices', data: '{"operation":"loadServices","firebaseError":true}'}[39m
Chrome Headless 139.0.0.0 (Windows 10): Executed 888 of 1370[31m (253 FAILED)[39m (0 secs / 6.131 secs)
ERROR: 'Error Context:', Object{timestamp: '2025-08-25T14:21:47.135Z', component: 'FirebaseServicesService', method: 'loadServices', data: '{"operation":"loadServices","firebaseError":true}'}
[1A[2KERROR: [36m'2025-08-25T14:21:47.136Z ERROR MEDIUM [FirebaseServicesService].loadCustomCategories  Expected first argument to collection() to be a CollectionReference, a DocumentReference or FirebaseFirestore'[39m
Chrome Headless 139.0.0.0 (Windows 10): Executed 888 of 1370[31m (253 FAILED)[39m (0 secs / 6.131 secs)
ERROR: '2025-08-25T14:21:47.136Z ERROR MEDIUM [FirebaseServicesService].loadCustomCategories  Expected first argument to collection() to be a CollectionReference, a DocumentReference or FirebaseFirestore'
[1A[2KERROR: [36m'Error Stack:', 'FirebaseError: Expected first argument to collection() to be a CollectionReference, a DocumentReference or FirebaseFirestore'[39m
Chrome Headless 139.0.0.0 (Windows 10): Executed 888 of 1370[31m (253 FAILED)[39m (0 secs / 6.131 secs)
ERROR: 'Error Stack:', 'FirebaseError: Expected first argument to collection() to be a CollectionReference, a DocumentReference or FirebaseFirestore'
[1A[2KERROR: [36m'Error Context:', Object{timestamp: '2025-08-25T14:21:47.136Z', component: 'FirebaseServicesService', method: 'loadCustomCategories', data: '{"operation":"loadCustomCategories","firebaseError":true}'}[39m
Chrome Headless 139.0.0.0 (Windows 10): Executed 888 of 1370[31m (253 FAILED)[39m (0 secs / 6.131 secs)
ERROR: 'Error Context:', Object{timestamp: '2025-08-25T14:21:47.136Z', component: 'FirebaseServicesService', method: 'loadCustomCategories', data: '{"operation":"loadCustomCategories","firebaseError":true}'}
[1A[2KERROR: [36m'2025-08-25T14:21:47.136Z ERROR MEDIUM [FirebaseServicesService].loadServices  Expected first argument to collection() to be a CollectionReference, a DocumentReference or FirebaseFirestore'[39m
Chrome Headless 139.0.0.0 (Windows 10): Executed 888 of 1370[31m (253 FAILED)[39m (0 secs / 6.131 secs)
ERROR: '2025-08-25T14:21:47.136Z ERROR MEDIUM [FirebaseServicesService].loadServices  Expected first argument to collection() to be a CollectionReference, a DocumentReference or FirebaseFirestore'
[1A[2KERROR: [36m'Error Stack:', 'FirebaseError: Expected first argument to collection() to be a CollectionReference, a DocumentReference or FirebaseFirestore'[39m
Chrome Headless 139.0.0.0 (Windows 10): Executed 888 of 1370[31m (253 FAILED)[39m (0 secs / 6.131 secs)
ERROR: 'Error Stack:', 'FirebaseError: Expected first argument to collection() to be a CollectionReference, a DocumentReference or FirebaseFirestore'
[1A[2KERROR: [36m'Error Context:', Object{timestamp: '2025-08-25T14:21:47.136Z', component: 'FirebaseServicesService', method: 'loadServices', data: '{"operation":"loadServices","firebaseError":true}'}[39m
Chrome Headless 139.0.0.0 (Windows 10): Executed 888 of 1370[31m (253 FAILED)[39m (0 secs / 6.131 secs)
ERROR: 'Error Context:', Object{timestamp: '2025-08-25T14:21:47.136Z', component: 'FirebaseServicesService', method: 'loadServices', data: '{"operation":"loadServices","firebaseError":true}'}
[1A[2KERROR: [36m'2025-08-25T14:21:47.137Z ERROR MEDIUM [FirebaseServicesService].loadCustomCategories  Expected first argument to collection() to be a CollectionReference, a DocumentReference or FirebaseFirestore'[39m
Chrome Headless 139.0.0.0 (Windows 10): Executed 888 of 1370[31m (253 FAILED)[39m (0 secs / 6.131 secs)
ERROR: '2025-08-25T14:21:47.137Z ERROR MEDIUM [FirebaseServicesService].loadCustomCategories  Expected first argument to collection() to be a CollectionReference, a DocumentReference or FirebaseFirestore'
[1A[2KERROR: [36m'Error Stack:', 'FirebaseError: Expected first argument to collection() to be a CollectionReference, a DocumentReference or FirebaseFirestore'[39m
Chrome Headless 139.0.0.0 (Windows 10): Executed 888 of 1370[31m (253 FAILED)[39m (0 secs / 6.131 secs)
ERROR: 'Error Stack:', 'FirebaseError: Expected first argument to collection() to be a CollectionReference, a DocumentReference or FirebaseFirestore'
[1A[2KERROR: [36m'Error Context:', Object{timestamp: '2025-08-25T14:21:47.137Z', component: 'FirebaseServicesService', method: 'loadCustomCategories', data: '{"operation":"loadCustomCategories","firebaseError":true}'}[39m
Chrome Headless 139.0.0.0 (Windows 10): Executed 888 of 1370[31m (253 FAILED)[39m (0 secs / 6.131 secs)
ERROR: 'Error Context:', Object{timestamp: '2025-08-25T14:21:47.137Z', component: 'FirebaseServicesService', method: 'loadCustomCategories', data: '{"operation":"loadCustomCategories","firebaseError":true}'}
[1A[2KERROR: [36m'2025-08-25T14:21:47.139Z ERROR MEDIUM [FirebaseServicesService].loadServices  Expected first argument to collection() to be a CollectionReference, a DocumentReference or FirebaseFirestore'[39m
Chrome Headless 139.0.0.0 (Windows 10): Executed 888 of 1370[31m (253 FAILED)[39m (0 secs / 6.131 secs)
ERROR: '2025-08-25T14:21:47.139Z ERROR MEDIUM [FirebaseServicesService].loadServices  Expected first argument to collection() to be a CollectionReference, a DocumentReference or FirebaseFirestore'
[1A[2KERROR: [36m'Error Stack:', 'FirebaseError: Expected first argument to collection() to be a CollectionReference, a DocumentReference or FirebaseFirestore'[39m
Chrome Headless 139.0.0.0 (Windows 10): Executed 888 of 1370[31m (253 FAILED)[39m (0 secs / 6.131 secs)
ERROR: 'Error Stack:', 'FirebaseError: Expected first argument to collection() to be a CollectionReference, a DocumentReference or FirebaseFirestore'
[1A[2KERROR: [36m'Error Context:', Object{timestamp: '2025-08-25T14:21:47.139Z', component: 'FirebaseServicesService', method: 'loadServices', data: '{"operation":"loadServices","firebaseError":true}'}[39m
Chrome Headless 139.0.0.0 (Windows 10): Executed 888 of 1370[31m (253 FAILED)[39m (0 secs / 6.131 secs)
ERROR: 'Error Context:', Object{timestamp: '2025-08-25T14:21:47.139Z', component: 'FirebaseServicesService', method: 'loadServices', data: '{"operation":"loadServices","firebaseError":true}'}
[1A[2KERROR: [36m'2025-08-25T14:21:47.139Z ERROR MEDIUM [FirebaseServicesService].loadCustomCategories  Expected first argument to collection() to be a CollectionReference, a DocumentReference or FirebaseFirestore'[39m
Chrome Headless 139.0.0.0 (Windows 10): Executed 888 of 1370[31m (253 FAILED)[39m (0 secs / 6.131 secs)
ERROR: '2025-08-25T14:21:47.139Z ERROR MEDIUM [FirebaseServicesService].loadCustomCategories  Expected first argument to collection() to be a CollectionReference, a DocumentReference or FirebaseFirestore'
[1A[2KERROR: [36m'Error Stack:', 'FirebaseError: Expected first argument to collection() to be a CollectionReference, a DocumentReference or FirebaseFirestore'[39m
Chrome Headless 139.0.0.0 (Windows 10): Executed 888 of 1370[31m (253 FAILED)[39m (0 secs / 6.131 secs)
ERROR: 'Error Stack:', 'FirebaseError: Expected first argument to collection() to be a CollectionReference, a DocumentReference or FirebaseFirestore'
[1A[2KERROR: [36m'Error Context:', Object{timestamp: '2025-08-25T14:21:47.139Z', component: 'FirebaseServicesService', method: 'loadCustomCategories', data: '{"operation":"loadCustomCategories","firebaseError":true}'}[39m
Chrome Headless 139.0.0.0 (Windows 10): Executed 888 of 1370[31m (253 FAILED)[39m (0 secs / 6.131 secs)
ERROR: 'Error Context:', Object{timestamp: '2025-08-25T14:21:47.139Z', component: 'FirebaseServicesService', method: 'loadCustomCategories', data: '{"operation":"loadCustomCategories","firebaseError":true}'}
[1A[2KChrome Headless 139.0.0.0 (Windows 10): Executed 889 of 1370[31m (253 FAILED)[39m (0 secs / 6.136 secs)
[1A[2KERROR: [36m'2025-08-25T14:21:47.148Z ERROR MEDIUM [FirebaseServicesService].loadServices  Expected first argument to collection() to be a CollectionReference, a DocumentReference or FirebaseFirestore'[39m
Chrome Headless 139.0.0.0 (Windows 10): Executed 889 of 1370[31m (253 FAILED)[39m (0 secs / 6.136 secs)
ERROR: '2025-08-25T14:21:47.148Z ERROR MEDIUM [FirebaseServicesService].loadServices  Expected first argument to collection() to be a CollectionReference, a DocumentReference or FirebaseFirestore'
[1A[2KERROR: [36m'Error Stack:', 'FirebaseError: Expected first argument to collection() to be a CollectionReference, a DocumentReference or FirebaseFirestore'[39m
Chrome Headless 139.0.0.0 (Windows 10): Executed 889 of 1370[31m (253 FAILED)[39m (0 secs / 6.136 secs)
ERROR: 'Error Stack:', 'FirebaseError: Expected first argument to collection() to be a CollectionReference, a DocumentReference or FirebaseFirestore'
[1A[2KERROR: [36m'Error Context:', Object{timestamp: '2025-08-25T14:21:47.148Z', component: 'FirebaseServicesService', method: 'loadServices', data: '{"operation":"loadServices","firebaseError":true}'}[39m
Chrome Headless 139.0.0.0 (Windows 10): Executed 889 of 1370[31m (253 FAILED)[39m (0 secs / 6.136 secs)
ERROR: 'Error Context:', Object{timestamp: '2025-08-25T14:21:47.148Z', component: 'FirebaseServicesService', method: 'loadServices', data: '{"operation":"loadServices","firebaseError":true}'}
[1A[2KERROR: [36m'2025-08-25T14:21:47.149Z ERROR MEDIUM [FirebaseServicesService].loadCustomCategories  Expected first argument to collection() to be a CollectionReference, a DocumentReference or FirebaseFirestore'[39m
Chrome Headless 139.0.0.0 (Windows 10): Executed 889 of 1370[31m (253 FAILED)[39m (0 secs / 6.136 secs)
ERROR: '2025-08-25T14:21:47.149Z ERROR MEDIUM [FirebaseServicesService].loadCustomCategories  Expected first argument to collection() to be a CollectionReference, a DocumentReference or FirebaseFirestore'
[1A[2KERROR: [36m'Error Stack:', 'FirebaseError: Expected first argument to collection() to be a CollectionReference, a DocumentReference or FirebaseFirestore'[39m
Chrome Headless 139.0.0.0 (Windows 10): Executed 889 of 1370[31m (253 FAILED)[39m (0 secs / 6.136 secs)
ERROR: 'Error Stack:', 'FirebaseError: Expected first argument to collection() to be a CollectionReference, a DocumentReference or FirebaseFirestore'
[1A[2KERROR: [36m'Error Context:', Object{timestamp: '2025-08-25T14:21:47.149Z', component: 'FirebaseServicesService', method: 'loadCustomCategories', data: '{"operation":"loadCustomCategories","firebaseError":true}'}[39m
Chrome Headless 139.0.0.0 (Windows 10): Executed 889 of 1370[31m (253 FAILED)[39m (0 secs / 6.136 secs)
ERROR: 'Error Context:', Object{timestamp: '2025-08-25T14:21:47.149Z', component: 'FirebaseServicesService', method: 'loadCustomCategories', data: '{"operation":"loadCustomCategories","firebaseError":true}'}
[1A[2KChrome Headless 139.0.0.0 (Windows 10): Executed 890 of 1370[31m (253 FAILED)[39m (0 secs / 6.14 secs)
[1A[2KChrome Headless 139.0.0.0 (Windows 10): Executed 891 of 1370[31m (253 FAILED)[39m (0 secs / 6.142 secs)
[1A[2KChrome Headless 139.0.0.0 (Windows 10): Executed 892 of 1370[31m (253 FAILED)[39m (0 secs / 6.144 secs)
[1A[2KChrome Headless 139.0.0.0 (Windows 10): Executed 893 of 1370[31m (253 FAILED)[39m (0 secs / 6.146 secs)
[1A[2KChrome Headless 139.0.0.0 (Windows 10): Executed 894 of 1370[31m (253 FAILED)[39m (0 secs / 6.147 secs)
[1A[2KChrome Headless 139.0.0.0 (Windows 10): Executed 895 of 1370[31m (253 FAILED)[39m (0 secs / 6.149 secs)
[1A[2KChrome Headless 139.0.0.0 (Windows 10): Executed 896 of 1370[31m (253 FAILED)[39m (0 secs / 6.151 secs)
[1A[2KChrome Headless 139.0.0.0 (Windows 10): Executed 897 of 1370[31m (253 FAILED)[39m (0 secs / 6.154 secs)
[1A[2KChrome Headless 139.0.0.0 (Windows 10): Executed 898 of 1370[31m (253 FAILED)[39m (0 secs / 6.155 secs)
[1A[2KChrome Headless 139.0.0.0 (Windows 10): Executed 899 of 1370[31m (253 FAILED)[39m (0 secs / 6.157 secs)
[1A[2KChrome Headless 139.0.0.0 (Windows 10): Executed 900 of 1370[31m (253 FAILED)[39m (0 secs / 6.159 secs)
[1A[2KChrome Headless 139.0.0.0 (Windows 10): Executed 901 of 1370[31m (253 FAILED)[39m (0 secs / 6.161 secs)
[1A[2KChrome Headless 139.0.0.0 (Windows 10): Executed 902 of 1370[31m (253 FAILED)[39m (0 secs / 6.163 secs)
[1A[2KChrome Headless 139.0.0.0 (Windows 10): Executed 903 of 1370[31m (253 FAILED)[39m (0 secs / 6.164 secs)
[1A[2KLOG: [36m'­ƒöä RoleService: Loading user role for:', 'mock-user-id'[39m
Chrome Headless 139.0.0.0 (Windows 10): Executed 903 of 1370[31m (253 FAILED)[39m (0 secs / 6.164 secs)
LOG: '­ƒöä RoleService: Loading user role for:', 'mock-user-id'
[1A[2KERROR: [36m'ÔØî RoleService: Error in loadUserRole:', FirebaseError: [code=invalid-argument]: Expected first argument to collection() to be a CollectionReference, a DocumentReference or FirebaseFirestore
FirebaseError: Expected first argument to collection() to be a CollectionReference, a DocumentReference or FirebaseFirestore[39m
Chrome Headless 139.0.0.0 (Windows 10): Executed 903 of 1370[31m (253 FAILED)[39m (0 secs / 6.164 secs)
ERROR: 'ÔØî RoleService: Error in loadUserRole:', FirebaseError: [code=invalid-argument]: Expected first argument to collection() to be a CollectionReference, a DocumentReference or FirebaseFirestore
FirebaseError: Expected first argument to collection() to be a CollectionReference, a DocumentReference or FirebaseFirestore
[1A[2KERROR: [36m'2025-08-25T14:21:47.192Z ERROR MEDIUM [FirebaseServicesService].loadServices  Expected first argument to collection() to be a CollectionReference, a DocumentReference or FirebaseFirestore'[39m
Chrome Headless 139.0.0.0 (Windows 10): Executed 903 of 1370[31m (253 FAILED)[39m (0 secs / 6.164 secs)
ERROR: '2025-08-25T14:21:47.192Z ERROR MEDIUM [FirebaseServicesService].loadServices  Expected first argument to collection() to be a CollectionReference, a DocumentReference or FirebaseFirestore'
[1A[2KERROR: [36m'Error Stack:', 'FirebaseError: Expected first argument to collection() to be a CollectionReference, a DocumentReference or FirebaseFirestore'[39m
Chrome Headless 139.0.0.0 (Windows 10): Executed 903 of 1370[31m (253 FAILED)[39m (0 secs / 6.164 secs)
ERROR: 'Error Stack:', 'FirebaseError: Expected first argument to collection() to be a CollectionReference, a DocumentReference or FirebaseFirestore'
[1A[2KERROR: [36m'Error Context:', Object{timestamp: '2025-08-25T14:21:47.192Z', component: 'FirebaseServicesService', method: 'loadServices', data: '{"operation":"loadServices","firebaseError":true}'}[39m
Chrome Headless 139.0.0.0 (Windows 10): Executed 903 of 1370[31m (253 FAILED)[39m (0 secs / 6.164 secs)
ERROR: 'Error Context:', Object{timestamp: '2025-08-25T14:21:47.192Z', component: 'FirebaseServicesService', method: 'loadServices', data: '{"operation":"loadServices","firebaseError":true}'}
[1A[2KERROR: [36m'2025-08-25T14:21:47.192Z ERROR MEDIUM [FirebaseServicesService].loadCustomCategories  Expected first argument to collection() to be a CollectionReference, a DocumentReference or FirebaseFirestore'[39m
Chrome Headless 139.0.0.0 (Windows 10): Executed 903 of 1370[31m (253 FAILED)[39m (0 secs / 6.164 secs)
ERROR: '2025-08-25T14:21:47.192Z ERROR MEDIUM [FirebaseServicesService].loadCustomCategories  Expected first argument to collection() to be a CollectionReference, a DocumentReference or FirebaseFirestore'
[1A[2KERROR: [36m'Error Stack:', 'FirebaseError: Expected first argument to collection() to be a CollectionReference, a DocumentReference or FirebaseFirestore'[39m
Chrome Headless 139.0.0.0 (Windows 10): Executed 903 of 1370[31m (253 FAILED)[39m (0 secs / 6.164 secs)
ERROR: 'Error Stack:', 'FirebaseError: Expected first argument to collection() to be a CollectionReference, a DocumentReference or FirebaseFirestore'
[1A[2KERROR: [36m'Error Context:', Object{timestamp: '2025-08-25T14:21:47.192Z', component: 'FirebaseServicesService', method: 'loadCustomCategories', data: '{"operation":"loadCustomCategories","firebaseError":true}'}[39m
Chrome Headless 139.0.0.0 (Windows 10): Executed 903 of 1370[31m (253 FAILED)[39m (0 secs / 6.164 secs)
ERROR: 'Error Context:', Object{timestamp: '2025-08-25T14:21:47.192Z', component: 'FirebaseServicesService', method: 'loadCustomCategories', data: '{"operation":"loadCustomCategories","firebaseError":true}'}
[1A[2KChrome Headless 139.0.0.0 (Windows 10): Executed 904 of 1370[31m (253 FAILED)[39m (0 secs / 6.182 secs)
[1A[2KLOG: [36m'­ƒöä RoleService: Loading user role for:', 'mock-user-id'[39m
Chrome Headless 139.0.0.0 (Windows 10): Executed 904 of 1370[31m (253 FAILED)[39m (0 secs / 6.182 secs)
LOG: '­ƒöä RoleService: Loading user role for:', 'mock-user-id'
[1A[2KERROR: [36m'ÔØî RoleService: Error in loadUserRole:', FirebaseError: [code=invalid-argument]: Expected first argument to collection() to be a CollectionReference, a DocumentReference or FirebaseFirestore
FirebaseError: Expected first argument to collection() to be a CollectionReference, a DocumentReference or FirebaseFirestore[39m
Chrome Headless 139.0.0.0 (Windows 10): Executed 904 of 1370[31m (253 FAILED)[39m (0 secs / 6.182 secs)
ERROR: 'ÔØî RoleService: Error in loadUserRole:', FirebaseError: [code=invalid-argument]: Expected first argument to collection() to be a CollectionReference, a DocumentReference or FirebaseFirestore
FirebaseError: Expected first argument to collection() to be a CollectionReference, a DocumentReference or FirebaseFirestore
[1A[2KERROR: [36m'2025-08-25T14:21:47.222Z ERROR MEDIUM [FirebaseServicesService].loadServices  Expected first argument to collection() to be a CollectionReference, a DocumentReference or FirebaseFirestore'[39m
Chrome Headless 139.0.0.0 (Windows 10): Executed 904 of 1370[31m (253 FAILED)[39m (0 secs / 6.182 secs)
ERROR: '2025-08-25T14:21:47.222Z ERROR MEDIUM [FirebaseServicesService].loadServices  Expected first argument to collection() to be a CollectionReference, a DocumentReference or FirebaseFirestore'
[1A[2KERROR: [36m'Error Stack:', 'FirebaseError: Expected first argument to collection() to be a CollectionReference, a DocumentReference or FirebaseFirestore'[39m
Chrome Headless 139.0.0.0 (Windows 10): Executed 904 of 1370[31m (253 FAILED)[39m (0 secs / 6.182 secs)
ERROR: 'Error Stack:', 'FirebaseError: Expected first argument to collection() to be a CollectionReference, a DocumentReference or FirebaseFirestore'
[1A[2KERROR: [36m'Error Context:', Object{timestamp: '2025-08-25T14:21:47.222Z', component: 'FirebaseServicesService', method: 'loadServices', data: '{"operation":"loadServices","firebaseError":true}'}[39m
Chrome Headless 139.0.0.0 (Windows 10): Executed 904 of 1370[31m (253 FAILED)[39m (0 secs / 6.182 secs)
ERROR: 'Error Context:', Object{timestamp: '2025-08-25T14:21:47.222Z', component: 'FirebaseServicesService', method: 'loadServices', data: '{"operation":"loadServices","firebaseError":true}'}
[1A[2KERROR: [36m'2025-08-25T14:21:47.222Z ERROR MEDIUM [FirebaseServicesService].loadCustomCategories  Expected first argument to collection() to be a CollectionReference, a DocumentReference or FirebaseFirestore'[39m
Chrome Headless 139.0.0.0 (Windows 10): Executed 904 of 1370[31m (253 FAILED)[39m (0 secs / 6.182 secs)
ERROR: '2025-08-25T14:21:47.222Z ERROR MEDIUM [FirebaseServicesService].loadCustomCategories  Expected first argument to collection() to be a CollectionReference, a DocumentReference or FirebaseFirestore'
[1A[2KERROR: [36m'Error Stack:', 'FirebaseError: Expected first argument to collection() to be a CollectionReference, a DocumentReference or FirebaseFirestore'[39m
Chrome Headless 139.0.0.0 (Windows 10): Executed 904 of 1370[31m (253 FAILED)[39m (0 secs / 6.182 secs)
ERROR: 'Error Stack:', 'FirebaseError: Expected first argument to collection() to be a CollectionReference, a DocumentReference or FirebaseFirestore'
[1A[2KERROR: [36m'Error Context:', Object{timestamp: '2025-08-25T14:21:47.222Z', component: 'FirebaseServicesService', method: 'loadCustomCategories', data: '{"operation":"loadCustomCategories","firebaseError":true}'}[39m
Chrome Headless 139.0.0.0 (Windows 10): Executed 904 of 1370[31m (253 FAILED)[39m (0 secs / 6.182 secs)
ERROR: 'Error Context:', Object{timestamp: '2025-08-25T14:21:47.222Z', component: 'FirebaseServicesService', method: 'loadCustomCategories', data: '{"operation":"loadCustomCategories","firebaseError":true}'}
[1A[2KChrome Headless 139.0.0.0 (Windows 10): Executed 905 of 1370[31m (253 FAILED)[39m (0 secs / 6.19 secs)
[1A[2KLOG: [36m'­ƒöä RoleService: Loading user role for:', 'mock-user-id'[39m
Chrome Headless 139.0.0.0 (Windows 10): Executed 905 of 1370[31m (253 FAILED)[39m (0 secs / 6.19 secs)
LOG: '­ƒöä RoleService: Loading user role for:', 'mock-user-id'
[1A[2KERROR: [36m'ÔØî RoleService: Error in loadUserRole:', FirebaseError: [code=invalid-argument]: Expected first argument to collection() to be a CollectionReference, a DocumentReference or FirebaseFirestore
FirebaseError: Expected first argument to collection() to be a CollectionReference, a DocumentReference or FirebaseFirestore[39m
Chrome Headless 139.0.0.0 (Windows 10): Executed 905 of 1370[31m (253 FAILED)[39m (0 secs / 6.19 secs)
ERROR: 'ÔØî RoleService: Error in loadUserRole:', FirebaseError: [code=invalid-argument]: Expected first argument to collection() to be a CollectionReference, a DocumentReference or FirebaseFirestore
FirebaseError: Expected first argument to collection() to be a CollectionReference, a DocumentReference or FirebaseFirestore
[1A[2KERROR: [36m'2025-08-25T14:21:47.231Z ERROR MEDIUM [FirebaseServicesService].loadServices  Expected first argument to collection() to be a CollectionReference, a DocumentReference or FirebaseFirestore'[39m
Chrome Headless 139.0.0.0 (Windows 10): Executed 905 of 1370[31m (253 FAILED)[39m (0 secs / 6.19 secs)
ERROR: '2025-08-25T14:21:47.231Z ERROR MEDIUM [FirebaseServicesService].loadServices  Expected first argument to collection() to be a CollectionReference, a DocumentReference or FirebaseFirestore'
[1A[2KERROR: [36m'Error Stack:', 'FirebaseError: Expected first argument to collection() to be a CollectionReference, a DocumentReference or FirebaseFirestore'[39m
Chrome Headless 139.0.0.0 (Windows 10): Executed 905 of 1370[31m (253 FAILED)[39m (0 secs / 6.19 secs)
ERROR: 'Error Stack:', 'FirebaseError: Expected first argument to collection() to be a CollectionReference, a DocumentReference or FirebaseFirestore'
[1A[2KERROR: [36m'Error Context:', Object{timestamp: '2025-08-25T14:21:47.231Z', component: 'FirebaseServicesService', method: 'loadServices', data: '{"operation":"loadServices","firebaseError":true}'}[39m
Chrome Headless 139.0.0.0 (Windows 10): Executed 905 of 1370[31m (253 FAILED)[39m (0 secs / 6.19 secs)
ERROR: 'Error Context:', Object{timestamp: '2025-08-25T14:21:47.231Z', component: 'FirebaseServicesService', method: 'loadServices', data: '{"operation":"loadServices","firebaseError":true}'}
[1A[2KERROR: [36m'2025-08-25T14:21:47.232Z ERROR MEDIUM [FirebaseServicesService].loadCustomCategories  Expected first argument to collection() to be a CollectionReference, a DocumentReference or FirebaseFirestore'[39m
Chrome Headless 139.0.0.0 (Windows 10): Executed 905 of 1370[31m (253 FAILED)[39m (0 secs / 6.19 secs)
ERROR: '2025-08-25T14:21:47.232Z ERROR MEDIUM [FirebaseServicesService].loadCustomCategories  Expected first argument to collection() to be a CollectionReference, a DocumentReference or FirebaseFirestore'
[1A[2KERROR: [36m'Error Stack:', 'FirebaseError: Expected first argument to collection() to be a CollectionReference, a DocumentReference or FirebaseFirestore'[39m
Chrome Headless 139.0.0.0 (Windows 10): Executed 905 of 1370[31m (253 FAILED)[39m (0 secs / 6.19 secs)
ERROR: 'Error Stack:', 'FirebaseError: Expected first argument to collection() to be a CollectionReference, a DocumentReference or FirebaseFirestore'
[1A[2KERROR: [36m'Error Context:', Object{timestamp: '2025-08-25T14:21:47.232Z', component: 'FirebaseServicesService', method: 'loadCustomCategories', data: '{"operation":"loadCustomCategories","firebaseError":true}'}[39m
Chrome Headless 139.0.0.0 (Windows 10): Executed 905 of 1370[31m (253 FAILED)[39m (0 secs / 6.19 secs)
ERROR: 'Error Context:', Object{timestamp: '2025-08-25T14:21:47.232Z', component: 'FirebaseServicesService', method: 'loadCustomCategories', data: '{"operation":"loadCustomCategories","firebaseError":true}'}
[1A[2KChrome Headless 139.0.0.0 (Windows 10): Executed 906 of 1370[31m (253 FAILED)[39m (0 secs / 6.208 secs)
[1A[2KLOG: [36m'­ƒöä RoleService: Loading user role for:', 'mock-user-id'[39m
Chrome Headless 139.0.0.0 (Windows 10): Executed 906 of 1370[31m (253 FAILED)[39m (0 secs / 6.208 secs)
LOG: '­ƒöä RoleService: Loading user role for:', 'mock-user-id'
[1A[2KERROR: [36m'ÔØî RoleService: Error in loadUserRole:', FirebaseError: [code=invalid-argument]: Expected first argument to collection() to be a CollectionReference, a DocumentReference or FirebaseFirestore
FirebaseError: Expected first argument to collection() to be a CollectionReference, a DocumentReference or FirebaseFirestore[39m
Chrome Headless 139.0.0.0 (Windows 10): Executed 906 of 1370[31m (253 FAILED)[39m (0 secs / 6.208 secs)
ERROR: 'ÔØî RoleService: Error in loadUserRole:', FirebaseError: [code=invalid-argument]: Expected first argument to collection() to be a CollectionReference, a DocumentReference or FirebaseFirestore
FirebaseError: Expected first argument to collection() to be a CollectionReference, a DocumentReference or FirebaseFirestore
[1A[2KERROR: [36m'2025-08-25T14:21:47.260Z ERROR MEDIUM [FirebaseServicesService].loadServices  Expected first argument to collection() to be a CollectionReference, a DocumentReference or FirebaseFirestore'[39m
Chrome Headless 139.0.0.0 (Windows 10): Executed 906 of 1370[31m (253 FAILED)[39m (0 secs / 6.208 secs)
ERROR: '2025-08-25T14:21:47.260Z ERROR MEDIUM [FirebaseServicesService].loadServices  Expected first argument to collection() to be a CollectionReference, a DocumentReference or FirebaseFirestore'
[1A[2KERROR: [36m'Error Stack:', 'FirebaseError: Expected first argument to collection() to be a CollectionReference, a DocumentReference or FirebaseFirestore'[39m
Chrome Headless 139.0.0.0 (Windows 10): Executed 906 of 1370[31m (253 FAILED)[39m (0 secs / 6.208 secs)
ERROR: 'Error Stack:', 'FirebaseError: Expected first argument to collection() to be a CollectionReference, a DocumentReference or FirebaseFirestore'
[1A[2KERROR: [36m'Error Context:', Object{timestamp: '2025-08-25T14:21:47.260Z', component: 'FirebaseServicesService', method: 'loadServices', data: '{"operation":"loadServices","firebaseError":true}'}[39m
Chrome Headless 139.0.0.0 (Windows 10): Executed 906 of 1370[31m (253 FAILED)[39m (0 secs / 6.208 secs)
ERROR: 'Error Context:', Object{timestamp: '2025-08-25T14:21:47.260Z', component: 'FirebaseServicesService', method: 'loadServices', data: '{"operation":"loadServices","firebaseError":true}'}
[1A[2KERROR: [36m'2025-08-25T14:21:47.260Z ERROR MEDIUM [FirebaseServicesService].loadCustomCategories  Expected first argument to collection() to be a CollectionReference, a DocumentReference or FirebaseFirestore'[39m
Chrome Headless 139.0.0.0 (Windows 10): Executed 906 of 1370[31m (253 FAILED)[39m (0 secs / 6.208 secs)
ERROR: '2025-08-25T14:21:47.260Z ERROR MEDIUM [FirebaseServicesService].loadCustomCategories  Expected first argument to collection() to be a CollectionReference, a DocumentReference or FirebaseFirestore'
[1A[2KERROR: [36m'Error Stack:', 'FirebaseError: Expected first argument to collection() to be a CollectionReference, a DocumentReference or FirebaseFirestore'[39m
Chrome Headless 139.0.0.0 (Windows 10): Executed 906 of 1370[31m (253 FAILED)[39m (0 secs / 6.208 secs)
ERROR: 'Error Stack:', 'FirebaseError: Expected first argument to collection() to be a CollectionReference, a DocumentReference or FirebaseFirestore'
[1A[2KERROR: [36m'Error Context:', Object{timestamp: '2025-08-25T14:21:47.260Z', component: 'FirebaseServicesService', method: 'loadCustomCategories', data: '{"operation":"loadCustomCategories","firebaseError":true}'}[39m
Chrome Headless 139.0.0.0 (Windows 10): Executed 906 of 1370[31m (253 FAILED)[39m (0 secs / 6.208 secs)
ERROR: 'Error Context:', Object{timestamp: '2025-08-25T14:21:47.260Z', component: 'FirebaseServicesService', method: 'loadCustomCategories', data: '{"operation":"loadCustomCategories","firebaseError":true}'}
[1A[2KChrome Headless 139.0.0.0 (Windows 10): Executed 907 of 1370[31m (253 FAILED)[39m (0 secs / 6.214 secs)
[1A[2KLOG: [36m'­ƒöä RoleService: Loading user role for:', 'mock-user-id'[39m
Chrome Headless 139.0.0.0 (Windows 10): Executed 907 of 1370[31m (253 FAILED)[39m (0 secs / 6.214 secs)
LOG: '­ƒöä RoleService: Loading user role for:', 'mock-user-id'
[1A[2KERROR: [36m'ÔØî RoleService: Error in loadUserRole:', FirebaseError: [code=invalid-argument]: Expected first argument to collection() to be a CollectionReference, a DocumentReference or FirebaseFirestore
FirebaseError: Expected first argument to collection() to be a CollectionReference, a DocumentReference or FirebaseFirestore[39m
Chrome Headless 139.0.0.0 (Windows 10): Executed 907 of 1370[31m (253 FAILED)[39m (0 secs / 6.214 secs)
ERROR: 'ÔØî RoleService: Error in loadUserRole:', FirebaseError: [code=invalid-argument]: Expected first argument to collection() to be a CollectionReference, a DocumentReference or FirebaseFirestore
FirebaseError: Expected first argument to collection() to be a CollectionReference, a DocumentReference or FirebaseFirestore
[1A[2KERROR: [36m'2025-08-25T14:21:47.273Z ERROR MEDIUM [FirebaseServicesService].loadServices  Expected first argument to collection() to be a CollectionReference, a DocumentReference or FirebaseFirestore'[39m
Chrome Headless 139.0.0.0 (Windows 10): Executed 907 of 1370[31m (253 FAILED)[39m (0 secs / 6.214 secs)
ERROR: '2025-08-25T14:21:47.273Z ERROR MEDIUM [FirebaseServicesService].loadServices  Expected first argument to collection() to be a CollectionReference, a DocumentReference or FirebaseFirestore'
[1A[2KERROR: [36m'Error Stack:', 'FirebaseError: Expected first argument to collection() to be a CollectionReference, a DocumentReference or FirebaseFirestore'[39m
Chrome Headless 139.0.0.0 (Windows 10): Executed 907 of 1370[31m (253 FAILED)[39m (0 secs / 6.214 secs)
ERROR: 'Error Stack:', 'FirebaseError: Expected first argument to collection() to be a CollectionReference, a DocumentReference or FirebaseFirestore'
[1A[2KERROR: [36m'Error Context:', Object{timestamp: '2025-08-25T14:21:47.273Z', component: 'FirebaseServicesService', method: 'loadServices', data: '{"operation":"loadServices","firebaseError":true}'}[39m
Chrome Headless 139.0.0.0 (Windows 10): Executed 907 of 1370[31m (253 FAILED)[39m (0 secs / 6.214 secs)
ERROR: 'Error Context:', Object{timestamp: '2025-08-25T14:21:47.273Z', component: 'FirebaseServicesService', method: 'loadServices', data: '{"operation":"loadServices","firebaseError":true}'}
[1A[2KERROR: [36m'2025-08-25T14:21:47.274Z ERROR MEDIUM [FirebaseServicesService].loadCustomCategories  Expected first argument to collection() to be a CollectionReference, a DocumentReference or FirebaseFirestore'[39m
Chrome Headless 139.0.0.0 (Windows 10): Executed 907 of 1370[31m (253 FAILED)[39m (0 secs / 6.214 secs)
ERROR: '2025-08-25T14:21:47.274Z ERROR MEDIUM [FirebaseServicesService].loadCustomCategories  Expected first argument to collection() to be a CollectionReference, a DocumentReference or FirebaseFirestore'
[1A[2KERROR: [36m'Error Stack:', 'FirebaseError: Expected first argument to collection() to be a CollectionReference, a DocumentReference or FirebaseFirestore'[39m
Chrome Headless 139.0.0.0 (Windows 10): Executed 907 of 1370[31m (253 FAILED)[39m (0 secs / 6.214 secs)
ERROR: 'Error Stack:', 'FirebaseError: Expected first argument to collection() to be a CollectionReference, a DocumentReference or FirebaseFirestore'
[1A[2KERROR: [36m'Error Context:', Object{timestamp: '2025-08-25T14:21:47.274Z', component: 'FirebaseServicesService', method: 'loadCustomCategories', data: '{"operation":"loadCustomCategories","firebaseError":true}'}[39m
Chrome Headless 139.0.0.0 (Windows 10): Executed 907 of 1370[31m (253 FAILED)[39m (0 secs / 6.214 secs)
ERROR: 'Error Context:', Object{timestamp: '2025-08-25T14:21:47.274Z', component: 'FirebaseServicesService', method: 'loadCustomCategories', data: '{"operation":"loadCustomCategories","firebaseError":true}'}
[1A[2KChrome Headless 139.0.0.0 (Windows 10): Executed 908 of 1370[31m (253 FAILED)[39m (0 secs / 6.221 secs)
[1A[2KLOG: [36m'­ƒöä RoleService: Loading user role for:', 'mock-user-id'[39m
Chrome Headless 139.0.0.0 (Windows 10): Executed 908 of 1370[31m (253 FAILED)[39m (0 secs / 6.221 secs)
LOG: '­ƒöä RoleService: Loading user role for:', 'mock-user-id'
[1A[2KERROR: [36m'ÔØî RoleService: Error in loadUserRole:', FirebaseError: [code=invalid-argument]: Expected first argument to collection() to be a CollectionReference, a DocumentReference or FirebaseFirestore
FirebaseError: Expected first argument to collection() to be a CollectionReference, a DocumentReference or FirebaseFirestore[39m
Chrome Headless 139.0.0.0 (Windows 10): Executed 908 of 1370[31m (253 FAILED)[39m (0 secs / 6.221 secs)
ERROR: 'ÔØî RoleService: Error in loadUserRole:', FirebaseError: [code=invalid-argument]: Expected first argument to collection() to be a CollectionReference, a DocumentReference or FirebaseFirestore
FirebaseError: Expected first argument to collection() to be a CollectionReference, a DocumentReference or FirebaseFirestore
[1A[2KERROR: [36m'2025-08-25T14:21:47.282Z ERROR MEDIUM [FirebaseServicesService].loadServices  Expected first argument to collection() to be a CollectionReference, a DocumentReference or FirebaseFirestore'[39m
Chrome Headless 139.0.0.0 (Windows 10): Executed 908 of 1370[31m (253 FAILED)[39m (0 secs / 6.221 secs)
ERROR: '2025-08-25T14:21:47.282Z ERROR MEDIUM [FirebaseServicesService].loadServices  Expected first argument to collection() to be a CollectionReference, a DocumentReference or FirebaseFirestore'
[1A[2KERROR: [36m'Error Stack:', 'FirebaseError: Expected first argument to collection() to be a CollectionReference, a DocumentReference or FirebaseFirestore'[39m
Chrome Headless 139.0.0.0 (Windows 10): Executed 908 of 1370[31m (253 FAILED)[39m (0 secs / 6.221 secs)
ERROR: 'Error Stack:', 'FirebaseError: Expected first argument to collection() to be a CollectionReference, a DocumentReference or FirebaseFirestore'
[1A[2KERROR: [36m'Error Context:', Object{timestamp: '2025-08-25T14:21:47.282Z', component: 'FirebaseServicesService', method: 'loadServices', data: '{"operation":"loadServices","firebaseError":true}'}[39m
Chrome Headless 139.0.0.0 (Windows 10): Executed 908 of 1370[31m (253 FAILED)[39m (0 secs / 6.221 secs)
ERROR: 'Error Context:', Object{timestamp: '2025-08-25T14:21:47.282Z', component: 'FirebaseServicesService', method: 'loadServices', data: '{"operation":"loadServices","firebaseError":true}'}
[1A[2KERROR: [36m'2025-08-25T14:21:47.283Z ERROR MEDIUM [FirebaseServicesService].loadCustomCategories  Expected first argument to collection() to be a CollectionReference, a DocumentReference or FirebaseFirestore'[39m
Chrome Headless 139.0.0.0 (Windows 10): Executed 908 of 1370[31m (253 FAILED)[39m (0 secs / 6.221 secs)
ERROR: '2025-08-25T14:21:47.283Z ERROR MEDIUM [FirebaseServicesService].loadCustomCategories  Expected first argument to collection() to be a CollectionReference, a DocumentReference or FirebaseFirestore'
[1A[2KERROR: [36m'Error Stack:', 'FirebaseError: Expected first argument to collection() to be a CollectionReference, a DocumentReference or FirebaseFirestore'[39m
Chrome Headless 139.0.0.0 (Windows 10): Executed 908 of 1370[31m (253 FAILED)[39m (0 secs / 6.221 secs)
ERROR: 'Error Stack:', 'FirebaseError: Expected first argument to collection() to be a CollectionReference, a DocumentReference or FirebaseFirestore'
[1A[2KERROR: [36m'Error Context:', Object{timestamp: '2025-08-25T14:21:47.283Z', component: 'FirebaseServicesService', method: 'loadCustomCategories', data: '{"operation":"loadCustomCategories","firebaseError":true}'}[39m
Chrome Headless 139.0.0.0 (Windows 10): Executed 908 of 1370[31m (253 FAILED)[39m (0 secs / 6.221 secs)
ERROR: 'Error Context:', Object{timestamp: '2025-08-25T14:21:47.283Z', component: 'FirebaseServicesService', method: 'loadCustomCategories', data: '{"operation":"loadCustomCategories","firebaseError":true}'}
[1A[2KChrome Headless 139.0.0.0 (Windows 10): Executed 909 of 1370[31m (253 FAILED)[39m (0 secs / 6.225 secs)
[1A[2KLOG: [36m'­ƒöä RoleService: Loading user role for:', 'mock-user-id'[39m
Chrome Headless 139.0.0.0 (Windows 10): Executed 909 of 1370[31m (253 FAILED)[39m (0 secs / 6.225 secs)
LOG: '­ƒöä RoleService: Loading user role for:', 'mock-user-id'
[1A[2KERROR: [36m'ÔØî RoleService: Error in loadUserRole:', FirebaseError: [code=invalid-argument]: Expected first argument to collection() to be a CollectionReference, a DocumentReference or FirebaseFirestore
FirebaseError: Expected first argument to collection() to be a CollectionReference, a DocumentReference or FirebaseFirestore[39m
Chrome Headless 139.0.0.0 (Windows 10): Executed 909 of 1370[31m (253 FAILED)[39m (0 secs / 6.225 secs)
ERROR: 'ÔØî RoleService: Error in loadUserRole:', FirebaseError: [code=invalid-argument]: Expected first argument to collection() to be a CollectionReference, a DocumentReference or FirebaseFirestore
FirebaseError: Expected first argument to collection() to be a CollectionReference, a DocumentReference or FirebaseFirestore
[1A[2KERROR: [36m'2025-08-25T14:21:47.289Z ERROR MEDIUM [FirebaseServicesService].loadServices  Expected first argument to collection() to be a CollectionReference, a DocumentReference or FirebaseFirestore'[39m
Chrome Headless 139.0.0.0 (Windows 10): Executed 909 of 1370[31m (253 FAILED)[39m (0 secs / 6.225 secs)
ERROR: '2025-08-25T14:21:47.289Z ERROR MEDIUM [FirebaseServicesService].loadServices  Expected first argument to collection() to be a CollectionReference, a DocumentReference or FirebaseFirestore'
[1A[2KERROR: [36m'Error Stack:', 'FirebaseError: Expected first argument to collection() to be a CollectionReference, a DocumentReference or FirebaseFirestore'[39m
Chrome Headless 139.0.0.0 (Windows 10): Executed 909 of 1370[31m (253 FAILED)[39m (0 secs / 6.225 secs)
ERROR: 'Error Stack:', 'FirebaseError: Expected first argument to collection() to be a CollectionReference, a DocumentReference or FirebaseFirestore'
[1A[2KERROR: [36m'Error Context:', Object{timestamp: '2025-08-25T14:21:47.289Z', component: 'FirebaseServicesService', method: 'loadServices', data: '{"operation":"loadServices","firebaseError":true}'}[39m
Chrome Headless 139.0.0.0 (Windows 10): Executed 909 of 1370[31m (253 FAILED)[39m (0 secs / 6.225 secs)
ERROR: 'Error Context:', Object{timestamp: '2025-08-25T14:21:47.289Z', component: 'FirebaseServicesService', method: 'loadServices', data: '{"operation":"loadServices","firebaseError":true}'}
[1A[2KERROR: [36m'2025-08-25T14:21:47.289Z ERROR MEDIUM [FirebaseServicesService].loadCustomCategories  Expected first argument to collection() to be a CollectionReference, a DocumentReference or FirebaseFirestore'[39m
Chrome Headless 139.0.0.0 (Windows 10): Executed 909 of 1370[31m (253 FAILED)[39m (0 secs / 6.225 secs)
ERROR: '2025-08-25T14:21:47.289Z ERROR MEDIUM [FirebaseServicesService].loadCustomCategories  Expected first argument to collection() to be a CollectionReference, a DocumentReference or FirebaseFirestore'
[1A[2KERROR: [36m'Error Stack:', 'FirebaseError: Expected first argument to collection() to be a CollectionReference, a DocumentReference or FirebaseFirestore'[39m
Chrome Headless 139.0.0.0 (Windows 10): Executed 909 of 1370[31m (253 FAILED)[39m (0 secs / 6.225 secs)
ERROR: 'Error Stack:', 'FirebaseError: Expected first argument to collection() to be a CollectionReference, a DocumentReference or FirebaseFirestore'
[1A[2KERROR: [36m'Error Context:', Object{timestamp: '2025-08-25T14:21:47.289Z', component: 'FirebaseServicesService', method: 'loadCustomCategories', data: '{"operation":"loadCustomCategories","firebaseError":true}'}[39m
Chrome Headless 139.0.0.0 (Windows 10): Executed 909 of 1370[31m (253 FAILED)[39m (0 secs / 6.225 secs)
ERROR: 'Error Context:', Object{timestamp: '2025-08-25T14:21:47.289Z', component: 'FirebaseServicesService', method: 'loadCustomCategories', data: '{"operation":"loadCustomCategories","firebaseError":true}'}
[1A[2KChrome Headless 139.0.0.0 (Windows 10): Executed 910 of 1370[31m (253 FAILED)[39m (0 secs / 6.231 secs)
[1A[2KLOG: [36m'­ƒöä RoleService: Loading user role for:', 'mock-user-id'[39m
Chrome Headless 139.0.0.0 (Windows 10): Executed 910 of 1370[31m (253 FAILED)[39m (0 secs / 6.231 secs)
LOG: '­ƒöä RoleService: Loading user role for:', 'mock-user-id'
[1A[2KERROR: [36m'ÔØî RoleService: Error in loadUserRole:', FirebaseError: [code=invalid-argument]: Expected first argument to collection() to be a CollectionReference, a DocumentReference or FirebaseFirestore
FirebaseError: Expected first argument to collection() to be a CollectionReference, a DocumentReference or FirebaseFirestore[39m
Chrome Headless 139.0.0.0 (Windows 10): Executed 910 of 1370[31m (253 FAILED)[39m (0 secs / 6.231 secs)
ERROR: 'ÔØî RoleService: Error in loadUserRole:', FirebaseError: [code=invalid-argument]: Expected first argument to collection() to be a CollectionReference, a DocumentReference or FirebaseFirestore
FirebaseError: Expected first argument to collection() to be a CollectionReference, a DocumentReference or FirebaseFirestore
[1A[2KERROR: [36m'2025-08-25T14:21:47.297Z ERROR MEDIUM [FirebaseServicesService].loadServices  Expected first argument to collection() to be a CollectionReference, a DocumentReference or FirebaseFirestore'[39m
Chrome Headless 139.0.0.0 (Windows 10): Executed 910 of 1370[31m (253 FAILED)[39m (0 secs / 6.231 secs)
ERROR: '2025-08-25T14:21:47.297Z ERROR MEDIUM [FirebaseServicesService].loadServices  Expected first argument to collection() to be a CollectionReference, a DocumentReference or FirebaseFirestore'
[1A[2KERROR: [36m'Error Stack:', 'FirebaseError: Expected first argument to collection() to be a CollectionReference, a DocumentReference or FirebaseFirestore'[39m
Chrome Headless 139.0.0.0 (Windows 10): Executed 910 of 1370[31m (253 FAILED)[39m (0 secs / 6.231 secs)
ERROR: 'Error Stack:', 'FirebaseError: Expected first argument to collection() to be a CollectionReference, a DocumentReference or FirebaseFirestore'
[1A[2KERROR: [36m'Error Context:', Object{timestamp: '2025-08-25T14:21:47.297Z', component: 'FirebaseServicesService', method: 'loadServices', data: '{"operation":"loadServices","firebaseError":true}'}[39m
Chrome Headless 139.0.0.0 (Windows 10): Executed 910 of 1370[31m (253 FAILED)[39m (0 secs / 6.231 secs)
ERROR: 'Error Context:', Object{timestamp: '2025-08-25T14:21:47.297Z', component: 'FirebaseServicesService', method: 'loadServices', data: '{"operation":"loadServices","firebaseError":true}'}
[1A[2KERROR: [36m'2025-08-25T14:21:47.298Z ERROR MEDIUM [FirebaseServicesService].loadCustomCategories  Expected first argument to collection() to be a CollectionReference, a DocumentReference or FirebaseFirestore'[39m
Chrome Headless 139.0.0.0 (Windows 10): Executed 910 of 1370[31m (253 FAILED)[39m (0 secs / 6.231 secs)
ERROR: '2025-08-25T14:21:47.298Z ERROR MEDIUM [FirebaseServicesService].loadCustomCategories  Expected first argument to collection() to be a CollectionReference, a DocumentReference or FirebaseFirestore'
[1A[2KERROR: [36m'Error Stack:', 'FirebaseError: Expected first argument to collection() to be a CollectionReference, a DocumentReference or FirebaseFirestore'[39m
Chrome Headless 139.0.0.0 (Windows 10): Executed 910 of 1370[31m (253 FAILED)[39m (0 secs / 6.231 secs)
ERROR: 'Error Stack:', 'FirebaseError: Expected first argument to collection() to be a CollectionReference, a DocumentReference or FirebaseFirestore'
[1A[2KERROR: [36m'Error Context:', Object{timestamp: '2025-08-25T14:21:47.298Z', component: 'FirebaseServicesService', method: 'loadCustomCategories', data: '{"operation":"loadCustomCategories","firebaseError":true}'}[39m
Chrome Headless 139.0.0.0 (Windows 10): Executed 910 of 1370[31m (253 FAILED)[39m (0 secs / 6.231 secs)
ERROR: 'Error Context:', Object{timestamp: '2025-08-25T14:21:47.298Z', component: 'FirebaseServicesService', method: 'loadCustomCategories', data: '{"operation":"loadCustomCategories","firebaseError":true}'}
[1A[2KChrome Headless 139.0.0.0 (Windows 10): Executed 911 of 1370[31m (253 FAILED)[39m (0 secs / 6.235 secs)
[1A[2KLOG: [36m'­ƒöä RoleService: Loading user role for:', 'mock-user-id'[39m
Chrome Headless 139.0.0.0 (Windows 10): Executed 911 of 1370[31m (253 FAILED)[39m (0 secs / 6.235 secs)
LOG: '­ƒöä RoleService: Loading user role for:', 'mock-user-id'
[1A[2KERROR: [36m'ÔØî RoleService: Error in loadUserRole:', FirebaseError: [code=invalid-argument]: Expected first argument to collection() to be a CollectionReference, a DocumentReference or FirebaseFirestore
FirebaseError: Expected first argument to collection() to be a CollectionReference, a DocumentReference or FirebaseFirestore[39m
Chrome Headless 139.0.0.0 (Windows 10): Executed 911 of 1370[31m (253 FAILED)[39m (0 secs / 6.235 secs)
ERROR: 'ÔØî RoleService: Error in loadUserRole:', FirebaseError: [code=invalid-argument]: Expected first argument to collection() to be a CollectionReference, a DocumentReference or FirebaseFirestore
FirebaseError: Expected first argument to collection() to be a CollectionReference, a DocumentReference or FirebaseFirestore
[1A[2KERROR: [36m'2025-08-25T14:21:47.303Z ERROR MEDIUM [FirebaseServicesService].loadServices  Expected first argument to collection() to be a CollectionReference, a DocumentReference or FirebaseFirestore'[39m
Chrome Headless 139.0.0.0 (Windows 10): Executed 911 of 1370[31m (253 FAILED)[39m (0 secs / 6.235 secs)
ERROR: '2025-08-25T14:21:47.303Z ERROR MEDIUM [FirebaseServicesService].loadServices  Expected first argument to collection() to be a CollectionReference, a DocumentReference or FirebaseFirestore'
[1A[2KERROR: [36m'Error Stack:', 'FirebaseError: Expected first argument to collection() to be a CollectionReference, a DocumentReference or FirebaseFirestore'[39m
Chrome Headless 139.0.0.0 (Windows 10): Executed 911 of 1370[31m (253 FAILED)[39m (0 secs / 6.235 secs)
ERROR: 'Error Stack:', 'FirebaseError: Expected first argument to collection() to be a CollectionReference, a DocumentReference or FirebaseFirestore'
[1A[2KERROR: [36m'Error Context:', Object{timestamp: '2025-08-25T14:21:47.303Z', component: 'FirebaseServicesService', method: 'loadServices', data: '{"operation":"loadServices","firebaseError":true}'}[39m
Chrome Headless 139.0.0.0 (Windows 10): Executed 911 of 1370[31m (253 FAILED)[39m (0 secs / 6.235 secs)
ERROR: 'Error Context:', Object{timestamp: '2025-08-25T14:21:47.303Z', component: 'FirebaseServicesService', method: 'loadServices', data: '{"operation":"loadServices","firebaseError":true}'}
[1A[2KERROR: [36m'2025-08-25T14:21:47.303Z ERROR MEDIUM [FirebaseServicesService].loadCustomCategories  Expected first argument to collection() to be a CollectionReference, a DocumentReference or FirebaseFirestore'[39m
Chrome Headless 139.0.0.0 (Windows 10): Executed 911 of 1370[31m (253 FAILED)[39m (0 secs / 6.235 secs)
ERROR: '2025-08-25T14:21:47.303Z ERROR MEDIUM [FirebaseServicesService].loadCustomCategories  Expected first argument to collection() to be a CollectionReference, a DocumentReference or FirebaseFirestore'
[1A[2KERROR: [36m'Error Stack:', 'FirebaseError: Expected first argument to collection() to be a CollectionReference, a DocumentReference or FirebaseFirestore'[39m
Chrome Headless 139.0.0.0 (Windows 10): Executed 911 of 1370[31m (253 FAILED)[39m (0 secs / 6.235 secs)
ERROR: 'Error Stack:', 'FirebaseError: Expected first argument to collection() to be a CollectionReference, a DocumentReference or FirebaseFirestore'
[1A[2KERROR: [36m'Error Context:', Object{timestamp: '2025-08-25T14:21:47.303Z', component: 'FirebaseServicesService', method: 'loadCustomCategories', data: '{"operation":"loadCustomCategories","firebaseError":true}'}[39m
Chrome Headless 139.0.0.0 (Windows 10): Executed 911 of 1370[31m (253 FAILED)[39m (0 secs / 6.235 secs)
ERROR: 'Error Context:', Object{timestamp: '2025-08-25T14:21:47.303Z', component: 'FirebaseServicesService', method: 'loadCustomCategories', data: '{"operation":"loadCustomCategories","firebaseError":true}'}
[1A[2K[31mChrome Headless 139.0.0.0 (Windows 10) FiltersInlineComponent should be a component class FAILED[39m
	Expected 'FiltersInlineComponent2' to be 'FiltersInlineComponent'.
	    at <Jasmine>
	    at UserContext.<anonymous> (spec-filters-inline.component.spec.js:139:63)
	    at _ZoneDelegate.invoke (node_modules/zone.js/fesm2015/zone.js:398:28)
	    at _ProxyZoneSpec.onInvoke (node_modules/zone.js/fesm2015/zone-testing.js:2132:39)
	    at _ZoneDelegate.invoke (node_modules/zone.js/fesm2015/zone.js:397:34)
Chrome Headless 139.0.0.0 (Windows 10): Executed 912 of 1370[31m (254 FAILED)[39m (0 secs / 6.24 secs)
[1A[2KLOG: [36m'­ƒöä RoleService: Loading user role for:', 'mock-user-id'[39m
Chrome Headless 139.0.0.0 (Windows 10): Executed 912 of 1370[31m (254 FAILED)[39m (0 secs / 6.24 secs)
LOG: '­ƒöä RoleService: Loading user role for:', 'mock-user-id'
[1A[2KERROR: [36m'ÔØî RoleService: Error in loadUserRole:', FirebaseError: [code=invalid-argument]: Expected first argument to collection() to be a CollectionReference, a DocumentReference or FirebaseFirestore
FirebaseError: Expected first argument to collection() to be a CollectionReference, a DocumentReference or FirebaseFirestore[39m
Chrome Headless 139.0.0.0 (Windows 10): Executed 912 of 1370[31m (254 FAILED)[39m (0 secs / 6.24 secs)
ERROR: 'ÔØî RoleService: Error in loadUserRole:', FirebaseError: [code=invalid-argument]: Expected first argument to collection() to be a CollectionReference, a DocumentReference or FirebaseFirestore
FirebaseError: Expected first argument to collection() to be a CollectionReference, a DocumentReference or FirebaseFirestore
[1A[2KERROR: [36m'2025-08-25T14:21:47.309Z ERROR MEDIUM [FirebaseServicesService].loadServices  Expected first argument to collection() to be a CollectionReference, a DocumentReference or FirebaseFirestore'[39m
Chrome Headless 139.0.0.0 (Windows 10): Executed 912 of 1370[31m (254 FAILED)[39m (0 secs / 6.24 secs)
ERROR: '2025-08-25T14:21:47.309Z ERROR MEDIUM [FirebaseServicesService].loadServices  Expected first argument to collection() to be a CollectionReference, a DocumentReference or FirebaseFirestore'
[1A[2KERROR: [36m'Error Stack:', 'FirebaseError: Expected first argument to collection() to be a CollectionReference, a DocumentReference or FirebaseFirestore'[39m
Chrome Headless 139.0.0.0 (Windows 10): Executed 912 of 1370[31m (254 FAILED)[39m (0 secs / 6.24 secs)
ERROR: 'Error Stack:', 'FirebaseError: Expected first argument to collection() to be a CollectionReference, a DocumentReference or FirebaseFirestore'
[1A[2KERROR: [36m'Error Context:', Object{timestamp: '2025-08-25T14:21:47.309Z', component: 'FirebaseServicesService', method: 'loadServices', data: '{"operation":"loadServices","firebaseError":true}'}[39m
Chrome Headless 139.0.0.0 (Windows 10): Executed 912 of 1370[31m (254 FAILED)[39m (0 secs / 6.24 secs)
ERROR: 'Error Context:', Object{timestamp: '2025-08-25T14:21:47.309Z', component: 'FirebaseServicesService', method: 'loadServices', data: '{"operation":"loadServices","firebaseError":true}'}
[1A[2KERROR: [36m'2025-08-25T14:21:47.309Z ERROR MEDIUM [FirebaseServicesService].loadCustomCategories  Expected first argument to collection() to be a CollectionReference, a DocumentReference or FirebaseFirestore'[39m
Chrome Headless 139.0.0.0 (Windows 10): Executed 912 of 1370[31m (254 FAILED)[39m (0 secs / 6.24 secs)
ERROR: '2025-08-25T14:21:47.309Z ERROR MEDIUM [FirebaseServicesService].loadCustomCategories  Expected first argument to collection() to be a CollectionReference, a DocumentReference or FirebaseFirestore'
[1A[2KERROR: [36m'Error Stack:', 'FirebaseError: Expected first argument to collection() to be a CollectionReference, a DocumentReference or FirebaseFirestore'[39m
Chrome Headless 139.0.0.0 (Windows 10): Executed 912 of 1370[31m (254 FAILED)[39m (0 secs / 6.24 secs)
ERROR: 'Error Stack:', 'FirebaseError: Expected first argument to collection() to be a CollectionReference, a DocumentReference or FirebaseFirestore'
[1A[2KERROR: [36m'Error Context:', Object{timestamp: '2025-08-25T14:21:47.309Z', component: 'FirebaseServicesService', method: 'loadCustomCategories', data: '{"operation":"loadCustomCategories","firebaseError":true}'}[39m
Chrome Headless 139.0.0.0 (Windows 10): Executed 912 of 1370[31m (254 FAILED)[39m (0 secs / 6.24 secs)
ERROR: 'Error Context:', Object{timestamp: '2025-08-25T14:21:47.309Z', component: 'FirebaseServicesService', method: 'loadCustomCategories', data: '{"operation":"loadCustomCategories","firebaseError":true}'}
[1A[2K[31mChrome Headless 139.0.0.0 (Windows 10) FiltersInlineComponent should be a standalone component FAILED[39m
	Expected 'FiltersInlineComponent2' to be 'FiltersInlineComponent'.
	    at <Jasmine>
	    at UserContext.<anonymous> (spec-filters-inline.component.spec.js:143:63)
	    at _ZoneDelegate.invoke (node_modules/zone.js/fesm2015/zone.js:398:28)
	    at _ProxyZoneSpec.onInvoke (node_modules/zone.js/fesm2015/zone-testing.js:2132:39)
	    at _ZoneDelegate.invoke (node_modules/zone.js/fesm2015/zone.js:397:34)
Chrome Headless 139.0.0.0 (Windows 10): Executed 913 of 1370[31m (255 FAILED)[39m (0 secs / 6.245 secs)
[1A[2K[31mChrome Headless 139.0.0.0 (Windows 10) BookingService Error Handling with Loader should hide loader when validation throws error FAILED[39m
	createSpyObj requires a non-empty array or object of method names to create spies for thrown
Chrome Headless 139.0.0.0 (Windows 10): Executed 914 of 1370[31m (256 FAILED)[39m (0 secs / 6.246 secs)
[1A[2K[31mChrome Headless 139.0.0.0 (Windows 10) BookingService Error Handling with Loader should hide loader when authentication is missing FAILED[39m
	createSpyObj requires a non-empty array or object of method names to create spies for thrown
Chrome Headless 139.0.0.0 (Windows 10): Executed 915 of 1370[31m (257 FAILED)[39m (0 secs / 6.246 secs)
[1A[2K[31mChrome Headless 139.0.0.0 (Windows 10) BookingService Loader Integration should hide loader after failed booking creation FAILED[39m
	createSpyObj requires a non-empty array or object of method names to create spies for thrown
Chrome Headless 139.0.0.0 (Windows 10): Executed 916 of 1370[31m (258 FAILED)[39m (0 secs / 6.247 secs)
[1A[2K[31mChrome Headless 139.0.0.0 (Windows 10) BookingService Loader Integration should use correct loader message for booking creation FAILED[39m
	createSpyObj requires a non-empty array or object of method names to create spies for thrown
Chrome Headless 139.0.0.0 (Windows 10): Executed 917 of 1370[31m (259 FAILED)[39m (0 secs / 6.247 secs)
[1A[2K[31mChrome Headless 139.0.0.0 (Windows 10) BookingService Loader Integration should hide loader after successful booking creation FAILED[39m
	createSpyObj requires a non-empty array or object of method names to create spies for thrown
Chrome Headless 139.0.0.0 (Windows 10): Executed 918 of 1370[31m (260 FAILED)[39m (0 secs / 6.247 secs)
[1A[2K[31mChrome Headless 139.0.0.0 (Windows 10) BookingService Loader Integration should hide loader when authentication fails FAILED[39m
	createSpyObj requires a non-empty array or object of method names to create spies for thrown
Chrome Headless 139.0.0.0 (Windows 10): Executed 919 of 1370[31m (261 FAILED)[39m (0 secs / 6.247 secs)
[1A[2K[31mChrome Headless 139.0.0.0 (Windows 10) BookingService Loader Integration should show loader when creating booking FAILED[39m
	createSpyObj requires a non-empty array or object of method names to create spies for thrown
Chrome Headless 139.0.0.0 (Windows 10): Executed 920 of 1370[31m (262 FAILED)[39m (0 secs / 6.248 secs)
[1A[2K[31mChrome Headless 139.0.0.0 (Windows 10) BookingService Loader Integration should inject LoaderService correctly FAILED[39m
	createSpyObj requires a non-empty array or object of method names to create spies for thrown
Chrome Headless 139.0.0.0 (Windows 10): Executed 921 of 1370[31m (263 FAILED)[39m (0 secs / 6.248 secs)
[1A[2K[31mChrome Headless 139.0.0.0 (Windows 10) BookingService Loader Integration should ensure loader is always hidden in finally block FAILED[39m
	createSpyObj requires a non-empty array or object of method names to create spies for thrown
Chrome Headless 139.0.0.0 (Windows 10): Executed 922 of 1370[31m (264 FAILED)[39m (0 secs / 6.248 secs)
[1A[2K[31mChrome Headless 139.0.0.0 (Windows 10) BookingService should be created FAILED[39m
	createSpyObj requires a non-empty array or object of method names to create spies for thrown
Chrome Headless 139.0.0.0 (Windows 10): Executed 923 of 1370[31m (265 FAILED)[39m (0 secs / 6.248 secs)
[1A[2K[31mChrome Headless 139.0.0.0 (Windows 10) BookingService Service Integration should have proper signal-based properties FAILED[39m
	createSpyObj requires a non-empty array or object of method names to create spies for thrown
Chrome Headless 139.0.0.0 (Windows 10): Executed 924 of 1370[31m (266 FAILED)[39m (0 secs / 6.249 secs)
[1A[2K[31mChrome Headless 139.0.0.0 (Windows 10) BookingService Service Integration should properly inject all required services FAILED[39m
	createSpyObj requires a non-empty array or object of method names to create spies for thrown
Chrome Headless 139.0.0.0 (Windows 10): Executed 925 of 1370[31m (267 FAILED)[39m (0 secs / 6.249 secs)
[1A[2KWARN: [36m'NG0313: Multiple pipes match the name `currency` in the 'ServiceCardComponent2' component. check '@Component.imports' of this component'[39m
Chrome Headless 139.0.0.0 (Windows 10): Executed 925 of 1370[31m (267 FAILED)[39m (0 secs / 6.249 secs)
WARN: 'NG0313: Multiple pipes match the name `currency` in the 'ServiceCardComponent2' component. check '@Component.imports' of this component'
[1A[2KChrome Headless 139.0.0.0 (Windows 10): Executed 926 of 1370[31m (267 FAILED)[39m (0 secs / 6.257 secs)
[1A[2KWARN: [36m'NG0313: Multiple pipes match the name `currency` in the 'ServiceCardComponent2' component. check '@Component.imports' of this component'[39m
Chrome Headless 139.0.0.0 (Windows 10): Executed 926 of 1370[31m (267 FAILED)[39m (0 secs / 6.257 secs)
WARN: 'NG0313: Multiple pipes match the name `currency` in the 'ServiceCardComponent2' component. check '@Component.imports' of this component'
[1A[2KChrome Headless 139.0.0.0 (Windows 10): Executed 927 of 1370[31m (267 FAILED)[39m (0 secs / 6.26 secs)
[1A[2KWARN: [36m'NG0313: Multiple pipes match the name `currency` in the 'ServiceCardComponent2' component. check '@Component.imports' of this component'[39m
Chrome Headless 139.0.0.0 (Windows 10): Executed 927 of 1370[31m (267 FAILED)[39m (0 secs / 6.26 secs)
WARN: 'NG0313: Multiple pipes match the name `currency` in the 'ServiceCardComponent2' component. check '@Component.imports' of this component'
[1A[2KChrome Headless 139.0.0.0 (Windows 10): Executed 928 of 1370[31m (267 FAILED)[39m (0 secs / 6.263 secs)
[1A[2KWARN: [36m'NG0313: Multiple pipes match the name `currency` in the 'ServiceCardComponent2' component. check '@Component.imports' of this component'[39m
Chrome Headless 139.0.0.0 (Windows 10): Executed 928 of 1370[31m (267 FAILED)[39m (0 secs / 6.263 secs)
WARN: 'NG0313: Multiple pipes match the name `currency` in the 'ServiceCardComponent2' component. check '@Component.imports' of this component'
[1A[2KChrome Headless 139.0.0.0 (Windows 10): Executed 929 of 1370[31m (267 FAILED)[39m (0 secs / 6.265 secs)
[1A[2KWARN: [36m'NG0313: Multiple pipes match the name `currency` in the 'ServiceCardComponent2' component. check '@Component.imports' of this component'[39m
Chrome Headless 139.0.0.0 (Windows 10): Executed 929 of 1370[31m (267 FAILED)[39m (0 secs / 6.265 secs)
WARN: 'NG0313: Multiple pipes match the name `currency` in the 'ServiceCardComponent2' component. check '@Component.imports' of this component'
[1A[2KChrome Headless 139.0.0.0 (Windows 10): Executed 930 of 1370[31m (267 FAILED)[39m (0 secs / 6.268 secs)
[1A[2KWARN: [36m'NG0313: Multiple pipes match the name `currency` in the 'ServiceCardComponent2' component. check '@Component.imports' of this component'[39m
Chrome Headless 139.0.0.0 (Windows 10): Executed 930 of 1370[31m (267 FAILED)[39m (0 secs / 6.268 secs)
WARN: 'NG0313: Multiple pipes match the name `currency` in the 'ServiceCardComponent2' component. check '@Component.imports' of this component'
[1A[2KChrome Headless 139.0.0.0 (Windows 10): Executed 931 of 1370[31m (267 FAILED)[39m (0 secs / 6.27 secs)
[1A[2KWARN: [36m'NG0313: Multiple pipes match the name `currency` in the 'ServiceCardComponent2' component. check '@Component.imports' of this component'[39m
Chrome Headless 139.0.0.0 (Windows 10): Executed 931 of 1370[31m (267 FAILED)[39m (0 secs / 6.27 secs)
WARN: 'NG0313: Multiple pipes match the name `currency` in the 'ServiceCardComponent2' component. check '@Component.imports' of this component'
[1A[2KChrome Headless 139.0.0.0 (Windows 10): Executed 932 of 1370[31m (267 FAILED)[39m (0 secs / 6.272 secs)
[1A[2KWARN: [36m'NG0313: Multiple pipes match the name `currency` in the 'ServiceCardComponent2' component. check '@Component.imports' of this component'[39m
Chrome Headless 139.0.0.0 (Windows 10): Executed 932 of 1370[31m (267 FAILED)[39m (0 secs / 6.272 secs)
WARN: 'NG0313: Multiple pipes match the name `currency` in the 'ServiceCardComponent2' component. check '@Component.imports' of this component'
[1A[2KChrome Headless 139.0.0.0 (Windows 10): Executed 933 of 1370[31m (267 FAILED)[39m (0 secs / 6.277 secs)
[1A[2KWARN: [36m'NG0313: Multiple pipes match the name `currency` in the 'ServiceCardComponent2' component. check '@Component.imports' of this component'[39m
Chrome Headless 139.0.0.0 (Windows 10): Executed 933 of 1370[31m (267 FAILED)[39m (0 secs / 6.277 secs)
WARN: 'NG0313: Multiple pipes match the name `currency` in the 'ServiceCardComponent2' component. check '@Component.imports' of this component'
[1A[2KChrome Headless 139.0.0.0 (Windows 10): Executed 934 of 1370[31m (267 FAILED)[39m (0 secs / 6.281 secs)
[1A[2KWARN: [36m'NG0313: Multiple pipes match the name `currency` in the 'ServiceCardComponent2' component. check '@Component.imports' of this component'[39m
Chrome Headless 139.0.0.0 (Windows 10): Executed 934 of 1370[31m (267 FAILED)[39m (0 secs / 6.281 secs)
WARN: 'NG0313: Multiple pipes match the name `currency` in the 'ServiceCardComponent2' component. check '@Component.imports' of this component'
[1A[2KChrome Headless 139.0.0.0 (Windows 10): Executed 935 of 1370[31m (267 FAILED)[39m (0 secs / 6.283 secs)
[1A[2KWARN: [36m'NG0313: Multiple pipes match the name `currency` in the 'ServiceCardComponent2' component. check '@Component.imports' of this component'[39m
Chrome Headless 139.0.0.0 (Windows 10): Executed 935 of 1370[31m (267 FAILED)[39m (0 secs / 6.283 secs)
WARN: 'NG0313: Multiple pipes match the name `currency` in the 'ServiceCardComponent2' component. check '@Component.imports' of this component'
[1A[2KChrome Headless 139.0.0.0 (Windows 10): Executed 936 of 1370[31m (267 FAILED)[39m (0 secs / 6.285 secs)
[1A[2KWARN: [36m'NG0313: Multiple pipes match the name `currency` in the 'ServiceCardComponent2' component. check '@Component.imports' of this component'[39m
Chrome Headless 139.0.0.0 (Windows 10): Executed 936 of 1370[31m (267 FAILED)[39m (0 secs / 6.285 secs)
WARN: 'NG0313: Multiple pipes match the name `currency` in the 'ServiceCardComponent2' component. check '@Component.imports' of this component'
[1A[2KChrome Headless 139.0.0.0 (Windows 10): Executed 937 of 1370[31m (267 FAILED)[39m (0 secs / 6.288 secs)
[1A[2KWARN: [36m'NG0313: Multiple pipes match the name `currency` in the 'ServiceCardComponent2' component. check '@Component.imports' of this component'[39m
Chrome Headless 139.0.0.0 (Windows 10): Executed 937 of 1370[31m (267 FAILED)[39m (0 secs / 6.288 secs)
WARN: 'NG0313: Multiple pipes match the name `currency` in the 'ServiceCardComponent2' component. check '@Component.imports' of this component'
[1A[2KChrome Headless 139.0.0.0 (Windows 10): Executed 938 of 1370[31m (267 FAILED)[39m (0 secs / 6.291 secs)
[1A[2KWARN: [36m'NG0313: Multiple pipes match the name `currency` in the 'ServiceCardComponent2' component. check '@Component.imports' of this component'[39m
Chrome Headless 139.0.0.0 (Windows 10): Executed 938 of 1370[31m (267 FAILED)[39m (0 secs / 6.291 secs)
WARN: 'NG0313: Multiple pipes match the name `currency` in the 'ServiceCardComponent2' component. check '@Component.imports' of this component'
[1A[2KChrome Headless 139.0.0.0 (Windows 10): Executed 939 of 1370[31m (267 FAILED)[39m (0 secs / 6.294 secs)
[1A[2KWARN: [36m'NG0313: Multiple pipes match the name `currency` in the 'ServiceCardComponent2' component. check '@Component.imports' of this component'[39m
Chrome Headless 139.0.0.0 (Windows 10): Executed 939 of 1370[31m (267 FAILED)[39m (0 secs / 6.294 secs)
WARN: 'NG0313: Multiple pipes match the name `currency` in the 'ServiceCardComponent2' component. check '@Component.imports' of this component'
[1A[2KChrome Headless 139.0.0.0 (Windows 10): Executed 940 of 1370[31m (267 FAILED)[39m (0 secs / 6.297 secs)
[1A[2KWARN: [36m'NG0313: Multiple pipes match the name `currency` in the 'ServiceCardComponent2' component. check '@Component.imports' of this component'[39m
Chrome Headless 139.0.0.0 (Windows 10): Executed 940 of 1370[31m (267 FAILED)[39m (0 secs / 6.297 secs)
WARN: 'NG0313: Multiple pipes match the name `currency` in the 'ServiceCardComponent2' component. check '@Component.imports' of this component'
[1A[2KChrome Headless 139.0.0.0 (Windows 10): Executed 941 of 1370[31m (267 FAILED)[39m (0 secs / 6.3 secs)
[1A[2KWARN: [36m'NG0313: Multiple pipes match the name `currency` in the 'ServiceCardComponent2' component. check '@Component.imports' of this component'[39m
Chrome Headless 139.0.0.0 (Windows 10): Executed 941 of 1370[31m (267 FAILED)[39m (0 secs / 6.3 secs)
WARN: 'NG0313: Multiple pipes match the name `currency` in the 'ServiceCardComponent2' component. check '@Component.imports' of this component'
[1A[2KChrome Headless 139.0.0.0 (Windows 10): Executed 942 of 1370[31m (267 FAILED)[39m (0 secs / 6.303 secs)
[1A[2KWARN: [36m'NG0313: Multiple pipes match the name `currency` in the 'ServiceCardComponent2' component. check '@Component.imports' of this component'[39m
Chrome Headless 139.0.0.0 (Windows 10): Executed 942 of 1370[31m (267 FAILED)[39m (0 secs / 6.303 secs)
WARN: 'NG0313: Multiple pipes match the name `currency` in the 'ServiceCardComponent2' component. check '@Component.imports' of this component'
[1A[2KChrome Headless 139.0.0.0 (Windows 10): Executed 943 of 1370[31m (267 FAILED)[39m (0 secs / 6.306 secs)
[1A[2KWARN: [36m'NG0313: Multiple pipes match the name `currency` in the 'ServiceCardComponent2' component. check '@Component.imports' of this component'[39m
Chrome Headless 139.0.0.0 (Windows 10): Executed 943 of 1370[31m (267 FAILED)[39m (0 secs / 6.306 secs)
WARN: 'NG0313: Multiple pipes match the name `currency` in the 'ServiceCardComponent2' component. check '@Component.imports' of this component'
[1A[2KChrome Headless 139.0.0.0 (Windows 10): Executed 944 of 1370[31m (267 FAILED)[39m (0 secs / 6.308 secs)
[1A[2KWARN: [36m'NG0313: Multiple pipes match the name `currency` in the 'ServiceCardComponent2' component. check '@Component.imports' of this component'[39m
Chrome Headless 139.0.0.0 (Windows 10): Executed 944 of 1370[31m (267 FAILED)[39m (0 secs / 6.308 secs)
WARN: 'NG0313: Multiple pipes match the name `currency` in the 'ServiceCardComponent2' component. check '@Component.imports' of this component'
[1A[2KChrome Headless 139.0.0.0 (Windows 10): Executed 945 of 1370[31m (267 FAILED)[39m (0 secs / 6.312 secs)
[1A[2KWARN: [36m'NG0313: Multiple pipes match the name `currency` in the 'ServiceCardComponent2' component. check '@Component.imports' of this component'[39m
Chrome Headless 139.0.0.0 (Windows 10): Executed 945 of 1370[31m (267 FAILED)[39m (0 secs / 6.312 secs)
WARN: 'NG0313: Multiple pipes match the name `currency` in the 'ServiceCardComponent2' component. check '@Component.imports' of this component'
[1A[2KChrome Headless 139.0.0.0 (Windows 10): Executed 946 of 1370[31m (267 FAILED)[39m (0 secs / 6.317 secs)
[1A[2KWARN: [36m'NG0313: Multiple pipes match the name `currency` in the 'ServiceCardComponent2' component. check '@Component.imports' of this component'[39m
Chrome Headless 139.0.0.0 (Windows 10): Executed 946 of 1370[31m (267 FAILED)[39m (0 secs / 6.317 secs)
WARN: 'NG0313: Multiple pipes match the name `currency` in the 'ServiceCardComponent2' component. check '@Component.imports' of this component'
[1A[2KChrome Headless 139.0.0.0 (Windows 10): Executed 947 of 1370[31m (267 FAILED)[39m (0 secs / 6.319 secs)
[1A[2KWARN: [36m'NG0313: Multiple pipes match the name `currency` in the 'ServiceCardComponent2' component. check '@Component.imports' of this component'[39m
Chrome Headless 139.0.0.0 (Windows 10): Executed 947 of 1370[31m (267 FAILED)[39m (0 secs / 6.319 secs)
WARN: 'NG0313: Multiple pipes match the name `currency` in the 'ServiceCardComponent2' component. check '@Component.imports' of this component'
[1A[2KChrome Headless 139.0.0.0 (Windows 10): Executed 948 of 1370[31m (267 FAILED)[39m (0 secs / 6.321 secs)
[1A[2KWARN: [36m'NG0313: Multiple pipes match the name `currency` in the 'ServiceCardComponent2' component. check '@Component.imports' of this component'[39m
Chrome Headless 139.0.0.0 (Windows 10): Executed 948 of 1370[31m (267 FAILED)[39m (0 secs / 6.321 secs)
WARN: 'NG0313: Multiple pipes match the name `currency` in the 'ServiceCardComponent2' component. check '@Component.imports' of this component'
[1A[2KChrome Headless 139.0.0.0 (Windows 10): Executed 949 of 1370[31m (267 FAILED)[39m (0 secs / 6.323 secs)
[1A[2KWARN: [36m'NG0313: Multiple pipes match the name `currency` in the 'ServiceCardComponent2' component. check '@Component.imports' of this component'[39m
Chrome Headless 139.0.0.0 (Windows 10): Executed 949 of 1370[31m (267 FAILED)[39m (0 secs / 6.323 secs)
WARN: 'NG0313: Multiple pipes match the name `currency` in the 'ServiceCardComponent2' component. check '@Component.imports' of this component'
[1A[2KChrome Headless 139.0.0.0 (Windows 10): Executed 950 of 1370[31m (267 FAILED)[39m (0 secs / 6.325 secs)
[1A[2KWARN: [36m'NG0313: Multiple pipes match the name `currency` in the 'ServiceCardComponent2' component. check '@Component.imports' of this component'[39m
Chrome Headless 139.0.0.0 (Windows 10): Executed 950 of 1370[31m (267 FAILED)[39m (0 secs / 6.325 secs)
WARN: 'NG0313: Multiple pipes match the name `currency` in the 'ServiceCardComponent2' component. check '@Component.imports' of this component'
[1A[2KChrome Headless 139.0.0.0 (Windows 10): Executed 951 of 1370[31m (267 FAILED)[39m (0 secs / 6.328 secs)
[1A[2KWARN: [36m'NG0313: Multiple pipes match the name `currency` in the 'ServiceCardComponent2' component. check '@Component.imports' of this component'[39m
Chrome Headless 139.0.0.0 (Windows 10): Executed 951 of 1370[31m (267 FAILED)[39m (0 secs / 6.328 secs)
WARN: 'NG0313: Multiple pipes match the name `currency` in the 'ServiceCardComponent2' component. check '@Component.imports' of this component'
[1A[2KChrome Headless 139.0.0.0 (Windows 10): Executed 952 of 1370[31m (267 FAILED)[39m (0 secs / 6.33 secs)
[1A[2K[31mChrome Headless 139.0.0.0 (Windows 10) FiltersCollapsibleComponent should handle filter removal for client filter FAILED[39m
	Expected spy onClientChange to have been called with:
	  [ '' ]
	but it was never called.
	    at <Jasmine>
	    at UserContext.<anonymous> (spec-filters-collapsible.component.spec.js:518:17)
	    at _ZoneDelegate.invoke (node_modules/zone.js/fesm2015/zone.js:398:28)
	    at _ProxyZoneSpec.onInvoke (node_modules/zone.js/fesm2015/zone-testing.js:2132:39)
	    at _ZoneDelegate.invoke (node_modules/zone.js/fesm2015/zone.js:397:34)
Chrome Headless 139.0.0.0 (Windows 10): Executed 953 of 1370[31m (268 FAILED)[39m (0 secs / 6.341 secs)
[1A[2KLOG: [36m'­ƒöä RoleService: Loading user role for:', 'mock-user-id'[39m
Chrome Headless 139.0.0.0 (Windows 10): Executed 953 of 1370[31m (268 FAILED)[39m (0 secs / 6.341 secs)
LOG: '­ƒöä RoleService: Loading user role for:', 'mock-user-id'
[1A[2KERROR: [36m'ÔØî RoleService: Error in loadUserRole:', FirebaseError: [code=invalid-argument]: Expected first argument to collection() to be a CollectionReference, a DocumentReference or FirebaseFirestore
FirebaseError: Expected first argument to collection() to be a CollectionReference, a DocumentReference or FirebaseFirestore[39m
Chrome Headless 139.0.0.0 (Windows 10): Executed 953 of 1370[31m (268 FAILED)[39m (0 secs / 6.341 secs)
ERROR: 'ÔØî RoleService: Error in loadUserRole:', FirebaseError: [code=invalid-argument]: Expected first argument to collection() to be a CollectionReference, a DocumentReference or FirebaseFirestore
FirebaseError: Expected first argument to collection() to be a CollectionReference, a DocumentReference or FirebaseFirestore
[1A[2KChrome Headless 139.0.0.0 (Windows 10): Executed 954 of 1370[31m (268 FAILED)[39m (0 secs / 6.364 secs)
[1A[2KERROR: [36m'2025-08-25T14:21:47.471Z ERROR MEDIUM [FirebaseServicesService].loadServices  Expected first argument to collection() to be a CollectionReference, a DocumentReference or FirebaseFirestore'[39m
Chrome Headless 139.0.0.0 (Windows 10): Executed 954 of 1370[31m (268 FAILED)[39m (0 secs / 6.364 secs)
ERROR: '2025-08-25T14:21:47.471Z ERROR MEDIUM [FirebaseServicesService].loadServices  Expected first argument to collection() to be a CollectionReference, a DocumentReference or FirebaseFirestore'
[1A[2KERROR: [36m'Error Stack:', 'FirebaseError: Expected first argument to collection() to be a CollectionReference, a DocumentReference or FirebaseFirestore'[39m
Chrome Headless 139.0.0.0 (Windows 10): Executed 954 of 1370[31m (268 FAILED)[39m (0 secs / 6.364 secs)
ERROR: 'Error Stack:', 'FirebaseError: Expected first argument to collection() to be a CollectionReference, a DocumentReference or FirebaseFirestore'
[1A[2KERROR: [36m'Error Context:', Object{timestamp: '2025-08-25T14:21:47.471Z', component: 'FirebaseServicesService', method: 'loadServices', data: '{"operation":"loadServices","firebaseError":true}'}[39m
Chrome Headless 139.0.0.0 (Windows 10): Executed 954 of 1370[31m (268 FAILED)[39m (0 secs / 6.364 secs)
ERROR: 'Error Context:', Object{timestamp: '2025-08-25T14:21:47.471Z', component: 'FirebaseServicesService', method: 'loadServices', data: '{"operation":"loadServices","firebaseError":true}'}
[1A[2KERROR: [36m'2025-08-25T14:21:47.472Z ERROR MEDIUM [FirebaseServicesService].loadCustomCategories  Expected first argument to collection() to be a CollectionReference, a DocumentReference or FirebaseFirestore'[39m
Chrome Headless 139.0.0.0 (Windows 10): Executed 954 of 1370[31m (268 FAILED)[39m (0 secs / 6.364 secs)
ERROR: '2025-08-25T14:21:47.472Z ERROR MEDIUM [FirebaseServicesService].loadCustomCategories  Expected first argument to collection() to be a CollectionReference, a DocumentReference or FirebaseFirestore'
[1A[2KERROR: [36m'Error Stack:', 'FirebaseError: Expected first argument to collection() to be a CollectionReference, a DocumentReference or FirebaseFirestore'[39m
Chrome Headless 139.0.0.0 (Windows 10): Executed 954 of 1370[31m (268 FAILED)[39m (0 secs / 6.364 secs)
ERROR: 'Error Stack:', 'FirebaseError: Expected first argument to collection() to be a CollectionReference, a DocumentReference or FirebaseFirestore'
[1A[2KERROR: [36m'Error Context:', Object{timestamp: '2025-08-25T14:21:47.472Z', component: 'FirebaseServicesService', method: 'loadCustomCategories', data: '{"operation":"loadCustomCategories","firebaseError":true}'}[39m
Chrome Headless 139.0.0.0 (Windows 10): Executed 954 of 1370[31m (268 FAILED)[39m (0 secs / 6.364 secs)
ERROR: 'Error Context:', Object{timestamp: '2025-08-25T14:21:47.472Z', component: 'FirebaseServicesService', method: 'loadCustomCategories', data: '{"operation":"loadCustomCategories","firebaseError":true}'}
[1A[2KLOG: [36m'­ƒöä RoleService: Loading user role for:', 'mock-user-id'[39m
Chrome Headless 139.0.0.0 (Windows 10): Executed 954 of 1370[31m (268 FAILED)[39m (0 secs / 6.364 secs)
LOG: '­ƒöä RoleService: Loading user role for:', 'mock-user-id'
[1A[2KERROR: [36m'ÔØî RoleService: Error in loadUserRole:', FirebaseError: [code=invalid-argument]: Expected first argument to collection() to be a CollectionReference, a DocumentReference or FirebaseFirestore
FirebaseError: Expected first argument to collection() to be a CollectionReference, a DocumentReference or FirebaseFirestore[39m
Chrome Headless 139.0.0.0 (Windows 10): Executed 954 of 1370[31m (268 FAILED)[39m (0 secs / 6.364 secs)
ERROR: 'ÔØî RoleService: Error in loadUserRole:', FirebaseError: [code=invalid-argument]: Expected first argument to collection() to be a CollectionReference, a DocumentReference or FirebaseFirestore
FirebaseError: Expected first argument to collection() to be a CollectionReference, a DocumentReference or FirebaseFirestore
[1A[2KChrome Headless 139.0.0.0 (Windows 10): Executed 955 of 1370[31m (268 FAILED)[39m (0 secs / 6.381 secs)
[1A[2KERROR: [36m'2025-08-25T14:21:47.501Z ERROR MEDIUM [FirebaseServicesService].loadServices  Expected first argument to collection() to be a CollectionReference, a DocumentReference or FirebaseFirestore'[39m
Chrome Headless 139.0.0.0 (Windows 10): Executed 955 of 1370[31m (268 FAILED)[39m (0 secs / 6.381 secs)
ERROR: '2025-08-25T14:21:47.501Z ERROR MEDIUM [FirebaseServicesService].loadServices  Expected first argument to collection() to be a CollectionReference, a DocumentReference or FirebaseFirestore'
[1A[2KERROR: [36m'Error Stack:', 'FirebaseError: Expected first argument to collection() to be a CollectionReference, a DocumentReference or FirebaseFirestore'[39m
Chrome Headless 139.0.0.0 (Windows 10): Executed 955 of 1370[31m (268 FAILED)[39m (0 secs / 6.381 secs)
ERROR: 'Error Stack:', 'FirebaseError: Expected first argument to collection() to be a CollectionReference, a DocumentReference or FirebaseFirestore'
[1A[2KERROR: [36m'Error Context:', Object{timestamp: '2025-08-25T14:21:47.501Z', component: 'FirebaseServicesService', method: 'loadServices', data: '{"operation":"loadServices","firebaseError":true}'}[39m
Chrome Headless 139.0.0.0 (Windows 10): Executed 955 of 1370[31m (268 FAILED)[39m (0 secs / 6.381 secs)
ERROR: 'Error Context:', Object{timestamp: '2025-08-25T14:21:47.501Z', component: 'FirebaseServicesService', method: 'loadServices', data: '{"operation":"loadServices","firebaseError":true}'}
[1A[2KERROR: [36m'2025-08-25T14:21:47.501Z ERROR MEDIUM [FirebaseServicesService].loadCustomCategories  Expected first argument to collection() to be a CollectionReference, a DocumentReference or FirebaseFirestore'[39m
Chrome Headless 139.0.0.0 (Windows 10): Executed 955 of 1370[31m (268 FAILED)[39m (0 secs / 6.381 secs)
ERROR: '2025-08-25T14:21:47.501Z ERROR MEDIUM [FirebaseServicesService].loadCustomCategories  Expected first argument to collection() to be a CollectionReference, a DocumentReference or FirebaseFirestore'
[1A[2KERROR: [36m'Error Stack:', 'FirebaseError: Expected first argument to collection() to be a CollectionReference, a DocumentReference or FirebaseFirestore'[39m
Chrome Headless 139.0.0.0 (Windows 10): Executed 955 of 1370[31m (268 FAILED)[39m (0 secs / 6.381 secs)
ERROR: 'Error Stack:', 'FirebaseError: Expected first argument to collection() to be a CollectionReference, a DocumentReference or FirebaseFirestore'
[1A[2KERROR: [36m'Error Context:', Object{timestamp: '2025-08-25T14:21:47.501Z', component: 'FirebaseServicesService', method: 'loadCustomCategories', data: '{"operation":"loadCustomCategories","firebaseError":true}'}[39m
Chrome Headless 139.0.0.0 (Windows 10): Executed 955 of 1370[31m (268 FAILED)[39m (0 secs / 6.381 secs)
ERROR: 'Error Context:', Object{timestamp: '2025-08-25T14:21:47.501Z', component: 'FirebaseServicesService', method: 'loadCustomCategories', data: '{"operation":"loadCustomCategories","firebaseError":true}'}
[1A[2KChrome Headless 139.0.0.0 (Windows 10): Executed 956 of 1370[31m (268 FAILED)[39m (0 secs / 6.385 secs)
[1A[2K[31mChrome Headless 139.0.0.0 (Windows 10) FiltersCollapsibleComponent should handle filter removal for date filter FAILED[39m
	Expected spy onDateChange to have been called with:
	  [ '' ]
	but it was never called.
	    at <Jasmine>
	    at UserContext.<anonymous> (spec-filters-collapsible.component.spec.js:506:17)
	    at _ZoneDelegate.invoke (node_modules/zone.js/fesm2015/zone.js:398:28)
	    at _ProxyZoneSpec.onInvoke (node_modules/zone.js/fesm2015/zone-testing.js:2132:39)
	    at _ZoneDelegate.invoke (node_modules/zone.js/fesm2015/zone.js:397:34)
Chrome Headless 139.0.0.0 (Windows 10): Executed 957 of 1370[31m (269 FAILED)[39m (0 secs / 6.389 secs)
[1A[2KChrome Headless 139.0.0.0 (Windows 10): Executed 958 of 1370[31m (269 FAILED)[39m (0 secs / 6.395 secs)
[1A[2KChrome Headless 139.0.0.0 (Windows 10): Executed 959 of 1370[31m (269 FAILED)[39m (0 secs / 6.399 secs)
[1A[2KChrome Headless 139.0.0.0 (Windows 10): Executed 960 of 1370[31m (269 FAILED)[39m (0 secs / 6.402 secs)
[1A[2K[31mChrome Headless 139.0.0.0 (Windows 10) FiltersCollapsibleComponent should handle filter removal for service filter FAILED[39m
	Expected spy onServiceChange to have been called with:
	  [ '' ]
	but it was never called.
	    at <Jasmine>
	    at UserContext.<anonymous> (spec-filters-collapsible.component.spec.js:530:17)
	    at _ZoneDelegate.invoke (node_modules/zone.js/fesm2015/zone.js:398:28)
	    at _ProxyZoneSpec.onInvoke (node_modules/zone.js/fesm2015/zone-testing.js:2132:39)
	    at _ZoneDelegate.invoke (node_modules/zone.js/fesm2015/zone.js:397:34)
Chrome Headless 139.0.0.0 (Windows 10): Executed 961 of 1370[31m (270 FAILED)[39m (0 secs / 6.406 secs)
[1A[2KChrome Headless 139.0.0.0 (Windows 10): Executed 962 of 1370[31m (270 FAILED)[39m (0 secs / 6.414 secs)
[1A[2KChrome Headless 139.0.0.0 (Windows 10): Executed 963 of 1370[31m (270 FAILED)[39m (0 secs / 6.423 secs)
[1A[2KChrome Headless 139.0.0.0 (Windows 10): Executed 964 of 1370[31m (270 FAILED)[39m (0 secs / 6.428 secs)
[1A[2KChrome Headless 139.0.0.0 (Windows 10): Executed 965 of 1370[31m (270 FAILED)[39m (0 secs / 6.435 secs)
[1A[2KChrome Headless 139.0.0.0 (Windows 10): Executed 966 of 1370[31m (270 FAILED)[39m (0 secs / 6.44 secs)
[1A[2KChrome Headless 139.0.0.0 (Windows 10): Executed 967 of 1370[31m (270 FAILED)[39m (0 secs / 6.444 secs)
[1A[2KChrome Headless 139.0.0.0 (Windows 10): Executed 968 of 1370[31m (270 FAILED)[39m (0 secs / 6.452 secs)
[1A[2KChrome Headless 139.0.0.0 (Windows 10): Executed 969 of 1370[31m (270 FAILED)[39m (0 secs / 6.458 secs)
[1A[2KChrome Headless 139.0.0.0 (Windows 10): Executed 970 of 1370[31m (270 FAILED)[39m (0 secs / 6.465 secs)
[1A[2KChrome Headless 139.0.0.0 (Windows 10): Executed 971 of 1370[31m (270 FAILED)[39m (0 secs / 6.474 secs)
[1A[2KChrome Headless 139.0.0.0 (Windows 10): Executed 972 of 1370[31m (270 FAILED)[39m (0 secs / 6.476 secs)
[1A[2KChrome Headless 139.0.0.0 (Windows 10): Executed 973 of 1370[31m (270 FAILED)[39m (0 secs / 6.478 secs)
[1A[2KChrome Headless 139.0.0.0 (Windows 10): Executed 974 of 1370[31m (270 FAILED)[39m (0 secs / 6.479 secs)
[1A[2KChrome Headless 139.0.0.0 (Windows 10): Executed 975 of 1370[31m (270 FAILED)[39m (0 secs / 6.48 secs)
[1A[2KChrome Headless 139.0.0.0 (Windows 10): Executed 976 of 1370[31m (270 FAILED)[39m (0 secs / 6.482 secs)
[1A[2KChrome Headless 139.0.0.0 (Windows 10): Executed 977 of 1370[31m (270 FAILED)[39m (0 secs / 6.483 secs)
[1A[2KChrome Headless 139.0.0.0 (Windows 10): Executed 978 of 1370[31m (270 FAILED)[39m (0 secs / 6.484 secs)
[1A[2KChrome Headless 139.0.0.0 (Windows 10): Executed 979 of 1370[31m (270 FAILED)[39m (0 secs / 6.485 secs)
[1A[2KChrome Headless 139.0.0.0 (Windows 10): Executed 980 of 1370[31m (270 FAILED)[39m (0 secs / 6.486 secs)
[1A[2KChrome Headless 139.0.0.0 (Windows 10): Executed 981 of 1370[31m (270 FAILED)[39m (0 secs / 6.487 secs)
[1A[2KChrome Headless 139.0.0.0 (Windows 10): Executed 982 of 1370[31m (270 FAILED)[39m (0 secs / 6.488 secs)
[1A[2KChrome Headless 139.0.0.0 (Windows 10): Executed 983 of 1370[31m (270 FAILED)[39m (0 secs / 6.489 secs)
[1A[2KChrome Headless 139.0.0.0 (Windows 10): Executed 984 of 1370[31m (270 FAILED)[39m (0 secs / 6.49 secs)
[1A[2KChrome Headless 139.0.0.0 (Windows 10): Executed 985 of 1370[31m (270 FAILED)[39m (0 secs / 6.492 secs)
[1A[2KChrome Headless 139.0.0.0 (Windows 10): Executed 986 of 1370[31m (270 FAILED)[39m (0 secs / 6.493 secs)
[1A[2KChrome Headless 139.0.0.0 (Windows 10): Executed 987 of 1370[31m (270 FAILED)[39m (0 secs / 6.494 secs)
[1A[2KChrome Headless 139.0.0.0 (Windows 10): Executed 988 of 1370[31m (270 FAILED)[39m (0 secs / 6.496 secs)
[1A[2K[31mChrome Headless 139.0.0.0 (Windows 10) FloatingButtonComponent should have proper component structure FAILED[39m
	Expected 'FloatingButtonComponent2' to be 'FloatingButtonComponent'.
	    at <Jasmine>
	    at UserContext.<anonymous> (spec-floating-button.component.spec.js:51:64)
	    at _ZoneDelegate.invoke (node_modules/zone.js/fesm2015/zone.js:398:28)
	    at _ProxyZoneSpec.onInvoke (node_modules/zone.js/fesm2015/zone-testing.js:2132:39)
	    at _ZoneDelegate.invoke (node_modules/zone.js/fesm2015/zone.js:397:34)
Chrome Headless 139.0.0.0 (Windows 10): Executed 989 of 1370[31m (271 FAILED)[39m (0 secs / 6.497 secs)
[1A[2K[31mChrome Headless 139.0.0.0 (Windows 10) FloatingButtonComponent should be a standalone component FAILED[39m
	Expected 'FloatingButtonComponent2' to be 'FloatingButtonComponent'.
	    at <Jasmine>
	    at UserContext.<anonymous> (spec-floating-button.component.spec.js:55:64)
	    at _ZoneDelegate.invoke (node_modules/zone.js/fesm2015/zone.js:398:28)
	    at _ProxyZoneSpec.onInvoke (node_modules/zone.js/fesm2015/zone-testing.js:2132:39)
	    at _ZoneDelegate.invoke (node_modules/zone.js/fesm2015/zone.js:397:34)
Chrome Headless 139.0.0.0 (Windows 10): Executed 990 of 1370[31m (272 FAILED)[39m (0 secs / 6.499 secs)
[1A[2KChrome Headless 139.0.0.0 (Windows 10): Executed 991 of 1370[31m (272 FAILED)[39m (0 secs / 6.5 secs)
[1A[2KChrome Headless 139.0.0.0 (Windows 10): Executed 992 of 1370[31m (272 FAILED)[39m (0 secs / 6.501 secs)
[1A[2KChrome Headless 139.0.0.0 (Windows 10): Executed 993 of 1370[31m (272 FAILED)[39m (0 secs / 6.504 secs)
[1A[2KChrome Headless 139.0.0.0 (Windows 10): Executed 994 of 1370[31m (272 FAILED)[39m (0 secs / 6.506 secs)
[1A[2KChrome Headless 139.0.0.0 (Windows 10): Executed 995 of 1370[31m (272 FAILED)[39m (0 secs / 6.511 secs)
[1A[2KChrome Headless 139.0.0.0 (Windows 10): Executed 996 of 1370[31m (272 FAILED)[39m (0 secs / 6.513 secs)
[1A[2KChrome Headless 139.0.0.0 (Windows 10): Executed 997 of 1370[31m (272 FAILED)[39m (0 secs / 6.516 secs)
[1A[2KChrome Headless 139.0.0.0 (Windows 10): Executed 998 of 1370[31m (272 FAILED)[39m (0 secs / 6.518 secs)
[1A[2KChrome Headless 139.0.0.0 (Windows 10): Executed 999 of 1370[31m (272 FAILED)[39m (0 secs / 6.521 secs)
[1A[2KChrome Headless 139.0.0.0 (Windows 10): Executed 1000 of 1370[31m (272 FAILED)[39m (0 secs / 6.523 secs)
[1A[2KChrome Headless 139.0.0.0 (Windows 10): Executed 1001 of 1370[31m (272 FAILED)[39m (0 secs / 6.526 secs)
[1A[2KChrome Headless 139.0.0.0 (Windows 10): Executed 1002 of 1370[31m (272 FAILED)[39m (0 secs / 6.528 secs)
[1A[2KChrome Headless 139.0.0.0 (Windows 10): Executed 1003 of 1370[31m (272 FAILED)[39m (0 secs / 6.53 secs)
[1A[2KChrome Headless 139.0.0.0 (Windows 10): Executed 1004 of 1370[31m (272 FAILED)[39m (0 secs / 6.532 secs)
[1A[2KChrome Headless 139.0.0.0 (Windows 10): Executed 1005 of 1370[31m (272 FAILED)[39m (0 secs / 6.535 secs)
[1A[2KChrome Headless 139.0.0.0 (Windows 10): Executed 1006 of 1370[31m (272 FAILED)[39m (0 secs / 6.538 secs)
[1A[2KChrome Headless 139.0.0.0 (Windows 10): Executed 1007 of 1370[31m (272 FAILED)[39m (0 secs / 6.542 secs)
[1A[2KChrome Headless 139.0.0.0 (Windows 10): Executed 1008 of 1370[31m (272 FAILED)[39m (0 secs / 6.545 secs)
[1A[2KChrome Headless 139.0.0.0 (Windows 10): Executed 1009 of 1370[31m (272 FAILED)[39m (0 secs / 6.548 secs)
[1A[2KChrome Headless 139.0.0.0 (Windows 10): Executed 1010 of 1370[31m (272 FAILED)[39m (0 secs / 6.55 secs)
[1A[2KChrome Headless 139.0.0.0 (Windows 10): Executed 1011 of 1370[31m (272 FAILED)[39m (0 secs / 6.553 secs)
[1A[2KChrome Headless 139.0.0.0 (Windows 10): Executed 1012 of 1370[31m (272 FAILED)[39m (0 secs / 6.556 secs)
[1A[2KChrome Headless 139.0.0.0 (Windows 10): Executed 1013 of 1370[31m (272 FAILED)[39m (0 secs / 6.56 secs)
[1A[2KChrome Headless 139.0.0.0 (Windows 10): Executed 1014 of 1370[31m (272 FAILED)[39m (0 secs / 6.564 secs)
[1A[2KChrome Headless 139.0.0.0 (Windows 10): Executed 1015 of 1370[31m (272 FAILED)[39m (0 secs / 6.567 secs)
[1A[2KChrome Headless 139.0.0.0 (Windows 10): Executed 1016 of 1370[31m (272 FAILED)[39m (0 secs / 6.57 secs)
[1A[2KChrome Headless 139.0.0.0 (Windows 10): Executed 1017 of 1370[31m (272 FAILED)[39m (0 secs / 6.575 secs)
[1A[2KChrome Headless 139.0.0.0 (Windows 10): Executed 1018 of 1370[31m (272 FAILED)[39m (0 secs / 6.579 secs)
[1A[2KChrome Headless 139.0.0.0 (Windows 10): Executed 1019 of 1370[31m (272 FAILED)[39m (0 secs / 6.581 secs)
[1A[2KChrome Headless 139.0.0.0 (Windows 10): Executed 1020 of 1370[31m (272 FAILED)[39m (0 secs / 6.582 secs)
[1A[2KChrome Headless 139.0.0.0 (Windows 10): Executed 1021 of 1370[31m (272 FAILED)[39m (0 secs / 6.584 secs)
[1A[2KChrome Headless 139.0.0.0 (Windows 10): Executed 1022 of 1370[31m (272 FAILED)[39m (0 secs / 6.586 secs)
[1A[2KChrome Headless 139.0.0.0 (Windows 10): Executed 1023 of 1370[31m (272 FAILED)[39m (0 secs / 6.587 secs)
[1A[2KChrome Headless 139.0.0.0 (Windows 10): Executed 1024 of 1370[31m (272 FAILED)[39m (0 secs / 6.588 secs)
[1A[2KChrome Headless 139.0.0.0 (Windows 10): Executed 1025 of 1370[31m (272 FAILED)[39m (0 secs / 6.589 secs)
[1A[2KChrome Headless 139.0.0.0 (Windows 10): Executed 1026 of 1370[31m (272 FAILED)[39m (0 secs / 6.59 secs)
[1A[2KERROR: [36m'Error carregant par├ámetres del sistema:', FirebaseError: [code=invalid-argument]: Expected first argument to collection() to be a CollectionReference, a DocumentReference or FirebaseFirestore
FirebaseError: Expected first argument to collection() to be a CollectionReference, a DocumentReference or FirebaseFirestore[39m
Chrome Headless 139.0.0.0 (Windows 10): Executed 1026 of 1370[31m (272 FAILED)[39m (0 secs / 6.59 secs)
ERROR: 'Error carregant par├ámetres del sistema:', FirebaseError: [code=invalid-argument]: Expected first argument to collection() to be a CollectionReference, a DocumentReference or FirebaseFirestore
FirebaseError: Expected first argument to collection() to be a CollectionReference, a DocumentReference or FirebaseFirestore
[1A[2KERROR: [36m'2025-08-25T14:21:47.848Z ERROR MEDIUM [FirebaseServicesService].loadServices  Expected first argument to collection() to be a CollectionReference, a DocumentReference or FirebaseFirestore'[39m
Chrome Headless 139.0.0.0 (Windows 10): Executed 1026 of 1370[31m (272 FAILED)[39m (0 secs / 6.59 secs)
ERROR: '2025-08-25T14:21:47.848Z ERROR MEDIUM [FirebaseServicesService].loadServices  Expected first argument to collection() to be a CollectionReference, a DocumentReference or FirebaseFirestore'
[1A[2KERROR: [36m'Error Stack:', 'FirebaseError: Expected first argument to collection() to be a CollectionReference, a DocumentReference or FirebaseFirestore'[39m
Chrome Headless 139.0.0.0 (Windows 10): Executed 1026 of 1370[31m (272 FAILED)[39m (0 secs / 6.59 secs)
ERROR: 'Error Stack:', 'FirebaseError: Expected first argument to collection() to be a CollectionReference, a DocumentReference or FirebaseFirestore'
[1A[2KERROR: [36m'Error Context:', Object{timestamp: '2025-08-25T14:21:47.848Z', component: 'FirebaseServicesService', method: 'loadServices', data: '{"operation":"loadServices","firebaseError":true}'}[39m
Chrome Headless 139.0.0.0 (Windows 10): Executed 1026 of 1370[31m (272 FAILED)[39m (0 secs / 6.59 secs)
ERROR: 'Error Context:', Object{timestamp: '2025-08-25T14:21:47.848Z', component: 'FirebaseServicesService', method: 'loadServices', data: '{"operation":"loadServices","firebaseError":true}'}
[1A[2KERROR: [36m'2025-08-25T14:21:47.849Z ERROR MEDIUM [FirebaseServicesService].loadCustomCategories  Expected first argument to collection() to be a CollectionReference, a DocumentReference or FirebaseFirestore'[39m
Chrome Headless 139.0.0.0 (Windows 10): Executed 1026 of 1370[31m (272 FAILED)[39m (0 secs / 6.59 secs)
ERROR: '2025-08-25T14:21:47.849Z ERROR MEDIUM [FirebaseServicesService].loadCustomCategories  Expected first argument to collection() to be a CollectionReference, a DocumentReference or FirebaseFirestore'
[1A[2KERROR: [36m'Error Stack:', 'FirebaseError: Expected first argument to collection() to be a CollectionReference, a DocumentReference or FirebaseFirestore'[39m
Chrome Headless 139.0.0.0 (Windows 10): Executed 1026 of 1370[31m (272 FAILED)[39m (0 secs / 6.59 secs)
ERROR: 'Error Stack:', 'FirebaseError: Expected first argument to collection() to be a CollectionReference, a DocumentReference or FirebaseFirestore'
[1A[2KERROR: [36m'Error Context:', Object{timestamp: '2025-08-25T14:21:47.849Z', component: 'FirebaseServicesService', method: 'loadCustomCategories', data: '{"operation":"loadCustomCategories","firebaseError":true}'}[39m
Chrome Headless 139.0.0.0 (Windows 10): Executed 1026 of 1370[31m (272 FAILED)[39m (0 secs / 6.59 secs)
ERROR: 'Error Context:', Object{timestamp: '2025-08-25T14:21:47.849Z', component: 'FirebaseServicesService', method: 'loadCustomCategories', data: '{"operation":"loadCustomCategories","firebaseError":true}'}
[1A[2KChrome Headless 139.0.0.0 (Windows 10): Executed 1027 of 1370[31m (272 FAILED)[39m (0 secs / 6.606 secs)
[1A[2KERROR: [36m'2025-08-25T14:21:47.850Z ERROR MEDIUM [BookingService].loadBookings  Expected first argument to collection() to be a CollectionReference, a DocumentReference or FirebaseFirestore'[39m
Chrome Headless 139.0.0.0 (Windows 10): Executed 1027 of 1370[31m (272 FAILED)[39m (0 secs / 6.606 secs)
ERROR: '2025-08-25T14:21:47.850Z ERROR MEDIUM [BookingService].loadBookings  Expected first argument to collection() to be a CollectionReference, a DocumentReference or FirebaseFirestore'
[1A[2KERROR: [36m'Error Stack:', 'FirebaseError: Expected first argument to collection() to be a CollectionReference, a DocumentReference or FirebaseFirestore'[39m
Chrome Headless 139.0.0.0 (Windows 10): Executed 1027 of 1370[31m (272 FAILED)[39m (0 secs / 6.606 secs)
ERROR: 'Error Stack:', 'FirebaseError: Expected first argument to collection() to be a CollectionReference, a DocumentReference or FirebaseFirestore'
[1A[2KERROR: [36m'Error Context:', Object{timestamp: '2025-08-25T14:21:47.850Z', component: 'BookingService', method: 'loadBookings', data: '{"operation":"loadBookings","firebaseError":true}'}[39m
Chrome Headless 139.0.0.0 (Windows 10): Executed 1027 of 1370[31m (272 FAILED)[39m (0 secs / 6.606 secs)
ERROR: 'Error Context:', Object{timestamp: '2025-08-25T14:21:47.850Z', component: 'BookingService', method: 'loadBookings', data: '{"operation":"loadBookings","firebaseError":true}'}
[1A[2KERROR: [36m'Error carregant par├ámetres del sistema:', FirebaseError: [code=invalid-argument]: Expected first argument to collection() to be a CollectionReference, a DocumentReference or FirebaseFirestore
FirebaseError: Expected first argument to collection() to be a CollectionReference, a DocumentReference or FirebaseFirestore[39m
Chrome Headless 139.0.0.0 (Windows 10): Executed 1027 of 1370[31m (272 FAILED)[39m (0 secs / 6.606 secs)
ERROR: 'Error carregant par├ámetres del sistema:', FirebaseError: [code=invalid-argument]: Expected first argument to collection() to be a CollectionReference, a DocumentReference or FirebaseFirestore
FirebaseError: Expected first argument to collection() to be a CollectionReference, a DocumentReference or FirebaseFirestore
[1A[2KERROR: [36m'2025-08-25T14:21:47.862Z ERROR MEDIUM [FirebaseServicesService].loadServices  Expected first argument to collection() to be a CollectionReference, a DocumentReference or FirebaseFirestore'[39m
Chrome Headless 139.0.0.0 (Windows 10): Executed 1027 of 1370[31m (272 FAILED)[39m (0 secs / 6.606 secs)
ERROR: '2025-08-25T14:21:47.862Z ERROR MEDIUM [FirebaseServicesService].loadServices  Expected first argument to collection() to be a CollectionReference, a DocumentReference or FirebaseFirestore'
[1A[2KERROR: [36m'Error Stack:', 'FirebaseError: Expected first argument to collection() to be a CollectionReference, a DocumentReference or FirebaseFirestore'[39m
Chrome Headless 139.0.0.0 (Windows 10): Executed 1027 of 1370[31m (272 FAILED)[39m (0 secs / 6.606 secs)
ERROR: 'Error Stack:', 'FirebaseError: Expected first argument to collection() to be a CollectionReference, a DocumentReference or FirebaseFirestore'
[1A[2KERROR: [36m'Error Context:', Object{timestamp: '2025-08-25T14:21:47.862Z', component: 'FirebaseServicesService', method: 'loadServices', data: '{"operation":"loadServices","firebaseError":true}'}[39m
Chrome Headless 139.0.0.0 (Windows 10): Executed 1027 of 1370[31m (272 FAILED)[39m (0 secs / 6.606 secs)
ERROR: 'Error Context:', Object{timestamp: '2025-08-25T14:21:47.862Z', component: 'FirebaseServicesService', method: 'loadServices', data: '{"operation":"loadServices","firebaseError":true}'}
[1A[2KERROR: [36m'2025-08-25T14:21:47.863Z ERROR MEDIUM [FirebaseServicesService].loadCustomCategories  Expected first argument to collection() to be a CollectionReference, a DocumentReference or FirebaseFirestore'[39m
Chrome Headless 139.0.0.0 (Windows 10): Executed 1027 of 1370[31m (272 FAILED)[39m (0 secs / 6.606 secs)
ERROR: '2025-08-25T14:21:47.863Z ERROR MEDIUM [FirebaseServicesService].loadCustomCategories  Expected first argument to collection() to be a CollectionReference, a DocumentReference or FirebaseFirestore'
[1A[2KERROR: [36m'Error Stack:', 'FirebaseError: Expected first argument to collection() to be a CollectionReference, a DocumentReference or FirebaseFirestore'[39m
Chrome Headless 139.0.0.0 (Windows 10): Executed 1027 of 1370[31m (272 FAILED)[39m (0 secs / 6.606 secs)
ERROR: 'Error Stack:', 'FirebaseError: Expected first argument to collection() to be a CollectionReference, a DocumentReference or FirebaseFirestore'
[1A[2KERROR: [36m'Error Context:', Object{timestamp: '2025-08-25T14:21:47.863Z', component: 'FirebaseServicesService', method: 'loadCustomCategories', data: '{"operation":"loadCustomCategories","firebaseError":true}'}[39m
Chrome Headless 139.0.0.0 (Windows 10): Executed 1027 of 1370[31m (272 FAILED)[39m (0 secs / 6.606 secs)
ERROR: 'Error Context:', Object{timestamp: '2025-08-25T14:21:47.863Z', component: 'FirebaseServicesService', method: 'loadCustomCategories', data: '{"operation":"loadCustomCategories","firebaseError":true}'}
[1A[2KChrome Headless 139.0.0.0 (Windows 10): Executed 1028 of 1370[31m (272 FAILED)[39m (0 secs / 6.613 secs)
[1A[2KERROR: [36m'2025-08-25T14:21:47.865Z ERROR MEDIUM [BookingService].loadBookings  Expected first argument to collection() to be a CollectionReference, a DocumentReference or FirebaseFirestore'[39m
Chrome Headless 139.0.0.0 (Windows 10): Executed 1028 of 1370[31m (272 FAILED)[39m (0 secs / 6.613 secs)
ERROR: '2025-08-25T14:21:47.865Z ERROR MEDIUM [BookingService].loadBookings  Expected first argument to collection() to be a CollectionReference, a DocumentReference or FirebaseFirestore'
[1A[2KERROR: [36m'Error Stack:', 'FirebaseError: Expected first argument to collection() to be a CollectionReference, a DocumentReference or FirebaseFirestore'[39m
Chrome Headless 139.0.0.0 (Windows 10): Executed 1028 of 1370[31m (272 FAILED)[39m (0 secs / 6.613 secs)
ERROR: 'Error Stack:', 'FirebaseError: Expected first argument to collection() to be a CollectionReference, a DocumentReference or FirebaseFirestore'
[1A[2KERROR: [36m'Error Context:', Object{timestamp: '2025-08-25T14:21:47.865Z', component: 'BookingService', method: 'loadBookings', data: '{"operation":"loadBookings","firebaseError":true}'}[39m
Chrome Headless 139.0.0.0 (Windows 10): Executed 1028 of 1370[31m (272 FAILED)[39m (0 secs / 6.613 secs)
ERROR: 'Error Context:', Object{timestamp: '2025-08-25T14:21:47.865Z', component: 'BookingService', method: 'loadBookings', data: '{"operation":"loadBookings","firebaseError":true}'}
[1A[2KERROR: [36m'Error carregant par├ámetres del sistema:', FirebaseError: [code=invalid-argument]: Expected first argument to collection() to be a CollectionReference, a DocumentReference or FirebaseFirestore
FirebaseError: Expected first argument to collection() to be a CollectionReference, a DocumentReference or FirebaseFirestore[39m
Chrome Headless 139.0.0.0 (Windows 10): Executed 1028 of 1370[31m (272 FAILED)[39m (0 secs / 6.613 secs)
ERROR: 'Error carregant par├ámetres del sistema:', FirebaseError: [code=invalid-argument]: Expected first argument to collection() to be a CollectionReference, a DocumentReference or FirebaseFirestore
FirebaseError: Expected first argument to collection() to be a CollectionReference, a DocumentReference or FirebaseFirestore
[1A[2KERROR: [36m'2025-08-25T14:21:47.872Z ERROR MEDIUM [FirebaseServicesService].loadServices  Expected first argument to collection() to be a CollectionReference, a DocumentReference or FirebaseFirestore'[39m
Chrome Headless 139.0.0.0 (Windows 10): Executed 1028 of 1370[31m (272 FAILED)[39m (0 secs / 6.613 secs)
ERROR: '2025-08-25T14:21:47.872Z ERROR MEDIUM [FirebaseServicesService].loadServices  Expected first argument to collection() to be a CollectionReference, a DocumentReference or FirebaseFirestore'
[1A[2KERROR: [36m'Error Stack:', 'FirebaseError: Expected first argument to collection() to be a CollectionReference, a DocumentReference or FirebaseFirestore'[39m
Chrome Headless 139.0.0.0 (Windows 10): Executed 1028 of 1370[31m (272 FAILED)[39m (0 secs / 6.613 secs)
ERROR: 'Error Stack:', 'FirebaseError: Expected first argument to collection() to be a CollectionReference, a DocumentReference or FirebaseFirestore'
[1A[2KERROR: [36m'Error Context:', Object{timestamp: '2025-08-25T14:21:47.872Z', component: 'FirebaseServicesService', method: 'loadServices', data: '{"operation":"loadServices","firebaseError":true}'}[39m
Chrome Headless 139.0.0.0 (Windows 10): Executed 1028 of 1370[31m (272 FAILED)[39m (0 secs / 6.613 secs)
ERROR: 'Error Context:', Object{timestamp: '2025-08-25T14:21:47.872Z', component: 'FirebaseServicesService', method: 'loadServices', data: '{"operation":"loadServices","firebaseError":true}'}
[1A[2KERROR: [36m'2025-08-25T14:21:47.872Z ERROR MEDIUM [FirebaseServicesService].loadCustomCategories  Expected first argument to collection() to be a CollectionReference, a DocumentReference or FirebaseFirestore'[39m
Chrome Headless 139.0.0.0 (Windows 10): Executed 1028 of 1370[31m (272 FAILED)[39m (0 secs / 6.613 secs)
ERROR: '2025-08-25T14:21:47.872Z ERROR MEDIUM [FirebaseServicesService].loadCustomCategories  Expected first argument to collection() to be a CollectionReference, a DocumentReference or FirebaseFirestore'
[1A[2KERROR: [36m'Error Stack:', 'FirebaseError: Expected first argument to collection() to be a CollectionReference, a DocumentReference or FirebaseFirestore'[39m
Chrome Headless 139.0.0.0 (Windows 10): Executed 1028 of 1370[31m (272 FAILED)[39m (0 secs / 6.613 secs)
ERROR: 'Error Stack:', 'FirebaseError: Expected first argument to collection() to be a CollectionReference, a DocumentReference or FirebaseFirestore'
[1A[2KERROR: [36m'Error Context:', Object{timestamp: '2025-08-25T14:21:47.872Z', component: 'FirebaseServicesService', method: 'loadCustomCategories', data: '{"operation":"loadCustomCategories","firebaseError":true}'}[39m
Chrome Headless 139.0.0.0 (Windows 10): Executed 1028 of 1370[31m (272 FAILED)[39m (0 secs / 6.613 secs)
ERROR: 'Error Context:', Object{timestamp: '2025-08-25T14:21:47.872Z', component: 'FirebaseServicesService', method: 'loadCustomCategories', data: '{"operation":"loadCustomCategories","firebaseError":true}'}
[1A[2KChrome Headless 139.0.0.0 (Windows 10): Executed 1029 of 1370[31m (272 FAILED)[39m (0 secs / 6.618 secs)
[1A[2KERROR: [36m'2025-08-25T14:21:47.873Z ERROR MEDIUM [BookingService].loadBookings  Expected first argument to collection() to be a CollectionReference, a DocumentReference or FirebaseFirestore'[39m
Chrome Headless 139.0.0.0 (Windows 10): Executed 1029 of 1370[31m (272 FAILED)[39m (0 secs / 6.618 secs)
ERROR: '2025-08-25T14:21:47.873Z ERROR MEDIUM [BookingService].loadBookings  Expected first argument to collection() to be a CollectionReference, a DocumentReference or FirebaseFirestore'
[1A[2KERROR: [36m'Error Stack:', 'FirebaseError: Expected first argument to collection() to be a CollectionReference, a DocumentReference or FirebaseFirestore'[39m
Chrome Headless 139.0.0.0 (Windows 10): Executed 1029 of 1370[31m (272 FAILED)[39m (0 secs / 6.618 secs)
ERROR: 'Error Stack:', 'FirebaseError: Expected first argument to collection() to be a CollectionReference, a DocumentReference or FirebaseFirestore'
[1A[2KERROR: [36m'Error Context:', Object{timestamp: '2025-08-25T14:21:47.873Z', component: 'BookingService', method: 'loadBookings', data: '{"operation":"loadBookings","firebaseError":true}'}[39m
Chrome Headless 139.0.0.0 (Windows 10): Executed 1029 of 1370[31m (272 FAILED)[39m (0 secs / 6.618 secs)
ERROR: 'Error Context:', Object{timestamp: '2025-08-25T14:21:47.873Z', component: 'BookingService', method: 'loadBookings', data: '{"operation":"loadBookings","firebaseError":true}'}
[1A[2KERROR: [36m'Error carregant par├ámetres del sistema:', FirebaseError: [code=invalid-argument]: Expected first argument to collection() to be a CollectionReference, a DocumentReference or FirebaseFirestore
FirebaseError: Expected first argument to collection() to be a CollectionReference, a DocumentReference or FirebaseFirestore[39m
Chrome Headless 139.0.0.0 (Windows 10): Executed 1029 of 1370[31m (272 FAILED)[39m (0 secs / 6.618 secs)
ERROR: 'Error carregant par├ámetres del sistema:', FirebaseError: [code=invalid-argument]: Expected first argument to collection() to be a CollectionReference, a DocumentReference or FirebaseFirestore
FirebaseError: Expected first argument to collection() to be a CollectionReference, a DocumentReference or FirebaseFirestore
[1A[2KERROR: [36m'2025-08-25T14:21:47.884Z ERROR MEDIUM [FirebaseServicesService].loadServices  Expected first argument to collection() to be a CollectionReference, a DocumentReference or FirebaseFirestore'[39m
Chrome Headless 139.0.0.0 (Windows 10): Executed 1029 of 1370[31m (272 FAILED)[39m (0 secs / 6.618 secs)
ERROR: '2025-08-25T14:21:47.884Z ERROR MEDIUM [FirebaseServicesService].loadServices  Expected first argument to collection() to be a CollectionReference, a DocumentReference or FirebaseFirestore'
[1A[2KERROR: [36m'Error Stack:', 'FirebaseError: Expected first argument to collection() to be a CollectionReference, a DocumentReference or FirebaseFirestore'[39m
Chrome Headless 139.0.0.0 (Windows 10): Executed 1029 of 1370[31m (272 FAILED)[39m (0 secs / 6.618 secs)
ERROR: 'Error Stack:', 'FirebaseError: Expected first argument to collection() to be a CollectionReference, a DocumentReference or FirebaseFirestore'
[1A[2KERROR: [36m'Error Context:', Object{timestamp: '2025-08-25T14:21:47.884Z', component: 'FirebaseServicesService', method: 'loadServices', data: '{"operation":"loadServices","firebaseError":true}'}[39m
Chrome Headless 139.0.0.0 (Windows 10): Executed 1029 of 1370[31m (272 FAILED)[39m (0 secs / 6.618 secs)
ERROR: 'Error Context:', Object{timestamp: '2025-08-25T14:21:47.884Z', component: 'FirebaseServicesService', method: 'loadServices', data: '{"operation":"loadServices","firebaseError":true}'}
[1A[2KERROR: [36m'2025-08-25T14:21:47.888Z ERROR MEDIUM [FirebaseServicesService].loadCustomCategories  Expected first argument to collection() to be a CollectionReference, a DocumentReference or FirebaseFirestore'[39m
Chrome Headless 139.0.0.0 (Windows 10): Executed 1029 of 1370[31m (272 FAILED)[39m (0 secs / 6.618 secs)
ERROR: '2025-08-25T14:21:47.888Z ERROR MEDIUM [FirebaseServicesService].loadCustomCategories  Expected first argument to collection() to be a CollectionReference, a DocumentReference or FirebaseFirestore'
[1A[2KERROR: [36m'Error Stack:', 'FirebaseError: Expected first argument to collection() to be a CollectionReference, a DocumentReference or FirebaseFirestore'[39m
Chrome Headless 139.0.0.0 (Windows 10): Executed 1029 of 1370[31m (272 FAILED)[39m (0 secs / 6.618 secs)
ERROR: 'Error Stack:', 'FirebaseError: Expected first argument to collection() to be a CollectionReference, a DocumentReference or FirebaseFirestore'
[1A[2KERROR: [36m'Error Context:', Object{timestamp: '2025-08-25T14:21:47.888Z', component: 'FirebaseServicesService', method: 'loadCustomCategories', data: '{"operation":"loadCustomCategories","firebaseError":true}'}[39m
Chrome Headless 139.0.0.0 (Windows 10): Executed 1029 of 1370[31m (272 FAILED)[39m (0 secs / 6.618 secs)
ERROR: 'Error Context:', Object{timestamp: '2025-08-25T14:21:47.888Z', component: 'FirebaseServicesService', method: 'loadCustomCategories', data: '{"operation":"loadCustomCategories","firebaseError":true}'}
[1A[2KChrome Headless 139.0.0.0 (Windows 10): Executed 1030 of 1370[31m (272 FAILED)[39m (0 secs / 6.627 secs)
[1A[2KERROR: [36m'2025-08-25T14:21:47.890Z ERROR MEDIUM [BookingService].loadBookings  Expected first argument to collection() to be a CollectionReference, a DocumentReference or FirebaseFirestore'[39m
Chrome Headless 139.0.0.0 (Windows 10): Executed 1030 of 1370[31m (272 FAILED)[39m (0 secs / 6.627 secs)
ERROR: '2025-08-25T14:21:47.890Z ERROR MEDIUM [BookingService].loadBookings  Expected first argument to collection() to be a CollectionReference, a DocumentReference or FirebaseFirestore'
[1A[2KERROR: [36m'Error Stack:', 'FirebaseError: Expected first argument to collection() to be a CollectionReference, a DocumentReference or FirebaseFirestore'[39m
Chrome Headless 139.0.0.0 (Windows 10): Executed 1030 of 1370[31m (272 FAILED)[39m (0 secs / 6.627 secs)
ERROR: 'Error Stack:', 'FirebaseError: Expected first argument to collection() to be a CollectionReference, a DocumentReference or FirebaseFirestore'
[1A[2KERROR: [36m'Error Context:', Object{timestamp: '2025-08-25T14:21:47.890Z', component: 'BookingService', method: 'loadBookings', data: '{"operation":"loadBookings","firebaseError":true}'}[39m
Chrome Headless 139.0.0.0 (Windows 10): Executed 1030 of 1370[31m (272 FAILED)[39m (0 secs / 6.627 secs)
ERROR: 'Error Context:', Object{timestamp: '2025-08-25T14:21:47.890Z', component: 'BookingService', method: 'loadBookings', data: '{"operation":"loadBookings","firebaseError":true}'}
[1A[2KERROR: [36m'Error carregant par├ámetres del sistema:', FirebaseError: [code=invalid-argument]: Expected first argument to collection() to be a CollectionReference, a DocumentReference or FirebaseFirestore
FirebaseError: Expected first argument to collection() to be a CollectionReference, a DocumentReference or FirebaseFirestore[39m
Chrome Headless 139.0.0.0 (Windows 10): Executed 1030 of 1370[31m (272 FAILED)[39m (0 secs / 6.627 secs)
ERROR: 'Error carregant par├ámetres del sistema:', FirebaseError: [code=invalid-argument]: Expected first argument to collection() to be a CollectionReference, a DocumentReference or FirebaseFirestore
FirebaseError: Expected first argument to collection() to be a CollectionReference, a DocumentReference or FirebaseFirestore
[1A[2KERROR: [36m'2025-08-25T14:21:47.901Z ERROR MEDIUM [FirebaseServicesService].loadServices  Expected first argument to collection() to be a CollectionReference, a DocumentReference or FirebaseFirestore'[39m
Chrome Headless 139.0.0.0 (Windows 10): Executed 1030 of 1370[31m (272 FAILED)[39m (0 secs / 6.627 secs)
ERROR: '2025-08-25T14:21:47.901Z ERROR MEDIUM [FirebaseServicesService].loadServices  Expected first argument to collection() to be a CollectionReference, a DocumentReference or FirebaseFirestore'
[1A[2KERROR: [36m'Error Stack:', 'FirebaseError: Expected first argument to collection() to be a CollectionReference, a DocumentReference or FirebaseFirestore'[39m
Chrome Headless 139.0.0.0 (Windows 10): Executed 1030 of 1370[31m (272 FAILED)[39m (0 secs / 6.627 secs)
ERROR: 'Error Stack:', 'FirebaseError: Expected first argument to collection() to be a CollectionReference, a DocumentReference or FirebaseFirestore'
[1A[2KERROR: [36m'Error Context:', Object{timestamp: '2025-08-25T14:21:47.901Z', component: 'FirebaseServicesService', method: 'loadServices', data: '{"operation":"loadServices","firebaseError":true}'}[39m
Chrome Headless 139.0.0.0 (Windows 10): Executed 1030 of 1370[31m (272 FAILED)[39m (0 secs / 6.627 secs)
ERROR: 'Error Context:', Object{timestamp: '2025-08-25T14:21:47.901Z', component: 'FirebaseServicesService', method: 'loadServices', data: '{"operation":"loadServices","firebaseError":true}'}
[1A[2KERROR: [36m'2025-08-25T14:21:47.902Z ERROR MEDIUM [FirebaseServicesService].loadCustomCategories  Expected first argument to collection() to be a CollectionReference, a DocumentReference or FirebaseFirestore'[39m
Chrome Headless 139.0.0.0 (Windows 10): Executed 1030 of 1370[31m (272 FAILED)[39m (0 secs / 6.627 secs)
ERROR: '2025-08-25T14:21:47.902Z ERROR MEDIUM [FirebaseServicesService].loadCustomCategories  Expected first argument to collection() to be a CollectionReference, a DocumentReference or FirebaseFirestore'
[1A[2KERROR: [36m'Error Stack:', 'FirebaseError: Expected first argument to collection() to be a CollectionReference, a DocumentReference or FirebaseFirestore'[39m
Chrome Headless 139.0.0.0 (Windows 10): Executed 1030 of 1370[31m (272 FAILED)[39m (0 secs / 6.627 secs)
ERROR: 'Error Stack:', 'FirebaseError: Expected first argument to collection() to be a CollectionReference, a DocumentReference or FirebaseFirestore'
[1A[2KERROR: [36m'Error Context:', Object{timestamp: '2025-08-25T14:21:47.902Z', component: 'FirebaseServicesService', method: 'loadCustomCategories', data: '{"operation":"loadCustomCategories","firebaseError":true}'}[39m
Chrome Headless 139.0.0.0 (Windows 10): Executed 1030 of 1370[31m (272 FAILED)[39m (0 secs / 6.627 secs)
ERROR: 'Error Context:', Object{timestamp: '2025-08-25T14:21:47.902Z', component: 'FirebaseServicesService', method: 'loadCustomCategories', data: '{"operation":"loadCustomCategories","firebaseError":true}'}
[1A[2KChrome Headless 139.0.0.0 (Windows 10): Executed 1031 of 1370[31m (272 FAILED)[39m (0 secs / 6.633 secs)
[1A[2KERROR: [36m'2025-08-25T14:21:47.904Z ERROR MEDIUM [BookingService].loadBookings  Expected first argument to collection() to be a CollectionReference, a DocumentReference or FirebaseFirestore'[39m
Chrome Headless 139.0.0.0 (Windows 10): Executed 1031 of 1370[31m (272 FAILED)[39m (0 secs / 6.633 secs)
ERROR: '2025-08-25T14:21:47.904Z ERROR MEDIUM [BookingService].loadBookings  Expected first argument to collection() to be a CollectionReference, a DocumentReference or FirebaseFirestore'
[1A[2KERROR: [36m'Error Stack:', 'FirebaseError: Expected first argument to collection() to be a CollectionReference, a DocumentReference or FirebaseFirestore'[39m
Chrome Headless 139.0.0.0 (Windows 10): Executed 1031 of 1370[31m (272 FAILED)[39m (0 secs / 6.633 secs)
ERROR: 'Error Stack:', 'FirebaseError: Expected first argument to collection() to be a CollectionReference, a DocumentReference or FirebaseFirestore'
[1A[2KERROR: [36m'Error Context:', Object{timestamp: '2025-08-25T14:21:47.904Z', component: 'BookingService', method: 'loadBookings', data: '{"operation":"loadBookings","firebaseError":true}'}[39m
Chrome Headless 139.0.0.0 (Windows 10): Executed 1031 of 1370[31m (272 FAILED)[39m (0 secs / 6.633 secs)
ERROR: 'Error Context:', Object{timestamp: '2025-08-25T14:21:47.904Z', component: 'BookingService', method: 'loadBookings', data: '{"operation":"loadBookings","firebaseError":true}'}
[1A[2KERROR: [36m'Error carregant par├ámetres del sistema:', FirebaseError: [code=invalid-argument]: Expected first argument to collection() to be a CollectionReference, a DocumentReference or FirebaseFirestore
FirebaseError: Expected first argument to collection() to be a CollectionReference, a DocumentReference or FirebaseFirestore[39m
Chrome Headless 139.0.0.0 (Windows 10): Executed 1031 of 1370[31m (272 FAILED)[39m (0 secs / 6.633 secs)
ERROR: 'Error carregant par├ámetres del sistema:', FirebaseError: [code=invalid-argument]: Expected first argument to collection() to be a CollectionReference, a DocumentReference or FirebaseFirestore
FirebaseError: Expected first argument to collection() to be a CollectionReference, a DocumentReference or FirebaseFirestore
[1A[2KERROR: [36m'2025-08-25T14:21:47.917Z ERROR MEDIUM [FirebaseServicesService].loadServices  Expected first argument to collection() to be a CollectionReference, a DocumentReference or FirebaseFirestore'[39m
Chrome Headless 139.0.0.0 (Windows 10): Executed 1031 of 1370[31m (272 FAILED)[39m (0 secs / 6.633 secs)
ERROR: '2025-08-25T14:21:47.917Z ERROR MEDIUM [FirebaseServicesService].loadServices  Expected first argument to collection() to be a CollectionReference, a DocumentReference or FirebaseFirestore'
[1A[2KERROR: [36m'Error Stack:', 'FirebaseError: Expected first argument to collection() to be a CollectionReference, a DocumentReference or FirebaseFirestore'[39m
Chrome Headless 139.0.0.0 (Windows 10): Executed 1031 of 1370[31m (272 FAILED)[39m (0 secs / 6.633 secs)
ERROR: 'Error Stack:', 'FirebaseError: Expected first argument to collection() to be a CollectionReference, a DocumentReference or FirebaseFirestore'
[1A[2KERROR: [36m'Error Context:', Object{timestamp: '2025-08-25T14:21:47.917Z', component: 'FirebaseServicesService', method: 'loadServices', data: '{"operation":"loadServices","firebaseError":true}'}[39m
Chrome Headless 139.0.0.0 (Windows 10): Executed 1031 of 1370[31m (272 FAILED)[39m (0 secs / 6.633 secs)
ERROR: 'Error Context:', Object{timestamp: '2025-08-25T14:21:47.917Z', component: 'FirebaseServicesService', method: 'loadServices', data: '{"operation":"loadServices","firebaseError":true}'}
[1A[2KERROR: [36m'2025-08-25T14:21:47.917Z ERROR MEDIUM [FirebaseServicesService].loadCustomCategories  Expected first argument to collection() to be a CollectionReference, a DocumentReference or FirebaseFirestore'[39m
Chrome Headless 139.0.0.0 (Windows 10): Executed 1031 of 1370[31m (272 FAILED)[39m (0 secs / 6.633 secs)
ERROR: '2025-08-25T14:21:47.917Z ERROR MEDIUM [FirebaseServicesService].loadCustomCategories  Expected first argument to collection() to be a CollectionReference, a DocumentReference or FirebaseFirestore'
[1A[2KERROR: [36m'Error Stack:', 'FirebaseError: Expected first argument to collection() to be a CollectionReference, a DocumentReference or FirebaseFirestore'[39m
Chrome Headless 139.0.0.0 (Windows 10): Executed 1031 of 1370[31m (272 FAILED)[39m (0 secs / 6.633 secs)
ERROR: 'Error Stack:', 'FirebaseError: Expected first argument to collection() to be a CollectionReference, a DocumentReference or FirebaseFirestore'
[1A[2KERROR: [36m'Error Context:', Object{timestamp: '2025-08-25T14:21:47.917Z', component: 'FirebaseServicesService', method: 'loadCustomCategories', data: '{"operation":"loadCustomCategories","firebaseError":true}'}[39m
Chrome Headless 139.0.0.0 (Windows 10): Executed 1031 of 1370[31m (272 FAILED)[39m (0 secs / 6.633 secs)
ERROR: 'Error Context:', Object{timestamp: '2025-08-25T14:21:47.917Z', component: 'FirebaseServicesService', method: 'loadCustomCategories', data: '{"operation":"loadCustomCategories","firebaseError":true}'}
[1A[2KChrome Headless 139.0.0.0 (Windows 10): Executed 1032 of 1370[31m (272 FAILED)[39m (0 secs / 6.638 secs)
[1A[2KERROR: [36m'2025-08-25T14:21:47.918Z ERROR MEDIUM [BookingService].loadBookings  Expected first argument to collection() to be a CollectionReference, a DocumentReference or FirebaseFirestore'[39m
Chrome Headless 139.0.0.0 (Windows 10): Executed 1032 of 1370[31m (272 FAILED)[39m (0 secs / 6.638 secs)
ERROR: '2025-08-25T14:21:47.918Z ERROR MEDIUM [BookingService].loadBookings  Expected first argument to collection() to be a CollectionReference, a DocumentReference or FirebaseFirestore'
[1A[2KERROR: [36m'Error Stack:', 'FirebaseError: Expected first argument to collection() to be a CollectionReference, a DocumentReference or FirebaseFirestore'[39m
Chrome Headless 139.0.0.0 (Windows 10): Executed 1032 of 1370[31m (272 FAILED)[39m (0 secs / 6.638 secs)
ERROR: 'Error Stack:', 'FirebaseError: Expected first argument to collection() to be a CollectionReference, a DocumentReference or FirebaseFirestore'
[1A[2KERROR: [36m'Error Context:', Object{timestamp: '2025-08-25T14:21:47.918Z', component: 'BookingService', method: 'loadBookings', data: '{"operation":"loadBookings","firebaseError":true}'}[39m
Chrome Headless 139.0.0.0 (Windows 10): Executed 1032 of 1370[31m (272 FAILED)[39m (0 secs / 6.638 secs)
ERROR: 'Error Context:', Object{timestamp: '2025-08-25T14:21:47.918Z', component: 'BookingService', method: 'loadBookings', data: '{"operation":"loadBookings","firebaseError":true}'}
[1A[2KERROR: [36m'Error carregant par├ámetres del sistema:', FirebaseError: [code=invalid-argument]: Expected first argument to collection() to be a CollectionReference, a DocumentReference or FirebaseFirestore
FirebaseError: Expected first argument to collection() to be a CollectionReference, a DocumentReference or FirebaseFirestore[39m
Chrome Headless 139.0.0.0 (Windows 10): Executed 1032 of 1370[31m (272 FAILED)[39m (0 secs / 6.638 secs)
ERROR: 'Error carregant par├ámetres del sistema:', FirebaseError: [code=invalid-argument]: Expected first argument to collection() to be a CollectionReference, a DocumentReference or FirebaseFirestore
FirebaseError: Expected first argument to collection() to be a CollectionReference, a DocumentReference or FirebaseFirestore
[1A[2KERROR: [36m'2025-08-25T14:21:47.927Z ERROR MEDIUM [FirebaseServicesService].loadServices  Expected first argument to collection() to be a CollectionReference, a DocumentReference or FirebaseFirestore'[39m
Chrome Headless 139.0.0.0 (Windows 10): Executed 1032 of 1370[31m (272 FAILED)[39m (0 secs / 6.638 secs)
ERROR: '2025-08-25T14:21:47.927Z ERROR MEDIUM [FirebaseServicesService].loadServices  Expected first argument to collection() to be a CollectionReference, a DocumentReference or FirebaseFirestore'
[1A[2KERROR: [36m'Error Stack:', 'FirebaseError: Expected first argument to collection() to be a CollectionReference, a DocumentReference or FirebaseFirestore'[39m
Chrome Headless 139.0.0.0 (Windows 10): Executed 1032 of 1370[31m (272 FAILED)[39m (0 secs / 6.638 secs)
ERROR: 'Error Stack:', 'FirebaseError: Expected first argument to collection() to be a CollectionReference, a DocumentReference or FirebaseFirestore'
[1A[2KERROR: [36m'Error Context:', Object{timestamp: '2025-08-25T14:21:47.927Z', component: 'FirebaseServicesService', method: 'loadServices', data: '{"operation":"loadServices","firebaseError":true}'}[39m
Chrome Headless 139.0.0.0 (Windows 10): Executed 1032 of 1370[31m (272 FAILED)[39m (0 secs / 6.638 secs)
ERROR: 'Error Context:', Object{timestamp: '2025-08-25T14:21:47.927Z', component: 'FirebaseServicesService', method: 'loadServices', data: '{"operation":"loadServices","firebaseError":true}'}
[1A[2KERROR: [36m'2025-08-25T14:21:47.927Z ERROR MEDIUM [FirebaseServicesService].loadCustomCategories  Expected first argument to collection() to be a CollectionReference, a DocumentReference or FirebaseFirestore'[39m
Chrome Headless 139.0.0.0 (Windows 10): Executed 1032 of 1370[31m (272 FAILED)[39m (0 secs / 6.638 secs)
ERROR: '2025-08-25T14:21:47.927Z ERROR MEDIUM [FirebaseServicesService].loadCustomCategories  Expected first argument to collection() to be a CollectionReference, a DocumentReference or FirebaseFirestore'
[1A[2KERROR: [36m'Error Stack:', 'FirebaseError: Expected first argument to collection() to be a CollectionReference, a DocumentReference or FirebaseFirestore'[39m
Chrome Headless 139.0.0.0 (Windows 10): Executed 1032 of 1370[31m (272 FAILED)[39m (0 secs / 6.638 secs)
ERROR: 'Error Stack:', 'FirebaseError: Expected first argument to collection() to be a CollectionReference, a DocumentReference or FirebaseFirestore'
[1A[2KERROR: [36m'Error Context:', Object{timestamp: '2025-08-25T14:21:47.927Z', component: 'FirebaseServicesService', method: 'loadCustomCategories', data: '{"operation":"loadCustomCategories","firebaseError":true}'}[39m
Chrome Headless 139.0.0.0 (Windows 10): Executed 1032 of 1370[31m (272 FAILED)[39m (0 secs / 6.638 secs)
ERROR: 'Error Context:', Object{timestamp: '2025-08-25T14:21:47.927Z', component: 'FirebaseServicesService', method: 'loadCustomCategories', data: '{"operation":"loadCustomCategories","firebaseError":true}'}
[1A[2KChrome Headless 139.0.0.0 (Windows 10): Executed 1033 of 1370[31m (272 FAILED)[39m (0 secs / 6.644 secs)
[1A[2KERROR: [36m'2025-08-25T14:21:47.930Z ERROR MEDIUM [BookingService].loadBookings  Expected first argument to collection() to be a CollectionReference, a DocumentReference or FirebaseFirestore'[39m
Chrome Headless 139.0.0.0 (Windows 10): Executed 1033 of 1370[31m (272 FAILED)[39m (0 secs / 6.644 secs)
ERROR: '2025-08-25T14:21:47.930Z ERROR MEDIUM [BookingService].loadBookings  Expected first argument to collection() to be a CollectionReference, a DocumentReference or FirebaseFirestore'
[1A[2KERROR: [36m'Error Stack:', 'FirebaseError: Expected first argument to collection() to be a CollectionReference, a DocumentReference or FirebaseFirestore'[39m
Chrome Headless 139.0.0.0 (Windows 10): Executed 1033 of 1370[31m (272 FAILED)[39m (0 secs / 6.644 secs)
ERROR: 'Error Stack:', 'FirebaseError: Expected first argument to collection() to be a CollectionReference, a DocumentReference or FirebaseFirestore'
[1A[2KERROR: [36m'Error Context:', Object{timestamp: '2025-08-25T14:21:47.930Z', component: 'BookingService', method: 'loadBookings', data: '{"operation":"loadBookings","firebaseError":true}'}[39m
Chrome Headless 139.0.0.0 (Windows 10): Executed 1033 of 1370[31m (272 FAILED)[39m (0 secs / 6.644 secs)
ERROR: 'Error Context:', Object{timestamp: '2025-08-25T14:21:47.930Z', component: 'BookingService', method: 'loadBookings', data: '{"operation":"loadBookings","firebaseError":true}'}
[1A[2KERROR: [36m'Error carregant par├ámetres del sistema:', FirebaseError: [code=invalid-argument]: Expected first argument to collection() to be a CollectionReference, a DocumentReference or FirebaseFirestore
FirebaseError: Expected first argument to collection() to be a CollectionReference, a DocumentReference or FirebaseFirestore[39m
Chrome Headless 139.0.0.0 (Windows 10): Executed 1033 of 1370[31m (272 FAILED)[39m (0 secs / 6.644 secs)
ERROR: 'Error carregant par├ámetres del sistema:', FirebaseError: [code=invalid-argument]: Expected first argument to collection() to be a CollectionReference, a DocumentReference or FirebaseFirestore
FirebaseError: Expected first argument to collection() to be a CollectionReference, a DocumentReference or FirebaseFirestore
[1A[2KERROR: [36m'2025-08-25T14:21:47.941Z ERROR MEDIUM [FirebaseServicesService].loadServices  Expected first argument to collection() to be a CollectionReference, a DocumentReference or FirebaseFirestore'[39m
Chrome Headless 139.0.0.0 (Windows 10): Executed 1033 of 1370[31m (272 FAILED)[39m (0 secs / 6.644 secs)
ERROR: '2025-08-25T14:21:47.941Z ERROR MEDIUM [FirebaseServicesService].loadServices  Expected first argument to collection() to be a CollectionReference, a DocumentReference or FirebaseFirestore'
[1A[2KERROR: [36m'Error Stack:', 'FirebaseError: Expected first argument to collection() to be a CollectionReference, a DocumentReference or FirebaseFirestore'[39m
Chrome Headless 139.0.0.0 (Windows 10): Executed 1033 of 1370[31m (272 FAILED)[39m (0 secs / 6.644 secs)
ERROR: 'Error Stack:', 'FirebaseError: Expected first argument to collection() to be a CollectionReference, a DocumentReference or FirebaseFirestore'
[1A[2KERROR: [36m'Error Context:', Object{timestamp: '2025-08-25T14:21:47.941Z', component: 'FirebaseServicesService', method: 'loadServices', data: '{"operation":"loadServices","firebaseError":true}'}[39m
Chrome Headless 139.0.0.0 (Windows 10): Executed 1033 of 1370[31m (272 FAILED)[39m (0 secs / 6.644 secs)
ERROR: 'Error Context:', Object{timestamp: '2025-08-25T14:21:47.941Z', component: 'FirebaseServicesService', method: 'loadServices', data: '{"operation":"loadServices","firebaseError":true}'}
[1A[2KERROR: [36m'2025-08-25T14:21:47.941Z ERROR MEDIUM [FirebaseServicesService].loadCustomCategories  Expected first argument to collection() to be a CollectionReference, a DocumentReference or FirebaseFirestore'[39m
Chrome Headless 139.0.0.0 (Windows 10): Executed 1033 of 1370[31m (272 FAILED)[39m (0 secs / 6.644 secs)
ERROR: '2025-08-25T14:21:47.941Z ERROR MEDIUM [FirebaseServicesService].loadCustomCategories  Expected first argument to collection() to be a CollectionReference, a DocumentReference or FirebaseFirestore'
[1A[2KERROR: [36m'Error Stack:', 'FirebaseError: Expected first argument to collection() to be a CollectionReference, a DocumentReference or FirebaseFirestore'[39m
Chrome Headless 139.0.0.0 (Windows 10): Executed 1033 of 1370[31m (272 FAILED)[39m (0 secs / 6.644 secs)
ERROR: 'Error Stack:', 'FirebaseError: Expected first argument to collection() to be a CollectionReference, a DocumentReference or FirebaseFirestore'
[1A[2KERROR: [36m'Error Context:', Object{timestamp: '2025-08-25T14:21:47.941Z', component: 'FirebaseServicesService', method: 'loadCustomCategories', data: '{"operation":"loadCustomCategories","firebaseError":true}'}[39m
Chrome Headless 139.0.0.0 (Windows 10): Executed 1033 of 1370[31m (272 FAILED)[39m (0 secs / 6.644 secs)
ERROR: 'Error Context:', Object{timestamp: '2025-08-25T14:21:47.941Z', component: 'FirebaseServicesService', method: 'loadCustomCategories', data: '{"operation":"loadCustomCategories","firebaseError":true}'}
[1A[2KChrome Headless 139.0.0.0 (Windows 10): Executed 1034 of 1370[31m (272 FAILED)[39m (0 secs / 6.649 secs)
[1A[2KERROR: [36m'2025-08-25T14:21:47.942Z ERROR MEDIUM [BookingService].loadBookings  Expected first argument to collection() to be a CollectionReference, a DocumentReference or FirebaseFirestore'[39m
Chrome Headless 139.0.0.0 (Windows 10): Executed 1034 of 1370[31m (272 FAILED)[39m (0 secs / 6.649 secs)
ERROR: '2025-08-25T14:21:47.942Z ERROR MEDIUM [BookingService].loadBookings  Expected first argument to collection() to be a CollectionReference, a DocumentReference or FirebaseFirestore'
[1A[2KERROR: [36m'Error Stack:', 'FirebaseError: Expected first argument to collection() to be a CollectionReference, a DocumentReference or FirebaseFirestore'[39m
Chrome Headless 139.0.0.0 (Windows 10): Executed 1034 of 1370[31m (272 FAILED)[39m (0 secs / 6.649 secs)
ERROR: 'Error Stack:', 'FirebaseError: Expected first argument to collection() to be a CollectionReference, a DocumentReference or FirebaseFirestore'
[1A[2KERROR: [36m'Error Context:', Object{timestamp: '2025-08-25T14:21:47.942Z', component: 'BookingService', method: 'loadBookings', data: '{"operation":"loadBookings","firebaseError":true}'}[39m
Chrome Headless 139.0.0.0 (Windows 10): Executed 1034 of 1370[31m (272 FAILED)[39m (0 secs / 6.649 secs)
ERROR: 'Error Context:', Object{timestamp: '2025-08-25T14:21:47.942Z', component: 'BookingService', method: 'loadBookings', data: '{"operation":"loadBookings","firebaseError":true}'}
[1A[2KERROR: [36m'Error carregant par├ámetres del sistema:', FirebaseError: [code=invalid-argument]: Expected first argument to collection() to be a CollectionReference, a DocumentReference or FirebaseFirestore
FirebaseError: Expected first argument to collection() to be a CollectionReference, a DocumentReference or FirebaseFirestore[39m
Chrome Headless 139.0.0.0 (Windows 10): Executed 1034 of 1370[31m (272 FAILED)[39m (0 secs / 6.649 secs)
ERROR: 'Error carregant par├ámetres del sistema:', FirebaseError: [code=invalid-argument]: Expected first argument to collection() to be a CollectionReference, a DocumentReference or FirebaseFirestore
FirebaseError: Expected first argument to collection() to be a CollectionReference, a DocumentReference or FirebaseFirestore
[1A[2KERROR: [36m'2025-08-25T14:21:47.952Z ERROR MEDIUM [FirebaseServicesService].loadServices  Expected first argument to collection() to be a CollectionReference, a DocumentReference or FirebaseFirestore'[39m
Chrome Headless 139.0.0.0 (Windows 10): Executed 1034 of 1370[31m (272 FAILED)[39m (0 secs / 6.649 secs)
ERROR: '2025-08-25T14:21:47.952Z ERROR MEDIUM [FirebaseServicesService].loadServices  Expected first argument to collection() to be a CollectionReference, a DocumentReference or FirebaseFirestore'
[1A[2KERROR: [36m'Error Stack:', 'FirebaseError: Expected first argument to collection() to be a CollectionReference, a DocumentReference or FirebaseFirestore'[39m
Chrome Headless 139.0.0.0 (Windows 10): Executed 1034 of 1370[31m (272 FAILED)[39m (0 secs / 6.649 secs)
ERROR: 'Error Stack:', 'FirebaseError: Expected first argument to collection() to be a CollectionReference, a DocumentReference or FirebaseFirestore'
[1A[2KERROR: [36m'Error Context:', Object{timestamp: '2025-08-25T14:21:47.952Z', component: 'FirebaseServicesService', method: 'loadServices', data: '{"operation":"loadServices","firebaseError":true}'}[39m
Chrome Headless 139.0.0.0 (Windows 10): Executed 1034 of 1370[31m (272 FAILED)[39m (0 secs / 6.649 secs)
ERROR: 'Error Context:', Object{timestamp: '2025-08-25T14:21:47.952Z', component: 'FirebaseServicesService', method: 'loadServices', data: '{"operation":"loadServices","firebaseError":true}'}
[1A[2KERROR: [36m'2025-08-25T14:21:47.952Z ERROR MEDIUM [FirebaseServicesService].loadCustomCategories  Expected first argument to collection() to be a CollectionReference, a DocumentReference or FirebaseFirestore'[39m
Chrome Headless 139.0.0.0 (Windows 10): Executed 1034 of 1370[31m (272 FAILED)[39m (0 secs / 6.649 secs)
ERROR: '2025-08-25T14:21:47.952Z ERROR MEDIUM [FirebaseServicesService].loadCustomCategories  Expected first argument to collection() to be a CollectionReference, a DocumentReference or FirebaseFirestore'
[1A[2KERROR: [36m'Error Stack:', 'FirebaseError: Expected first argument to collection() to be a CollectionReference, a DocumentReference or FirebaseFirestore'[39m
Chrome Headless 139.0.0.0 (Windows 10): Executed 1034 of 1370[31m (272 FAILED)[39m (0 secs / 6.649 secs)
ERROR: 'Error Stack:', 'FirebaseError: Expected first argument to collection() to be a CollectionReference, a DocumentReference or FirebaseFirestore'
[1A[2KERROR: [36m'Error Context:', Object{timestamp: '2025-08-25T14:21:47.952Z', component: 'FirebaseServicesService', method: 'loadCustomCategories', data: '{"operation":"loadCustomCategories","firebaseError":true}'}[39m
Chrome Headless 139.0.0.0 (Windows 10): Executed 1034 of 1370[31m (272 FAILED)[39m (0 secs / 6.649 secs)
ERROR: 'Error Context:', Object{timestamp: '2025-08-25T14:21:47.952Z', component: 'FirebaseServicesService', method: 'loadCustomCategories', data: '{"operation":"loadCustomCategories","firebaseError":true}'}
[1A[2KChrome Headless 139.0.0.0 (Windows 10): Executed 1035 of 1370[31m (272 FAILED)[39m (0 secs / 6.655 secs)
[1A[2KERROR: [36m'2025-08-25T14:21:47.954Z ERROR MEDIUM [BookingService].loadBookings  Expected first argument to collection() to be a CollectionReference, a DocumentReference or FirebaseFirestore'[39m
Chrome Headless 139.0.0.0 (Windows 10): Executed 1035 of 1370[31m (272 FAILED)[39m (0 secs / 6.655 secs)
ERROR: '2025-08-25T14:21:47.954Z ERROR MEDIUM [BookingService].loadBookings  Expected first argument to collection() to be a CollectionReference, a DocumentReference or FirebaseFirestore'
[1A[2KERROR: [36m'Error Stack:', 'FirebaseError: Expected first argument to collection() to be a CollectionReference, a DocumentReference or FirebaseFirestore'[39m
Chrome Headless 139.0.0.0 (Windows 10): Executed 1035 of 1370[31m (272 FAILED)[39m (0 secs / 6.655 secs)
ERROR: 'Error Stack:', 'FirebaseError: Expected first argument to collection() to be a CollectionReference, a DocumentReference or FirebaseFirestore'
[1A[2KERROR: [36m'Error Context:', Object{timestamp: '2025-08-25T14:21:47.954Z', component: 'BookingService', method: 'loadBookings', data: '{"operation":"loadBookings","firebaseError":true}'}[39m
Chrome Headless 139.0.0.0 (Windows 10): Executed 1035 of 1370[31m (272 FAILED)[39m (0 secs / 6.655 secs)
ERROR: 'Error Context:', Object{timestamp: '2025-08-25T14:21:47.954Z', component: 'BookingService', method: 'loadBookings', data: '{"operation":"loadBookings","firebaseError":true}'}
[1A[2KERROR: [36m'Error carregant par├ámetres del sistema:', FirebaseError: [code=invalid-argument]: Expected first argument to collection() to be a CollectionReference, a DocumentReference or FirebaseFirestore
FirebaseError: Expected first argument to collection() to be a CollectionReference, a DocumentReference or FirebaseFirestore[39m
Chrome Headless 139.0.0.0 (Windows 10): Executed 1035 of 1370[31m (272 FAILED)[39m (0 secs / 6.655 secs)
ERROR: 'Error carregant par├ámetres del sistema:', FirebaseError: [code=invalid-argument]: Expected first argument to collection() to be a CollectionReference, a DocumentReference or FirebaseFirestore
FirebaseError: Expected first argument to collection() to be a CollectionReference, a DocumentReference or FirebaseFirestore
[1A[2KERROR: [36m'2025-08-25T14:21:47.965Z ERROR MEDIUM [FirebaseServicesService].loadServices  Expected first argument to collection() to be a CollectionReference, a DocumentReference or FirebaseFirestore'[39m
Chrome Headless 139.0.0.0 (Windows 10): Executed 1035 of 1370[31m (272 FAILED)[39m (0 secs / 6.655 secs)
ERROR: '2025-08-25T14:21:47.965Z ERROR MEDIUM [FirebaseServicesService].loadServices  Expected first argument to collection() to be a CollectionReference, a DocumentReference or FirebaseFirestore'
[1A[2KERROR: [36m'Error Stack:', 'FirebaseError: Expected first argument to collection() to be a CollectionReference, a DocumentReference or FirebaseFirestore'[39m
Chrome Headless 139.0.0.0 (Windows 10): Executed 1035 of 1370[31m (272 FAILED)[39m (0 secs / 6.655 secs)
ERROR: 'Error Stack:', 'FirebaseError: Expected first argument to collection() to be a CollectionReference, a DocumentReference or FirebaseFirestore'
[1A[2KERROR: [36m'Error Context:', Object{timestamp: '2025-08-25T14:21:47.965Z', component: 'FirebaseServicesService', method: 'loadServices', data: '{"operation":"loadServices","firebaseError":true}'}[39m
Chrome Headless 139.0.0.0 (Windows 10): Executed 1035 of 1370[31m (272 FAILED)[39m (0 secs / 6.655 secs)
ERROR: 'Error Context:', Object{timestamp: '2025-08-25T14:21:47.965Z', component: 'FirebaseServicesService', method: 'loadServices', data: '{"operation":"loadServices","firebaseError":true}'}
[1A[2KERROR: [36m'2025-08-25T14:21:47.965Z ERROR MEDIUM [FirebaseServicesService].loadCustomCategories  Expected first argument to collection() to be a CollectionReference, a DocumentReference or FirebaseFirestore'[39m
Chrome Headless 139.0.0.0 (Windows 10): Executed 1035 of 1370[31m (272 FAILED)[39m (0 secs / 6.655 secs)
ERROR: '2025-08-25T14:21:47.965Z ERROR MEDIUM [FirebaseServicesService].loadCustomCategories  Expected first argument to collection() to be a CollectionReference, a DocumentReference or FirebaseFirestore'
[1A[2KERROR: [36m'Error Stack:', 'FirebaseError: Expected first argument to collection() to be a CollectionReference, a DocumentReference or FirebaseFirestore'[39m
Chrome Headless 139.0.0.0 (Windows 10): Executed 1035 of 1370[31m (272 FAILED)[39m (0 secs / 6.655 secs)
ERROR: 'Error Stack:', 'FirebaseError: Expected first argument to collection() to be a CollectionReference, a DocumentReference or FirebaseFirestore'
[1A[2KERROR: [36m'Error Context:', Object{timestamp: '2025-08-25T14:21:47.965Z', component: 'FirebaseServicesService', method: 'loadCustomCategories', data: '{"operation":"loadCustomCategories","firebaseError":true}'}[39m
Chrome Headless 139.0.0.0 (Windows 10): Executed 1035 of 1370[31m (272 FAILED)[39m (0 secs / 6.655 secs)
ERROR: 'Error Context:', Object{timestamp: '2025-08-25T14:21:47.965Z', component: 'FirebaseServicesService', method: 'loadCustomCategories', data: '{"operation":"loadCustomCategories","firebaseError":true}'}
[1A[2KChrome Headless 139.0.0.0 (Windows 10): Executed 1036 of 1370[31m (272 FAILED)[39m (0 secs / 6.66 secs)
[1A[2KERROR: [36m'2025-08-25T14:21:47.966Z ERROR MEDIUM [BookingService].loadBookings  Expected first argument to collection() to be a CollectionReference, a DocumentReference or FirebaseFirestore'[39m
Chrome Headless 139.0.0.0 (Windows 10): Executed 1036 of 1370[31m (272 FAILED)[39m (0 secs / 6.66 secs)
ERROR: '2025-08-25T14:21:47.966Z ERROR MEDIUM [BookingService].loadBookings  Expected first argument to collection() to be a CollectionReference, a DocumentReference or FirebaseFirestore'
[1A[2KERROR: [36m'Error Stack:', 'FirebaseError: Expected first argument to collection() to be a CollectionReference, a DocumentReference or FirebaseFirestore'[39m
Chrome Headless 139.0.0.0 (Windows 10): Executed 1036 of 1370[31m (272 FAILED)[39m (0 secs / 6.66 secs)
ERROR: 'Error Stack:', 'FirebaseError: Expected first argument to collection() to be a CollectionReference, a DocumentReference or FirebaseFirestore'
[1A[2KERROR: [36m'Error Context:', Object{timestamp: '2025-08-25T14:21:47.966Z', component: 'BookingService', method: 'loadBookings', data: '{"operation":"loadBookings","firebaseError":true}'}[39m
Chrome Headless 139.0.0.0 (Windows 10): Executed 1036 of 1370[31m (272 FAILED)[39m (0 secs / 6.66 secs)
ERROR: 'Error Context:', Object{timestamp: '2025-08-25T14:21:47.966Z', component: 'BookingService', method: 'loadBookings', data: '{"operation":"loadBookings","firebaseError":true}'}
[1A[2KERROR: [36m'Error carregant par├ámetres del sistema:', FirebaseError: [code=invalid-argument]: Expected first argument to collection() to be a CollectionReference, a DocumentReference or FirebaseFirestore
FirebaseError: Expected first argument to collection() to be a CollectionReference, a DocumentReference or FirebaseFirestore[39m
Chrome Headless 139.0.0.0 (Windows 10): Executed 1036 of 1370[31m (272 FAILED)[39m (0 secs / 6.66 secs)
ERROR: 'Error carregant par├ámetres del sistema:', FirebaseError: [code=invalid-argument]: Expected first argument to collection() to be a CollectionReference, a DocumentReference or FirebaseFirestore
FirebaseError: Expected first argument to collection() to be a CollectionReference, a DocumentReference or FirebaseFirestore
[1A[2KERROR: [36m'2025-08-25T14:21:47.973Z ERROR MEDIUM [FirebaseServicesService].loadServices  Expected first argument to collection() to be a CollectionReference, a DocumentReference or FirebaseFirestore'[39m
Chrome Headless 139.0.0.0 (Windows 10): Executed 1036 of 1370[31m (272 FAILED)[39m (0 secs / 6.66 secs)
ERROR: '2025-08-25T14:21:47.973Z ERROR MEDIUM [FirebaseServicesService].loadServices  Expected first argument to collection() to be a CollectionReference, a DocumentReference or FirebaseFirestore'
[1A[2KERROR: [36m'Error Stack:', 'FirebaseError: Expected first argument to collection() to be a CollectionReference, a DocumentReference or FirebaseFirestore'[39m
Chrome Headless 139.0.0.0 (Windows 10): Executed 1036 of 1370[31m (272 FAILED)[39m (0 secs / 6.66 secs)
ERROR: 'Error Stack:', 'FirebaseError: Expected first argument to collection() to be a CollectionReference, a DocumentReference or FirebaseFirestore'
[1A[2KERROR: [36m'Error Context:', Object{timestamp: '2025-08-25T14:21:47.973Z', component: 'FirebaseServicesService', method: 'loadServices', data: '{"operation":"loadServices","firebaseError":true}'}[39m
Chrome Headless 139.0.0.0 (Windows 10): Executed 1036 of 1370[31m (272 FAILED)[39m (0 secs / 6.66 secs)
ERROR: 'Error Context:', Object{timestamp: '2025-08-25T14:21:47.973Z', component: 'FirebaseServicesService', method: 'loadServices', data: '{"operation":"loadServices","firebaseError":true}'}
[1A[2KERROR: [36m'2025-08-25T14:21:47.973Z ERROR MEDIUM [FirebaseServicesService].loadCustomCategories  Expected first argument to collection() to be a CollectionReference, a DocumentReference or FirebaseFirestore'[39m
Chrome Headless 139.0.0.0 (Windows 10): Executed 1036 of 1370[31m (272 FAILED)[39m (0 secs / 6.66 secs)
ERROR: '2025-08-25T14:21:47.973Z ERROR MEDIUM [FirebaseServicesService].loadCustomCategories  Expected first argument to collection() to be a CollectionReference, a DocumentReference or FirebaseFirestore'
[1A[2KERROR: [36m'Error Stack:', 'FirebaseError: Expected first argument to collection() to be a CollectionReference, a DocumentReference or FirebaseFirestore'[39m
Chrome Headless 139.0.0.0 (Windows 10): Executed 1036 of 1370[31m (272 FAILED)[39m (0 secs / 6.66 secs)
ERROR: 'Error Stack:', 'FirebaseError: Expected first argument to collection() to be a CollectionReference, a DocumentReference or FirebaseFirestore'
[1A[2KERROR: [36m'Error Context:', Object{timestamp: '2025-08-25T14:21:47.973Z', component: 'FirebaseServicesService', method: 'loadCustomCategories', data: '{"operation":"loadCustomCategories","firebaseError":true}'}[39m
Chrome Headless 139.0.0.0 (Windows 10): Executed 1036 of 1370[31m (272 FAILED)[39m (0 secs / 6.66 secs)
ERROR: 'Error Context:', Object{timestamp: '2025-08-25T14:21:47.973Z', component: 'FirebaseServicesService', method: 'loadCustomCategories', data: '{"operation":"loadCustomCategories","firebaseError":true}'}
[1A[2KChrome Headless 139.0.0.0 (Windows 10): Executed 1037 of 1370[31m (272 FAILED)[39m (0 secs / 6.665 secs)
[1A[2KERROR: [36m'2025-08-25T14:21:47.974Z ERROR MEDIUM [BookingService].loadBookings  Expected first argument to collection() to be a CollectionReference, a DocumentReference or FirebaseFirestore'[39m
Chrome Headless 139.0.0.0 (Windows 10): Executed 1037 of 1370[31m (272 FAILED)[39m (0 secs / 6.665 secs)
ERROR: '2025-08-25T14:21:47.974Z ERROR MEDIUM [BookingService].loadBookings  Expected first argument to collection() to be a CollectionReference, a DocumentReference or FirebaseFirestore'
[1A[2KERROR: [36m'Error Stack:', 'FirebaseError: Expected first argument to collection() to be a CollectionReference, a DocumentReference or FirebaseFirestore'[39m
Chrome Headless 139.0.0.0 (Windows 10): Executed 1037 of 1370[31m (272 FAILED)[39m (0 secs / 6.665 secs)
ERROR: 'Error Stack:', 'FirebaseError: Expected first argument to collection() to be a CollectionReference, a DocumentReference or FirebaseFirestore'
[1A[2KERROR: [36m'Error Context:', Object{timestamp: '2025-08-25T14:21:47.974Z', component: 'BookingService', method: 'loadBookings', data: '{"operation":"loadBookings","firebaseError":true}'}[39m
Chrome Headless 139.0.0.0 (Windows 10): Executed 1037 of 1370[31m (272 FAILED)[39m (0 secs / 6.665 secs)
ERROR: 'Error Context:', Object{timestamp: '2025-08-25T14:21:47.974Z', component: 'BookingService', method: 'loadBookings', data: '{"operation":"loadBookings","firebaseError":true}'}
[1A[2KERROR: [36m'Error carregant par├ámetres del sistema:', FirebaseError: [code=invalid-argument]: Expected first argument to collection() to be a CollectionReference, a DocumentReference or FirebaseFirestore
FirebaseError: Expected first argument to collection() to be a CollectionReference, a DocumentReference or FirebaseFirestore[39m
Chrome Headless 139.0.0.0 (Windows 10): Executed 1037 of 1370[31m (272 FAILED)[39m (0 secs / 6.665 secs)
ERROR: 'Error carregant par├ámetres del sistema:', FirebaseError: [code=invalid-argument]: Expected first argument to collection() to be a CollectionReference, a DocumentReference or FirebaseFirestore
FirebaseError: Expected first argument to collection() to be a CollectionReference, a DocumentReference or FirebaseFirestore
[1A[2KERROR: [36m'2025-08-25T14:21:47.983Z ERROR MEDIUM [FirebaseServicesService].loadServices  Expected first argument to collection() to be a CollectionReference, a DocumentReference or FirebaseFirestore'[39m
Chrome Headless 139.0.0.0 (Windows 10): Executed 1037 of 1370[31m (272 FAILED)[39m (0 secs / 6.665 secs)
ERROR: '2025-08-25T14:21:47.983Z ERROR MEDIUM [FirebaseServicesService].loadServices  Expected first argument to collection() to be a CollectionReference, a DocumentReference or FirebaseFirestore'
[1A[2KERROR: [36m'Error Stack:', 'FirebaseError: Expected first argument to collection() to be a CollectionReference, a DocumentReference or FirebaseFirestore'[39m
Chrome Headless 139.0.0.0 (Windows 10): Executed 1037 of 1370[31m (272 FAILED)[39m (0 secs / 6.665 secs)
ERROR: 'Error Stack:', 'FirebaseError: Expected first argument to collection() to be a CollectionReference, a DocumentReference or FirebaseFirestore'
[1A[2KERROR: [36m'Error Context:', Object{timestamp: '2025-08-25T14:21:47.983Z', component: 'FirebaseServicesService', method: 'loadServices', data: '{"operation":"loadServices","firebaseError":true}'}[39m
Chrome Headless 139.0.0.0 (Windows 10): Executed 1037 of 1370[31m (272 FAILED)[39m (0 secs / 6.665 secs)
ERROR: 'Error Context:', Object{timestamp: '2025-08-25T14:21:47.983Z', component: 'FirebaseServicesService', method: 'loadServices', data: '{"operation":"loadServices","firebaseError":true}'}
[1A[2KERROR: [36m'2025-08-25T14:21:47.983Z ERROR MEDIUM [FirebaseServicesService].loadCustomCategories  Expected first argument to collection() to be a CollectionReference, a DocumentReference or FirebaseFirestore'[39m
Chrome Headless 139.0.0.0 (Windows 10): Executed 1037 of 1370[31m (272 FAILED)[39m (0 secs / 6.665 secs)
ERROR: '2025-08-25T14:21:47.983Z ERROR MEDIUM [FirebaseServicesService].loadCustomCategories  Expected first argument to collection() to be a CollectionReference, a DocumentReference or FirebaseFirestore'
[1A[2KERROR: [36m'Error Stack:', 'FirebaseError: Expected first argument to collection() to be a CollectionReference, a DocumentReference or FirebaseFirestore'[39m
Chrome Headless 139.0.0.0 (Windows 10): Executed 1037 of 1370[31m (272 FAILED)[39m (0 secs / 6.665 secs)
ERROR: 'Error Stack:', 'FirebaseError: Expected first argument to collection() to be a CollectionReference, a DocumentReference or FirebaseFirestore'
[1A[2KERROR: [36m'Error Context:', Object{timestamp: '2025-08-25T14:21:47.983Z', component: 'FirebaseServicesService', method: 'loadCustomCategories', data: '{"operation":"loadCustomCategories","firebaseError":true}'}[39m
Chrome Headless 139.0.0.0 (Windows 10): Executed 1037 of 1370[31m (272 FAILED)[39m (0 secs / 6.665 secs)
ERROR: 'Error Context:', Object{timestamp: '2025-08-25T14:21:47.983Z', component: 'FirebaseServicesService', method: 'loadCustomCategories', data: '{"operation":"loadCustomCategories","firebaseError":true}'}
[1A[2KChrome Headless 139.0.0.0 (Windows 10): Executed 1038 of 1370[31m (272 FAILED)[39m (0 secs / 6.669 secs)
[1A[2KERROR: [36m'2025-08-25T14:21:47.984Z ERROR MEDIUM [BookingService].loadBookings  Expected first argument to collection() to be a CollectionReference, a DocumentReference or FirebaseFirestore'[39m
Chrome Headless 139.0.0.0 (Windows 10): Executed 1038 of 1370[31m (272 FAILED)[39m (0 secs / 6.669 secs)
ERROR: '2025-08-25T14:21:47.984Z ERROR MEDIUM [BookingService].loadBookings  Expected first argument to collection() to be a CollectionReference, a DocumentReference or FirebaseFirestore'
[1A[2KERROR: [36m'Error Stack:', 'FirebaseError: Expected first argument to collection() to be a CollectionReference, a DocumentReference or FirebaseFirestore'[39m
Chrome Headless 139.0.0.0 (Windows 10): Executed 1038 of 1370[31m (272 FAILED)[39m (0 secs / 6.669 secs)
ERROR: 'Error Stack:', 'FirebaseError: Expected first argument to collection() to be a CollectionReference, a DocumentReference or FirebaseFirestore'
[1A[2KERROR: [36m'Error Context:', Object{timestamp: '2025-08-25T14:21:47.984Z', component: 'BookingService', method: 'loadBookings', data: '{"operation":"loadBookings","firebaseError":true}'}[39m
Chrome Headless 139.0.0.0 (Windows 10): Executed 1038 of 1370[31m (272 FAILED)[39m (0 secs / 6.669 secs)
ERROR: 'Error Context:', Object{timestamp: '2025-08-25T14:21:47.984Z', component: 'BookingService', method: 'loadBookings', data: '{"operation":"loadBookings","firebaseError":true}'}
[1A[2KERROR: [36m'Error carregant par├ámetres del sistema:', FirebaseError: [code=invalid-argument]: Expected first argument to collection() to be a CollectionReference, a DocumentReference or FirebaseFirestore
FirebaseError: Expected first argument to collection() to be a CollectionReference, a DocumentReference or FirebaseFirestore[39m
Chrome Headless 139.0.0.0 (Windows 10): Executed 1038 of 1370[31m (272 FAILED)[39m (0 secs / 6.669 secs)
ERROR: 'Error carregant par├ámetres del sistema:', FirebaseError: [code=invalid-argument]: Expected first argument to collection() to be a CollectionReference, a DocumentReference or FirebaseFirestore
FirebaseError: Expected first argument to collection() to be a CollectionReference, a DocumentReference or FirebaseFirestore
[1A[2KERROR: [36m'2025-08-25T14:21:47.993Z ERROR MEDIUM [FirebaseServicesService].loadServices  Expected first argument to collection() to be a CollectionReference, a DocumentReference or FirebaseFirestore'[39m
Chrome Headless 139.0.0.0 (Windows 10): Executed 1038 of 1370[31m (272 FAILED)[39m (0 secs / 6.669 secs)
ERROR: '2025-08-25T14:21:47.993Z ERROR MEDIUM [FirebaseServicesService].loadServices  Expected first argument to collection() to be a CollectionReference, a DocumentReference or FirebaseFirestore'
[1A[2KERROR: [36m'Error Stack:', 'FirebaseError: Expected first argument to collection() to be a CollectionReference, a DocumentReference or FirebaseFirestore'[39m
Chrome Headless 139.0.0.0 (Windows 10): Executed 1038 of 1370[31m (272 FAILED)[39m (0 secs / 6.669 secs)
ERROR: 'Error Stack:', 'FirebaseError: Expected first argument to collection() to be a CollectionReference, a DocumentReference or FirebaseFirestore'
[1A[2KERROR: [36m'Error Context:', Object{timestamp: '2025-08-25T14:21:47.993Z', component: 'FirebaseServicesService', method: 'loadServices', data: '{"operation":"loadServices","firebaseError":true}'}[39m
Chrome Headless 139.0.0.0 (Windows 10): Executed 1038 of 1370[31m (272 FAILED)[39m (0 secs / 6.669 secs)
ERROR: 'Error Context:', Object{timestamp: '2025-08-25T14:21:47.993Z', component: 'FirebaseServicesService', method: 'loadServices', data: '{"operation":"loadServices","firebaseError":true}'}
[1A[2KERROR: [36m'2025-08-25T14:21:47.993Z ERROR MEDIUM [FirebaseServicesService].loadCustomCategories  Expected first argument to collection() to be a CollectionReference, a DocumentReference or FirebaseFirestore'[39m
Chrome Headless 139.0.0.0 (Windows 10): Executed 1038 of 1370[31m (272 FAILED)[39m (0 secs / 6.669 secs)
ERROR: '2025-08-25T14:21:47.993Z ERROR MEDIUM [FirebaseServicesService].loadCustomCategories  Expected first argument to collection() to be a CollectionReference, a DocumentReference or FirebaseFirestore'
[1A[2KERROR: [36m'Error Stack:', 'FirebaseError: Expected first argument to collection() to be a CollectionReference, a DocumentReference or FirebaseFirestore'[39m
Chrome Headless 139.0.0.0 (Windows 10): Executed 1038 of 1370[31m (272 FAILED)[39m (0 secs / 6.669 secs)
ERROR: 'Error Stack:', 'FirebaseError: Expected first argument to collection() to be a CollectionReference, a DocumentReference or FirebaseFirestore'
[1A[2KERROR: [36m'Error Context:', Object{timestamp: '2025-08-25T14:21:47.993Z', component: 'FirebaseServicesService', method: 'loadCustomCategories', data: '{"operation":"loadCustomCategories","firebaseError":true}'}[39m
Chrome Headless 139.0.0.0 (Windows 10): Executed 1038 of 1370[31m (272 FAILED)[39m (0 secs / 6.669 secs)
ERROR: 'Error Context:', Object{timestamp: '2025-08-25T14:21:47.993Z', component: 'FirebaseServicesService', method: 'loadCustomCategories', data: '{"operation":"loadCustomCategories","firebaseError":true}'}
[1A[2KChrome Headless 139.0.0.0 (Windows 10): Executed 1039 of 1370[31m (272 FAILED)[39m (0 secs / 6.675 secs)
[1A[2KERROR: [36m'2025-08-25T14:21:47.995Z ERROR MEDIUM [BookingService].loadBookings  Expected first argument to collection() to be a CollectionReference, a DocumentReference or FirebaseFirestore'[39m
Chrome Headless 139.0.0.0 (Windows 10): Executed 1039 of 1370[31m (272 FAILED)[39m (0 secs / 6.675 secs)
ERROR: '2025-08-25T14:21:47.995Z ERROR MEDIUM [BookingService].loadBookings  Expected first argument to collection() to be a CollectionReference, a DocumentReference or FirebaseFirestore'
[1A[2KERROR: [36m'Error Stack:', 'FirebaseError: Expected first argument to collection() to be a CollectionReference, a DocumentReference or FirebaseFirestore'[39m
Chrome Headless 139.0.0.0 (Windows 10): Executed 1039 of 1370[31m (272 FAILED)[39m (0 secs / 6.675 secs)
ERROR: 'Error Stack:', 'FirebaseError: Expected first argument to collection() to be a CollectionReference, a DocumentReference or FirebaseFirestore'
[1A[2KERROR: [36m'Error Context:', Object{timestamp: '2025-08-25T14:21:47.995Z', component: 'BookingService', method: 'loadBookings', data: '{"operation":"loadBookings","firebaseError":true}'}[39m
Chrome Headless 139.0.0.0 (Windows 10): Executed 1039 of 1370[31m (272 FAILED)[39m (0 secs / 6.675 secs)
ERROR: 'Error Context:', Object{timestamp: '2025-08-25T14:21:47.995Z', component: 'BookingService', method: 'loadBookings', data: '{"operation":"loadBookings","firebaseError":true}'}
[1A[2KERROR: [36m'Error carregant par├ámetres del sistema:', FirebaseError: [code=invalid-argument]: Expected first argument to collection() to be a CollectionReference, a DocumentReference or FirebaseFirestore
FirebaseError: Expected first argument to collection() to be a CollectionReference, a DocumentReference or FirebaseFirestore[39m
Chrome Headless 139.0.0.0 (Windows 10): Executed 1039 of 1370[31m (272 FAILED)[39m (0 secs / 6.675 secs)
ERROR: 'Error carregant par├ámetres del sistema:', FirebaseError: [code=invalid-argument]: Expected first argument to collection() to be a CollectionReference, a DocumentReference or FirebaseFirestore
FirebaseError: Expected first argument to collection() to be a CollectionReference, a DocumentReference or FirebaseFirestore
[1A[2KERROR: [36m'2025-08-25T14:21:48.003Z ERROR MEDIUM [FirebaseServicesService].loadServices  Expected first argument to collection() to be a CollectionReference, a DocumentReference or FirebaseFirestore'[39m
Chrome Headless 139.0.0.0 (Windows 10): Executed 1039 of 1370[31m (272 FAILED)[39m (0 secs / 6.675 secs)
ERROR: '2025-08-25T14:21:48.003Z ERROR MEDIUM [FirebaseServicesService].loadServices  Expected first argument to collection() to be a CollectionReference, a DocumentReference or FirebaseFirestore'
[1A[2KERROR: [36m'Error Stack:', 'FirebaseError: Expected first argument to collection() to be a CollectionReference, a DocumentReference or FirebaseFirestore'[39m
Chrome Headless 139.0.0.0 (Windows 10): Executed 1039 of 1370[31m (272 FAILED)[39m (0 secs / 6.675 secs)
ERROR: 'Error Stack:', 'FirebaseError: Expected first argument to collection() to be a CollectionReference, a DocumentReference or FirebaseFirestore'
[1A[2KERROR: [36m'Error Context:', Object{timestamp: '2025-08-25T14:21:48.003Z', component: 'FirebaseServicesService', method: 'loadServices', data: '{"operation":"loadServices","firebaseError":true}'}[39m
Chrome Headless 139.0.0.0 (Windows 10): Executed 1039 of 1370[31m (272 FAILED)[39m (0 secs / 6.675 secs)
ERROR: 'Error Context:', Object{timestamp: '2025-08-25T14:21:48.003Z', component: 'FirebaseServicesService', method: 'loadServices', data: '{"operation":"loadServices","firebaseError":true}'}
[1A[2KERROR: [36m'2025-08-25T14:21:48.004Z ERROR MEDIUM [FirebaseServicesService].loadCustomCategories  Expected first argument to collection() to be a CollectionReference, a DocumentReference or FirebaseFirestore'[39m
Chrome Headless 139.0.0.0 (Windows 10): Executed 1039 of 1370[31m (272 FAILED)[39m (0 secs / 6.675 secs)
ERROR: '2025-08-25T14:21:48.004Z ERROR MEDIUM [FirebaseServicesService].loadCustomCategories  Expected first argument to collection() to be a CollectionReference, a DocumentReference or FirebaseFirestore'
[1A[2KERROR: [36m'Error Stack:', 'FirebaseError: Expected first argument to collection() to be a CollectionReference, a DocumentReference or FirebaseFirestore'[39m
Chrome Headless 139.0.0.0 (Windows 10): Executed 1039 of 1370[31m (272 FAILED)[39m (0 secs / 6.675 secs)
ERROR: 'Error Stack:', 'FirebaseError: Expected first argument to collection() to be a CollectionReference, a DocumentReference or FirebaseFirestore'
[1A[2KERROR: [36m'Error Context:', Object{timestamp: '2025-08-25T14:21:48.004Z', component: 'FirebaseServicesService', method: 'loadCustomCategories', data: '{"operation":"loadCustomCategories","firebaseError":true}'}[39m
Chrome Headless 139.0.0.0 (Windows 10): Executed 1039 of 1370[31m (272 FAILED)[39m (0 secs / 6.675 secs)
ERROR: 'Error Context:', Object{timestamp: '2025-08-25T14:21:48.004Z', component: 'FirebaseServicesService', method: 'loadCustomCategories', data: '{"operation":"loadCustomCategories","firebaseError":true}'}
[1A[2KChrome Headless 139.0.0.0 (Windows 10): Executed 1040 of 1370[31m (272 FAILED)[39m (0 secs / 6.68 secs)
[1A[2KERROR: [36m'2025-08-25T14:21:48.006Z ERROR MEDIUM [BookingService].loadBookings  Expected first argument to collection() to be a CollectionReference, a DocumentReference or FirebaseFirestore'[39m
Chrome Headless 139.0.0.0 (Windows 10): Executed 1040 of 1370[31m (272 FAILED)[39m (0 secs / 6.68 secs)
ERROR: '2025-08-25T14:21:48.006Z ERROR MEDIUM [BookingService].loadBookings  Expected first argument to collection() to be a CollectionReference, a DocumentReference or FirebaseFirestore'
[1A[2KERROR: [36m'Error Stack:', 'FirebaseError: Expected first argument to collection() to be a CollectionReference, a DocumentReference or FirebaseFirestore'[39m
Chrome Headless 139.0.0.0 (Windows 10): Executed 1040 of 1370[31m (272 FAILED)[39m (0 secs / 6.68 secs)
ERROR: 'Error Stack:', 'FirebaseError: Expected first argument to collection() to be a CollectionReference, a DocumentReference or FirebaseFirestore'
[1A[2KERROR: [36m'Error Context:', Object{timestamp: '2025-08-25T14:21:48.006Z', component: 'BookingService', method: 'loadBookings', data: '{"operation":"loadBookings","firebaseError":true}'}[39m
Chrome Headless 139.0.0.0 (Windows 10): Executed 1040 of 1370[31m (272 FAILED)[39m (0 secs / 6.68 secs)
ERROR: 'Error Context:', Object{timestamp: '2025-08-25T14:21:48.006Z', component: 'BookingService', method: 'loadBookings', data: '{"operation":"loadBookings","firebaseError":true}'}
[1A[2KERROR: [36m'Error carregant par├ámetres del sistema:', FirebaseError: [code=invalid-argument]: Expected first argument to collection() to be a CollectionReference, a DocumentReference or FirebaseFirestore
FirebaseError: Expected first argument to collection() to be a CollectionReference, a DocumentReference or FirebaseFirestore[39m
Chrome Headless 139.0.0.0 (Windows 10): Executed 1040 of 1370[31m (272 FAILED)[39m (0 secs / 6.68 secs)
ERROR: 'Error carregant par├ámetres del sistema:', FirebaseError: [code=invalid-argument]: Expected first argument to collection() to be a CollectionReference, a DocumentReference or FirebaseFirestore
FirebaseError: Expected first argument to collection() to be a CollectionReference, a DocumentReference or FirebaseFirestore
[1A[2KERROR: [36m'2025-08-25T14:21:48.014Z ERROR MEDIUM [FirebaseServicesService].loadServices  Expected first argument to collection() to be a CollectionReference, a DocumentReference or FirebaseFirestore'[39m
Chrome Headless 139.0.0.0 (Windows 10): Executed 1040 of 1370[31m (272 FAILED)[39m (0 secs / 6.68 secs)
ERROR: '2025-08-25T14:21:48.014Z ERROR MEDIUM [FirebaseServicesService].loadServices  Expected first argument to collection() to be a CollectionReference, a DocumentReference or FirebaseFirestore'
[1A[2KERROR: [36m'Error Stack:', 'FirebaseError: Expected first argument to collection() to be a CollectionReference, a DocumentReference or FirebaseFirestore'[39m
Chrome Headless 139.0.0.0 (Windows 10): Executed 1040 of 1370[31m (272 FAILED)[39m (0 secs / 6.68 secs)
ERROR: 'Error Stack:', 'FirebaseError: Expected first argument to collection() to be a CollectionReference, a DocumentReference or FirebaseFirestore'
[1A[2KERROR: [36m'Error Context:', Object{timestamp: '2025-08-25T14:21:48.014Z', component: 'FirebaseServicesService', method: 'loadServices', data: '{"operation":"loadServices","firebaseError":true}'}[39m
Chrome Headless 139.0.0.0 (Windows 10): Executed 1040 of 1370[31m (272 FAILED)[39m (0 secs / 6.68 secs)
ERROR: 'Error Context:', Object{timestamp: '2025-08-25T14:21:48.014Z', component: 'FirebaseServicesService', method: 'loadServices', data: '{"operation":"loadServices","firebaseError":true}'}
[1A[2KERROR: [36m'2025-08-25T14:21:48.015Z ERROR MEDIUM [FirebaseServicesService].loadCustomCategories  Expected first argument to collection() to be a CollectionReference, a DocumentReference or FirebaseFirestore'[39m
Chrome Headless 139.0.0.0 (Windows 10): Executed 1040 of 1370[31m (272 FAILED)[39m (0 secs / 6.68 secs)
ERROR: '2025-08-25T14:21:48.015Z ERROR MEDIUM [FirebaseServicesService].loadCustomCategories  Expected first argument to collection() to be a CollectionReference, a DocumentReference or FirebaseFirestore'
[1A[2KERROR: [36m'Error Stack:', 'FirebaseError: Expected first argument to collection() to be a CollectionReference, a DocumentReference or FirebaseFirestore'[39m
Chrome Headless 139.0.0.0 (Windows 10): Executed 1040 of 1370[31m (272 FAILED)[39m (0 secs / 6.68 secs)
ERROR: 'Error Stack:', 'FirebaseError: Expected first argument to collection() to be a CollectionReference, a DocumentReference or FirebaseFirestore'
[1A[2KERROR: [36m'Error Context:', Object{timestamp: '2025-08-25T14:21:48.015Z', component: 'FirebaseServicesService', method: 'loadCustomCategories', data: '{"operation":"loadCustomCategories","firebaseError":true}'}[39m
Chrome Headless 139.0.0.0 (Windows 10): Executed 1040 of 1370[31m (272 FAILED)[39m (0 secs / 6.68 secs)
ERROR: 'Error Context:', Object{timestamp: '2025-08-25T14:21:48.015Z', component: 'FirebaseServicesService', method: 'loadCustomCategories', data: '{"operation":"loadCustomCategories","firebaseError":true}'}
[1A[2KChrome Headless 139.0.0.0 (Windows 10): Executed 1041 of 1370[31m (272 FAILED)[39m (0 secs / 6.684 secs)
[1A[2KERROR: [36m'2025-08-25T14:21:48.016Z ERROR MEDIUM [BookingService].loadBookings  Expected first argument to collection() to be a CollectionReference, a DocumentReference or FirebaseFirestore'[39m
Chrome Headless 139.0.0.0 (Windows 10): Executed 1041 of 1370[31m (272 FAILED)[39m (0 secs / 6.684 secs)
ERROR: '2025-08-25T14:21:48.016Z ERROR MEDIUM [BookingService].loadBookings  Expected first argument to collection() to be a CollectionReference, a DocumentReference or FirebaseFirestore'
[1A[2KERROR: [36m'Error Stack:', 'FirebaseError: Expected first argument to collection() to be a CollectionReference, a DocumentReference or FirebaseFirestore'[39m
Chrome Headless 139.0.0.0 (Windows 10): Executed 1041 of 1370[31m (272 FAILED)[39m (0 secs / 6.684 secs)
ERROR: 'Error Stack:', 'FirebaseError: Expected first argument to collection() to be a CollectionReference, a DocumentReference or FirebaseFirestore'
[1A[2KERROR: [36m'Error Context:', Object{timestamp: '2025-08-25T14:21:48.016Z', component: 'BookingService', method: 'loadBookings', data: '{"operation":"loadBookings","firebaseError":true}'}[39m
Chrome Headless 139.0.0.0 (Windows 10): Executed 1041 of 1370[31m (272 FAILED)[39m (0 secs / 6.684 secs)
ERROR: 'Error Context:', Object{timestamp: '2025-08-25T14:21:48.016Z', component: 'BookingService', method: 'loadBookings', data: '{"operation":"loadBookings","firebaseError":true}'}
[1A[2KERROR: [36m'Error carregant par├ámetres del sistema:', FirebaseError: [code=invalid-argument]: Expected first argument to collection() to be a CollectionReference, a DocumentReference or FirebaseFirestore
FirebaseError: Expected first argument to collection() to be a CollectionReference, a DocumentReference or FirebaseFirestore[39m
Chrome Headless 139.0.0.0 (Windows 10): Executed 1041 of 1370[31m (272 FAILED)[39m (0 secs / 6.684 secs)
ERROR: 'Error carregant par├ámetres del sistema:', FirebaseError: [code=invalid-argument]: Expected first argument to collection() to be a CollectionReference, a DocumentReference or FirebaseFirestore
FirebaseError: Expected first argument to collection() to be a CollectionReference, a DocumentReference or FirebaseFirestore
[1A[2KERROR: [36m'2025-08-25T14:21:48.021Z ERROR MEDIUM [FirebaseServicesService].loadServices  Expected first argument to collection() to be a CollectionReference, a DocumentReference or FirebaseFirestore'[39m
Chrome Headless 139.0.0.0 (Windows 10): Executed 1041 of 1370[31m (272 FAILED)[39m (0 secs / 6.684 secs)
ERROR: '2025-08-25T14:21:48.021Z ERROR MEDIUM [FirebaseServicesService].loadServices  Expected first argument to collection() to be a CollectionReference, a DocumentReference or FirebaseFirestore'
[1A[2KERROR: [36m'Error Stack:', 'FirebaseError: Expected first argument to collection() to be a CollectionReference, a DocumentReference or FirebaseFirestore'[39m
Chrome Headless 139.0.0.0 (Windows 10): Executed 1041 of 1370[31m (272 FAILED)[39m (0 secs / 6.684 secs)
ERROR: 'Error Stack:', 'FirebaseError: Expected first argument to collection() to be a CollectionReference, a DocumentReference or FirebaseFirestore'
[1A[2KERROR: [36m'Error Context:', Object{timestamp: '2025-08-25T14:21:48.021Z', component: 'FirebaseServicesService', method: 'loadServices', data: '{"operation":"loadServices","firebaseError":true}'}[39m
Chrome Headless 139.0.0.0 (Windows 10): Executed 1041 of 1370[31m (272 FAILED)[39m (0 secs / 6.684 secs)
ERROR: 'Error Context:', Object{timestamp: '2025-08-25T14:21:48.021Z', component: 'FirebaseServicesService', method: 'loadServices', data: '{"operation":"loadServices","firebaseError":true}'}
[1A[2KERROR: [36m'2025-08-25T14:21:48.021Z ERROR MEDIUM [FirebaseServicesService].loadCustomCategories  Expected first argument to collection() to be a CollectionReference, a DocumentReference or FirebaseFirestore'[39m
Chrome Headless 139.0.0.0 (Windows 10): Executed 1041 of 1370[31m (272 FAILED)[39m (0 secs / 6.684 secs)
ERROR: '2025-08-25T14:21:48.021Z ERROR MEDIUM [FirebaseServicesService].loadCustomCategories  Expected first argument to collection() to be a CollectionReference, a DocumentReference or FirebaseFirestore'
[1A[2KERROR: [36m'Error Stack:', 'FirebaseError: Expected first argument to collection() to be a CollectionReference, a DocumentReference or FirebaseFirestore'[39m
Chrome Headless 139.0.0.0 (Windows 10): Executed 1041 of 1370[31m (272 FAILED)[39m (0 secs / 6.684 secs)
ERROR: 'Error Stack:', 'FirebaseError: Expected first argument to collection() to be a CollectionReference, a DocumentReference or FirebaseFirestore'
[1A[2KERROR: [36m'Error Context:', Object{timestamp: '2025-08-25T14:21:48.021Z', component: 'FirebaseServicesService', method: 'loadCustomCategories', data: '{"operation":"loadCustomCategories","firebaseError":true}'}[39m
Chrome Headless 139.0.0.0 (Windows 10): Executed 1041 of 1370[31m (272 FAILED)[39m (0 secs / 6.684 secs)
ERROR: 'Error Context:', Object{timestamp: '2025-08-25T14:21:48.021Z', component: 'FirebaseServicesService', method: 'loadCustomCategories', data: '{"operation":"loadCustomCategories","firebaseError":true}'}
[1A[2KChrome Headless 139.0.0.0 (Windows 10): Executed 1042 of 1370[31m (272 FAILED)[39m (0 secs / 6.689 secs)
[1A[2KERROR: [36m'2025-08-25T14:21:48.022Z ERROR MEDIUM [BookingService].loadBookings  Expected first argument to collection() to be a CollectionReference, a DocumentReference or FirebaseFirestore'[39m
Chrome Headless 139.0.0.0 (Windows 10): Executed 1042 of 1370[31m (272 FAILED)[39m (0 secs / 6.689 secs)
ERROR: '2025-08-25T14:21:48.022Z ERROR MEDIUM [BookingService].loadBookings  Expected first argument to collection() to be a CollectionReference, a DocumentReference or FirebaseFirestore'
[1A[2KERROR: [36m'Error Stack:', 'FirebaseError: Expected first argument to collection() to be a CollectionReference, a DocumentReference or FirebaseFirestore'[39m
Chrome Headless 139.0.0.0 (Windows 10): Executed 1042 of 1370[31m (272 FAILED)[39m (0 secs / 6.689 secs)
ERROR: 'Error Stack:', 'FirebaseError: Expected first argument to collection() to be a CollectionReference, a DocumentReference or FirebaseFirestore'
[1A[2KERROR: [36m'Error Context:', Object{timestamp: '2025-08-25T14:21:48.022Z', component: 'BookingService', method: 'loadBookings', data: '{"operation":"loadBookings","firebaseError":true}'}[39m
Chrome Headless 139.0.0.0 (Windows 10): Executed 1042 of 1370[31m (272 FAILED)[39m (0 secs / 6.689 secs)
ERROR: 'Error Context:', Object{timestamp: '2025-08-25T14:21:48.022Z', component: 'BookingService', method: 'loadBookings', data: '{"operation":"loadBookings","firebaseError":true}'}
[1A[2KERROR: [36m'Error carregant par├ámetres del sistema:', FirebaseError: [code=invalid-argument]: Expected first argument to collection() to be a CollectionReference, a DocumentReference or FirebaseFirestore
FirebaseError: Expected first argument to collection() to be a CollectionReference, a DocumentReference or FirebaseFirestore[39m
Chrome Headless 139.0.0.0 (Windows 10): Executed 1042 of 1370[31m (272 FAILED)[39m (0 secs / 6.689 secs)
ERROR: 'Error carregant par├ámetres del sistema:', FirebaseError: [code=invalid-argument]: Expected first argument to collection() to be a CollectionReference, a DocumentReference or FirebaseFirestore
FirebaseError: Expected first argument to collection() to be a CollectionReference, a DocumentReference or FirebaseFirestore
[1A[2KERROR: [36m'2025-08-25T14:21:48.027Z ERROR MEDIUM [FirebaseServicesService].loadServices  Expected first argument to collection() to be a CollectionReference, a DocumentReference or FirebaseFirestore'[39m
Chrome Headless 139.0.0.0 (Windows 10): Executed 1042 of 1370[31m (272 FAILED)[39m (0 secs / 6.689 secs)
ERROR: '2025-08-25T14:21:48.027Z ERROR MEDIUM [FirebaseServicesService].loadServices  Expected first argument to collection() to be a CollectionReference, a DocumentReference or FirebaseFirestore'
[1A[2KERROR: [36m'Error Stack:', 'FirebaseError: Expected first argument to collection() to be a CollectionReference, a DocumentReference or FirebaseFirestore'[39m
Chrome Headless 139.0.0.0 (Windows 10): Executed 1042 of 1370[31m (272 FAILED)[39m (0 secs / 6.689 secs)
ERROR: 'Error Stack:', 'FirebaseError: Expected first argument to collection() to be a CollectionReference, a DocumentReference or FirebaseFirestore'
[1A[2KERROR: [36m'Error Context:', Object{timestamp: '2025-08-25T14:21:48.027Z', component: 'FirebaseServicesService', method: 'loadServices', data: '{"operation":"loadServices","firebaseError":true}'}[39m
Chrome Headless 139.0.0.0 (Windows 10): Executed 1042 of 1370[31m (272 FAILED)[39m (0 secs / 6.689 secs)
ERROR: 'Error Context:', Object{timestamp: '2025-08-25T14:21:48.027Z', component: 'FirebaseServicesService', method: 'loadServices', data: '{"operation":"loadServices","firebaseError":true}'}
[1A[2KERROR: [36m'2025-08-25T14:21:48.027Z ERROR MEDIUM [FirebaseServicesService].loadCustomCategories  Expected first argument to collection() to be a CollectionReference, a DocumentReference or FirebaseFirestore'[39m
Chrome Headless 139.0.0.0 (Windows 10): Executed 1042 of 1370[31m (272 FAILED)[39m (0 secs / 6.689 secs)
ERROR: '2025-08-25T14:21:48.027Z ERROR MEDIUM [FirebaseServicesService].loadCustomCategories  Expected first argument to collection() to be a CollectionReference, a DocumentReference or FirebaseFirestore'
[1A[2KERROR: [36m'Error Stack:', 'FirebaseError: Expected first argument to collection() to be a CollectionReference, a DocumentReference or FirebaseFirestore'[39m
Chrome Headless 139.0.0.0 (Windows 10): Executed 1042 of 1370[31m (272 FAILED)[39m (0 secs / 6.689 secs)
ERROR: 'Error Stack:', 'FirebaseError: Expected first argument to collection() to be a CollectionReference, a DocumentReference or FirebaseFirestore'
[1A[2KERROR: [36m'Error Context:', Object{timestamp: '2025-08-25T14:21:48.027Z', component: 'FirebaseServicesService', method: 'loadCustomCategories', data: '{"operation":"loadCustomCategories","firebaseError":true}'}[39m
Chrome Headless 139.0.0.0 (Windows 10): Executed 1042 of 1370[31m (272 FAILED)[39m (0 secs / 6.689 secs)
ERROR: 'Error Context:', Object{timestamp: '2025-08-25T14:21:48.027Z', component: 'FirebaseServicesService', method: 'loadCustomCategories', data: '{"operation":"loadCustomCategories","firebaseError":true}'}
[1A[2KChrome Headless 139.0.0.0 (Windows 10): Executed 1043 of 1370[31m (272 FAILED)[39m (0 secs / 6.693 secs)
[1A[2KERROR: [36m'2025-08-25T14:21:48.028Z ERROR MEDIUM [BookingService].loadBookings  Expected first argument to collection() to be a CollectionReference, a DocumentReference or FirebaseFirestore'[39m
Chrome Headless 139.0.0.0 (Windows 10): Executed 1043 of 1370[31m (272 FAILED)[39m (0 secs / 6.693 secs)
ERROR: '2025-08-25T14:21:48.028Z ERROR MEDIUM [BookingService].loadBookings  Expected first argument to collection() to be a CollectionReference, a DocumentReference or FirebaseFirestore'
[1A[2KERROR: [36m'Error Stack:', 'FirebaseError: Expected first argument to collection() to be a CollectionReference, a DocumentReference or FirebaseFirestore'[39m
Chrome Headless 139.0.0.0 (Windows 10): Executed 1043 of 1370[31m (272 FAILED)[39m (0 secs / 6.693 secs)
ERROR: 'Error Stack:', 'FirebaseError: Expected first argument to collection() to be a CollectionReference, a DocumentReference or FirebaseFirestore'
[1A[2KERROR: [36m'Error Context:', Object{timestamp: '2025-08-25T14:21:48.028Z', component: 'BookingService', method: 'loadBookings', data: '{"operation":"loadBookings","firebaseError":true}'}[39m
Chrome Headless 139.0.0.0 (Windows 10): Executed 1043 of 1370[31m (272 FAILED)[39m (0 secs / 6.693 secs)
ERROR: 'Error Context:', Object{timestamp: '2025-08-25T14:21:48.028Z', component: 'BookingService', method: 'loadBookings', data: '{"operation":"loadBookings","firebaseError":true}'}
[1A[2KERROR: [36m'Error carregant par├ámetres del sistema:', FirebaseError: [code=invalid-argument]: Expected first argument to collection() to be a CollectionReference, a DocumentReference or FirebaseFirestore
FirebaseError: Expected first argument to collection() to be a CollectionReference, a DocumentReference or FirebaseFirestore[39m
Chrome Headless 139.0.0.0 (Windows 10): Executed 1043 of 1370[31m (272 FAILED)[39m (0 secs / 6.693 secs)
ERROR: 'Error carregant par├ámetres del sistema:', FirebaseError: [code=invalid-argument]: Expected first argument to collection() to be a CollectionReference, a DocumentReference or FirebaseFirestore
FirebaseError: Expected first argument to collection() to be a CollectionReference, a DocumentReference or FirebaseFirestore
[1A[2KERROR: [36m'2025-08-25T14:21:48.037Z ERROR MEDIUM [FirebaseServicesService].loadServices  Expected first argument to collection() to be a CollectionReference, a DocumentReference or FirebaseFirestore'[39m
Chrome Headless 139.0.0.0 (Windows 10): Executed 1043 of 1370[31m (272 FAILED)[39m (0 secs / 6.693 secs)
ERROR: '2025-08-25T14:21:48.037Z ERROR MEDIUM [FirebaseServicesService].loadServices  Expected first argument to collection() to be a CollectionReference, a DocumentReference or FirebaseFirestore'
[1A[2KERROR: [36m'Error Stack:', 'FirebaseError: Expected first argument to collection() to be a CollectionReference, a DocumentReference or FirebaseFirestore'[39m
Chrome Headless 139.0.0.0 (Windows 10): Executed 1043 of 1370[31m (272 FAILED)[39m (0 secs / 6.693 secs)
ERROR: 'Error Stack:', 'FirebaseError: Expected first argument to collection() to be a CollectionReference, a DocumentReference or FirebaseFirestore'
[1A[2KERROR: [36m'Error Context:', Object{timestamp: '2025-08-25T14:21:48.037Z', component: 'FirebaseServicesService', method: 'loadServices', data: '{"operation":"loadServices","firebaseError":true}'}[39m
Chrome Headless 139.0.0.0 (Windows 10): Executed 1043 of 1370[31m (272 FAILED)[39m (0 secs / 6.693 secs)
ERROR: 'Error Context:', Object{timestamp: '2025-08-25T14:21:48.037Z', component: 'FirebaseServicesService', method: 'loadServices', data: '{"operation":"loadServices","firebaseError":true}'}
[1A[2KERROR: [36m'2025-08-25T14:21:48.037Z ERROR MEDIUM [FirebaseServicesService].loadCustomCategories  Expected first argument to collection() to be a CollectionReference, a DocumentReference or FirebaseFirestore'[39m
Chrome Headless 139.0.0.0 (Windows 10): Executed 1043 of 1370[31m (272 FAILED)[39m (0 secs / 6.693 secs)
ERROR: '2025-08-25T14:21:48.037Z ERROR MEDIUM [FirebaseServicesService].loadCustomCategories  Expected first argument to collection() to be a CollectionReference, a DocumentReference or FirebaseFirestore'
[1A[2KERROR: [36m'Error Stack:', 'FirebaseError: Expected first argument to collection() to be a CollectionReference, a DocumentReference or FirebaseFirestore'[39m
Chrome Headless 139.0.0.0 (Windows 10): Executed 1043 of 1370[31m (272 FAILED)[39m (0 secs / 6.693 secs)
ERROR: 'Error Stack:', 'FirebaseError: Expected first argument to collection() to be a CollectionReference, a DocumentReference or FirebaseFirestore'
[1A[2KERROR: [36m'Error Context:', Object{timestamp: '2025-08-25T14:21:48.037Z', component: 'FirebaseServicesService', method: 'loadCustomCategories', data: '{"operation":"loadCustomCategories","firebaseError":true}'}[39m
Chrome Headless 139.0.0.0 (Windows 10): Executed 1043 of 1370[31m (272 FAILED)[39m (0 secs / 6.693 secs)
ERROR: 'Error Context:', Object{timestamp: '2025-08-25T14:21:48.037Z', component: 'FirebaseServicesService', method: 'loadCustomCategories', data: '{"operation":"loadCustomCategories","firebaseError":true}'}
[1A[2KChrome Headless 139.0.0.0 (Windows 10): Executed 1044 of 1370[31m (272 FAILED)[39m (0 secs / 6.697 secs)
[1A[2KERROR: [36m'2025-08-25T14:21:48.038Z ERROR MEDIUM [BookingService].loadBookings  Expected first argument to collection() to be a CollectionReference, a DocumentReference or FirebaseFirestore'[39m
Chrome Headless 139.0.0.0 (Windows 10): Executed 1044 of 1370[31m (272 FAILED)[39m (0 secs / 6.697 secs)
ERROR: '2025-08-25T14:21:48.038Z ERROR MEDIUM [BookingService].loadBookings  Expected first argument to collection() to be a CollectionReference, a DocumentReference or FirebaseFirestore'
[1A[2KERROR: [36m'Error Stack:', 'FirebaseError: Expected first argument to collection() to be a CollectionReference, a DocumentReference or FirebaseFirestore'[39m
Chrome Headless 139.0.0.0 (Windows 10): Executed 1044 of 1370[31m (272 FAILED)[39m (0 secs / 6.697 secs)
ERROR: 'Error Stack:', 'FirebaseError: Expected first argument to collection() to be a CollectionReference, a DocumentReference or FirebaseFirestore'
[1A[2KERROR: [36m'Error Context:', Object{timestamp: '2025-08-25T14:21:48.038Z', component: 'BookingService', method: 'loadBookings', data: '{"operation":"loadBookings","firebaseError":true}'}[39m
Chrome Headless 139.0.0.0 (Windows 10): Executed 1044 of 1370[31m (272 FAILED)[39m (0 secs / 6.697 secs)
ERROR: 'Error Context:', Object{timestamp: '2025-08-25T14:21:48.038Z', component: 'BookingService', method: 'loadBookings', data: '{"operation":"loadBookings","firebaseError":true}'}
[1A[2KERROR: [36m'Error carregant par├ámetres del sistema:', FirebaseError: [code=invalid-argument]: Expected first argument to collection() to be a CollectionReference, a DocumentReference or FirebaseFirestore
FirebaseError: Expected first argument to collection() to be a CollectionReference, a DocumentReference or FirebaseFirestore[39m
Chrome Headless 139.0.0.0 (Windows 10): Executed 1044 of 1370[31m (272 FAILED)[39m (0 secs / 6.697 secs)
ERROR: 'Error carregant par├ámetres del sistema:', FirebaseError: [code=invalid-argument]: Expected first argument to collection() to be a CollectionReference, a DocumentReference or FirebaseFirestore
FirebaseError: Expected first argument to collection() to be a CollectionReference, a DocumentReference or FirebaseFirestore
[1A[2KERROR: [36m'2025-08-25T14:21:48.047Z ERROR MEDIUM [FirebaseServicesService].loadServices  Expected first argument to collection() to be a CollectionReference, a DocumentReference or FirebaseFirestore'[39m
Chrome Headless 139.0.0.0 (Windows 10): Executed 1044 of 1370[31m (272 FAILED)[39m (0 secs / 6.697 secs)
ERROR: '2025-08-25T14:21:48.047Z ERROR MEDIUM [FirebaseServicesService].loadServices  Expected first argument to collection() to be a CollectionReference, a DocumentReference or FirebaseFirestore'
[1A[2KERROR: [36m'Error Stack:', 'FirebaseError: Expected first argument to collection() to be a CollectionReference, a DocumentReference or FirebaseFirestore'[39m
Chrome Headless 139.0.0.0 (Windows 10): Executed 1044 of 1370[31m (272 FAILED)[39m (0 secs / 6.697 secs)
ERROR: 'Error Stack:', 'FirebaseError: Expected first argument to collection() to be a CollectionReference, a DocumentReference or FirebaseFirestore'
[1A[2KERROR: [36m'Error Context:', Object{timestamp: '2025-08-25T14:21:48.047Z', component: 'FirebaseServicesService', method: 'loadServices', data: '{"operation":"loadServices","firebaseError":true}'}[39m
Chrome Headless 139.0.0.0 (Windows 10): Executed 1044 of 1370[31m (272 FAILED)[39m (0 secs / 6.697 secs)
ERROR: 'Error Context:', Object{timestamp: '2025-08-25T14:21:48.047Z', component: 'FirebaseServicesService', method: 'loadServices', data: '{"operation":"loadServices","firebaseError":true}'}
[1A[2KERROR: [36m'2025-08-25T14:21:48.047Z ERROR MEDIUM [FirebaseServicesService].loadCustomCategories  Expected first argument to collection() to be a CollectionReference, a DocumentReference or FirebaseFirestore'[39m
Chrome Headless 139.0.0.0 (Windows 10): Executed 1044 of 1370[31m (272 FAILED)[39m (0 secs / 6.697 secs)
ERROR: '2025-08-25T14:21:48.047Z ERROR MEDIUM [FirebaseServicesService].loadCustomCategories  Expected first argument to collection() to be a CollectionReference, a DocumentReference or FirebaseFirestore'
[1A[2KERROR: [36m'Error Stack:', 'FirebaseError: Expected first argument to collection() to be a CollectionReference, a DocumentReference or FirebaseFirestore'[39m
Chrome Headless 139.0.0.0 (Windows 10): Executed 1044 of 1370[31m (272 FAILED)[39m (0 secs / 6.697 secs)
ERROR: 'Error Stack:', 'FirebaseError: Expected first argument to collection() to be a CollectionReference, a DocumentReference or FirebaseFirestore'
[1A[2KERROR: [36m'Error Context:', Object{timestamp: '2025-08-25T14:21:48.047Z', component: 'FirebaseServicesService', method: 'loadCustomCategories', data: '{"operation":"loadCustomCategories","firebaseError":true}'}[39m
Chrome Headless 139.0.0.0 (Windows 10): Executed 1044 of 1370[31m (272 FAILED)[39m (0 secs / 6.697 secs)
ERROR: 'Error Context:', Object{timestamp: '2025-08-25T14:21:48.047Z', component: 'FirebaseServicesService', method: 'loadCustomCategories', data: '{"operation":"loadCustomCategories","firebaseError":true}'}
[1A[2KChrome Headless 139.0.0.0 (Windows 10): Executed 1045 of 1370[31m (272 FAILED)[39m (0 secs / 6.701 secs)
[1A[2KERROR: [36m'2025-08-25T14:21:48.049Z ERROR MEDIUM [BookingService].loadBookings  Expected first argument to collection() to be a CollectionReference, a DocumentReference or FirebaseFirestore'[39m
Chrome Headless 139.0.0.0 (Windows 10): Executed 1045 of 1370[31m (272 FAILED)[39m (0 secs / 6.701 secs)
ERROR: '2025-08-25T14:21:48.049Z ERROR MEDIUM [BookingService].loadBookings  Expected first argument to collection() to be a CollectionReference, a DocumentReference or FirebaseFirestore'
[1A[2KERROR: [36m'Error Stack:', 'FirebaseError: Expected first argument to collection() to be a CollectionReference, a DocumentReference or FirebaseFirestore'[39m
Chrome Headless 139.0.0.0 (Windows 10): Executed 1045 of 1370[31m (272 FAILED)[39m (0 secs / 6.701 secs)
ERROR: 'Error Stack:', 'FirebaseError: Expected first argument to collection() to be a CollectionReference, a DocumentReference or FirebaseFirestore'
[1A[2KERROR: [36m'Error Context:', Object{timestamp: '2025-08-25T14:21:48.049Z', component: 'BookingService', method: 'loadBookings', data: '{"operation":"loadBookings","firebaseError":true}'}[39m
Chrome Headless 139.0.0.0 (Windows 10): Executed 1045 of 1370[31m (272 FAILED)[39m (0 secs / 6.701 secs)
ERROR: 'Error Context:', Object{timestamp: '2025-08-25T14:21:48.049Z', component: 'BookingService', method: 'loadBookings', data: '{"operation":"loadBookings","firebaseError":true}'}
[1A[2KERROR: [36m'Error carregant par├ámetres del sistema:', FirebaseError: [code=invalid-argument]: Expected first argument to collection() to be a CollectionReference, a DocumentReference or FirebaseFirestore
FirebaseError: Expected first argument to collection() to be a CollectionReference, a DocumentReference or FirebaseFirestore[39m
Chrome Headless 139.0.0.0 (Windows 10): Executed 1045 of 1370[31m (272 FAILED)[39m (0 secs / 6.701 secs)
ERROR: 'Error carregant par├ámetres del sistema:', FirebaseError: [code=invalid-argument]: Expected first argument to collection() to be a CollectionReference, a DocumentReference or FirebaseFirestore
FirebaseError: Expected first argument to collection() to be a CollectionReference, a DocumentReference or FirebaseFirestore
[1A[2KERROR: [36m'2025-08-25T14:21:48.055Z ERROR MEDIUM [FirebaseServicesService].loadServices  Expected first argument to collection() to be a CollectionReference, a DocumentReference or FirebaseFirestore'[39m
Chrome Headless 139.0.0.0 (Windows 10): Executed 1045 of 1370[31m (272 FAILED)[39m (0 secs / 6.701 secs)
ERROR: '2025-08-25T14:21:48.055Z ERROR MEDIUM [FirebaseServicesService].loadServices  Expected first argument to collection() to be a CollectionReference, a DocumentReference or FirebaseFirestore'
[1A[2KERROR: [36m'Error Stack:', 'FirebaseError: Expected first argument to collection() to be a CollectionReference, a DocumentReference or FirebaseFirestore'[39m
Chrome Headless 139.0.0.0 (Windows 10): Executed 1045 of 1370[31m (272 FAILED)[39m (0 secs / 6.701 secs)
ERROR: 'Error Stack:', 'FirebaseError: Expected first argument to collection() to be a CollectionReference, a DocumentReference or FirebaseFirestore'
[1A[2KERROR: [36m'Error Context:', Object{timestamp: '2025-08-25T14:21:48.055Z', component: 'FirebaseServicesService', method: 'loadServices', data: '{"operation":"loadServices","firebaseError":true}'}[39m
Chrome Headless 139.0.0.0 (Windows 10): Executed 1045 of 1370[31m (272 FAILED)[39m (0 secs / 6.701 secs)
ERROR: 'Error Context:', Object{timestamp: '2025-08-25T14:21:48.055Z', component: 'FirebaseServicesService', method: 'loadServices', data: '{"operation":"loadServices","firebaseError":true}'}
[1A[2KERROR: [36m'2025-08-25T14:21:48.055Z ERROR MEDIUM [FirebaseServicesService].loadCustomCategories  Expected first argument to collection() to be a CollectionReference, a DocumentReference or FirebaseFirestore'[39m
Chrome Headless 139.0.0.0 (Windows 10): Executed 1045 of 1370[31m (272 FAILED)[39m (0 secs / 6.701 secs)
ERROR: '2025-08-25T14:21:48.055Z ERROR MEDIUM [FirebaseServicesService].loadCustomCategories  Expected first argument to collection() to be a CollectionReference, a DocumentReference or FirebaseFirestore'
[1A[2KERROR: [36m'Error Stack:', 'FirebaseError: Expected first argument to collection() to be a CollectionReference, a DocumentReference or FirebaseFirestore'[39m
Chrome Headless 139.0.0.0 (Windows 10): Executed 1045 of 1370[31m (272 FAILED)[39m (0 secs / 6.701 secs)
ERROR: 'Error Stack:', 'FirebaseError: Expected first argument to collection() to be a CollectionReference, a DocumentReference or FirebaseFirestore'
[1A[2KERROR: [36m'Error Context:', Object{timestamp: '2025-08-25T14:21:48.055Z', component: 'FirebaseServicesService', method: 'loadCustomCategories', data: '{"operation":"loadCustomCategories","firebaseError":true}'}[39m
Chrome Headless 139.0.0.0 (Windows 10): Executed 1045 of 1370[31m (272 FAILED)[39m (0 secs / 6.701 secs)
ERROR: 'Error Context:', Object{timestamp: '2025-08-25T14:21:48.055Z', component: 'FirebaseServicesService', method: 'loadCustomCategories', data: '{"operation":"loadCustomCategories","firebaseError":true}'}
[1A[2KWARN: [36m'Error getting service color:', TypeError: this.servicesService.getServiceColor is not a function
TypeError: this.servicesService.getServiceColor is not a function
    at AppointmentsListComponent2.getServiceColor (http://localhost:9876/base/spec-appointments-list.component.spec.js?8d05d01f3b51bba449c1c94a089d050fd82c8983:214:49)
    at AppointmentsListComponent2_Conditional_1_For_16_Conditional_13_Template (ng:///AppointmentsListComponent2.js:190:50)
    at executeTemplate (http://localhost:9876/base/node_modules/@angular/core/fesm2022/debug_node.mjs:7929:9)
    at refreshView (http://localhost:9876/base/node_modules/@angular/core/fesm2022/debug_node.mjs:8959:13)
    at detectChangesInView (http://localhost:9876/base/node_modules/@angular/core/fesm2022/debug_node.mjs:9179:9)
    at detectChangesInViewIfAttached (http://localhost:9876/base/node_modules/@angular/core/fesm2022/debug_node.mjs:9139:5)
    at detectChangesInEmbeddedViews (http://localhost:9876/base/node_modules/@angular/core/fesm2022/debug_node.mjs:9096:13)
    at refreshView (http://localhost:9876/base/node_modules/@angular/core/fesm2022/debug_node.mjs:8988:9)
    at detectChangesInView (http://localhost:9876/base/node_modules/@angular/core/fesm2022/debug_node.mjs:9179:9)
    at detectChangesInViewIfAttached (http://localhost:9876/base/node_modules/@angular/core/fesm2022/debug_node.mjs:9139:5)[39m
Chrome Headless 139.0.0.0 (Windows 10): Executed 1045 of 1370[31m (272 FAILED)[39m (0 secs / 6.701 secs)
WARN: 'Error getting service color:', TypeError: this.servicesService.getServiceColor is not a function
TypeError: this.servicesService.getServiceColor is not a function
    at AppointmentsListComponent2.getServiceColor (http://localhost:9876/base/spec-appointments-list.component.spec.js?8d05d01f3b51bba449c1c94a089d050fd82c8983:214:49)
    at AppointmentsListComponent2_Conditional_1_For_16_Conditional_13_Template (ng:///AppointmentsListComponent2.js:190:50)
    at executeTemplate (http://localhost:9876/base/node_modules/@angular/core/fesm2022/debug_node.mjs:7929:9)
    at refreshView (http://localhost:9876/base/node_modules/@angular/core/fesm2022/debug_node.mjs:8959:13)
    at detectChangesInView (http://localhost:9876/base/node_modules/@angular/core/fesm2022/debug_node.mjs:9179:9)
    at detectChangesInViewIfAttached (http://localhost:9876/base/node_modules/@angular/core/fesm2022/debug_node.mjs:9139:5)
    at detectChangesInEmbeddedViews (http://localhost:9876/base/node_modules/@angular/core/fesm2022/debug_node.mjs:9096:13)
    at refreshView (http://localhost:9876/base/node_modules/@angular/core/fesm2022/debug_node.mjs:8988:9)
    at detectChangesInView (http://localhost:9876/base/node_modules/@angular/core/fesm2022/debug_node.mjs:9179:9)
    at detectChangesInViewIfAttached (http://localhost:9876/base/node_modules/@angular/core/fesm2022/debug_node.mjs:9139:5)
[1A[2KWARN: [36m'Error getting service text color:', TypeError: this.servicesService.getServiceColor is not a function
TypeError: this.servicesService.getServiceColor is not a function
    at AppointmentsListComponent2.getServiceTextColor (http://localhost:9876/base/spec-appointments-list.component.spec.js?8d05d01f3b51bba449c1c94a089d050fd82c8983:234:49)
    at AppointmentsListComponent2_Conditional_1_For_16_Conditional_13_Template (ng:///AppointmentsListComponent2.js:191:16)
    at executeTemplate (http://localhost:9876/base/node_modules/@angular/core/fesm2022/debug_node.mjs:7929:9)
    at refreshView (http://localhost:9876/base/node_modules/@angular/core/fesm2022/debug_node.mjs:8959:13)
    at detectChangesInView (http://localhost:9876/base/node_modules/@angular/core/fesm2022/debug_node.mjs:9179:9)
    at detectChangesInViewIfAttached (http://localhost:9876/base/node_modules/@angular/core/fesm2022/debug_node.mjs:9139:5)
    at detectChangesInEmbeddedViews (http://localhost:9876/base/node_modules/@angular/core/fesm2022/debug_node.mjs:9096:13)
    at refreshView (http://localhost:9876/base/node_modules/@angular/core/fesm2022/debug_node.mjs:8988:9)
    at detectChangesInView (http://localhost:9876/base/node_modules/@angular/core/fesm2022/debug_node.mjs:9179:9)
    at detectChangesInViewIfAttached (http://localhost:9876/base/node_modules/@angular/core/fesm2022/debug_node.mjs:9139:5)[39m
Chrome Headless 139.0.0.0 (Windows 10): Executed 1045 of 1370[31m (272 FAILED)[39m (0 secs / 6.701 secs)
WARN: 'Error getting service text color:', TypeError: this.servicesService.getServiceColor is not a function
TypeError: this.servicesService.getServiceColor is not a function
    at AppointmentsListComponent2.getServiceTextColor (http://localhost:9876/base/spec-appointments-list.component.spec.js?8d05d01f3b51bba449c1c94a089d050fd82c8983:234:49)
    at AppointmentsListComponent2_Conditional_1_For_16_Conditional_13_Template (ng:///AppointmentsListComponent2.js:191:16)
    at executeTemplate (http://localhost:9876/base/node_modules/@angular/core/fesm2022/debug_node.mjs:7929:9)
    at refreshView (http://localhost:9876/base/node_modules/@angular/core/fesm2022/debug_node.mjs:8959:13)
    at detectChangesInView (http://localhost:9876/base/node_modules/@angular/core/fesm2022/debug_node.mjs:9179:9)
    at detectChangesInViewIfAttached (http://localhost:9876/base/node_modules/@angular/core/fesm2022/debug_node.mjs:9139:5)
    at detectChangesInEmbeddedViews (http://localhost:9876/base/node_modules/@angular/core/fesm2022/debug_node.mjs:9096:13)
    at refreshView (http://localhost:9876/base/node_modules/@angular/core/fesm2022/debug_node.mjs:8988:9)
    at detectChangesInView (http://localhost:9876/base/node_modules/@angular/core/fesm2022/debug_node.mjs:9179:9)
    at detectChangesInViewIfAttached (http://localhost:9876/base/node_modules/@angular/core/fesm2022/debug_node.mjs:9139:5)
[1A[2KWARN: [36m'Error getting service color:', TypeError: this.servicesService.getServiceColor is not a function
TypeError: this.servicesService.getServiceColor is not a function
    at AppointmentsListComponent2.getServiceColor (http://localhost:9876/base/spec-appointments-list.component.spec.js?8d05d01f3b51bba449c1c94a089d050fd82c8983:214:49)
    at AppointmentsListComponent2_Conditional_1_For_16_Conditional_13_Template (ng:///AppointmentsListComponent2.js:191:71)
    at executeTemplate (http://localhost:9876/base/node_modules/@angular/core/fesm2022/debug_node.mjs:7929:9)
    at refreshView (http://localhost:9876/base/node_modules/@angular/core/fesm2022/debug_node.mjs:8959:13)
    at detectChangesInView (http://localhost:9876/base/node_modules/@angular/core/fesm2022/debug_node.mjs:9179:9)
    at detectChangesInViewIfAttached (http://localhost:9876/base/node_modules/@angular/core/fesm2022/debug_node.mjs:9139:5)
    at detectChangesInEmbeddedViews (http://localhost:9876/base/node_modules/@angular/core/fesm2022/debug_node.mjs:9096:13)
    at refreshView (http://localhost:9876/base/node_modules/@angular/core/fesm2022/debug_node.mjs:8988:9)
    at detectChangesInView (http://localhost:9876/base/node_modules/@angular/core/fesm2022/debug_node.mjs:9179:9)
    at detectChangesInViewIfAttached (http://localhost:9876/base/node_modules/@angular/core/fesm2022/debug_node.mjs:9139:5)[39m
Chrome Headless 139.0.0.0 (Windows 10): Executed 1045 of 1370[31m (272 FAILED)[39m (0 secs / 6.701 secs)
WARN: 'Error getting service color:', TypeError: this.servicesService.getServiceColor is not a function
TypeError: this.servicesService.getServiceColor is not a function
    at AppointmentsListComponent2.getServiceColor (http://localhost:9876/base/spec-appointments-list.component.spec.js?8d05d01f3b51bba449c1c94a089d050fd82c8983:214:49)
    at AppointmentsListComponent2_Conditional_1_For_16_Conditional_13_Template (ng:///AppointmentsListComponent2.js:191:71)
    at executeTemplate (http://localhost:9876/base/node_modules/@angular/core/fesm2022/debug_node.mjs:7929:9)
    at refreshView (http://localhost:9876/base/node_modules/@angular/core/fesm2022/debug_node.mjs:8959:13)
    at detectChangesInView (http://localhost:9876/base/node_modules/@angular/core/fesm2022/debug_node.mjs:9179:9)
    at detectChangesInViewIfAttached (http://localhost:9876/base/node_modules/@angular/core/fesm2022/debug_node.mjs:9139:5)
    at detectChangesInEmbeddedViews (http://localhost:9876/base/node_modules/@angular/core/fesm2022/debug_node.mjs:9096:13)
    at refreshView (http://localhost:9876/base/node_modules/@angular/core/fesm2022/debug_node.mjs:8988:9)
    at detectChangesInView (http://localhost:9876/base/node_modules/@angular/core/fesm2022/debug_node.mjs:9179:9)
    at detectChangesInViewIfAttached (http://localhost:9876/base/node_modules/@angular/core/fesm2022/debug_node.mjs:9139:5)
[1A[2KWARN: [36m'Error getting service category icon:', TypeError: this.servicesService.getCategoryIcon is not a function
TypeError: this.servicesService.getCategoryIcon is not a function
    at AppointmentsListComponent2.getServiceCategoryIcon (http://localhost:9876/base/spec-appointments-list.component.spec.js?8d05d01f3b51bba449c1c94a089d050fd82c8983:254:35)
    at AppointmentsListComponent2_Conditional_1_For_16_Conditional_13_Template (ng:///AppointmentsListComponent2.js:193:37)
    at executeTemplate (http://localhost:9876/base/node_modules/@angular/core/fesm2022/debug_node.mjs:7929:9)
    at refreshView (http://localhost:9876/base/node_modules/@angular/core/fesm2022/debug_node.mjs:8959:13)
    at detectChangesInView (http://localhost:9876/base/node_modules/@angular/core/fesm2022/debug_node.mjs:9179:9)
    at detectChangesInViewIfAttached (http://localhost:9876/base/node_modules/@angular/core/fesm2022/debug_node.mjs:9139:5)
    at detectChangesInEmbeddedViews (http://localhost:9876/base/node_modules/@angular/core/fesm2022/debug_node.mjs:9096:13)
    at refreshView (http://localhost:9876/base/node_modules/@angular/core/fesm2022/debug_node.mjs:8988:9)
    at detectChangesInView (http://localhost:9876/base/node_modules/@angular/core/fesm2022/debug_node.mjs:9179:9)
    at detectChangesInViewIfAttached (http://localhost:9876/base/node_modules/@angular/core/fesm2022/debug_node.mjs:9139:5)[39m
Chrome Headless 139.0.0.0 (Windows 10): Executed 1045 of 1370[31m (272 FAILED)[39m (0 secs / 6.701 secs)
WARN: 'Error getting service category icon:', TypeError: this.servicesService.getCategoryIcon is not a function
TypeError: this.servicesService.getCategoryIcon is not a function
    at AppointmentsListComponent2.getServiceCategoryIcon (http://localhost:9876/base/spec-appointments-list.component.spec.js?8d05d01f3b51bba449c1c94a089d050fd82c8983:254:35)
    at AppointmentsListComponent2_Conditional_1_For_16_Conditional_13_Template (ng:///AppointmentsListComponent2.js:193:37)
    at executeTemplate (http://localhost:9876/base/node_modules/@angular/core/fesm2022/debug_node.mjs:7929:9)
    at refreshView (http://localhost:9876/base/node_modules/@angular/core/fesm2022/debug_node.mjs:8959:13)
    at detectChangesInView (http://localhost:9876/base/node_modules/@angular/core/fesm2022/debug_node.mjs:9179:9)
    at detectChangesInViewIfAttached (http://localhost:9876/base/node_modules/@angular/core/fesm2022/debug_node.mjs:9139:5)
    at detectChangesInEmbeddedViews (http://localhost:9876/base/node_modules/@angular/core/fesm2022/debug_node.mjs:9096:13)
    at refreshView (http://localhost:9876/base/node_modules/@angular/core/fesm2022/debug_node.mjs:8988:9)
    at detectChangesInView (http://localhost:9876/base/node_modules/@angular/core/fesm2022/debug_node.mjs:9179:9)
    at detectChangesInViewIfAttached (http://localhost:9876/base/node_modules/@angular/core/fesm2022/debug_node.mjs:9139:5)
[1A[2KWARN: [36m'Error getting service color:', TypeError: this.servicesService.getServiceColor is not a function
TypeError: this.servicesService.getServiceColor is not a function
    at AppointmentsListComponent2.getServiceColor (http://localhost:9876/base/spec-appointments-list.component.spec.js?8d05d01f3b51bba449c1c94a089d050fd82c8983:214:49)
    at AppointmentsListComponent2_Conditional_1_For_16_Conditional_13_Template (ng:///AppointmentsListComponent2.js:190:50)
    at executeTemplate (http://localhost:9876/base/node_modules/@angular/core/fesm2022/debug_node.mjs:7929:9)
    at refreshView (http://localhost:9876/base/node_modules/@angular/core/fesm2022/debug_node.mjs:8959:13)
    at detectChangesInView (http://localhost:9876/base/node_modules/@angular/core/fesm2022/debug_node.mjs:9179:9)
    at detectChangesInViewIfAttached (http://localhost:9876/base/node_modules/@angular/core/fesm2022/debug_node.mjs:9139:5)
    at detectChangesInEmbeddedViews (http://localhost:9876/base/node_modules/@angular/core/fesm2022/debug_node.mjs:9096:13)
    at refreshView (http://localhost:9876/base/node_modules/@angular/core/fesm2022/debug_node.mjs:8988:9)
    at detectChangesInView (http://localhost:9876/base/node_modules/@angular/core/fesm2022/debug_node.mjs:9179:9)
    at detectChangesInViewIfAttached (http://localhost:9876/base/node_modules/@angular/core/fesm2022/debug_node.mjs:9139:5)[39m
Chrome Headless 139.0.0.0 (Windows 10): Executed 1045 of 1370[31m (272 FAILED)[39m (0 secs / 6.701 secs)
WARN: 'Error getting service color:', TypeError: this.servicesService.getServiceColor is not a function
TypeError: this.servicesService.getServiceColor is not a function
    at AppointmentsListComponent2.getServiceColor (http://localhost:9876/base/spec-appointments-list.component.spec.js?8d05d01f3b51bba449c1c94a089d050fd82c8983:214:49)
    at AppointmentsListComponent2_Conditional_1_For_16_Conditional_13_Template (ng:///AppointmentsListComponent2.js:190:50)
    at executeTemplate (http://localhost:9876/base/node_modules/@angular/core/fesm2022/debug_node.mjs:7929:9)
    at refreshView (http://localhost:9876/base/node_modules/@angular/core/fesm2022/debug_node.mjs:8959:13)
    at detectChangesInView (http://localhost:9876/base/node_modules/@angular/core/fesm2022/debug_node.mjs:9179:9)
    at detectChangesInViewIfAttached (http://localhost:9876/base/node_modules/@angular/core/fesm2022/debug_node.mjs:9139:5)
    at detectChangesInEmbeddedViews (http://localhost:9876/base/node_modules/@angular/core/fesm2022/debug_node.mjs:9096:13)
    at refreshView (http://localhost:9876/base/node_modules/@angular/core/fesm2022/debug_node.mjs:8988:9)
    at detectChangesInView (http://localhost:9876/base/node_modules/@angular/core/fesm2022/debug_node.mjs:9179:9)
    at detectChangesInViewIfAttached (http://localhost:9876/base/node_modules/@angular/core/fesm2022/debug_node.mjs:9139:5)
[1A[2KWARN: [36m'Error getting service text color:', TypeError: this.servicesService.getServiceColor is not a function
TypeError: this.servicesService.getServiceColor is not a function
    at AppointmentsListComponent2.getServiceTextColor (http://localhost:9876/base/spec-appointments-list.component.spec.js?8d05d01f3b51bba449c1c94a089d050fd82c8983:234:49)
    at AppointmentsListComponent2_Conditional_1_For_16_Conditional_13_Template (ng:///AppointmentsListComponent2.js:191:16)
    at executeTemplate (http://localhost:9876/base/node_modules/@angular/core/fesm2022/debug_node.mjs:7929:9)
    at refreshView (http://localhost:9876/base/node_modules/@angular/core/fesm2022/debug_node.mjs:8959:13)
    at detectChangesInView (http://localhost:9876/base/node_modules/@angular/core/fesm2022/debug_node.mjs:9179:9)
    at detectChangesInViewIfAttached (http://localhost:9876/base/node_modules/@angular/core/fesm2022/debug_node.mjs:9139:5)
    at detectChangesInEmbeddedViews (http://localhost:9876/base/node_modules/@angular/core/fesm2022/debug_node.mjs:9096:13)
    at refreshView (http://localhost:9876/base/node_modules/@angular/core/fesm2022/debug_node.mjs:8988:9)
    at detectChangesInView (http://localhost:9876/base/node_modules/@angular/core/fesm2022/debug_node.mjs:9179:9)
    at detectChangesInViewIfAttached (http://localhost:9876/base/node_modules/@angular/core/fesm2022/debug_node.mjs:9139:5)[39m
Chrome Headless 139.0.0.0 (Windows 10): Executed 1045 of 1370[31m (272 FAILED)[39m (0 secs / 6.701 secs)
WARN: 'Error getting service text color:', TypeError: this.servicesService.getServiceColor is not a function
TypeError: this.servicesService.getServiceColor is not a function
    at AppointmentsListComponent2.getServiceTextColor (http://localhost:9876/base/spec-appointments-list.component.spec.js?8d05d01f3b51bba449c1c94a089d050fd82c8983:234:49)
    at AppointmentsListComponent2_Conditional_1_For_16_Conditional_13_Template (ng:///AppointmentsListComponent2.js:191:16)
    at executeTemplate (http://localhost:9876/base/node_modules/@angular/core/fesm2022/debug_node.mjs:7929:9)
    at refreshView (http://localhost:9876/base/node_modules/@angular/core/fesm2022/debug_node.mjs:8959:13)
    at detectChangesInView (http://localhost:9876/base/node_modules/@angular/core/fesm2022/debug_node.mjs:9179:9)
    at detectChangesInViewIfAttached (http://localhost:9876/base/node_modules/@angular/core/fesm2022/debug_node.mjs:9139:5)
    at detectChangesInEmbeddedViews (http://localhost:9876/base/node_modules/@angular/core/fesm2022/debug_node.mjs:9096:13)
    at refreshView (http://localhost:9876/base/node_modules/@angular/core/fesm2022/debug_node.mjs:8988:9)
    at detectChangesInView (http://localhost:9876/base/node_modules/@angular/core/fesm2022/debug_node.mjs:9179:9)
    at detectChangesInViewIfAttached (http://localhost:9876/base/node_modules/@angular/core/fesm2022/debug_node.mjs:9139:5)
[1A[2KWARN: [36m'Error getting service color:', TypeError: this.servicesService.getServiceColor is not a function
TypeError: this.servicesService.getServiceColor is not a function
    at AppointmentsListComponent2.getServiceColor (http://localhost:9876/base/spec-appointments-list.component.spec.js?8d05d01f3b51bba449c1c94a089d050fd82c8983:214:49)
    at AppointmentsListComponent2_Conditional_1_For_16_Conditional_13_Template (ng:///AppointmentsListComponent2.js:191:71)
    at executeTemplate (http://localhost:9876/base/node_modules/@angular/core/fesm2022/debug_node.mjs:7929:9)
    at refreshView (http://localhost:9876/base/node_modules/@angular/core/fesm2022/debug_node.mjs:8959:13)
    at detectChangesInView (http://localhost:9876/base/node_modules/@angular/core/fesm2022/debug_node.mjs:9179:9)
    at detectChangesInViewIfAttached (http://localhost:9876/base/node_modules/@angular/core/fesm2022/debug_node.mjs:9139:5)
    at detectChangesInEmbeddedViews (http://localhost:9876/base/node_modules/@angular/core/fesm2022/debug_node.mjs:9096:13)
    at refreshView (http://localhost:9876/base/node_modules/@angular/core/fesm2022/debug_node.mjs:8988:9)
    at detectChangesInView (http://localhost:9876/base/node_modules/@angular/core/fesm2022/debug_node.mjs:9179:9)
    at detectChangesInViewIfAttached (http://localhost:9876/base/node_modules/@angular/core/fesm2022/debug_node.mjs:9139:5)[39m
Chrome Headless 139.0.0.0 (Windows 10): Executed 1045 of 1370[31m (272 FAILED)[39m (0 secs / 6.701 secs)
WARN: 'Error getting service color:', TypeError: this.servicesService.getServiceColor is not a function
TypeError: this.servicesService.getServiceColor is not a function
    at AppointmentsListComponent2.getServiceColor (http://localhost:9876/base/spec-appointments-list.component.spec.js?8d05d01f3b51bba449c1c94a089d050fd82c8983:214:49)
    at AppointmentsListComponent2_Conditional_1_For_16_Conditional_13_Template (ng:///AppointmentsListComponent2.js:191:71)
    at executeTemplate (http://localhost:9876/base/node_modules/@angular/core/fesm2022/debug_node.mjs:7929:9)
    at refreshView (http://localhost:9876/base/node_modules/@angular/core/fesm2022/debug_node.mjs:8959:13)
    at detectChangesInView (http://localhost:9876/base/node_modules/@angular/core/fesm2022/debug_node.mjs:9179:9)
    at detectChangesInViewIfAttached (http://localhost:9876/base/node_modules/@angular/core/fesm2022/debug_node.mjs:9139:5)
    at detectChangesInEmbeddedViews (http://localhost:9876/base/node_modules/@angular/core/fesm2022/debug_node.mjs:9096:13)
    at refreshView (http://localhost:9876/base/node_modules/@angular/core/fesm2022/debug_node.mjs:8988:9)
    at detectChangesInView (http://localhost:9876/base/node_modules/@angular/core/fesm2022/debug_node.mjs:9179:9)
    at detectChangesInViewIfAttached (http://localhost:9876/base/node_modules/@angular/core/fesm2022/debug_node.mjs:9139:5)
[1A[2KWARN: [36m'Error getting service category icon:', TypeError: this.servicesService.getCategoryIcon is not a function
TypeError: this.servicesService.getCategoryIcon is not a function
    at AppointmentsListComponent2.getServiceCategoryIcon (http://localhost:9876/base/spec-appointments-list.component.spec.js?8d05d01f3b51bba449c1c94a089d050fd82c8983:254:35)
    at AppointmentsListComponent2_Conditional_1_For_16_Conditional_13_Template (ng:///AppointmentsListComponent2.js:193:37)
    at executeTemplate (http://localhost:9876/base/node_modules/@angular/core/fesm2022/debug_node.mjs:7929:9)
    at refreshView (http://localhost:9876/base/node_modules/@angular/core/fesm2022/debug_node.mjs:8959:13)
    at detectChangesInView (http://localhost:9876/base/node_modules/@angular/core/fesm2022/debug_node.mjs:9179:9)
    at detectChangesInViewIfAttached (http://localhost:9876/base/node_modules/@angular/core/fesm2022/debug_node.mjs:9139:5)
    at detectChangesInEmbeddedViews (http://localhost:9876/base/node_modules/@angular/core/fesm2022/debug_node.mjs:9096:13)
    at refreshView (http://localhost:9876/base/node_modules/@angular/core/fesm2022/debug_node.mjs:8988:9)
    at detectChangesInView (http://localhost:9876/base/node_modules/@angular/core/fesm2022/debug_node.mjs:9179:9)
    at detectChangesInViewIfAttached (http://localhost:9876/base/node_modules/@angular/core/fesm2022/debug_node.mjs:9139:5)[39m
Chrome Headless 139.0.0.0 (Windows 10): Executed 1045 of 1370[31m (272 FAILED)[39m (0 secs / 6.701 secs)
WARN: 'Error getting service category icon:', TypeError: this.servicesService.getCategoryIcon is not a function
TypeError: this.servicesService.getCategoryIcon is not a function
    at AppointmentsListComponent2.getServiceCategoryIcon (http://localhost:9876/base/spec-appointments-list.component.spec.js?8d05d01f3b51bba449c1c94a089d050fd82c8983:254:35)
    at AppointmentsListComponent2_Conditional_1_For_16_Conditional_13_Template (ng:///AppointmentsListComponent2.js:193:37)
    at executeTemplate (http://localhost:9876/base/node_modules/@angular/core/fesm2022/debug_node.mjs:7929:9)
    at refreshView (http://localhost:9876/base/node_modules/@angular/core/fesm2022/debug_node.mjs:8959:13)
    at detectChangesInView (http://localhost:9876/base/node_modules/@angular/core/fesm2022/debug_node.mjs:9179:9)
    at detectChangesInViewIfAttached (http://localhost:9876/base/node_modules/@angular/core/fesm2022/debug_node.mjs:9139:5)
    at detectChangesInEmbeddedViews (http://localhost:9876/base/node_modules/@angular/core/fesm2022/debug_node.mjs:9096:13)
    at refreshView (http://localhost:9876/base/node_modules/@angular/core/fesm2022/debug_node.mjs:8988:9)
    at detectChangesInView (http://localhost:9876/base/node_modules/@angular/core/fesm2022/debug_node.mjs:9179:9)
    at detectChangesInViewIfAttached (http://localhost:9876/base/node_modules/@angular/core/fesm2022/debug_node.mjs:9139:5)
[1A[2KChrome Headless 139.0.0.0 (Windows 10): Executed 1046 of 1370[31m (272 FAILED)[39m (0 secs / 6.713 secs)
[1A[2KERROR: [36m'2025-08-25T14:21:48.064Z ERROR MEDIUM [BookingService].loadBookings  Expected first argument to collection() to be a CollectionReference, a DocumentReference or FirebaseFirestore'[39m
Chrome Headless 139.0.0.0 (Windows 10): Executed 1046 of 1370[31m (272 FAILED)[39m (0 secs / 6.713 secs)
ERROR: '2025-08-25T14:21:48.064Z ERROR MEDIUM [BookingService].loadBookings  Expected first argument to collection() to be a CollectionReference, a DocumentReference or FirebaseFirestore'
[1A[2KERROR: [36m'Error Stack:', 'FirebaseError: Expected first argument to collection() to be a CollectionReference, a DocumentReference or FirebaseFirestore'[39m
Chrome Headless 139.0.0.0 (Windows 10): Executed 1046 of 1370[31m (272 FAILED)[39m (0 secs / 6.713 secs)
ERROR: 'Error Stack:', 'FirebaseError: Expected first argument to collection() to be a CollectionReference, a DocumentReference or FirebaseFirestore'
[1A[2KERROR: [36m'Error Context:', Object{timestamp: '2025-08-25T14:21:48.064Z', component: 'BookingService', method: 'loadBookings', data: '{"operation":"loadBookings","firebaseError":true}'}[39m
Chrome Headless 139.0.0.0 (Windows 10): Executed 1046 of 1370[31m (272 FAILED)[39m (0 secs / 6.713 secs)
ERROR: 'Error Context:', Object{timestamp: '2025-08-25T14:21:48.064Z', component: 'BookingService', method: 'loadBookings', data: '{"operation":"loadBookings","firebaseError":true}'}
[1A[2KERROR: [36m'Error carregant par├ámetres del sistema:', FirebaseError: [code=invalid-argument]: Expected first argument to collection() to be a CollectionReference, a DocumentReference or FirebaseFirestore
FirebaseError: Expected first argument to collection() to be a CollectionReference, a DocumentReference or FirebaseFirestore[39m
Chrome Headless 139.0.0.0 (Windows 10): Executed 1046 of 1370[31m (272 FAILED)[39m (0 secs / 6.713 secs)
ERROR: 'Error carregant par├ámetres del sistema:', FirebaseError: [code=invalid-argument]: Expected first argument to collection() to be a CollectionReference, a DocumentReference or FirebaseFirestore
FirebaseError: Expected first argument to collection() to be a CollectionReference, a DocumentReference or FirebaseFirestore
[1A[2KERROR: [36m'2025-08-25T14:21:48.074Z ERROR MEDIUM [FirebaseServicesService].loadServices  Expected first argument to collection() to be a CollectionReference, a DocumentReference or FirebaseFirestore'[39m
Chrome Headless 139.0.0.0 (Windows 10): Executed 1046 of 1370[31m (272 FAILED)[39m (0 secs / 6.713 secs)
ERROR: '2025-08-25T14:21:48.074Z ERROR MEDIUM [FirebaseServicesService].loadServices  Expected first argument to collection() to be a CollectionReference, a DocumentReference or FirebaseFirestore'
[1A[2KERROR: [36m'Error Stack:', 'FirebaseError: Expected first argument to collection() to be a CollectionReference, a DocumentReference or FirebaseFirestore'[39m
Chrome Headless 139.0.0.0 (Windows 10): Executed 1046 of 1370[31m (272 FAILED)[39m (0 secs / 6.713 secs)
ERROR: 'Error Stack:', 'FirebaseError: Expected first argument to collection() to be a CollectionReference, a DocumentReference or FirebaseFirestore'
[1A[2KERROR: [36m'Error Context:', Object{timestamp: '2025-08-25T14:21:48.074Z', component: 'FirebaseServicesService', method: 'loadServices', data: '{"operation":"loadServices","firebaseError":true}'}[39m
Chrome Headless 139.0.0.0 (Windows 10): Executed 1046 of 1370[31m (272 FAILED)[39m (0 secs / 6.713 secs)
ERROR: 'Error Context:', Object{timestamp: '2025-08-25T14:21:48.074Z', component: 'FirebaseServicesService', method: 'loadServices', data: '{"operation":"loadServices","firebaseError":true}'}
[1A[2KERROR: [36m'2025-08-25T14:21:48.080Z ERROR MEDIUM [FirebaseServicesService].loadCustomCategories  Expected first argument to collection() to be a CollectionReference, a DocumentReference or FirebaseFirestore'[39m
Chrome Headless 139.0.0.0 (Windows 10): Executed 1046 of 1370[31m (272 FAILED)[39m (0 secs / 6.713 secs)
ERROR: '2025-08-25T14:21:48.080Z ERROR MEDIUM [FirebaseServicesService].loadCustomCategories  Expected first argument to collection() to be a CollectionReference, a DocumentReference or FirebaseFirestore'
[1A[2KERROR: [36m'Error Stack:', 'FirebaseError: Expected first argument to collection() to be a CollectionReference, a DocumentReference or FirebaseFirestore'[39m
Chrome Headless 139.0.0.0 (Windows 10): Executed 1046 of 1370[31m (272 FAILED)[39m (0 secs / 6.713 secs)
ERROR: 'Error Stack:', 'FirebaseError: Expected first argument to collection() to be a CollectionReference, a DocumentReference or FirebaseFirestore'
[1A[2KERROR: [36m'Error Context:', Object{timestamp: '2025-08-25T14:21:48.080Z', component: 'FirebaseServicesService', method: 'loadCustomCategories', data: '{"operation":"loadCustomCategories","firebaseError":true}'}[39m
Chrome Headless 139.0.0.0 (Windows 10): Executed 1046 of 1370[31m (272 FAILED)[39m (0 secs / 6.713 secs)
ERROR: 'Error Context:', Object{timestamp: '2025-08-25T14:21:48.080Z', component: 'FirebaseServicesService', method: 'loadCustomCategories', data: '{"operation":"loadCustomCategories","firebaseError":true}'}
[1A[2KWARN: [36m'Error getting service color:', TypeError: this.servicesService.getServiceColor is not a function
TypeError: this.servicesService.getServiceColor is not a function
    at AppointmentsListComponent2.getServiceColor (http://localhost:9876/base/spec-appointments-list.component.spec.js?8d05d01f3b51bba449c1c94a089d050fd82c8983:214:49)
    at AppointmentsListComponent2_Conditional_1_For_16_Conditional_13_Template (ng:///AppointmentsListComponent2.js:190:50)
    at executeTemplate (http://localhost:9876/base/node_modules/@angular/core/fesm2022/debug_node.mjs:7929:9)
    at refreshView (http://localhost:9876/base/node_modules/@angular/core/fesm2022/debug_node.mjs:8959:13)
    at detectChangesInView (http://localhost:9876/base/node_modules/@angular/core/fesm2022/debug_node.mjs:9179:9)
    at detectChangesInViewIfAttached (http://localhost:9876/base/node_modules/@angular/core/fesm2022/debug_node.mjs:9139:5)
    at detectChangesInEmbeddedViews (http://localhost:9876/base/node_modules/@angular/core/fesm2022/debug_node.mjs:9096:13)
    at refreshView (http://localhost:9876/base/node_modules/@angular/core/fesm2022/debug_node.mjs:8988:9)
    at detectChangesInView (http://localhost:9876/base/node_modules/@angular/core/fesm2022/debug_node.mjs:9179:9)
    at detectChangesInViewIfAttached (http://localhost:9876/base/node_modules/@angular/core/fesm2022/debug_node.mjs:9139:5)[39m
Chrome Headless 139.0.0.0 (Windows 10): Executed 1046 of 1370[31m (272 FAILED)[39m (0 secs / 6.713 secs)
WARN: 'Error getting service color:', TypeError: this.servicesService.getServiceColor is not a function
TypeError: this.servicesService.getServiceColor is not a function
    at AppointmentsListComponent2.getServiceColor (http://localhost:9876/base/spec-appointments-list.component.spec.js?8d05d01f3b51bba449c1c94a089d050fd82c8983:214:49)
    at AppointmentsListComponent2_Conditional_1_For_16_Conditional_13_Template (ng:///AppointmentsListComponent2.js:190:50)
    at executeTemplate (http://localhost:9876/base/node_modules/@angular/core/fesm2022/debug_node.mjs:7929:9)
    at refreshView (http://localhost:9876/base/node_modules/@angular/core/fesm2022/debug_node.mjs:8959:13)
    at detectChangesInView (http://localhost:9876/base/node_modules/@angular/core/fesm2022/debug_node.mjs:9179:9)
    at detectChangesInViewIfAttached (http://localhost:9876/base/node_modules/@angular/core/fesm2022/debug_node.mjs:9139:5)
    at detectChangesInEmbeddedViews (http://localhost:9876/base/node_modules/@angular/core/fesm2022/debug_node.mjs:9096:13)
    at refreshView (http://localhost:9876/base/node_modules/@angular/core/fesm2022/debug_node.mjs:8988:9)
    at detectChangesInView (http://localhost:9876/base/node_modules/@angular/core/fesm2022/debug_node.mjs:9179:9)
    at detectChangesInViewIfAttached (http://localhost:9876/base/node_modules/@angular/core/fesm2022/debug_node.mjs:9139:5)
[1A[2KWARN: [36m'Error getting service text color:', TypeError: this.servicesService.getServiceColor is not a function
TypeError: this.servicesService.getServiceColor is not a function
    at AppointmentsListComponent2.getServiceTextColor (http://localhost:9876/base/spec-appointments-list.component.spec.js?8d05d01f3b51bba449c1c94a089d050fd82c8983:234:49)
    at AppointmentsListComponent2_Conditional_1_For_16_Conditional_13_Template (ng:///AppointmentsListComponent2.js:191:16)
    at executeTemplate (http://localhost:9876/base/node_modules/@angular/core/fesm2022/debug_node.mjs:7929:9)
    at refreshView (http://localhost:9876/base/node_modules/@angular/core/fesm2022/debug_node.mjs:8959:13)
    at detectChangesInView (http://localhost:9876/base/node_modules/@angular/core/fesm2022/debug_node.mjs:9179:9)
    at detectChangesInViewIfAttached (http://localhost:9876/base/node_modules/@angular/core/fesm2022/debug_node.mjs:9139:5)
    at detectChangesInEmbeddedViews (http://localhost:9876/base/node_modules/@angular/core/fesm2022/debug_node.mjs:9096:13)
    at refreshView (http://localhost:9876/base/node_modules/@angular/core/fesm2022/debug_node.mjs:8988:9)
    at detectChangesInView (http://localhost:9876/base/node_modules/@angular/core/fesm2022/debug_node.mjs:9179:9)
    at detectChangesInViewIfAttached (http://localhost:9876/base/node_modules/@angular/core/fesm2022/debug_node.mjs:9139:5)[39m
Chrome Headless 139.0.0.0 (Windows 10): Executed 1046 of 1370[31m (272 FAILED)[39m (0 secs / 6.713 secs)
WARN: 'Error getting service text color:', TypeError: this.servicesService.getServiceColor is not a function
TypeError: this.servicesService.getServiceColor is not a function
    at AppointmentsListComponent2.getServiceTextColor (http://localhost:9876/base/spec-appointments-list.component.spec.js?8d05d01f3b51bba449c1c94a089d050fd82c8983:234:49)
    at AppointmentsListComponent2_Conditional_1_For_16_Conditional_13_Template (ng:///AppointmentsListComponent2.js:191:16)
    at executeTemplate (http://localhost:9876/base/node_modules/@angular/core/fesm2022/debug_node.mjs:7929:9)
    at refreshView (http://localhost:9876/base/node_modules/@angular/core/fesm2022/debug_node.mjs:8959:13)
    at detectChangesInView (http://localhost:9876/base/node_modules/@angular/core/fesm2022/debug_node.mjs:9179:9)
    at detectChangesInViewIfAttached (http://localhost:9876/base/node_modules/@angular/core/fesm2022/debug_node.mjs:9139:5)
    at detectChangesInEmbeddedViews (http://localhost:9876/base/node_modules/@angular/core/fesm2022/debug_node.mjs:9096:13)
    at refreshView (http://localhost:9876/base/node_modules/@angular/core/fesm2022/debug_node.mjs:8988:9)
    at detectChangesInView (http://localhost:9876/base/node_modules/@angular/core/fesm2022/debug_node.mjs:9179:9)
    at detectChangesInViewIfAttached (http://localhost:9876/base/node_modules/@angular/core/fesm2022/debug_node.mjs:9139:5)
[1A[2KWARN: [36m'Error getting service color:', TypeError: this.servicesService.getServiceColor is not a function
TypeError: this.servicesService.getServiceColor is not a function
    at AppointmentsListComponent2.getServiceColor (http://localhost:9876/base/spec-appointments-list.component.spec.js?8d05d01f3b51bba449c1c94a089d050fd82c8983:214:49)
    at AppointmentsListComponent2_Conditional_1_For_16_Conditional_13_Template (ng:///AppointmentsListComponent2.js:191:71)
    at executeTemplate (http://localhost:9876/base/node_modules/@angular/core/fesm2022/debug_node.mjs:7929:9)
    at refreshView (http://localhost:9876/base/node_modules/@angular/core/fesm2022/debug_node.mjs:8959:13)
    at detectChangesInView (http://localhost:9876/base/node_modules/@angular/core/fesm2022/debug_node.mjs:9179:9)
    at detectChangesInViewIfAttached (http://localhost:9876/base/node_modules/@angular/core/fesm2022/debug_node.mjs:9139:5)
    at detectChangesInEmbeddedViews (http://localhost:9876/base/node_modules/@angular/core/fesm2022/debug_node.mjs:9096:13)
    at refreshView (http://localhost:9876/base/node_modules/@angular/core/fesm2022/debug_node.mjs:8988:9)
    at detectChangesInView (http://localhost:9876/base/node_modules/@angular/core/fesm2022/debug_node.mjs:9179:9)
    at detectChangesInViewIfAttached (http://localhost:9876/base/node_modules/@angular/core/fesm2022/debug_node.mjs:9139:5)[39m
Chrome Headless 139.0.0.0 (Windows 10): Executed 1046 of 1370[31m (272 FAILED)[39m (0 secs / 6.713 secs)
WARN: 'Error getting service color:', TypeError: this.servicesService.getServiceColor is not a function
TypeError: this.servicesService.getServiceColor is not a function
    at AppointmentsListComponent2.getServiceColor (http://localhost:9876/base/spec-appointments-list.component.spec.js?8d05d01f3b51bba449c1c94a089d050fd82c8983:214:49)
    at AppointmentsListComponent2_Conditional_1_For_16_Conditional_13_Template (ng:///AppointmentsListComponent2.js:191:71)
    at executeTemplate (http://localhost:9876/base/node_modules/@angular/core/fesm2022/debug_node.mjs:7929:9)
    at refreshView (http://localhost:9876/base/node_modules/@angular/core/fesm2022/debug_node.mjs:8959:13)
    at detectChangesInView (http://localhost:9876/base/node_modules/@angular/core/fesm2022/debug_node.mjs:9179:9)
    at detectChangesInViewIfAttached (http://localhost:9876/base/node_modules/@angular/core/fesm2022/debug_node.mjs:9139:5)
    at detectChangesInEmbeddedViews (http://localhost:9876/base/node_modules/@angular/core/fesm2022/debug_node.mjs:9096:13)
    at refreshView (http://localhost:9876/base/node_modules/@angular/core/fesm2022/debug_node.mjs:8988:9)
    at detectChangesInView (http://localhost:9876/base/node_modules/@angular/core/fesm2022/debug_node.mjs:9179:9)
    at detectChangesInViewIfAttached (http://localhost:9876/base/node_modules/@angular/core/fesm2022/debug_node.mjs:9139:5)
[1A[2KWARN: [36m'Error getting service category icon:', TypeError: this.servicesService.getCategoryIcon is not a function
TypeError: this.servicesService.getCategoryIcon is not a function
    at AppointmentsListComponent2.getServiceCategoryIcon (http://localhost:9876/base/spec-appointments-list.component.spec.js?8d05d01f3b51bba449c1c94a089d050fd82c8983:254:35)
    at AppointmentsListComponent2_Conditional_1_For_16_Conditional_13_Template (ng:///AppointmentsListComponent2.js:193:37)
    at executeTemplate (http://localhost:9876/base/node_modules/@angular/core/fesm2022/debug_node.mjs:7929:9)
    at refreshView (http://localhost:9876/base/node_modules/@angular/core/fesm2022/debug_node.mjs:8959:13)
    at detectChangesInView (http://localhost:9876/base/node_modules/@angular/core/fesm2022/debug_node.mjs:9179:9)
    at detectChangesInViewIfAttached (http://localhost:9876/base/node_modules/@angular/core/fesm2022/debug_node.mjs:9139:5)
    at detectChangesInEmbeddedViews (http://localhost:9876/base/node_modules/@angular/core/fesm2022/debug_node.mjs:9096:13)
    at refreshView (http://localhost:9876/base/node_modules/@angular/core/fesm2022/debug_node.mjs:8988:9)
    at detectChangesInView (http://localhost:9876/base/node_modules/@angular/core/fesm2022/debug_node.mjs:9179:9)
    at detectChangesInViewIfAttached (http://localhost:9876/base/node_modules/@angular/core/fesm2022/debug_node.mjs:9139:5)[39m
Chrome Headless 139.0.0.0 (Windows 10): Executed 1046 of 1370[31m (272 FAILED)[39m (0 secs / 6.713 secs)
WARN: 'Error getting service category icon:', TypeError: this.servicesService.getCategoryIcon is not a function
TypeError: this.servicesService.getCategoryIcon is not a function
    at AppointmentsListComponent2.getServiceCategoryIcon (http://localhost:9876/base/spec-appointments-list.component.spec.js?8d05d01f3b51bba449c1c94a089d050fd82c8983:254:35)
    at AppointmentsListComponent2_Conditional_1_For_16_Conditional_13_Template (ng:///AppointmentsListComponent2.js:193:37)
    at executeTemplate (http://localhost:9876/base/node_modules/@angular/core/fesm2022/debug_node.mjs:7929:9)
    at refreshView (http://localhost:9876/base/node_modules/@angular/core/fesm2022/debug_node.mjs:8959:13)
    at detectChangesInView (http://localhost:9876/base/node_modules/@angular/core/fesm2022/debug_node.mjs:9179:9)
    at detectChangesInViewIfAttached (http://localhost:9876/base/node_modules/@angular/core/fesm2022/debug_node.mjs:9139:5)
    at detectChangesInEmbeddedViews (http://localhost:9876/base/node_modules/@angular/core/fesm2022/debug_node.mjs:9096:13)
    at refreshView (http://localhost:9876/base/node_modules/@angular/core/fesm2022/debug_node.mjs:8988:9)
    at detectChangesInView (http://localhost:9876/base/node_modules/@angular/core/fesm2022/debug_node.mjs:9179:9)
    at detectChangesInViewIfAttached (http://localhost:9876/base/node_modules/@angular/core/fesm2022/debug_node.mjs:9139:5)
[1A[2KWARN: [36m'Error getting service color:', TypeError: this.servicesService.getServiceColor is not a function
TypeError: this.servicesService.getServiceColor is not a function
    at AppointmentsListComponent2.getServiceColor (http://localhost:9876/base/spec-appointments-list.component.spec.js?8d05d01f3b51bba449c1c94a089d050fd82c8983:214:49)
    at AppointmentsListComponent2_Conditional_1_For_16_Conditional_13_Template (ng:///AppointmentsListComponent2.js:190:50)
    at executeTemplate (http://localhost:9876/base/node_modules/@angular/core/fesm2022/debug_node.mjs:7929:9)
    at refreshView (http://localhost:9876/base/node_modules/@angular/core/fesm2022/debug_node.mjs:8959:13)
    at detectChangesInView (http://localhost:9876/base/node_modules/@angular/core/fesm2022/debug_node.mjs:9179:9)
    at detectChangesInViewIfAttached (http://localhost:9876/base/node_modules/@angular/core/fesm2022/debug_node.mjs:9139:5)
    at detectChangesInEmbeddedViews (http://localhost:9876/base/node_modules/@angular/core/fesm2022/debug_node.mjs:9096:13)
    at refreshView (http://localhost:9876/base/node_modules/@angular/core/fesm2022/debug_node.mjs:8988:9)
    at detectChangesInView (http://localhost:9876/base/node_modules/@angular/core/fesm2022/debug_node.mjs:9179:9)
    at detectChangesInViewIfAttached (http://localhost:9876/base/node_modules/@angular/core/fesm2022/debug_node.mjs:9139:5)[39m
Chrome Headless 139.0.0.0 (Windows 10): Executed 1046 of 1370[31m (272 FAILED)[39m (0 secs / 6.713 secs)
WARN: 'Error getting service color:', TypeError: this.servicesService.getServiceColor is not a function
TypeError: this.servicesService.getServiceColor is not a function
    at AppointmentsListComponent2.getServiceColor (http://localhost:9876/base/spec-appointments-list.component.spec.js?8d05d01f3b51bba449c1c94a089d050fd82c8983:214:49)
    at AppointmentsListComponent2_Conditional_1_For_16_Conditional_13_Template (ng:///AppointmentsListComponent2.js:190:50)
    at executeTemplate (http://localhost:9876/base/node_modules/@angular/core/fesm2022/debug_node.mjs:7929:9)
    at refreshView (http://localhost:9876/base/node_modules/@angular/core/fesm2022/debug_node.mjs:8959:13)
    at detectChangesInView (http://localhost:9876/base/node_modules/@angular/core/fesm2022/debug_node.mjs:9179:9)
    at detectChangesInViewIfAttached (http://localhost:9876/base/node_modules/@angular/core/fesm2022/debug_node.mjs:9139:5)
    at detectChangesInEmbeddedViews (http://localhost:9876/base/node_modules/@angular/core/fesm2022/debug_node.mjs:9096:13)
    at refreshView (http://localhost:9876/base/node_modules/@angular/core/fesm2022/debug_node.mjs:8988:9)
    at detectChangesInView (http://localhost:9876/base/node_modules/@angular/core/fesm2022/debug_node.mjs:9179:9)
    at detectChangesInViewIfAttached (http://localhost:9876/base/node_modules/@angular/core/fesm2022/debug_node.mjs:9139:5)
[1A[2KWARN: [36m'Error getting service text color:', TypeError: this.servicesService.getServiceColor is not a function
TypeError: this.servicesService.getServiceColor is not a function
    at AppointmentsListComponent2.getServiceTextColor (http://localhost:9876/base/spec-appointments-list.component.spec.js?8d05d01f3b51bba449c1c94a089d050fd82c8983:234:49)
    at AppointmentsListComponent2_Conditional_1_For_16_Conditional_13_Template (ng:///AppointmentsListComponent2.js:191:16)
    at executeTemplate (http://localhost:9876/base/node_modules/@angular/core/fesm2022/debug_node.mjs:7929:9)
    at refreshView (http://localhost:9876/base/node_modules/@angular/core/fesm2022/debug_node.mjs:8959:13)
    at detectChangesInView (http://localhost:9876/base/node_modules/@angular/core/fesm2022/debug_node.mjs:9179:9)
    at detectChangesInViewIfAttached (http://localhost:9876/base/node_modules/@angular/core/fesm2022/debug_node.mjs:9139:5)
    at detectChangesInEmbeddedViews (http://localhost:9876/base/node_modules/@angular/core/fesm2022/debug_node.mjs:9096:13)
    at refreshView (http://localhost:9876/base/node_modules/@angular/core/fesm2022/debug_node.mjs:8988:9)
    at detectChangesInView (http://localhost:9876/base/node_modules/@angular/core/fesm2022/debug_node.mjs:9179:9)
    at detectChangesInViewIfAttached (http://localhost:9876/base/node_modules/@angular/core/fesm2022/debug_node.mjs:9139:5)[39m
Chrome Headless 139.0.0.0 (Windows 10): Executed 1046 of 1370[31m (272 FAILED)[39m (0 secs / 6.713 secs)
WARN: 'Error getting service text color:', TypeError: this.servicesService.getServiceColor is not a function
TypeError: this.servicesService.getServiceColor is not a function
    at AppointmentsListComponent2.getServiceTextColor (http://localhost:9876/base/spec-appointments-list.component.spec.js?8d05d01f3b51bba449c1c94a089d050fd82c8983:234:49)
    at AppointmentsListComponent2_Conditional_1_For_16_Conditional_13_Template (ng:///AppointmentsListComponent2.js:191:16)
    at executeTemplate (http://localhost:9876/base/node_modules/@angular/core/fesm2022/debug_node.mjs:7929:9)
    at refreshView (http://localhost:9876/base/node_modules/@angular/core/fesm2022/debug_node.mjs:8959:13)
    at detectChangesInView (http://localhost:9876/base/node_modules/@angular/core/fesm2022/debug_node.mjs:9179:9)
    at detectChangesInViewIfAttached (http://localhost:9876/base/node_modules/@angular/core/fesm2022/debug_node.mjs:9139:5)
    at detectChangesInEmbeddedViews (http://localhost:9876/base/node_modules/@angular/core/fesm2022/debug_node.mjs:9096:13)
    at refreshView (http://localhost:9876/base/node_modules/@angular/core/fesm2022/debug_node.mjs:8988:9)
    at detectChangesInView (http://localhost:9876/base/node_modules/@angular/core/fesm2022/debug_node.mjs:9179:9)
    at detectChangesInViewIfAttached (http://localhost:9876/base/node_modules/@angular/core/fesm2022/debug_node.mjs:9139:5)
[1A[2KWARN: [36m'Error getting service color:', TypeError: this.servicesService.getServiceColor is not a function
TypeError: this.servicesService.getServiceColor is not a function
    at AppointmentsListComponent2.getServiceColor (http://localhost:9876/base/spec-appointments-list.component.spec.js?8d05d01f3b51bba449c1c94a089d050fd82c8983:214:49)
    at AppointmentsListComponent2_Conditional_1_For_16_Conditional_13_Template (ng:///AppointmentsListComponent2.js:191:71)
    at executeTemplate (http://localhost:9876/base/node_modules/@angular/core/fesm2022/debug_node.mjs:7929:9)
    at refreshView (http://localhost:9876/base/node_modules/@angular/core/fesm2022/debug_node.mjs:8959:13)
    at detectChangesInView (http://localhost:9876/base/node_modules/@angular/core/fesm2022/debug_node.mjs:9179:9)
    at detectChangesInViewIfAttached (http://localhost:9876/base/node_modules/@angular/core/fesm2022/debug_node.mjs:9139:5)
    at detectChangesInEmbeddedViews (http://localhost:9876/base/node_modules/@angular/core/fesm2022/debug_node.mjs:9096:13)
    at refreshView (http://localhost:9876/base/node_modules/@angular/core/fesm2022/debug_node.mjs:8988:9)
    at detectChangesInView (http://localhost:9876/base/node_modules/@angular/core/fesm2022/debug_node.mjs:9179:9)
    at detectChangesInViewIfAttached (http://localhost:9876/base/node_modules/@angular/core/fesm2022/debug_node.mjs:9139:5)[39m
Chrome Headless 139.0.0.0 (Windows 10): Executed 1046 of 1370[31m (272 FAILED)[39m (0 secs / 6.713 secs)
WARN: 'Error getting service color:', TypeError: this.servicesService.getServiceColor is not a function
TypeError: this.servicesService.getServiceColor is not a function
    at AppointmentsListComponent2.getServiceColor (http://localhost:9876/base/spec-appointments-list.component.spec.js?8d05d01f3b51bba449c1c94a089d050fd82c8983:214:49)
    at AppointmentsListComponent2_Conditional_1_For_16_Conditional_13_Template (ng:///AppointmentsListComponent2.js:191:71)
    at executeTemplate (http://localhost:9876/base/node_modules/@angular/core/fesm2022/debug_node.mjs:7929:9)
    at refreshView (http://localhost:9876/base/node_modules/@angular/core/fesm2022/debug_node.mjs:8959:13)
    at detectChangesInView (http://localhost:9876/base/node_modules/@angular/core/fesm2022/debug_node.mjs:9179:9)
    at detectChangesInViewIfAttached (http://localhost:9876/base/node_modules/@angular/core/fesm2022/debug_node.mjs:9139:5)
    at detectChangesInEmbeddedViews (http://localhost:9876/base/node_modules/@angular/core/fesm2022/debug_node.mjs:9096:13)
    at refreshView (http://localhost:9876/base/node_modules/@angular/core/fesm2022/debug_node.mjs:8988:9)
    at detectChangesInView (http://localhost:9876/base/node_modules/@angular/core/fesm2022/debug_node.mjs:9179:9)
    at detectChangesInViewIfAttached (http://localhost:9876/base/node_modules/@angular/core/fesm2022/debug_node.mjs:9139:5)
[1A[2KWARN: [36m'Error getting service category icon:', TypeError: this.servicesService.getCategoryIcon is not a function
TypeError: this.servicesService.getCategoryIcon is not a function
    at AppointmentsListComponent2.getServiceCategoryIcon (http://localhost:9876/base/spec-appointments-list.component.spec.js?8d05d01f3b51bba449c1c94a089d050fd82c8983:254:35)
    at AppointmentsListComponent2_Conditional_1_For_16_Conditional_13_Template (ng:///AppointmentsListComponent2.js:193:37)
    at executeTemplate (http://localhost:9876/base/node_modules/@angular/core/fesm2022/debug_node.mjs:7929:9)
    at refreshView (http://localhost:9876/base/node_modules/@angular/core/fesm2022/debug_node.mjs:8959:13)
    at detectChangesInView (http://localhost:9876/base/node_modules/@angular/core/fesm2022/debug_node.mjs:9179:9)
    at detectChangesInViewIfAttached (http://localhost:9876/base/node_modules/@angular/core/fesm2022/debug_node.mjs:9139:5)
    at detectChangesInEmbeddedViews (http://localhost:9876/base/node_modules/@angular/core/fesm2022/debug_node.mjs:9096:13)
    at refreshView (http://localhost:9876/base/node_modules/@angular/core/fesm2022/debug_node.mjs:8988:9)
    at detectChangesInView (http://localhost:9876/base/node_modules/@angular/core/fesm2022/debug_node.mjs:9179:9)
    at detectChangesInViewIfAttached (http://localhost:9876/base/node_modules/@angular/core/fesm2022/debug_node.mjs:9139:5)[39m
Chrome Headless 139.0.0.0 (Windows 10): Executed 1046 of 1370[31m (272 FAILED)[39m (0 secs / 6.713 secs)
WARN: 'Error getting service category icon:', TypeError: this.servicesService.getCategoryIcon is not a function
TypeError: this.servicesService.getCategoryIcon is not a function
    at AppointmentsListComponent2.getServiceCategoryIcon (http://localhost:9876/base/spec-appointments-list.component.spec.js?8d05d01f3b51bba449c1c94a089d050fd82c8983:254:35)
    at AppointmentsListComponent2_Conditional_1_For_16_Conditional_13_Template (ng:///AppointmentsListComponent2.js:193:37)
    at executeTemplate (http://localhost:9876/base/node_modules/@angular/core/fesm2022/debug_node.mjs:7929:9)
    at refreshView (http://localhost:9876/base/node_modules/@angular/core/fesm2022/debug_node.mjs:8959:13)
    at detectChangesInView (http://localhost:9876/base/node_modules/@angular/core/fesm2022/debug_node.mjs:9179:9)
    at detectChangesInViewIfAttached (http://localhost:9876/base/node_modules/@angular/core/fesm2022/debug_node.mjs:9139:5)
    at detectChangesInEmbeddedViews (http://localhost:9876/base/node_modules/@angular/core/fesm2022/debug_node.mjs:9096:13)
    at refreshView (http://localhost:9876/base/node_modules/@angular/core/fesm2022/debug_node.mjs:8988:9)
    at detectChangesInView (http://localhost:9876/base/node_modules/@angular/core/fesm2022/debug_node.mjs:9179:9)
    at detectChangesInViewIfAttached (http://localhost:9876/base/node_modules/@angular/core/fesm2022/debug_node.mjs:9139:5)
[1A[2KWARN: [36m'Error getting service color:', TypeError: this.servicesService.getServiceColor is not a function
TypeError: this.servicesService.getServiceColor is not a function
    at AppointmentsListComponent2.getServiceColor (http://localhost:9876/base/spec-appointments-list.component.spec.js?8d05d01f3b51bba449c1c94a089d050fd82c8983:214:49)
    at AppointmentsListComponent2_Conditional_1_For_16_Conditional_13_Template (ng:///AppointmentsListComponent2.js:190:50)
    at executeTemplate (http://localhost:9876/base/node_modules/@angular/core/fesm2022/debug_node.mjs:7929:9)
    at refreshView (http://localhost:9876/base/node_modules/@angular/core/fesm2022/debug_node.mjs:8959:13)
    at detectChangesInView (http://localhost:9876/base/node_modules/@angular/core/fesm2022/debug_node.mjs:9179:9)
    at detectChangesInViewIfAttached (http://localhost:9876/base/node_modules/@angular/core/fesm2022/debug_node.mjs:9139:5)
    at detectChangesInEmbeddedViews (http://localhost:9876/base/node_modules/@angular/core/fesm2022/debug_node.mjs:9096:13)
    at refreshView (http://localhost:9876/base/node_modules/@angular/core/fesm2022/debug_node.mjs:8988:9)
    at detectChangesInView (http://localhost:9876/base/node_modules/@angular/core/fesm2022/debug_node.mjs:9179:9)
    at detectChangesInViewIfAttached (http://localhost:9876/base/node_modules/@angular/core/fesm2022/debug_node.mjs:9139:5)[39m
Chrome Headless 139.0.0.0 (Windows 10): Executed 1046 of 1370[31m (272 FAILED)[39m (0 secs / 6.713 secs)
WARN: 'Error getting service color:', TypeError: this.servicesService.getServiceColor is not a function
TypeError: this.servicesService.getServiceColor is not a function
    at AppointmentsListComponent2.getServiceColor (http://localhost:9876/base/spec-appointments-list.component.spec.js?8d05d01f3b51bba449c1c94a089d050fd82c8983:214:49)
    at AppointmentsListComponent2_Conditional_1_For_16_Conditional_13_Template (ng:///AppointmentsListComponent2.js:190:50)
    at executeTemplate (http://localhost:9876/base/node_modules/@angular/core/fesm2022/debug_node.mjs:7929:9)
    at refreshView (http://localhost:9876/base/node_modules/@angular/core/fesm2022/debug_node.mjs:8959:13)
    at detectChangesInView (http://localhost:9876/base/node_modules/@angular/core/fesm2022/debug_node.mjs:9179:9)
    at detectChangesInViewIfAttached (http://localhost:9876/base/node_modules/@angular/core/fesm2022/debug_node.mjs:9139:5)
    at detectChangesInEmbeddedViews (http://localhost:9876/base/node_modules/@angular/core/fesm2022/debug_node.mjs:9096:13)
    at refreshView (http://localhost:9876/base/node_modules/@angular/core/fesm2022/debug_node.mjs:8988:9)
    at detectChangesInView (http://localhost:9876/base/node_modules/@angular/core/fesm2022/debug_node.mjs:9179:9)
    at detectChangesInViewIfAttached (http://localhost:9876/base/node_modules/@angular/core/fesm2022/debug_node.mjs:9139:5)
[1A[2KWARN: [36m'Error getting service text color:', TypeError: this.servicesService.getServiceColor is not a function
TypeError: this.servicesService.getServiceColor is not a function
    at AppointmentsListComponent2.getServiceTextColor (http://localhost:9876/base/spec-appointments-list.component.spec.js?8d05d01f3b51bba449c1c94a089d050fd82c8983:234:49)
    at AppointmentsListComponent2_Conditional_1_For_16_Conditional_13_Template (ng:///AppointmentsListComponent2.js:191:16)
    at executeTemplate (http://localhost:9876/base/node_modules/@angular/core/fesm2022/debug_node.mjs:7929:9)
    at refreshView (http://localhost:9876/base/node_modules/@angular/core/fesm2022/debug_node.mjs:8959:13)
    at detectChangesInView (http://localhost:9876/base/node_modules/@angular/core/fesm2022/debug_node.mjs:9179:9)
    at detectChangesInViewIfAttached (http://localhost:9876/base/node_modules/@angular/core/fesm2022/debug_node.mjs:9139:5)
    at detectChangesInEmbeddedViews (http://localhost:9876/base/node_modules/@angular/core/fesm2022/debug_node.mjs:9096:13)
    at refreshView (http://localhost:9876/base/node_modules/@angular/core/fesm2022/debug_node.mjs:8988:9)
    at detectChangesInView (http://localhost:9876/base/node_modules/@angular/core/fesm2022/debug_node.mjs:9179:9)
    at detectChangesInViewIfAttached (http://localhost:9876/base/node_modules/@angular/core/fesm2022/debug_node.mjs:9139:5)[39m
Chrome Headless 139.0.0.0 (Windows 10): Executed 1046 of 1370[31m (272 FAILED)[39m (0 secs / 6.713 secs)
WARN: 'Error getting service text color:', TypeError: this.servicesService.getServiceColor is not a function
TypeError: this.servicesService.getServiceColor is not a function
    at AppointmentsListComponent2.getServiceTextColor (http://localhost:9876/base/spec-appointments-list.component.spec.js?8d05d01f3b51bba449c1c94a089d050fd82c8983:234:49)
    at AppointmentsListComponent2_Conditional_1_For_16_Conditional_13_Template (ng:///AppointmentsListComponent2.js:191:16)
    at executeTemplate (http://localhost:9876/base/node_modules/@angular/core/fesm2022/debug_node.mjs:7929:9)
    at refreshView (http://localhost:9876/base/node_modules/@angular/core/fesm2022/debug_node.mjs:8959:13)
    at detectChangesInView (http://localhost:9876/base/node_modules/@angular/core/fesm2022/debug_node.mjs:9179:9)
    at detectChangesInViewIfAttached (http://localhost:9876/base/node_modules/@angular/core/fesm2022/debug_node.mjs:9139:5)
    at detectChangesInEmbeddedViews (http://localhost:9876/base/node_modules/@angular/core/fesm2022/debug_node.mjs:9096:13)
    at refreshView (http://localhost:9876/base/node_modules/@angular/core/fesm2022/debug_node.mjs:8988:9)
    at detectChangesInView (http://localhost:9876/base/node_modules/@angular/core/fesm2022/debug_node.mjs:9179:9)
    at detectChangesInViewIfAttached (http://localhost:9876/base/node_modules/@angular/core/fesm2022/debug_node.mjs:9139:5)
[1A[2KWARN: [36m'Error getting service color:', TypeError: this.servicesService.getServiceColor is not a function
TypeError: this.servicesService.getServiceColor is not a function
    at AppointmentsListComponent2.getServiceColor (http://localhost:9876/base/spec-appointments-list.component.spec.js?8d05d01f3b51bba449c1c94a089d050fd82c8983:214:49)
    at AppointmentsListComponent2_Conditional_1_For_16_Conditional_13_Template (ng:///AppointmentsListComponent2.js:191:71)
    at executeTemplate (http://localhost:9876/base/node_modules/@angular/core/fesm2022/debug_node.mjs:7929:9)
    at refreshView (http://localhost:9876/base/node_modules/@angular/core/fesm2022/debug_node.mjs:8959:13)
    at detectChangesInView (http://localhost:9876/base/node_modules/@angular/core/fesm2022/debug_node.mjs:9179:9)
    at detectChangesInViewIfAttached (http://localhost:9876/base/node_modules/@angular/core/fesm2022/debug_node.mjs:9139:5)
    at detectChangesInEmbeddedViews (http://localhost:9876/base/node_modules/@angular/core/fesm2022/debug_node.mjs:9096:13)
    at refreshView (http://localhost:9876/base/node_modules/@angular/core/fesm2022/debug_node.mjs:8988:9)
    at detectChangesInView (http://localhost:9876/base/node_modules/@angular/core/fesm2022/debug_node.mjs:9179:9)
    at detectChangesInViewIfAttached (http://localhost:9876/base/node_modules/@angular/core/fesm2022/debug_node.mjs:9139:5)[39m
Chrome Headless 139.0.0.0 (Windows 10): Executed 1046 of 1370[31m (272 FAILED)[39m (0 secs / 6.713 secs)
WARN: 'Error getting service color:', TypeError: this.servicesService.getServiceColor is not a function
TypeError: this.servicesService.getServiceColor is not a function
    at AppointmentsListComponent2.getServiceColor (http://localhost:9876/base/spec-appointments-list.component.spec.js?8d05d01f3b51bba449c1c94a089d050fd82c8983:214:49)
    at AppointmentsListComponent2_Conditional_1_For_16_Conditional_13_Template (ng:///AppointmentsListComponent2.js:191:71)
    at executeTemplate (http://localhost:9876/base/node_modules/@angular/core/fesm2022/debug_node.mjs:7929:9)
    at refreshView (http://localhost:9876/base/node_modules/@angular/core/fesm2022/debug_node.mjs:8959:13)
    at detectChangesInView (http://localhost:9876/base/node_modules/@angular/core/fesm2022/debug_node.mjs:9179:9)
    at detectChangesInViewIfAttached (http://localhost:9876/base/node_modules/@angular/core/fesm2022/debug_node.mjs:9139:5)
    at detectChangesInEmbeddedViews (http://localhost:9876/base/node_modules/@angular/core/fesm2022/debug_node.mjs:9096:13)
    at refreshView (http://localhost:9876/base/node_modules/@angular/core/fesm2022/debug_node.mjs:8988:9)
    at detectChangesInView (http://localhost:9876/base/node_modules/@angular/core/fesm2022/debug_node.mjs:9179:9)
    at detectChangesInViewIfAttached (http://localhost:9876/base/node_modules/@angular/core/fesm2022/debug_node.mjs:9139:5)
[1A[2KWARN: [36m'Error getting service category icon:', TypeError: this.servicesService.getCategoryIcon is not a function
TypeError: this.servicesService.getCategoryIcon is not a function
    at AppointmentsListComponent2.getServiceCategoryIcon (http://localhost:9876/base/spec-appointments-list.component.spec.js?8d05d01f3b51bba449c1c94a089d050fd82c8983:254:35)
    at AppointmentsListComponent2_Conditional_1_For_16_Conditional_13_Template (ng:///AppointmentsListComponent2.js:193:37)
    at executeTemplate (http://localhost:9876/base/node_modules/@angular/core/fesm2022/debug_node.mjs:7929:9)
    at refreshView (http://localhost:9876/base/node_modules/@angular/core/fesm2022/debug_node.mjs:8959:13)
    at detectChangesInView (http://localhost:9876/base/node_modules/@angular/core/fesm2022/debug_node.mjs:9179:9)
    at detectChangesInViewIfAttached (http://localhost:9876/base/node_modules/@angular/core/fesm2022/debug_node.mjs:9139:5)
    at detectChangesInEmbeddedViews (http://localhost:9876/base/node_modules/@angular/core/fesm2022/debug_node.mjs:9096:13)
    at refreshView (http://localhost:9876/base/node_modules/@angular/core/fesm2022/debug_node.mjs:8988:9)
    at detectChangesInView (http://localhost:9876/base/node_modules/@angular/core/fesm2022/debug_node.mjs:9179:9)
    at detectChangesInViewIfAttached (http://localhost:9876/base/node_modules/@angular/core/fesm2022/debug_node.mjs:9139:5)[39m
Chrome Headless 139.0.0.0 (Windows 10): Executed 1046 of 1370[31m (272 FAILED)[39m (0 secs / 6.713 secs)
WARN: 'Error getting service category icon:', TypeError: this.servicesService.getCategoryIcon is not a function
TypeError: this.servicesService.getCategoryIcon is not a function
    at AppointmentsListComponent2.getServiceCategoryIcon (http://localhost:9876/base/spec-appointments-list.component.spec.js?8d05d01f3b51bba449c1c94a089d050fd82c8983:254:35)
    at AppointmentsListComponent2_Conditional_1_For_16_Conditional_13_Template (ng:///AppointmentsListComponent2.js:193:37)
    at executeTemplate (http://localhost:9876/base/node_modules/@angular/core/fesm2022/debug_node.mjs:7929:9)
    at refreshView (http://localhost:9876/base/node_modules/@angular/core/fesm2022/debug_node.mjs:8959:13)
    at detectChangesInView (http://localhost:9876/base/node_modules/@angular/core/fesm2022/debug_node.mjs:9179:9)
    at detectChangesInViewIfAttached (http://localhost:9876/base/node_modules/@angular/core/fesm2022/debug_node.mjs:9139:5)
    at detectChangesInEmbeddedViews (http://localhost:9876/base/node_modules/@angular/core/fesm2022/debug_node.mjs:9096:13)
    at refreshView (http://localhost:9876/base/node_modules/@angular/core/fesm2022/debug_node.mjs:8988:9)
    at detectChangesInView (http://localhost:9876/base/node_modules/@angular/core/fesm2022/debug_node.mjs:9179:9)
    at detectChangesInViewIfAttached (http://localhost:9876/base/node_modules/@angular/core/fesm2022/debug_node.mjs:9139:5)
[1A[2KWARN: [36m'Error getting service color:', TypeError: this.servicesService.getServiceColor is not a function
TypeError: this.servicesService.getServiceColor is not a function
    at AppointmentsListComponent2.getServiceColor (http://localhost:9876/base/spec-appointments-list.component.spec.js?8d05d01f3b51bba449c1c94a089d050fd82c8983:214:49)
    at AppointmentsListComponent2_Conditional_1_For_16_Conditional_13_Template (ng:///AppointmentsListComponent2.js:190:50)
    at executeTemplate (http://localhost:9876/base/node_modules/@angular/core/fesm2022/debug_node.mjs:7929:9)
    at refreshView (http://localhost:9876/base/node_modules/@angular/core/fesm2022/debug_node.mjs:8959:13)
    at detectChangesInView (http://localhost:9876/base/node_modules/@angular/core/fesm2022/debug_node.mjs:9179:9)
    at detectChangesInViewIfAttached (http://localhost:9876/base/node_modules/@angular/core/fesm2022/debug_node.mjs:9139:5)
    at detectChangesInEmbeddedViews (http://localhost:9876/base/node_modules/@angular/core/fesm2022/debug_node.mjs:9096:13)
    at refreshView (http://localhost:9876/base/node_modules/@angular/core/fesm2022/debug_node.mjs:8988:9)
    at detectChangesInView (http://localhost:9876/base/node_modules/@angular/core/fesm2022/debug_node.mjs:9179:9)
    at detectChangesInViewIfAttached (http://localhost:9876/base/node_modules/@angular/core/fesm2022/debug_node.mjs:9139:5)[39m
Chrome Headless 139.0.0.0 (Windows 10): Executed 1046 of 1370[31m (272 FAILED)[39m (0 secs / 6.713 secs)
WARN: 'Error getting service color:', TypeError: this.servicesService.getServiceColor is not a function
TypeError: this.servicesService.getServiceColor is not a function
    at AppointmentsListComponent2.getServiceColor (http://localhost:9876/base/spec-appointments-list.component.spec.js?8d05d01f3b51bba449c1c94a089d050fd82c8983:214:49)
    at AppointmentsListComponent2_Conditional_1_For_16_Conditional_13_Template (ng:///AppointmentsListComponent2.js:190:50)
    at executeTemplate (http://localhost:9876/base/node_modules/@angular/core/fesm2022/debug_node.mjs:7929:9)
    at refreshView (http://localhost:9876/base/node_modules/@angular/core/fesm2022/debug_node.mjs:8959:13)
    at detectChangesInView (http://localhost:9876/base/node_modules/@angular/core/fesm2022/debug_node.mjs:9179:9)
    at detectChangesInViewIfAttached (http://localhost:9876/base/node_modules/@angular/core/fesm2022/debug_node.mjs:9139:5)
    at detectChangesInEmbeddedViews (http://localhost:9876/base/node_modules/@angular/core/fesm2022/debug_node.mjs:9096:13)
    at refreshView (http://localhost:9876/base/node_modules/@angular/core/fesm2022/debug_node.mjs:8988:9)
    at detectChangesInView (http://localhost:9876/base/node_modules/@angular/core/fesm2022/debug_node.mjs:9179:9)
    at detectChangesInViewIfAttached (http://localhost:9876/base/node_modules/@angular/core/fesm2022/debug_node.mjs:9139:5)
[1A[2KWARN: [36m'Error getting service text color:', TypeError: this.servicesService.getServiceColor is not a function
TypeError: this.servicesService.getServiceColor is not a function
    at AppointmentsListComponent2.getServiceTextColor (http://localhost:9876/base/spec-appointments-list.component.spec.js?8d05d01f3b51bba449c1c94a089d050fd82c8983:234:49)
    at AppointmentsListComponent2_Conditional_1_For_16_Conditional_13_Template (ng:///AppointmentsListComponent2.js:191:16)
    at executeTemplate (http://localhost:9876/base/node_modules/@angular/core/fesm2022/debug_node.mjs:7929:9)
    at refreshView (http://localhost:9876/base/node_modules/@angular/core/fesm2022/debug_node.mjs:8959:13)
    at detectChangesInView (http://localhost:9876/base/node_modules/@angular/core/fesm2022/debug_node.mjs:9179:9)
    at detectChangesInViewIfAttached (http://localhost:9876/base/node_modules/@angular/core/fesm2022/debug_node.mjs:9139:5)
    at detectChangesInEmbeddedViews (http://localhost:9876/base/node_modules/@angular/core/fesm2022/debug_node.mjs:9096:13)
    at refreshView (http://localhost:9876/base/node_modules/@angular/core/fesm2022/debug_node.mjs:8988:9)
    at detectChangesInView (http://localhost:9876/base/node_modules/@angular/core/fesm2022/debug_node.mjs:9179:9)
    at detectChangesInViewIfAttached (http://localhost:9876/base/node_modules/@angular/core/fesm2022/debug_node.mjs:9139:5)[39m
Chrome Headless 139.0.0.0 (Windows 10): Executed 1046 of 1370[31m (272 FAILED)[39m (0 secs / 6.713 secs)
WARN: 'Error getting service text color:', TypeError: this.servicesService.getServiceColor is not a function
TypeError: this.servicesService.getServiceColor is not a function
    at AppointmentsListComponent2.getServiceTextColor (http://localhost:9876/base/spec-appointments-list.component.spec.js?8d05d01f3b51bba449c1c94a089d050fd82c8983:234:49)
    at AppointmentsListComponent2_Conditional_1_For_16_Conditional_13_Template (ng:///AppointmentsListComponent2.js:191:16)
    at executeTemplate (http://localhost:9876/base/node_modules/@angular/core/fesm2022/debug_node.mjs:7929:9)
    at refreshView (http://localhost:9876/base/node_modules/@angular/core/fesm2022/debug_node.mjs:8959:13)
    at detectChangesInView (http://localhost:9876/base/node_modules/@angular/core/fesm2022/debug_node.mjs:9179:9)
    at detectChangesInViewIfAttached (http://localhost:9876/base/node_modules/@angular/core/fesm2022/debug_node.mjs:9139:5)
    at detectChangesInEmbeddedViews (http://localhost:9876/base/node_modules/@angular/core/fesm2022/debug_node.mjs:9096:13)
    at refreshView (http://localhost:9876/base/node_modules/@angular/core/fesm2022/debug_node.mjs:8988:9)
    at detectChangesInView (http://localhost:9876/base/node_modules/@angular/core/fesm2022/debug_node.mjs:9179:9)
    at detectChangesInViewIfAttached (http://localhost:9876/base/node_modules/@angular/core/fesm2022/debug_node.mjs:9139:5)
[1A[2KWARN: [36m'Error getting service color:', TypeError: this.servicesService.getServiceColor is not a function
TypeError: this.servicesService.getServiceColor is not a function
    at AppointmentsListComponent2.getServiceColor (http://localhost:9876/base/spec-appointments-list.component.spec.js?8d05d01f3b51bba449c1c94a089d050fd82c8983:214:49)
    at AppointmentsListComponent2_Conditional_1_For_16_Conditional_13_Template (ng:///AppointmentsListComponent2.js:191:71)
    at executeTemplate (http://localhost:9876/base/node_modules/@angular/core/fesm2022/debug_node.mjs:7929:9)
    at refreshView (http://localhost:9876/base/node_modules/@angular/core/fesm2022/debug_node.mjs:8959:13)
    at detectChangesInView (http://localhost:9876/base/node_modules/@angular/core/fesm2022/debug_node.mjs:9179:9)
    at detectChangesInViewIfAttached (http://localhost:9876/base/node_modules/@angular/core/fesm2022/debug_node.mjs:9139:5)
    at detectChangesInEmbeddedViews (http://localhost:9876/base/node_modules/@angular/core/fesm2022/debug_node.mjs:9096:13)
    at refreshView (http://localhost:9876/base/node_modules/@angular/core/fesm2022/debug_node.mjs:8988:9)
    at detectChangesInView (http://localhost:9876/base/node_modules/@angular/core/fesm2022/debug_node.mjs:9179:9)
    at detectChangesInViewIfAttached (http://localhost:9876/base/node_modules/@angular/core/fesm2022/debug_node.mjs:9139:5)[39m
Chrome Headless 139.0.0.0 (Windows 10): Executed 1046 of 1370[31m (272 FAILED)[39m (0 secs / 6.713 secs)
WARN: 'Error getting service color:', TypeError: this.servicesService.getServiceColor is not a function
TypeError: this.servicesService.getServiceColor is not a function
    at AppointmentsListComponent2.getServiceColor (http://localhost:9876/base/spec-appointments-list.component.spec.js?8d05d01f3b51bba449c1c94a089d050fd82c8983:214:49)
    at AppointmentsListComponent2_Conditional_1_For_16_Conditional_13_Template (ng:///AppointmentsListComponent2.js:191:71)
    at executeTemplate (http://localhost:9876/base/node_modules/@angular/core/fesm2022/debug_node.mjs:7929:9)
    at refreshView (http://localhost:9876/base/node_modules/@angular/core/fesm2022/debug_node.mjs:8959:13)
    at detectChangesInView (http://localhost:9876/base/node_modules/@angular/core/fesm2022/debug_node.mjs:9179:9)
    at detectChangesInViewIfAttached (http://localhost:9876/base/node_modules/@angular/core/fesm2022/debug_node.mjs:9139:5)
    at detectChangesInEmbeddedViews (http://localhost:9876/base/node_modules/@angular/core/fesm2022/debug_node.mjs:9096:13)
    at refreshView (http://localhost:9876/base/node_modules/@angular/core/fesm2022/debug_node.mjs:8988:9)
    at detectChangesInView (http://localhost:9876/base/node_modules/@angular/core/fesm2022/debug_node.mjs:9179:9)
    at detectChangesInViewIfAttached (http://localhost:9876/base/node_modules/@angular/core/fesm2022/debug_node.mjs:9139:5)
[1A[2KWARN: [36m'Error getting service category icon:', TypeError: this.servicesService.getCategoryIcon is not a function
TypeError: this.servicesService.getCategoryIcon is not a function
    at AppointmentsListComponent2.getServiceCategoryIcon (http://localhost:9876/base/spec-appointments-list.component.spec.js?8d05d01f3b51bba449c1c94a089d050fd82c8983:254:35)
    at AppointmentsListComponent2_Conditional_1_For_16_Conditional_13_Template (ng:///AppointmentsListComponent2.js:193:37)
    at executeTemplate (http://localhost:9876/base/node_modules/@angular/core/fesm2022/debug_node.mjs:7929:9)
    at refreshView (http://localhost:9876/base/node_modules/@angular/core/fesm2022/debug_node.mjs:8959:13)
    at detectChangesInView (http://localhost:9876/base/node_modules/@angular/core/fesm2022/debug_node.mjs:9179:9)
    at detectChangesInViewIfAttached (http://localhost:9876/base/node_modules/@angular/core/fesm2022/debug_node.mjs:9139:5)
    at detectChangesInEmbeddedViews (http://localhost:9876/base/node_modules/@angular/core/fesm2022/debug_node.mjs:9096:13)
    at refreshView (http://localhost:9876/base/node_modules/@angular/core/fesm2022/debug_node.mjs:8988:9)
    at detectChangesInView (http://localhost:9876/base/node_modules/@angular/core/fesm2022/debug_node.mjs:9179:9)
    at detectChangesInViewIfAttached (http://localhost:9876/base/node_modules/@angular/core/fesm2022/debug_node.mjs:9139:5)[39m
Chrome Headless 139.0.0.0 (Windows 10): Executed 1046 of 1370[31m (272 FAILED)[39m (0 secs / 6.713 secs)
WARN: 'Error getting service category icon:', TypeError: this.servicesService.getCategoryIcon is not a function
TypeError: this.servicesService.getCategoryIcon is not a function
    at AppointmentsListComponent2.getServiceCategoryIcon (http://localhost:9876/base/spec-appointments-list.component.spec.js?8d05d01f3b51bba449c1c94a089d050fd82c8983:254:35)
    at AppointmentsListComponent2_Conditional_1_For_16_Conditional_13_Template (ng:///AppointmentsListComponent2.js:193:37)
    at executeTemplate (http://localhost:9876/base/node_modules/@angular/core/fesm2022/debug_node.mjs:7929:9)
    at refreshView (http://localhost:9876/base/node_modules/@angular/core/fesm2022/debug_node.mjs:8959:13)
    at detectChangesInView (http://localhost:9876/base/node_modules/@angular/core/fesm2022/debug_node.mjs:9179:9)
    at detectChangesInViewIfAttached (http://localhost:9876/base/node_modules/@angular/core/fesm2022/debug_node.mjs:9139:5)
    at detectChangesInEmbeddedViews (http://localhost:9876/base/node_modules/@angular/core/fesm2022/debug_node.mjs:9096:13)
    at refreshView (http://localhost:9876/base/node_modules/@angular/core/fesm2022/debug_node.mjs:8988:9)
    at detectChangesInView (http://localhost:9876/base/node_modules/@angular/core/fesm2022/debug_node.mjs:9179:9)
    at detectChangesInViewIfAttached (http://localhost:9876/base/node_modules/@angular/core/fesm2022/debug_node.mjs:9139:5)
[1A[2KChrome Headless 139.0.0.0 (Windows 10): Executed 1047 of 1370[31m (272 FAILED)[39m (0 secs / 6.732 secs)
[1A[2KERROR: [36m'2025-08-25T14:21:48.090Z ERROR MEDIUM [BookingService].loadBookings  Expected first argument to collection() to be a CollectionReference, a DocumentReference or FirebaseFirestore'[39m
Chrome Headless 139.0.0.0 (Windows 10): Executed 1047 of 1370[31m (272 FAILED)[39m (0 secs / 6.732 secs)
ERROR: '2025-08-25T14:21:48.090Z ERROR MEDIUM [BookingService].loadBookings  Expected first argument to collection() to be a CollectionReference, a DocumentReference or FirebaseFirestore'
[1A[2KERROR: [36m'Error Stack:', 'FirebaseError: Expected first argument to collection() to be a CollectionReference, a DocumentReference or FirebaseFirestore'[39m
Chrome Headless 139.0.0.0 (Windows 10): Executed 1047 of 1370[31m (272 FAILED)[39m (0 secs / 6.732 secs)
ERROR: 'Error Stack:', 'FirebaseError: Expected first argument to collection() to be a CollectionReference, a DocumentReference or FirebaseFirestore'
[1A[2KERROR: [36m'Error Context:', Object{timestamp: '2025-08-25T14:21:48.090Z', component: 'BookingService', method: 'loadBookings', data: '{"operation":"loadBookings","firebaseError":true}'}[39m
Chrome Headless 139.0.0.0 (Windows 10): Executed 1047 of 1370[31m (272 FAILED)[39m (0 secs / 6.732 secs)
ERROR: 'Error Context:', Object{timestamp: '2025-08-25T14:21:48.090Z', component: 'BookingService', method: 'loadBookings', data: '{"operation":"loadBookings","firebaseError":true}'}
[1A[2KERROR: [36m'Error carregant par├ámetres del sistema:', FirebaseError: [code=invalid-argument]: Expected first argument to collection() to be a CollectionReference, a DocumentReference or FirebaseFirestore
FirebaseError: Expected first argument to collection() to be a CollectionReference, a DocumentReference or FirebaseFirestore[39m
Chrome Headless 139.0.0.0 (Windows 10): Executed 1047 of 1370[31m (272 FAILED)[39m (0 secs / 6.732 secs)
ERROR: 'Error carregant par├ámetres del sistema:', FirebaseError: [code=invalid-argument]: Expected first argument to collection() to be a CollectionReference, a DocumentReference or FirebaseFirestore
FirebaseError: Expected first argument to collection() to be a CollectionReference, a DocumentReference or FirebaseFirestore
[1A[2KERROR: [36m'2025-08-25T14:21:48.101Z ERROR MEDIUM [FirebaseServicesService].loadServices  Expected first argument to collection() to be a CollectionReference, a DocumentReference or FirebaseFirestore'[39m
Chrome Headless 139.0.0.0 (Windows 10): Executed 1047 of 1370[31m (272 FAILED)[39m (0 secs / 6.732 secs)
ERROR: '2025-08-25T14:21:48.101Z ERROR MEDIUM [FirebaseServicesService].loadServices  Expected first argument to collection() to be a CollectionReference, a DocumentReference or FirebaseFirestore'
[1A[2KERROR: [36m'Error Stack:', 'FirebaseError: Expected first argument to collection() to be a CollectionReference, a DocumentReference or FirebaseFirestore'[39m
Chrome Headless 139.0.0.0 (Windows 10): Executed 1047 of 1370[31m (272 FAILED)[39m (0 secs / 6.732 secs)
ERROR: 'Error Stack:', 'FirebaseError: Expected first argument to collection() to be a CollectionReference, a DocumentReference or FirebaseFirestore'
[1A[2KERROR: [36m'Error Context:', Object{timestamp: '2025-08-25T14:21:48.101Z', component: 'FirebaseServicesService', method: 'loadServices', data: '{"operation":"loadServices","firebaseError":true}'}[39m
Chrome Headless 139.0.0.0 (Windows 10): Executed 1047 of 1370[31m (272 FAILED)[39m (0 secs / 6.732 secs)
ERROR: 'Error Context:', Object{timestamp: '2025-08-25T14:21:48.101Z', component: 'FirebaseServicesService', method: 'loadServices', data: '{"operation":"loadServices","firebaseError":true}'}
[1A[2KERROR: [36m'2025-08-25T14:21:48.101Z ERROR MEDIUM [FirebaseServicesService].loadCustomCategories  Expected first argument to collection() to be a CollectionReference, a DocumentReference or FirebaseFirestore'[39m
Chrome Headless 139.0.0.0 (Windows 10): Executed 1047 of 1370[31m (272 FAILED)[39m (0 secs / 6.732 secs)
ERROR: '2025-08-25T14:21:48.101Z ERROR MEDIUM [FirebaseServicesService].loadCustomCategories  Expected first argument to collection() to be a CollectionReference, a DocumentReference or FirebaseFirestore'
[1A[2KERROR: [36m'Error Stack:', 'FirebaseError: Expected first argument to collection() to be a CollectionReference, a DocumentReference or FirebaseFirestore'[39m
Chrome Headless 139.0.0.0 (Windows 10): Executed 1047 of 1370[31m (272 FAILED)[39m (0 secs / 6.732 secs)
ERROR: 'Error Stack:', 'FirebaseError: Expected first argument to collection() to be a CollectionReference, a DocumentReference or FirebaseFirestore'
[1A[2KERROR: [36m'Error Context:', Object{timestamp: '2025-08-25T14:21:48.101Z', component: 'FirebaseServicesService', method: 'loadCustomCategories', data: '{"operation":"loadCustomCategories","firebaseError":true}'}[39m
Chrome Headless 139.0.0.0 (Windows 10): Executed 1047 of 1370[31m (272 FAILED)[39m (0 secs / 6.732 secs)
ERROR: 'Error Context:', Object{timestamp: '2025-08-25T14:21:48.101Z', component: 'FirebaseServicesService', method: 'loadCustomCategories', data: '{"operation":"loadCustomCategories","firebaseError":true}'}
[1A[2KChrome Headless 139.0.0.0 (Windows 10): Executed 1048 of 1370[31m (272 FAILED)[39m (0 secs / 6.736 secs)
[1A[2KERROR: [36m'2025-08-25T14:21:48.102Z ERROR MEDIUM [BookingService].loadBookings  Expected first argument to collection() to be a CollectionReference, a DocumentReference or FirebaseFirestore'[39m
Chrome Headless 139.0.0.0 (Windows 10): Executed 1048 of 1370[31m (272 FAILED)[39m (0 secs / 6.736 secs)
ERROR: '2025-08-25T14:21:48.102Z ERROR MEDIUM [BookingService].loadBookings  Expected first argument to collection() to be a CollectionReference, a DocumentReference or FirebaseFirestore'
[1A[2KERROR: [36m'Error Stack:', 'FirebaseError: Expected first argument to collection() to be a CollectionReference, a DocumentReference or FirebaseFirestore'[39m
Chrome Headless 139.0.0.0 (Windows 10): Executed 1048 of 1370[31m (272 FAILED)[39m (0 secs / 6.736 secs)
ERROR: 'Error Stack:', 'FirebaseError: Expected first argument to collection() to be a CollectionReference, a DocumentReference or FirebaseFirestore'
[1A[2KERROR: [36m'Error Context:', Object{timestamp: '2025-08-25T14:21:48.102Z', component: 'BookingService', method: 'loadBookings', data: '{"operation":"loadBookings","firebaseError":true}'}[39m
Chrome Headless 139.0.0.0 (Windows 10): Executed 1048 of 1370[31m (272 FAILED)[39m (0 secs / 6.736 secs)
ERROR: 'Error Context:', Object{timestamp: '2025-08-25T14:21:48.102Z', component: 'BookingService', method: 'loadBookings', data: '{"operation":"loadBookings","firebaseError":true}'}
[1A[2KERROR: [36m'Error carregant par├ámetres del sistema:', FirebaseError: [code=invalid-argument]: Expected first argument to collection() to be a CollectionReference, a DocumentReference or FirebaseFirestore
FirebaseError: Expected first argument to collection() to be a CollectionReference, a DocumentReference or FirebaseFirestore[39m
Chrome Headless 139.0.0.0 (Windows 10): Executed 1048 of 1370[31m (272 FAILED)[39m (0 secs / 6.736 secs)
ERROR: 'Error carregant par├ámetres del sistema:', FirebaseError: [code=invalid-argument]: Expected first argument to collection() to be a CollectionReference, a DocumentReference or FirebaseFirestore
FirebaseError: Expected first argument to collection() to be a CollectionReference, a DocumentReference or FirebaseFirestore
[1A[2KERROR: [36m'2025-08-25T14:21:48.107Z ERROR MEDIUM [FirebaseServicesService].loadServices  Expected first argument to collection() to be a CollectionReference, a DocumentReference or FirebaseFirestore'[39m
Chrome Headless 139.0.0.0 (Windows 10): Executed 1048 of 1370[31m (272 FAILED)[39m (0 secs / 6.736 secs)
ERROR: '2025-08-25T14:21:48.107Z ERROR MEDIUM [FirebaseServicesService].loadServices  Expected first argument to collection() to be a CollectionReference, a DocumentReference or FirebaseFirestore'
[1A[2KERROR: [36m'Error Stack:', 'FirebaseError: Expected first argument to collection() to be a CollectionReference, a DocumentReference or FirebaseFirestore'[39m
Chrome Headless 139.0.0.0 (Windows 10): Executed 1048 of 1370[31m (272 FAILED)[39m (0 secs / 6.736 secs)
ERROR: 'Error Stack:', 'FirebaseError: Expected first argument to collection() to be a CollectionReference, a DocumentReference or FirebaseFirestore'
[1A[2KERROR: [36m'Error Context:', Object{timestamp: '2025-08-25T14:21:48.107Z', component: 'FirebaseServicesService', method: 'loadServices', data: '{"operation":"loadServices","firebaseError":true}'}[39m
Chrome Headless 139.0.0.0 (Windows 10): Executed 1048 of 1370[31m (272 FAILED)[39m (0 secs / 6.736 secs)
ERROR: 'Error Context:', Object{timestamp: '2025-08-25T14:21:48.107Z', component: 'FirebaseServicesService', method: 'loadServices', data: '{"operation":"loadServices","firebaseError":true}'}
[1A[2KERROR: [36m'2025-08-25T14:21:48.107Z ERROR MEDIUM [FirebaseServicesService].loadCustomCategories  Expected first argument to collection() to be a CollectionReference, a DocumentReference or FirebaseFirestore'[39m
Chrome Headless 139.0.0.0 (Windows 10): Executed 1048 of 1370[31m (272 FAILED)[39m (0 secs / 6.736 secs)
ERROR: '2025-08-25T14:21:48.107Z ERROR MEDIUM [FirebaseServicesService].loadCustomCategories  Expected first argument to collection() to be a CollectionReference, a DocumentReference or FirebaseFirestore'
[1A[2KERROR: [36m'Error Stack:', 'FirebaseError: Expected first argument to collection() to be a CollectionReference, a DocumentReference or FirebaseFirestore'[39m
Chrome Headless 139.0.0.0 (Windows 10): Executed 1048 of 1370[31m (272 FAILED)[39m (0 secs / 6.736 secs)
ERROR: 'Error Stack:', 'FirebaseError: Expected first argument to collection() to be a CollectionReference, a DocumentReference or FirebaseFirestore'
[1A[2KERROR: [36m'Error Context:', Object{timestamp: '2025-08-25T14:21:48.107Z', component: 'FirebaseServicesService', method: 'loadCustomCategories', data: '{"operation":"loadCustomCategories","firebaseError":true}'}[39m
Chrome Headless 139.0.0.0 (Windows 10): Executed 1048 of 1370[31m (272 FAILED)[39m (0 secs / 6.736 secs)
ERROR: 'Error Context:', Object{timestamp: '2025-08-25T14:21:48.107Z', component: 'FirebaseServicesService', method: 'loadCustomCategories', data: '{"operation":"loadCustomCategories","firebaseError":true}'}
[1A[2KChrome Headless 139.0.0.0 (Windows 10): Executed 1049 of 1370[31m (272 FAILED)[39m (0 secs / 6.739 secs)
[1A[2KERROR: [36m'2025-08-25T14:21:48.108Z ERROR MEDIUM [BookingService].loadBookings  Expected first argument to collection() to be a CollectionReference, a DocumentReference or FirebaseFirestore'[39m
Chrome Headless 139.0.0.0 (Windows 10): Executed 1049 of 1370[31m (272 FAILED)[39m (0 secs / 6.739 secs)
ERROR: '2025-08-25T14:21:48.108Z ERROR MEDIUM [BookingService].loadBookings  Expected first argument to collection() to be a CollectionReference, a DocumentReference or FirebaseFirestore'
[1A[2KERROR: [36m'Error Stack:', 'FirebaseError: Expected first argument to collection() to be a CollectionReference, a DocumentReference or FirebaseFirestore'[39m
Chrome Headless 139.0.0.0 (Windows 10): Executed 1049 of 1370[31m (272 FAILED)[39m (0 secs / 6.739 secs)
ERROR: 'Error Stack:', 'FirebaseError: Expected first argument to collection() to be a CollectionReference, a DocumentReference or FirebaseFirestore'
[1A[2KERROR: [36m'Error Context:', Object{timestamp: '2025-08-25T14:21:48.108Z', component: 'BookingService', method: 'loadBookings', data: '{"operation":"loadBookings","firebaseError":true}'}[39m
Chrome Headless 139.0.0.0 (Windows 10): Executed 1049 of 1370[31m (272 FAILED)[39m (0 secs / 6.739 secs)
ERROR: 'Error Context:', Object{timestamp: '2025-08-25T14:21:48.108Z', component: 'BookingService', method: 'loadBookings', data: '{"operation":"loadBookings","firebaseError":true}'}
[1A[2KERROR: [36m'Error carregant par├ámetres del sistema:', FirebaseError: [code=invalid-argument]: Expected first argument to collection() to be a CollectionReference, a DocumentReference or FirebaseFirestore
FirebaseError: Expected first argument to collection() to be a CollectionReference, a DocumentReference or FirebaseFirestore[39m
Chrome Headless 139.0.0.0 (Windows 10): Executed 1049 of 1370[31m (272 FAILED)[39m (0 secs / 6.739 secs)
ERROR: 'Error carregant par├ámetres del sistema:', FirebaseError: [code=invalid-argument]: Expected first argument to collection() to be a CollectionReference, a DocumentReference or FirebaseFirestore
FirebaseError: Expected first argument to collection() to be a CollectionReference, a DocumentReference or FirebaseFirestore
[1A[2KERROR: [36m'2025-08-25T14:21:48.115Z ERROR MEDIUM [FirebaseServicesService].loadServices  Expected first argument to collection() to be a CollectionReference, a DocumentReference or FirebaseFirestore'[39m
Chrome Headless 139.0.0.0 (Windows 10): Executed 1049 of 1370[31m (272 FAILED)[39m (0 secs / 6.739 secs)
ERROR: '2025-08-25T14:21:48.115Z ERROR MEDIUM [FirebaseServicesService].loadServices  Expected first argument to collection() to be a CollectionReference, a DocumentReference or FirebaseFirestore'
[1A[2KERROR: [36m'Error Stack:', 'FirebaseError: Expected first argument to collection() to be a CollectionReference, a DocumentReference or FirebaseFirestore'[39m
Chrome Headless 139.0.0.0 (Windows 10): Executed 1049 of 1370[31m (272 FAILED)[39m (0 secs / 6.739 secs)
ERROR: 'Error Stack:', 'FirebaseError: Expected first argument to collection() to be a CollectionReference, a DocumentReference or FirebaseFirestore'
[1A[2KERROR: [36m'Error Context:', Object{timestamp: '2025-08-25T14:21:48.115Z', component: 'FirebaseServicesService', method: 'loadServices', data: '{"operation":"loadServices","firebaseError":true}'}[39m
Chrome Headless 139.0.0.0 (Windows 10): Executed 1049 of 1370[31m (272 FAILED)[39m (0 secs / 6.739 secs)
ERROR: 'Error Context:', Object{timestamp: '2025-08-25T14:21:48.115Z', component: 'FirebaseServicesService', method: 'loadServices', data: '{"operation":"loadServices","firebaseError":true}'}
[1A[2KERROR: [36m'2025-08-25T14:21:48.116Z ERROR MEDIUM [FirebaseServicesService].loadCustomCategories  Expected first argument to collection() to be a CollectionReference, a DocumentReference or FirebaseFirestore'[39m
Chrome Headless 139.0.0.0 (Windows 10): Executed 1049 of 1370[31m (272 FAILED)[39m (0 secs / 6.739 secs)
ERROR: '2025-08-25T14:21:48.116Z ERROR MEDIUM [FirebaseServicesService].loadCustomCategories  Expected first argument to collection() to be a CollectionReference, a DocumentReference or FirebaseFirestore'
[1A[2KERROR: [36m'Error Stack:', 'FirebaseError: Expected first argument to collection() to be a CollectionReference, a DocumentReference or FirebaseFirestore'[39m
Chrome Headless 139.0.0.0 (Windows 10): Executed 1049 of 1370[31m (272 FAILED)[39m (0 secs / 6.739 secs)
ERROR: 'Error Stack:', 'FirebaseError: Expected first argument to collection() to be a CollectionReference, a DocumentReference or FirebaseFirestore'
[1A[2KERROR: [36m'Error Context:', Object{timestamp: '2025-08-25T14:21:48.116Z', component: 'FirebaseServicesService', method: 'loadCustomCategories', data: '{"operation":"loadCustomCategories","firebaseError":true}'}[39m
Chrome Headless 139.0.0.0 (Windows 10): Executed 1049 of 1370[31m (272 FAILED)[39m (0 secs / 6.739 secs)
ERROR: 'Error Context:', Object{timestamp: '2025-08-25T14:21:48.116Z', component: 'FirebaseServicesService', method: 'loadCustomCategories', data: '{"operation":"loadCustomCategories","firebaseError":true}'}
[1A[2KChrome Headless 139.0.0.0 (Windows 10): Executed 1050 of 1370[31m (272 FAILED)[39m (0 secs / 6.742 secs)
[1A[2KERROR: [36m'2025-08-25T14:21:48.116Z ERROR MEDIUM [BookingService].loadBookings  Expected first argument to collection() to be a CollectionReference, a DocumentReference or FirebaseFirestore'[39m
Chrome Headless 139.0.0.0 (Windows 10): Executed 1050 of 1370[31m (272 FAILED)[39m (0 secs / 6.742 secs)
ERROR: '2025-08-25T14:21:48.116Z ERROR MEDIUM [BookingService].loadBookings  Expected first argument to collection() to be a CollectionReference, a DocumentReference or FirebaseFirestore'
[1A[2KERROR: [36m'Error Stack:', 'FirebaseError: Expected first argument to collection() to be a CollectionReference, a DocumentReference or FirebaseFirestore'[39m
Chrome Headless 139.0.0.0 (Windows 10): Executed 1050 of 1370[31m (272 FAILED)[39m (0 secs / 6.742 secs)
ERROR: 'Error Stack:', 'FirebaseError: Expected first argument to collection() to be a CollectionReference, a DocumentReference or FirebaseFirestore'
[1A[2KERROR: [36m'Error Context:', Object{timestamp: '2025-08-25T14:21:48.116Z', component: 'BookingService', method: 'loadBookings', data: '{"operation":"loadBookings","firebaseError":true}'}[39m
Chrome Headless 139.0.0.0 (Windows 10): Executed 1050 of 1370[31m (272 FAILED)[39m (0 secs / 6.742 secs)
ERROR: 'Error Context:', Object{timestamp: '2025-08-25T14:21:48.116Z', component: 'BookingService', method: 'loadBookings', data: '{"operation":"loadBookings","firebaseError":true}'}
[1A[2KERROR: [36m'Error carregant par├ámetres del sistema:', FirebaseError: [code=invalid-argument]: Expected first argument to collection() to be a CollectionReference, a DocumentReference or FirebaseFirestore
FirebaseError: Expected first argument to collection() to be a CollectionReference, a DocumentReference or FirebaseFirestore[39m
Chrome Headless 139.0.0.0 (Windows 10): Executed 1050 of 1370[31m (272 FAILED)[39m (0 secs / 6.742 secs)
ERROR: 'Error carregant par├ámetres del sistema:', FirebaseError: [code=invalid-argument]: Expected first argument to collection() to be a CollectionReference, a DocumentReference or FirebaseFirestore
FirebaseError: Expected first argument to collection() to be a CollectionReference, a DocumentReference or FirebaseFirestore
[1A[2KERROR: [36m'2025-08-25T14:21:48.123Z ERROR MEDIUM [FirebaseServicesService].loadServices  Expected first argument to collection() to be a CollectionReference, a DocumentReference or FirebaseFirestore'[39m
Chrome Headless 139.0.0.0 (Windows 10): Executed 1050 of 1370[31m (272 FAILED)[39m (0 secs / 6.742 secs)
ERROR: '2025-08-25T14:21:48.123Z ERROR MEDIUM [FirebaseServicesService].loadServices  Expected first argument to collection() to be a CollectionReference, a DocumentReference or FirebaseFirestore'
[1A[2KERROR: [36m'Error Stack:', 'FirebaseError: Expected first argument to collection() to be a CollectionReference, a DocumentReference or FirebaseFirestore'[39m
Chrome Headless 139.0.0.0 (Windows 10): Executed 1050 of 1370[31m (272 FAILED)[39m (0 secs / 6.742 secs)
ERROR: 'Error Stack:', 'FirebaseError: Expected first argument to collection() to be a CollectionReference, a DocumentReference or FirebaseFirestore'
[1A[2KERROR: [36m'Error Context:', Object{timestamp: '2025-08-25T14:21:48.123Z', component: 'FirebaseServicesService', method: 'loadServices', data: '{"operation":"loadServices","firebaseError":true}'}[39m
Chrome Headless 139.0.0.0 (Windows 10): Executed 1050 of 1370[31m (272 FAILED)[39m (0 secs / 6.742 secs)
ERROR: 'Error Context:', Object{timestamp: '2025-08-25T14:21:48.123Z', component: 'FirebaseServicesService', method: 'loadServices', data: '{"operation":"loadServices","firebaseError":true}'}
[1A[2KERROR: [36m'2025-08-25T14:21:48.124Z ERROR MEDIUM [FirebaseServicesService].loadCustomCategories  Expected first argument to collection() to be a CollectionReference, a DocumentReference or FirebaseFirestore'[39m
Chrome Headless 139.0.0.0 (Windows 10): Executed 1050 of 1370[31m (272 FAILED)[39m (0 secs / 6.742 secs)
ERROR: '2025-08-25T14:21:48.124Z ERROR MEDIUM [FirebaseServicesService].loadCustomCategories  Expected first argument to collection() to be a CollectionReference, a DocumentReference or FirebaseFirestore'
[1A[2KERROR: [36m'Error Stack:', 'FirebaseError: Expected first argument to collection() to be a CollectionReference, a DocumentReference or FirebaseFirestore'[39m
Chrome Headless 139.0.0.0 (Windows 10): Executed 1050 of 1370[31m (272 FAILED)[39m (0 secs / 6.742 secs)
ERROR: 'Error Stack:', 'FirebaseError: Expected first argument to collection() to be a CollectionReference, a DocumentReference or FirebaseFirestore'
[1A[2KERROR: [36m'Error Context:', Object{timestamp: '2025-08-25T14:21:48.124Z', component: 'FirebaseServicesService', method: 'loadCustomCategories', data: '{"operation":"loadCustomCategories","firebaseError":true}'}[39m
Chrome Headless 139.0.0.0 (Windows 10): Executed 1050 of 1370[31m (272 FAILED)[39m (0 secs / 6.742 secs)
ERROR: 'Error Context:', Object{timestamp: '2025-08-25T14:21:48.124Z', component: 'FirebaseServicesService', method: 'loadCustomCategories', data: '{"operation":"loadCustomCategories","firebaseError":true}'}
[1A[2KChrome Headless 139.0.0.0 (Windows 10): Executed 1051 of 1370[31m (272 FAILED)[39m (0 secs / 6.748 secs)
[1A[2KERROR: [36m'2025-08-25T14:21:48.125Z ERROR MEDIUM [BookingService].loadBookings  Expected first argument to collection() to be a CollectionReference, a DocumentReference or FirebaseFirestore'[39m
Chrome Headless 139.0.0.0 (Windows 10): Executed 1051 of 1370[31m (272 FAILED)[39m (0 secs / 6.748 secs)
ERROR: '2025-08-25T14:21:48.125Z ERROR MEDIUM [BookingService].loadBookings  Expected first argument to collection() to be a CollectionReference, a DocumentReference or FirebaseFirestore'
[1A[2KERROR: [36m'Error Stack:', 'FirebaseError: Expected first argument to collection() to be a CollectionReference, a DocumentReference or FirebaseFirestore'[39m
Chrome Headless 139.0.0.0 (Windows 10): Executed 1051 of 1370[31m (272 FAILED)[39m (0 secs / 6.748 secs)
ERROR: 'Error Stack:', 'FirebaseError: Expected first argument to collection() to be a CollectionReference, a DocumentReference or FirebaseFirestore'
[1A[2KERROR: [36m'Error Context:', Object{timestamp: '2025-08-25T14:21:48.125Z', component: 'BookingService', method: 'loadBookings', data: '{"operation":"loadBookings","firebaseError":true}'}[39m
Chrome Headless 139.0.0.0 (Windows 10): Executed 1051 of 1370[31m (272 FAILED)[39m (0 secs / 6.748 secs)
ERROR: 'Error Context:', Object{timestamp: '2025-08-25T14:21:48.125Z', component: 'BookingService', method: 'loadBookings', data: '{"operation":"loadBookings","firebaseError":true}'}
[1A[2KERROR: [36m'Error carregant par├ámetres del sistema:', FirebaseError: [code=invalid-argument]: Expected first argument to collection() to be a CollectionReference, a DocumentReference or FirebaseFirestore
FirebaseError: Expected first argument to collection() to be a CollectionReference, a DocumentReference or FirebaseFirestore[39m
Chrome Headless 139.0.0.0 (Windows 10): Executed 1051 of 1370[31m (272 FAILED)[39m (0 secs / 6.748 secs)
ERROR: 'Error carregant par├ámetres del sistema:', FirebaseError: [code=invalid-argument]: Expected first argument to collection() to be a CollectionReference, a DocumentReference or FirebaseFirestore
FirebaseError: Expected first argument to collection() to be a CollectionReference, a DocumentReference or FirebaseFirestore
[1A[2KERROR: [36m'2025-08-25T14:21:48.134Z ERROR MEDIUM [FirebaseServicesService].loadServices  Expected first argument to collection() to be a CollectionReference, a DocumentReference or FirebaseFirestore'[39m
Chrome Headless 139.0.0.0 (Windows 10): Executed 1051 of 1370[31m (272 FAILED)[39m (0 secs / 6.748 secs)
ERROR: '2025-08-25T14:21:48.134Z ERROR MEDIUM [FirebaseServicesService].loadServices  Expected first argument to collection() to be a CollectionReference, a DocumentReference or FirebaseFirestore'
[1A[2KERROR: [36m'Error Stack:', 'FirebaseError: Expected first argument to collection() to be a CollectionReference, a DocumentReference or FirebaseFirestore'[39m
Chrome Headless 139.0.0.0 (Windows 10): Executed 1051 of 1370[31m (272 FAILED)[39m (0 secs / 6.748 secs)
ERROR: 'Error Stack:', 'FirebaseError: Expected first argument to collection() to be a CollectionReference, a DocumentReference or FirebaseFirestore'
[1A[2KERROR: [36m'Error Context:', Object{timestamp: '2025-08-25T14:21:48.134Z', component: 'FirebaseServicesService', method: 'loadServices', data: '{"operation":"loadServices","firebaseError":true}'}[39m
Chrome Headless 139.0.0.0 (Windows 10): Executed 1051 of 1370[31m (272 FAILED)[39m (0 secs / 6.748 secs)
ERROR: 'Error Context:', Object{timestamp: '2025-08-25T14:21:48.134Z', component: 'FirebaseServicesService', method: 'loadServices', data: '{"operation":"loadServices","firebaseError":true}'}
[1A[2KERROR: [36m'2025-08-25T14:21:48.134Z ERROR MEDIUM [FirebaseServicesService].loadCustomCategories  Expected first argument to collection() to be a CollectionReference, a DocumentReference or FirebaseFirestore'[39m
Chrome Headless 139.0.0.0 (Windows 10): Executed 1051 of 1370[31m (272 FAILED)[39m (0 secs / 6.748 secs)
ERROR: '2025-08-25T14:21:48.134Z ERROR MEDIUM [FirebaseServicesService].loadCustomCategories  Expected first argument to collection() to be a CollectionReference, a DocumentReference or FirebaseFirestore'
[1A[2KERROR: [36m'Error Stack:', 'FirebaseError: Expected first argument to collection() to be a CollectionReference, a DocumentReference or FirebaseFirestore'[39m
Chrome Headless 139.0.0.0 (Windows 10): Executed 1051 of 1370[31m (272 FAILED)[39m (0 secs / 6.748 secs)
ERROR: 'Error Stack:', 'FirebaseError: Expected first argument to collection() to be a CollectionReference, a DocumentReference or FirebaseFirestore'
[1A[2KERROR: [36m'Error Context:', Object{timestamp: '2025-08-25T14:21:48.134Z', component: 'FirebaseServicesService', method: 'loadCustomCategories', data: '{"operation":"loadCustomCategories","firebaseError":true}'}[39m
Chrome Headless 139.0.0.0 (Windows 10): Executed 1051 of 1370[31m (272 FAILED)[39m (0 secs / 6.748 secs)
ERROR: 'Error Context:', Object{timestamp: '2025-08-25T14:21:48.134Z', component: 'FirebaseServicesService', method: 'loadCustomCategories', data: '{"operation":"loadCustomCategories","firebaseError":true}'}
[1A[2KChrome Headless 139.0.0.0 (Windows 10): Executed 1052 of 1370[31m (272 FAILED)[39m (0 secs / 6.752 secs)
[1A[2KERROR: [36m'2025-08-25T14:21:48.135Z ERROR MEDIUM [BookingService].loadBookings  Expected first argument to collection() to be a CollectionReference, a DocumentReference or FirebaseFirestore'[39m
Chrome Headless 139.0.0.0 (Windows 10): Executed 1052 of 1370[31m (272 FAILED)[39m (0 secs / 6.752 secs)
ERROR: '2025-08-25T14:21:48.135Z ERROR MEDIUM [BookingService].loadBookings  Expected first argument to collection() to be a CollectionReference, a DocumentReference or FirebaseFirestore'
[1A[2KERROR: [36m'Error Stack:', 'FirebaseError: Expected first argument to collection() to be a CollectionReference, a DocumentReference or FirebaseFirestore'[39m
Chrome Headless 139.0.0.0 (Windows 10): Executed 1052 of 1370[31m (272 FAILED)[39m (0 secs / 6.752 secs)
ERROR: 'Error Stack:', 'FirebaseError: Expected first argument to collection() to be a CollectionReference, a DocumentReference or FirebaseFirestore'
[1A[2KERROR: [36m'Error Context:', Object{timestamp: '2025-08-25T14:21:48.135Z', component: 'BookingService', method: 'loadBookings', data: '{"operation":"loadBookings","firebaseError":true}'}[39m
Chrome Headless 139.0.0.0 (Windows 10): Executed 1052 of 1370[31m (272 FAILED)[39m (0 secs / 6.752 secs)
ERROR: 'Error Context:', Object{timestamp: '2025-08-25T14:21:48.135Z', component: 'BookingService', method: 'loadBookings', data: '{"operation":"loadBookings","firebaseError":true}'}
[1A[2KERROR: [36m'Error carregant par├ámetres del sistema:', FirebaseError: [code=invalid-argument]: Expected first argument to collection() to be a CollectionReference, a DocumentReference or FirebaseFirestore
FirebaseError: Expected first argument to collection() to be a CollectionReference, a DocumentReference or FirebaseFirestore[39m
Chrome Headless 139.0.0.0 (Windows 10): Executed 1052 of 1370[31m (272 FAILED)[39m (0 secs / 6.752 secs)
ERROR: 'Error carregant par├ámetres del sistema:', FirebaseError: [code=invalid-argument]: Expected first argument to collection() to be a CollectionReference, a DocumentReference or FirebaseFirestore
FirebaseError: Expected first argument to collection() to be a CollectionReference, a DocumentReference or FirebaseFirestore
[1A[2KERROR: [36m'2025-08-25T14:21:48.140Z ERROR MEDIUM [FirebaseServicesService].loadServices  Expected first argument to collection() to be a CollectionReference, a DocumentReference or FirebaseFirestore'[39m
Chrome Headless 139.0.0.0 (Windows 10): Executed 1052 of 1370[31m (272 FAILED)[39m (0 secs / 6.752 secs)
ERROR: '2025-08-25T14:21:48.140Z ERROR MEDIUM [FirebaseServicesService].loadServices  Expected first argument to collection() to be a CollectionReference, a DocumentReference or FirebaseFirestore'
[1A[2KERROR: [36m'Error Stack:', 'FirebaseError: Expected first argument to collection() to be a CollectionReference, a DocumentReference or FirebaseFirestore'[39m
Chrome Headless 139.0.0.0 (Windows 10): Executed 1052 of 1370[31m (272 FAILED)[39m (0 secs / 6.752 secs)
ERROR: 'Error Stack:', 'FirebaseError: Expected first argument to collection() to be a CollectionReference, a DocumentReference or FirebaseFirestore'
[1A[2KERROR: [36m'Error Context:', Object{timestamp: '2025-08-25T14:21:48.140Z', component: 'FirebaseServicesService', method: 'loadServices', data: '{"operation":"loadServices","firebaseError":true}'}[39m
Chrome Headless 139.0.0.0 (Windows 10): Executed 1052 of 1370[31m (272 FAILED)[39m (0 secs / 6.752 secs)
ERROR: 'Error Context:', Object{timestamp: '2025-08-25T14:21:48.140Z', component: 'FirebaseServicesService', method: 'loadServices', data: '{"operation":"loadServices","firebaseError":true}'}
[1A[2KERROR: [36m'2025-08-25T14:21:48.140Z ERROR MEDIUM [FirebaseServicesService].loadCustomCategories  Expected first argument to collection() to be a CollectionReference, a DocumentReference or FirebaseFirestore'[39m
Chrome Headless 139.0.0.0 (Windows 10): Executed 1052 of 1370[31m (272 FAILED)[39m (0 secs / 6.752 secs)
ERROR: '2025-08-25T14:21:48.140Z ERROR MEDIUM [FirebaseServicesService].loadCustomCategories  Expected first argument to collection() to be a CollectionReference, a DocumentReference or FirebaseFirestore'
[1A[2KERROR: [36m'Error Stack:', 'FirebaseError: Expected first argument to collection() to be a CollectionReference, a DocumentReference or FirebaseFirestore'[39m
Chrome Headless 139.0.0.0 (Windows 10): Executed 1052 of 1370[31m (272 FAILED)[39m (0 secs / 6.752 secs)
ERROR: 'Error Stack:', 'FirebaseError: Expected first argument to collection() to be a CollectionReference, a DocumentReference or FirebaseFirestore'
[1A[2KERROR: [36m'Error Context:', Object{timestamp: '2025-08-25T14:21:48.140Z', component: 'FirebaseServicesService', method: 'loadCustomCategories', data: '{"operation":"loadCustomCategories","firebaseError":true}'}[39m
Chrome Headless 139.0.0.0 (Windows 10): Executed 1052 of 1370[31m (272 FAILED)[39m (0 secs / 6.752 secs)
ERROR: 'Error Context:', Object{timestamp: '2025-08-25T14:21:48.140Z', component: 'FirebaseServicesService', method: 'loadCustomCategories', data: '{"operation":"loadCustomCategories","firebaseError":true}'}
[1A[2KChrome Headless 139.0.0.0 (Windows 10): Executed 1053 of 1370[31m (272 FAILED)[39m (0 secs / 6.755 secs)
[1A[2KERROR: [36m'2025-08-25T14:21:48.141Z ERROR MEDIUM [BookingService].loadBookings  Expected first argument to collection() to be a CollectionReference, a DocumentReference or FirebaseFirestore'[39m
Chrome Headless 139.0.0.0 (Windows 10): Executed 1053 of 1370[31m (272 FAILED)[39m (0 secs / 6.755 secs)
ERROR: '2025-08-25T14:21:48.141Z ERROR MEDIUM [BookingService].loadBookings  Expected first argument to collection() to be a CollectionReference, a DocumentReference or FirebaseFirestore'
[1A[2KERROR: [36m'Error Stack:', 'FirebaseError: Expected first argument to collection() to be a CollectionReference, a DocumentReference or FirebaseFirestore'[39m
Chrome Headless 139.0.0.0 (Windows 10): Executed 1053 of 1370[31m (272 FAILED)[39m (0 secs / 6.755 secs)
ERROR: 'Error Stack:', 'FirebaseError: Expected first argument to collection() to be a CollectionReference, a DocumentReference or FirebaseFirestore'
[1A[2KERROR: [36m'Error Context:', Object{timestamp: '2025-08-25T14:21:48.141Z', component: 'BookingService', method: 'loadBookings', data: '{"operation":"loadBookings","firebaseError":true}'}[39m
Chrome Headless 139.0.0.0 (Windows 10): Executed 1053 of 1370[31m (272 FAILED)[39m (0 secs / 6.755 secs)
ERROR: 'Error Context:', Object{timestamp: '2025-08-25T14:21:48.141Z', component: 'BookingService', method: 'loadBookings', data: '{"operation":"loadBookings","firebaseError":true}'}
[1A[2KERROR: [36m'Error carregant par├ámetres del sistema:', FirebaseError: [code=invalid-argument]: Expected first argument to collection() to be a CollectionReference, a DocumentReference or FirebaseFirestore
FirebaseError: Expected first argument to collection() to be a CollectionReference, a DocumentReference or FirebaseFirestore[39m
Chrome Headless 139.0.0.0 (Windows 10): Executed 1053 of 1370[31m (272 FAILED)[39m (0 secs / 6.755 secs)
ERROR: 'Error carregant par├ámetres del sistema:', FirebaseError: [code=invalid-argument]: Expected first argument to collection() to be a CollectionReference, a DocumentReference or FirebaseFirestore
FirebaseError: Expected first argument to collection() to be a CollectionReference, a DocumentReference or FirebaseFirestore
[1A[2KERROR: [36m'2025-08-25T14:21:48.149Z ERROR MEDIUM [FirebaseServicesService].loadServices  Expected first argument to collection() to be a CollectionReference, a DocumentReference or FirebaseFirestore'[39m
Chrome Headless 139.0.0.0 (Windows 10): Executed 1053 of 1370[31m (272 FAILED)[39m (0 secs / 6.755 secs)
ERROR: '2025-08-25T14:21:48.149Z ERROR MEDIUM [FirebaseServicesService].loadServices  Expected first argument to collection() to be a CollectionReference, a DocumentReference or FirebaseFirestore'
[1A[2KERROR: [36m'Error Stack:', 'FirebaseError: Expected first argument to collection() to be a CollectionReference, a DocumentReference or FirebaseFirestore'[39m
Chrome Headless 139.0.0.0 (Windows 10): Executed 1053 of 1370[31m (272 FAILED)[39m (0 secs / 6.755 secs)
ERROR: 'Error Stack:', 'FirebaseError: Expected first argument to collection() to be a CollectionReference, a DocumentReference or FirebaseFirestore'
[1A[2KERROR: [36m'Error Context:', Object{timestamp: '2025-08-25T14:21:48.149Z', component: 'FirebaseServicesService', method: 'loadServices', data: '{"operation":"loadServices","firebaseError":true}'}[39m
Chrome Headless 139.0.0.0 (Windows 10): Executed 1053 of 1370[31m (272 FAILED)[39m (0 secs / 6.755 secs)
ERROR: 'Error Context:', Object{timestamp: '2025-08-25T14:21:48.149Z', component: 'FirebaseServicesService', method: 'loadServices', data: '{"operation":"loadServices","firebaseError":true}'}
[1A[2KERROR: [36m'2025-08-25T14:21:48.149Z ERROR MEDIUM [FirebaseServicesService].loadCustomCategories  Expected first argument to collection() to be a CollectionReference, a DocumentReference or FirebaseFirestore'[39m
Chrome Headless 139.0.0.0 (Windows 10): Executed 1053 of 1370[31m (272 FAILED)[39m (0 secs / 6.755 secs)
ERROR: '2025-08-25T14:21:48.149Z ERROR MEDIUM [FirebaseServicesService].loadCustomCategories  Expected first argument to collection() to be a CollectionReference, a DocumentReference or FirebaseFirestore'
[1A[2KERROR: [36m'Error Stack:', 'FirebaseError: Expected first argument to collection() to be a CollectionReference, a DocumentReference or FirebaseFirestore'[39m
Chrome Headless 139.0.0.0 (Windows 10): Executed 1053 of 1370[31m (272 FAILED)[39m (0 secs / 6.755 secs)
ERROR: 'Error Stack:', 'FirebaseError: Expected first argument to collection() to be a CollectionReference, a DocumentReference or FirebaseFirestore'
[1A[2KERROR: [36m'Error Context:', Object{timestamp: '2025-08-25T14:21:48.149Z', component: 'FirebaseServicesService', method: 'loadCustomCategories', data: '{"operation":"loadCustomCategories","firebaseError":true}'}[39m
Chrome Headless 139.0.0.0 (Windows 10): Executed 1053 of 1370[31m (272 FAILED)[39m (0 secs / 6.755 secs)
ERROR: 'Error Context:', Object{timestamp: '2025-08-25T14:21:48.149Z', component: 'FirebaseServicesService', method: 'loadCustomCategories', data: '{"operation":"loadCustomCategories","firebaseError":true}'}
[1A[2KChrome Headless 139.0.0.0 (Windows 10): Executed 1054 of 1370[31m (272 FAILED)[39m (0 secs / 6.758 secs)
[1A[2KERROR: [36m'2025-08-25T14:21:48.150Z ERROR MEDIUM [BookingService].loadBookings  Expected first argument to collection() to be a CollectionReference, a DocumentReference or FirebaseFirestore'[39m
Chrome Headless 139.0.0.0 (Windows 10): Executed 1054 of 1370[31m (272 FAILED)[39m (0 secs / 6.758 secs)
ERROR: '2025-08-25T14:21:48.150Z ERROR MEDIUM [BookingService].loadBookings  Expected first argument to collection() to be a CollectionReference, a DocumentReference or FirebaseFirestore'
[1A[2KERROR: [36m'Error Stack:', 'FirebaseError: Expected first argument to collection() to be a CollectionReference, a DocumentReference or FirebaseFirestore'[39m
Chrome Headless 139.0.0.0 (Windows 10): Executed 1054 of 1370[31m (272 FAILED)[39m (0 secs / 6.758 secs)
ERROR: 'Error Stack:', 'FirebaseError: Expected first argument to collection() to be a CollectionReference, a DocumentReference or FirebaseFirestore'
[1A[2KERROR: [36m'Error Context:', Object{timestamp: '2025-08-25T14:21:48.150Z', component: 'BookingService', method: 'loadBookings', data: '{"operation":"loadBookings","firebaseError":true}'}[39m
Chrome Headless 139.0.0.0 (Windows 10): Executed 1054 of 1370[31m (272 FAILED)[39m (0 secs / 6.758 secs)
ERROR: 'Error Context:', Object{timestamp: '2025-08-25T14:21:48.150Z', component: 'BookingService', method: 'loadBookings', data: '{"operation":"loadBookings","firebaseError":true}'}
[1A[2KERROR: [36m'Error carregant par├ámetres del sistema:', FirebaseError: [code=invalid-argument]: Expected first argument to collection() to be a CollectionReference, a DocumentReference or FirebaseFirestore
FirebaseError: Expected first argument to collection() to be a CollectionReference, a DocumentReference or FirebaseFirestore[39m
Chrome Headless 139.0.0.0 (Windows 10): Executed 1054 of 1370[31m (272 FAILED)[39m (0 secs / 6.758 secs)
ERROR: 'Error carregant par├ámetres del sistema:', FirebaseError: [code=invalid-argument]: Expected first argument to collection() to be a CollectionReference, a DocumentReference or FirebaseFirestore
FirebaseError: Expected first argument to collection() to be a CollectionReference, a DocumentReference or FirebaseFirestore
[1A[2KERROR: [36m'2025-08-25T14:21:48.154Z ERROR MEDIUM [FirebaseServicesService].loadServices  Expected first argument to collection() to be a CollectionReference, a DocumentReference or FirebaseFirestore'[39m
Chrome Headless 139.0.0.0 (Windows 10): Executed 1054 of 1370[31m (272 FAILED)[39m (0 secs / 6.758 secs)
ERROR: '2025-08-25T14:21:48.154Z ERROR MEDIUM [FirebaseServicesService].loadServices  Expected first argument to collection() to be a CollectionReference, a DocumentReference or FirebaseFirestore'
[1A[2KERROR: [36m'Error Stack:', 'FirebaseError: Expected first argument to collection() to be a CollectionReference, a DocumentReference or FirebaseFirestore'[39m
Chrome Headless 139.0.0.0 (Windows 10): Executed 1054 of 1370[31m (272 FAILED)[39m (0 secs / 6.758 secs)
ERROR: 'Error Stack:', 'FirebaseError: Expected first argument to collection() to be a CollectionReference, a DocumentReference or FirebaseFirestore'
[1A[2KERROR: [36m'Error Context:', Object{timestamp: '2025-08-25T14:21:48.154Z', component: 'FirebaseServicesService', method: 'loadServices', data: '{"operation":"loadServices","firebaseError":true}'}[39m
Chrome Headless 139.0.0.0 (Windows 10): Executed 1054 of 1370[31m (272 FAILED)[39m (0 secs / 6.758 secs)
ERROR: 'Error Context:', Object{timestamp: '2025-08-25T14:21:48.154Z', component: 'FirebaseServicesService', method: 'loadServices', data: '{"operation":"loadServices","firebaseError":true}'}
[1A[2KERROR: [36m'2025-08-25T14:21:48.155Z ERROR MEDIUM [FirebaseServicesService].loadCustomCategories  Expected first argument to collection() to be a CollectionReference, a DocumentReference or FirebaseFirestore'[39m
Chrome Headless 139.0.0.0 (Windows 10): Executed 1054 of 1370[31m (272 FAILED)[39m (0 secs / 6.758 secs)
ERROR: '2025-08-25T14:21:48.155Z ERROR MEDIUM [FirebaseServicesService].loadCustomCategories  Expected first argument to collection() to be a CollectionReference, a DocumentReference or FirebaseFirestore'
[1A[2KERROR: [36m'Error Stack:', 'FirebaseError: Expected first argument to collection() to be a CollectionReference, a DocumentReference or FirebaseFirestore'[39m
Chrome Headless 139.0.0.0 (Windows 10): Executed 1054 of 1370[31m (272 FAILED)[39m (0 secs / 6.758 secs)
ERROR: 'Error Stack:', 'FirebaseError: Expected first argument to collection() to be a CollectionReference, a DocumentReference or FirebaseFirestore'
[1A[2KERROR: [36m'Error Context:', Object{timestamp: '2025-08-25T14:21:48.155Z', component: 'FirebaseServicesService', method: 'loadCustomCategories', data: '{"operation":"loadCustomCategories","firebaseError":true}'}[39m
Chrome Headless 139.0.0.0 (Windows 10): Executed 1054 of 1370[31m (272 FAILED)[39m (0 secs / 6.758 secs)
ERROR: 'Error Context:', Object{timestamp: '2025-08-25T14:21:48.155Z', component: 'FirebaseServicesService', method: 'loadCustomCategories', data: '{"operation":"loadCustomCategories","firebaseError":true}'}
[1A[2KChrome Headless 139.0.0.0 (Windows 10): Executed 1055 of 1370[31m (272 FAILED)[39m (0 secs / 6.761 secs)
[1A[2KERROR: [36m'2025-08-25T14:21:48.156Z ERROR MEDIUM [BookingService].loadBookings  Expected first argument to collection() to be a CollectionReference, a DocumentReference or FirebaseFirestore'[39m
Chrome Headless 139.0.0.0 (Windows 10): Executed 1055 of 1370[31m (272 FAILED)[39m (0 secs / 6.761 secs)
ERROR: '2025-08-25T14:21:48.156Z ERROR MEDIUM [BookingService].loadBookings  Expected first argument to collection() to be a CollectionReference, a DocumentReference or FirebaseFirestore'
[1A[2KERROR: [36m'Error Stack:', 'FirebaseError: Expected first argument to collection() to be a CollectionReference, a DocumentReference or FirebaseFirestore'[39m
Chrome Headless 139.0.0.0 (Windows 10): Executed 1055 of 1370[31m (272 FAILED)[39m (0 secs / 6.761 secs)
ERROR: 'Error Stack:', 'FirebaseError: Expected first argument to collection() to be a CollectionReference, a DocumentReference or FirebaseFirestore'
[1A[2KERROR: [36m'Error Context:', Object{timestamp: '2025-08-25T14:21:48.156Z', component: 'BookingService', method: 'loadBookings', data: '{"operation":"loadBookings","firebaseError":true}'}[39m
Chrome Headless 139.0.0.0 (Windows 10): Executed 1055 of 1370[31m (272 FAILED)[39m (0 secs / 6.761 secs)
ERROR: 'Error Context:', Object{timestamp: '2025-08-25T14:21:48.156Z', component: 'BookingService', method: 'loadBookings', data: '{"operation":"loadBookings","firebaseError":true}'}
[1A[2KERROR: [36m'Error carregant par├ámetres del sistema:', FirebaseError: [code=invalid-argument]: Expected first argument to collection() to be a CollectionReference, a DocumentReference or FirebaseFirestore
FirebaseError: Expected first argument to collection() to be a CollectionReference, a DocumentReference or FirebaseFirestore[39m
Chrome Headless 139.0.0.0 (Windows 10): Executed 1055 of 1370[31m (272 FAILED)[39m (0 secs / 6.761 secs)
ERROR: 'Error carregant par├ámetres del sistema:', FirebaseError: [code=invalid-argument]: Expected first argument to collection() to be a CollectionReference, a DocumentReference or FirebaseFirestore
FirebaseError: Expected first argument to collection() to be a CollectionReference, a DocumentReference or FirebaseFirestore
[1A[2KERROR: [36m'2025-08-25T14:21:48.162Z ERROR MEDIUM [FirebaseServicesService].loadServices  Expected first argument to collection() to be a CollectionReference, a DocumentReference or FirebaseFirestore'[39m
Chrome Headless 139.0.0.0 (Windows 10): Executed 1055 of 1370[31m (272 FAILED)[39m (0 secs / 6.761 secs)
ERROR: '2025-08-25T14:21:48.162Z ERROR MEDIUM [FirebaseServicesService].loadServices  Expected first argument to collection() to be a CollectionReference, a DocumentReference or FirebaseFirestore'
[1A[2KERROR: [36m'Error Stack:', 'FirebaseError: Expected first argument to collection() to be a CollectionReference, a DocumentReference or FirebaseFirestore'[39m
Chrome Headless 139.0.0.0 (Windows 10): Executed 1055 of 1370[31m (272 FAILED)[39m (0 secs / 6.761 secs)
ERROR: 'Error Stack:', 'FirebaseError: Expected first argument to collection() to be a CollectionReference, a DocumentReference or FirebaseFirestore'
[1A[2KERROR: [36m'Error Context:', Object{timestamp: '2025-08-25T14:21:48.162Z', component: 'FirebaseServicesService', method: 'loadServices', data: '{"operation":"loadServices","firebaseError":true}'}[39m
Chrome Headless 139.0.0.0 (Windows 10): Executed 1055 of 1370[31m (272 FAILED)[39m (0 secs / 6.761 secs)
ERROR: 'Error Context:', Object{timestamp: '2025-08-25T14:21:48.162Z', component: 'FirebaseServicesService', method: 'loadServices', data: '{"operation":"loadServices","firebaseError":true}'}
[1A[2KERROR: [36m'2025-08-25T14:21:48.163Z ERROR MEDIUM [FirebaseServicesService].loadCustomCategories  Expected first argument to collection() to be a CollectionReference, a DocumentReference or FirebaseFirestore'[39m
Chrome Headless 139.0.0.0 (Windows 10): Executed 1055 of 1370[31m (272 FAILED)[39m (0 secs / 6.761 secs)
ERROR: '2025-08-25T14:21:48.163Z ERROR MEDIUM [FirebaseServicesService].loadCustomCategories  Expected first argument to collection() to be a CollectionReference, a DocumentReference or FirebaseFirestore'
[1A[2KERROR: [36m'Error Stack:', 'FirebaseError: Expected first argument to collection() to be a CollectionReference, a DocumentReference or FirebaseFirestore'[39m
Chrome Headless 139.0.0.0 (Windows 10): Executed 1055 of 1370[31m (272 FAILED)[39m (0 secs / 6.761 secs)
ERROR: 'Error Stack:', 'FirebaseError: Expected first argument to collection() to be a CollectionReference, a DocumentReference or FirebaseFirestore'
[1A[2KERROR: [36m'Error Context:', Object{timestamp: '2025-08-25T14:21:48.163Z', component: 'FirebaseServicesService', method: 'loadCustomCategories', data: '{"operation":"loadCustomCategories","firebaseError":true}'}[39m
Chrome Headless 139.0.0.0 (Windows 10): Executed 1055 of 1370[31m (272 FAILED)[39m (0 secs / 6.761 secs)
ERROR: 'Error Context:', Object{timestamp: '2025-08-25T14:21:48.163Z', component: 'FirebaseServicesService', method: 'loadCustomCategories', data: '{"operation":"loadCustomCategories","firebaseError":true}'}
[1A[2KChrome Headless 139.0.0.0 (Windows 10): Executed 1056 of 1370[31m (272 FAILED)[39m (0 secs / 6.767 secs)
[1A[2KERROR: [36m'2025-08-25T14:21:48.163Z ERROR MEDIUM [BookingService].loadBookings  Expected first argument to collection() to be a CollectionReference, a DocumentReference or FirebaseFirestore'[39m
Chrome Headless 139.0.0.0 (Windows 10): Executed 1056 of 1370[31m (272 FAILED)[39m (0 secs / 6.767 secs)
ERROR: '2025-08-25T14:21:48.163Z ERROR MEDIUM [BookingService].loadBookings  Expected first argument to collection() to be a CollectionReference, a DocumentReference or FirebaseFirestore'
[1A[2KERROR: [36m'Error Stack:', 'FirebaseError: Expected first argument to collection() to be a CollectionReference, a DocumentReference or FirebaseFirestore'[39m
Chrome Headless 139.0.0.0 (Windows 10): Executed 1056 of 1370[31m (272 FAILED)[39m (0 secs / 6.767 secs)
ERROR: 'Error Stack:', 'FirebaseError: Expected first argument to collection() to be a CollectionReference, a DocumentReference or FirebaseFirestore'
[1A[2KERROR: [36m'Error Context:', Object{timestamp: '2025-08-25T14:21:48.163Z', component: 'BookingService', method: 'loadBookings', data: '{"operation":"loadBookings","firebaseError":true}'}[39m
Chrome Headless 139.0.0.0 (Windows 10): Executed 1056 of 1370[31m (272 FAILED)[39m (0 secs / 6.767 secs)
ERROR: 'Error Context:', Object{timestamp: '2025-08-25T14:21:48.163Z', component: 'BookingService', method: 'loadBookings', data: '{"operation":"loadBookings","firebaseError":true}'}
[1A[2KERROR: [36m'Error carregant par├ámetres del sistema:', FirebaseError: [code=invalid-argument]: Expected first argument to collection() to be a CollectionReference, a DocumentReference or FirebaseFirestore
FirebaseError: Expected first argument to collection() to be a CollectionReference, a DocumentReference or FirebaseFirestore[39m
Chrome Headless 139.0.0.0 (Windows 10): Executed 1056 of 1370[31m (272 FAILED)[39m (0 secs / 6.767 secs)
ERROR: 'Error carregant par├ámetres del sistema:', FirebaseError: [code=invalid-argument]: Expected first argument to collection() to be a CollectionReference, a DocumentReference or FirebaseFirestore
FirebaseError: Expected first argument to collection() to be a CollectionReference, a DocumentReference or FirebaseFirestore
[1A[2KERROR: [36m'2025-08-25T14:21:48.167Z ERROR MEDIUM [FirebaseServicesService].loadServices  Expected first argument to collection() to be a CollectionReference, a DocumentReference or FirebaseFirestore'[39m
Chrome Headless 139.0.0.0 (Windows 10): Executed 1056 of 1370[31m (272 FAILED)[39m (0 secs / 6.767 secs)
ERROR: '2025-08-25T14:21:48.167Z ERROR MEDIUM [FirebaseServicesService].loadServices  Expected first argument to collection() to be a CollectionReference, a DocumentReference or FirebaseFirestore'
[1A[2KERROR: [36m'Error Stack:', 'FirebaseError: Expected first argument to collection() to be a CollectionReference, a DocumentReference or FirebaseFirestore'[39m
Chrome Headless 139.0.0.0 (Windows 10): Executed 1056 of 1370[31m (272 FAILED)[39m (0 secs / 6.767 secs)
ERROR: 'Error Stack:', 'FirebaseError: Expected first argument to collection() to be a CollectionReference, a DocumentReference or FirebaseFirestore'
[1A[2KERROR: [36m'Error Context:', Object{timestamp: '2025-08-25T14:21:48.167Z', component: 'FirebaseServicesService', method: 'loadServices', data: '{"operation":"loadServices","firebaseError":true}'}[39m
Chrome Headless 139.0.0.0 (Windows 10): Executed 1056 of 1370[31m (272 FAILED)[39m (0 secs / 6.767 secs)
ERROR: 'Error Context:', Object{timestamp: '2025-08-25T14:21:48.167Z', component: 'FirebaseServicesService', method: 'loadServices', data: '{"operation":"loadServices","firebaseError":true}'}
[1A[2KERROR: [36m'2025-08-25T14:21:48.168Z ERROR MEDIUM [FirebaseServicesService].loadCustomCategories  Expected first argument to collection() to be a CollectionReference, a DocumentReference or FirebaseFirestore'[39m
Chrome Headless 139.0.0.0 (Windows 10): Executed 1056 of 1370[31m (272 FAILED)[39m (0 secs / 6.767 secs)
ERROR: '2025-08-25T14:21:48.168Z ERROR MEDIUM [FirebaseServicesService].loadCustomCategories  Expected first argument to collection() to be a CollectionReference, a DocumentReference or FirebaseFirestore'
[1A[2KERROR: [36m'Error Stack:', 'FirebaseError: Expected first argument to collection() to be a CollectionReference, a DocumentReference or FirebaseFirestore'[39m
Chrome Headless 139.0.0.0 (Windows 10): Executed 1056 of 1370[31m (272 FAILED)[39m (0 secs / 6.767 secs)
ERROR: 'Error Stack:', 'FirebaseError: Expected first argument to collection() to be a CollectionReference, a DocumentReference or FirebaseFirestore'
[1A[2KERROR: [36m'Error Context:', Object{timestamp: '2025-08-25T14:21:48.168Z', component: 'FirebaseServicesService', method: 'loadCustomCategories', data: '{"operation":"loadCustomCategories","firebaseError":true}'}[39m
Chrome Headless 139.0.0.0 (Windows 10): Executed 1056 of 1370[31m (272 FAILED)[39m (0 secs / 6.767 secs)
ERROR: 'Error Context:', Object{timestamp: '2025-08-25T14:21:48.168Z', component: 'FirebaseServicesService', method: 'loadCustomCategories', data: '{"operation":"loadCustomCategories","firebaseError":true}'}
[1A[2KChrome Headless 139.0.0.0 (Windows 10): Executed 1057 of 1370[31m (272 FAILED)[39m (0 secs / 6.77 secs)
[1A[2KERROR: [36m'2025-08-25T14:21:48.169Z ERROR MEDIUM [BookingService].loadBookings  Expected first argument to collection() to be a CollectionReference, a DocumentReference or FirebaseFirestore'[39m
Chrome Headless 139.0.0.0 (Windows 10): Executed 1057 of 1370[31m (272 FAILED)[39m (0 secs / 6.77 secs)
ERROR: '2025-08-25T14:21:48.169Z ERROR MEDIUM [BookingService].loadBookings  Expected first argument to collection() to be a CollectionReference, a DocumentReference or FirebaseFirestore'
[1A[2KERROR: [36m'Error Stack:', 'FirebaseError: Expected first argument to collection() to be a CollectionReference, a DocumentReference or FirebaseFirestore'[39m
Chrome Headless 139.0.0.0 (Windows 10): Executed 1057 of 1370[31m (272 FAILED)[39m (0 secs / 6.77 secs)
ERROR: 'Error Stack:', 'FirebaseError: Expected first argument to collection() to be a CollectionReference, a DocumentReference or FirebaseFirestore'
[1A[2KERROR: [36m'Error Context:', Object{timestamp: '2025-08-25T14:21:48.169Z', component: 'BookingService', method: 'loadBookings', data: '{"operation":"loadBookings","firebaseError":true}'}[39m
Chrome Headless 139.0.0.0 (Windows 10): Executed 1057 of 1370[31m (272 FAILED)[39m (0 secs / 6.77 secs)
ERROR: 'Error Context:', Object{timestamp: '2025-08-25T14:21:48.169Z', component: 'BookingService', method: 'loadBookings', data: '{"operation":"loadBookings","firebaseError":true}'}
[1A[2KChrome Headless 139.0.0.0 (Windows 10): Executed 1058 of 1370[31m (272 FAILED)[39m (0 secs / 6.772 secs)
[1A[2KChrome Headless 139.0.0.0 (Windows 10): Executed 1059 of 1370[31m (272 FAILED)[39m (0 secs / 6.773 secs)
[1A[2KChrome Headless 139.0.0.0 (Windows 10): Executed 1060 of 1370[31m (272 FAILED)[39m (0 secs / 6.775 secs)
[1A[2KChrome Headless 139.0.0.0 (Windows 10): Executed 1061 of 1370[31m (272 FAILED)[39m (0 secs / 6.776 secs)
[1A[2KChrome Headless 139.0.0.0 (Windows 10): Executed 1062 of 1370[31m (272 FAILED)[39m (0 secs / 6.777 secs)
[1A[2KChrome Headless 139.0.0.0 (Windows 10): Executed 1063 of 1370[31m (272 FAILED)[39m (0 secs / 6.778 secs)
[1A[2KChrome Headless 139.0.0.0 (Windows 10): Executed 1064 of 1370[31m (272 FAILED)[39m (0 secs / 6.779 secs)
[1A[2KChrome Headless 139.0.0.0 (Windows 10): Executed 1065 of 1370[31m (272 FAILED)[39m (0 secs / 6.781 secs)
[1A[2KChrome Headless 139.0.0.0 (Windows 10): Executed 1066 of 1370[31m (272 FAILED)[39m (0 secs / 6.783 secs)
[1A[2KChrome Headless 139.0.0.0 (Windows 10): Executed 1067 of 1370[31m (272 FAILED)[39m (0 secs / 6.785 secs)
[1A[2KChrome Headless 139.0.0.0 (Windows 10): Executed 1068 of 1370[31m (272 FAILED)[39m (0 secs / 6.786 secs)
[1A[2KChrome Headless 139.0.0.0 (Windows 10): Executed 1069 of 1370[31m (272 FAILED)[39m (0 secs / 6.787 secs)
[1A[2KChrome Headless 139.0.0.0 (Windows 10): Executed 1070 of 1370[31m (272 FAILED)[39m (0 secs / 6.788 secs)
[1A[2KChrome Headless 139.0.0.0 (Windows 10): Executed 1071 of 1370[31m (272 FAILED)[39m (0 secs / 6.789 secs)
[1A[2KChrome Headless 139.0.0.0 (Windows 10): Executed 1072 of 1370[31m (272 FAILED)[39m (0 secs / 6.791 secs)
[1A[2KChrome Headless 139.0.0.0 (Windows 10): Executed 1073 of 1370[31m (272 FAILED)[39m (0 secs / 6.792 secs)
[1A[2KChrome Headless 139.0.0.0 (Windows 10): Executed 1074 of 1370[31m (272 FAILED)[39m (0 secs / 6.794 secs)
[1A[2KChrome Headless 139.0.0.0 (Windows 10): Executed 1075 of 1370[31m (272 FAILED)[39m (0 secs / 6.795 secs)
[1A[2KChrome Headless 139.0.0.0 (Windows 10): Executed 1076 of 1370[31m (272 FAILED)[39m (0 secs / 6.797 secs)
[1A[2KChrome Headless 139.0.0.0 (Windows 10): Executed 1077 of 1370[31m (272 FAILED)[39m (0 secs / 6.798 secs)
[1A[2KChrome Headless 139.0.0.0 (Windows 10): Executed 1078 of 1370[31m (272 FAILED)[39m (0 secs / 6.805 secs)
[1A[2KChrome Headless 139.0.0.0 (Windows 10): Executed 1079 of 1370[31m (272 FAILED)[39m (0 secs / 6.807 secs)
[1A[2KChrome Headless 139.0.0.0 (Windows 10): Executed 1080 of 1370[31m (272 FAILED)[39m (0 secs / 6.809 secs)
[1A[2KChrome Headless 139.0.0.0 (Windows 10): Executed 1081 of 1370[31m (272 FAILED)[39m (0 secs / 6.81 secs)
[1A[2KChrome Headless 139.0.0.0 (Windows 10): Executed 1082 of 1370[31m (272 FAILED)[39m (0 secs / 6.811 secs)
[1A[2KChrome Headless 139.0.0.0 (Windows 10): Executed 1083 of 1370[31m (272 FAILED)[39m (0 secs / 6.813 secs)
[1A[2KChrome Headless 139.0.0.0 (Windows 10): Executed 1084 of 1370[31m (272 FAILED)[39m (0 secs / 6.815 secs)
[1A[2KChrome Headless 139.0.0.0 (Windows 10): Executed 1085 of 1370[31m (272 FAILED)[39m (0 secs / 6.817 secs)
[1A[2KChrome Headless 139.0.0.0 (Windows 10): Executed 1086 of 1370[31m (272 FAILED)[39m (0 secs / 6.819 secs)
[1A[2KChrome Headless 139.0.0.0 (Windows 10): Executed 1087 of 1370[31m (272 FAILED)[39m (0 secs / 6.82 secs)
[1A[2KChrome Headless 139.0.0.0 (Windows 10): Executed 1088 of 1370[31m (272 FAILED)[39m (0 secs / 6.821 secs)
[1A[2KChrome Headless 139.0.0.0 (Windows 10): Executed 1089 of 1370[31m (272 FAILED)[39m (0 secs / 6.823 secs)
[1A[2KChrome Headless 139.0.0.0 (Windows 10): Executed 1090 of 1370[31m (272 FAILED)[39m (0 secs / 6.824 secs)
[1A[2KChrome Headless 139.0.0.0 (Windows 10): Executed 1091 of 1370[31m (272 FAILED)[39m (0 secs / 6.825 secs)
[1A[2KChrome Headless 139.0.0.0 (Windows 10): Executed 1092 of 1370[31m (272 FAILED)[39m (0 secs / 6.827 secs)
[1A[2KChrome Headless 139.0.0.0 (Windows 10): Executed 1093 of 1370[31m (272 FAILED)[39m (0 secs / 6.828 secs)
[1A[2KChrome Headless 139.0.0.0 (Windows 10): Executed 1094 of 1370[31m (272 FAILED)[39m (0 secs / 6.829 secs)
[1A[2KChrome Headless 139.0.0.0 (Windows 10): Executed 1095 of 1370[31m (272 FAILED)[39m (0 secs / 6.83 secs)
[1A[2KChrome Headless 139.0.0.0 (Windows 10): Executed 1096 of 1370[31m (272 FAILED)[39m (0 secs / 6.831 secs)
[1A[2KChrome Headless 139.0.0.0 (Windows 10): Executed 1097 of 1370[31m (272 FAILED)[39m (0 secs / 6.832 secs)
[1A[2KChrome Headless 139.0.0.0 (Windows 10): Executed 1098 of 1370[31m (272 FAILED)[39m (0 secs / 6.835 secs)
[1A[2KChrome Headless 139.0.0.0 (Windows 10): Executed 1099 of 1370[31m (272 FAILED)[39m (0 secs / 6.836 secs)
[1A[2KChrome Headless 139.0.0.0 (Windows 10): Executed 1100 of 1370[31m (272 FAILED)[39m (0 secs / 6.838 secs)
[1A[2KChrome Headless 139.0.0.0 (Windows 10): Executed 1101 of 1370[31m (272 FAILED)[39m (0 secs / 6.839 secs)
[1A[2KChrome Headless 139.0.0.0 (Windows 10): Executed 1102 of 1370[31m (272 FAILED)[39m (0 secs / 6.841 secs)
[1A[2KChrome Headless 139.0.0.0 (Windows 10): Executed 1103 of 1370[31m (272 FAILED)[39m (0 secs / 6.843 secs)
[1A[2KChrome Headless 139.0.0.0 (Windows 10): Executed 1104 of 1370[31m (272 FAILED)[39m (0 secs / 6.844 secs)
[1A[2KChrome Headless 139.0.0.0 (Windows 10): Executed 1105 of 1370[31m (272 FAILED)[39m (0 secs / 6.845 secs)
[1A[2KChrome Headless 139.0.0.0 (Windows 10): Executed 1106 of 1370[31m (272 FAILED)[39m (0 secs / 6.848 secs)
[1A[2KChrome Headless 139.0.0.0 (Windows 10): Executed 1107 of 1370[31m (272 FAILED)[39m (0 secs / 6.851 secs)
[1A[2KChrome Headless 139.0.0.0 (Windows 10): Executed 1108 of 1370[31m (272 FAILED)[39m (0 secs / 6.853 secs)
[1A[2KChrome Headless 139.0.0.0 (Windows 10): Executed 1109 of 1370[31m (272 FAILED)[39m (0 secs / 6.855 secs)
[1A[2KChrome Headless 139.0.0.0 (Windows 10): Executed 1110 of 1370[31m (272 FAILED)[39m (0 secs / 6.857 secs)
[1A[2KChrome Headless 139.0.0.0 (Windows 10): Executed 1111 of 1370[31m (272 FAILED)[39m (0 secs / 6.859 secs)
[1A[2KChrome Headless 139.0.0.0 (Windows 10): Executed 1112 of 1370[31m (272 FAILED)[39m (0 secs / 6.862 secs)
[1A[2K[31mChrome Headless 139.0.0.0 (Windows 10) ServiceSelectionPopupComponent should not throw errors during rendering FAILED[39m
	Expected function not to throw, but it threw TypeError: this.translate.onTranslationChange.subscribe is not a function.
	    at <Jasmine>
	    at UserContext.<anonymous> (spec-service-selection-popup.component.spec.js:477:47)
	    at _ZoneDelegate.invoke (node_modules/zone.js/fesm2015/zone.js:398:28)
	    at _ProxyZoneSpec.onInvoke (node_modules/zone.js/fesm2015/zone-testing.js:2132:39)
	    at _ZoneDelegate.invoke (node_modules/zone.js/fesm2015/zone.js:397:34)
Chrome Headless 139.0.0.0 (Windows 10): Executed 1113 of 1370[31m (273 FAILED)[39m (0 secs / 6.865 secs)
[1A[2KChrome Headless 139.0.0.0 (Windows 10): Executed 1114 of 1370[31m (273 FAILED)[39m (0 secs / 6.868 secs)
[1A[2KChrome Headless 139.0.0.0 (Windows 10): Executed 1115 of 1370[31m (273 FAILED)[39m (0 secs / 6.87 secs)
[1A[2KChrome Headless 139.0.0.0 (Windows 10): Executed 1116 of 1370[31m (273 FAILED)[39m (0 secs / 6.872 secs)
[1A[2KChrome Headless 139.0.0.0 (Windows 10): Executed 1117 of 1370[31m (273 FAILED)[39m (0 secs / 6.874 secs)
[1A[2KChrome Headless 139.0.0.0 (Windows 10): Executed 1118 of 1370[31m (273 FAILED)[39m (0 secs / 6.877 secs)
[1A[2KChrome Headless 139.0.0.0 (Windows 10): Executed 1119 of 1370[31m (273 FAILED)[39m (0 secs / 6.879 secs)
[1A[2KChrome Headless 139.0.0.0 (Windows 10): Executed 1120 of 1370[31m (273 FAILED)[39m (0 secs / 6.881 secs)
[1A[2KChrome Headless 139.0.0.0 (Windows 10): Executed 1121 of 1370[31m (273 FAILED)[39m (0 secs / 6.883 secs)
[1A[2KChrome Headless 139.0.0.0 (Windows 10): Executed 1122 of 1370[31m (273 FAILED)[39m (0 secs / 6.886 secs)
[1A[2KChrome Headless 139.0.0.0 (Windows 10): Executed 1123 of 1370[31m (273 FAILED)[39m (0 secs / 6.889 secs)
[1A[2KChrome Headless 139.0.0.0 (Windows 10): Executed 1124 of 1370[31m (273 FAILED)[39m (0 secs / 6.891 secs)
[1A[2KChrome Headless 139.0.0.0 (Windows 10): Executed 1125 of 1370[31m (273 FAILED)[39m (0 secs / 6.894 secs)
[1A[2KChrome Headless 139.0.0.0 (Windows 10): Executed 1126 of 1370[31m (273 FAILED)[39m (0 secs / 6.896 secs)
[1A[2KChrome Headless 139.0.0.0 (Windows 10): Executed 1127 of 1370[31m (273 FAILED)[39m (0 secs / 6.898 secs)
[1A[2KChrome Headless 139.0.0.0 (Windows 10): Executed 1128 of 1370[31m (273 FAILED)[39m (0 secs / 6.9 secs)
[1A[2KChrome Headless 139.0.0.0 (Windows 10): Executed 1129 of 1370[31m (273 FAILED)[39m (0 secs / 6.903 secs)
[1A[2KChrome Headless 139.0.0.0 (Windows 10): Executed 1130 of 1370[31m (273 FAILED)[39m (0 secs / 6.906 secs)
[1A[2KChrome Headless 139.0.0.0 (Windows 10): Executed 1131 of 1370[31m (273 FAILED)[39m (0 secs / 6.914 secs)
[1A[2KChrome Headless 139.0.0.0 (Windows 10): Executed 1132 of 1370[31m (273 FAILED)[39m (0 secs / 6.917 secs)
[1A[2KChrome Headless 139.0.0.0 (Windows 10): Executed 1133 of 1370[31m (273 FAILED)[39m (0 secs / 6.92 secs)
[1A[2KChrome Headless 139.0.0.0 (Windows 10): Executed 1134 of 1370[31m (273 FAILED)[39m (0 secs / 6.923 secs)
[1A[2KChrome Headless 139.0.0.0 (Windows 10): Executed 1135 of 1370[31m (273 FAILED)[39m (0 secs / 6.926 secs)
[1A[2KChrome Headless 139.0.0.0 (Windows 10): Executed 1136 of 1370[31m (273 FAILED)[39m (0 secs / 6.927 secs)
[1A[2KChrome Headless 139.0.0.0 (Windows 10): Executed 1137 of 1370[31m (273 FAILED)[39m (0 secs / 6.928 secs)
[1A[2KChrome Headless 139.0.0.0 (Windows 10): Executed 1138 of 1370[31m (273 FAILED)[39m (0 secs / 6.93 secs)
[1A[2KChrome Headless 139.0.0.0 (Windows 10): Executed 1139 of 1370[31m (273 FAILED)[39m (0 secs / 6.931 secs)
[1A[2KChrome Headless 139.0.0.0 (Windows 10): Executed 1140 of 1370[31m (273 FAILED)[39m (0 secs / 6.933 secs)
[1A[2KChrome Headless 139.0.0.0 (Windows 10): Executed 1141 of 1370[31m (273 FAILED)[39m (0 secs / 6.934 secs)
[1A[2KChrome Headless 139.0.0.0 (Windows 10): Executed 1142 of 1370[31m (273 FAILED)[39m (0 secs / 6.935 secs)
[1A[2KChrome Headless 139.0.0.0 (Windows 10): Executed 1143 of 1370[31m (273 FAILED)[39m (0 secs / 6.936 secs)
[1A[2KChrome Headless 139.0.0.0 (Windows 10): Executed 1144 of 1370[31m (273 FAILED)[39m (0 secs / 6.938 secs)
[1A[2KChrome Headless 139.0.0.0 (Windows 10): Executed 1145 of 1370[31m (273 FAILED)[39m (0 secs / 6.94 secs)
[1A[2KChrome Headless 139.0.0.0 (Windows 10): Executed 1146 of 1370[31m (273 FAILED)[39m (0 secs / 6.941 secs)
[1A[2KChrome Headless 139.0.0.0 (Windows 10): Executed 1147 of 1370[31m (273 FAILED)[39m (0 secs / 6.943 secs)
[1A[2KChrome Headless 139.0.0.0 (Windows 10): Executed 1148 of 1370[31m (273 FAILED)[39m (0 secs / 6.945 secs)
[1A[2KChrome Headless 139.0.0.0 (Windows 10): Executed 1149 of 1370[31m (273 FAILED)[39m (0 secs / 6.946 secs)
[1A[2KChrome Headless 139.0.0.0 (Windows 10): Executed 1150 of 1370[31m (273 FAILED)[39m (0 secs / 6.947 secs)
[1A[2KChrome Headless 139.0.0.0 (Windows 10): Executed 1151 of 1370[31m (273 FAILED)[39m (0 secs / 6.948 secs)
[1A[2KChrome Headless 139.0.0.0 (Windows 10): Executed 1152 of 1370[31m (273 FAILED)[39m (0 secs / 6.949 secs)
[1A[2K[31mChrome Headless 139.0.0.0 (Windows 10) AvatarComponent should compute backgroundImageStyle correctly FAILED[39m
	Expected '' to be 'url(https://example.com/image.jpg)'.
	    at <Jasmine>
	    at UserContext.<anonymous> (spec-avatar.component.spec.js:58:46)
	    at _ZoneDelegate.invoke (node_modules/zone.js/fesm2015/zone.js:398:28)
	    at _ProxyZoneSpec.onInvoke (node_modules/zone.js/fesm2015/zone-testing.js:2132:39)
	    at _ZoneDelegate.invoke (node_modules/zone.js/fesm2015/zone.js:397:34)
Chrome Headless 139.0.0.0 (Windows 10): Executed 1153 of 1370[31m (274 FAILED)[39m (0 secs / 6.95 secs)
[1A[2K[31mChrome Headless 139.0.0.0 (Windows 10) AvatarComponent should compute initials correctly FAILED[39m
	Expected '­ƒæñ' to be 'JD'.
	    at <Jasmine>
	    at UserContext.<anonymous> (spec-avatar.component.spec.js:63:34)
	    at _ZoneDelegate.invoke (node_modules/zone.js/fesm2015/zone.js:398:28)
	    at _ProxyZoneSpec.onInvoke (node_modules/zone.js/fesm2015/zone-testing.js:2132:39)
	    at _ZoneDelegate.invoke (node_modules/zone.js/fesm2015/zone.js:397:34)
	Expected '­ƒæñ' to be 'J'.
	    at <Jasmine>
	    at UserContext.<anonymous> (spec-avatar.component.spec.js:66:34)
	    at _ZoneDelegate.invoke (node_modules/zone.js/fesm2015/zone.js:398:28)
	    at _ProxyZoneSpec.onInvoke (node_modules/zone.js/fesm2015/zone-testing.js:2132:39)
	    at _ZoneDelegate.invoke (node_modules/zone.js/fesm2015/zone.js:397:34)
	Expected '­ƒæñ' to be 'J'.
	    at <Jasmine>
	    at UserContext.<anonymous> (spec-avatar.component.spec.js:69:34)
	    at _ZoneDelegate.invoke (node_modules/zone.js/fesm2015/zone.js:398:28)
	    at _ProxyZoneSpec.onInvoke (node_modules/zone.js/fesm2015/zone-testing.js:2132:39)
	    at _ZoneDelegate.invoke (node_modules/zone.js/fesm2015/zone.js:397:34)
Chrome Headless 139.0.0.0 (Windows 10): Executed 1154 of 1370[31m (275 FAILED)[39m (0 secs / 6.951 secs)
[1A[2KChrome Headless 139.0.0.0 (Windows 10): Executed 1155 of 1370[31m (275 FAILED)[39m (0 secs / 6.951 secs)
[1A[2KChrome Headless 139.0.0.0 (Windows 10): Executed 1156 of 1370[31m (275 FAILED)[39m (0 secs / 6.952 secs)
[1A[2K[31mChrome Headless 139.0.0.0 (Windows 10) AvatarComponent should compute hasImage correctly FAILED[39m
	Expected false to be true.
	    at <Jasmine>
	    at UserContext.<anonymous> (spec-avatar.component.spec.js:52:34)
	    at _ZoneDelegate.invoke (node_modules/zone.js/fesm2015/zone.js:398:28)
	    at _ProxyZoneSpec.onInvoke (node_modules/zone.js/fesm2015/zone-testing.js:2132:39)
	    at _ZoneDelegate.invoke (node_modules/zone.js/fesm2015/zone.js:397:34)
Chrome Headless 139.0.0.0 (Windows 10): Executed 1157 of 1370[31m (276 FAILED)[39m (0 secs / 6.953 secs)
[1A[2KChrome Headless 139.0.0.0 (Windows 10): Executed 1158 of 1370[31m (276 FAILED)[39m (0 secs / 6.954 secs)
[1A[2KChrome Headless 139.0.0.0 (Windows 10): Executed 1159 of 1370[31m (276 FAILED)[39m (0 secs / 6.955 secs)
[1A[2K[31mChrome Headless 139.0.0.0 (Windows 10) AvatarComponent should compute tooltipText correctly FAILED[39m
	Expected 'User' to be 'John Doe'.
	    at <Jasmine>
	    at UserContext.<anonymous> (spec-avatar.component.spec.js:77:37)
	    at _ZoneDelegate.invoke (node_modules/zone.js/fesm2015/zone.js:398:28)
	    at _ProxyZoneSpec.onInvoke (node_modules/zone.js/fesm2015/zone-testing.js:2132:39)
	    at _ZoneDelegate.invoke (node_modules/zone.js/fesm2015/zone.js:397:34)
	Expected 'User' to be 'John'.
	    at <Jasmine>
	    at UserContext.<anonymous> (spec-avatar.component.spec.js:80:37)
	    at _ZoneDelegate.invoke (node_modules/zone.js/fesm2015/zone.js:398:28)
	    at _ProxyZoneSpec.onInvoke (node_modules/zone.js/fesm2015/zone-testing.js:2132:39)
	    at _ZoneDelegate.invoke (node_modules/zone.js/fesm2015/zone.js:397:34)
	Expected 'User' to be 'john.doe@example.com'.
	    at <Jasmine>
	    at UserContext.<anonymous> (spec-avatar.component.spec.js:83:37)
	    at _ZoneDelegate.invoke (node_modules/zone.js/fesm2015/zone.js:398:28)
	    at _ProxyZoneSpec.onInvoke (node_modules/zone.js/fesm2015/zone-testing.js:2132:39)
	    at _ZoneDelegate.invoke (node_modules/zone.js/fesm2015/zone.js:397:34)
Chrome Headless 139.0.0.0 (Windows 10): Executed 1160 of 1370[31m (277 FAILED)[39m (0 secs / 6.957 secs)
[1A[2K[31mChrome Headless 139.0.0.0 (Windows 10) AvatarComponent should show image when available FAILED[39m
	Expected null to be truthy.
	    at <Jasmine>
	    at UserContext.<anonymous> (spec-avatar.component.spec.js:129:26)
	    at _ZoneDelegate.invoke (node_modules/zone.js/fesm2015/zone.js:398:28)
	    at _ProxyZoneSpec.onInvoke (node_modules/zone.js/fesm2015/zone-testing.js:2132:39)
	    at _ZoneDelegate.invoke (node_modules/zone.js/fesm2015/zone.js:397:34)
Chrome Headless 139.0.0.0 (Windows 10): Executed 1161 of 1370[31m (278 FAILED)[39m (0 secs / 6.958 secs)
[1A[2K[31mChrome Headless 139.0.0.0 (Windows 10) AvatarComponent should show initials when no image is available FAILED[39m
	Expected '­ƒæñ' to be 'JD'.
	    at <Jasmine>
	    at UserContext.<anonymous> (spec-avatar.component.spec.js:123:48)
	    at _ZoneDelegate.invoke (node_modules/zone.js/fesm2015/zone.js:398:28)
	    at _ProxyZoneSpec.onInvoke (node_modules/zone.js/fesm2015/zone-testing.js:2132:39)
	    at _ZoneDelegate.invoke (node_modules/zone.js/fesm2015/zone.js:397:34)
Chrome Headless 139.0.0.0 (Windows 10): Executed 1162 of 1370[31m (279 FAILED)[39m (0 secs / 6.959 secs)
[1A[2KChrome Headless 139.0.0.0 (Windows 10): Executed 1163 of 1370[31m (279 FAILED)[39m (0 secs / 6.96 secs)
[1A[2KChrome Headless 139.0.0.0 (Windows 10): Executed 1164 of 1370[31m (279 FAILED)[39m (0 secs / 6.961 secs)
[1A[2KChrome Headless 139.0.0.0 (Windows 10): Executed 1165 of 1370[31m (279 FAILED)[39m (0 secs / 6.963 secs)
[1A[2KChrome Headless 139.0.0.0 (Windows 10): Executed 1166 of 1370[31m (279 FAILED)[39m (0 secs / 6.964 secs)
[1A[2KChrome Headless 139.0.0.0 (Windows 10): Executed 1167 of 1370[31m (279 FAILED)[39m (0 secs / 6.966 secs)
[1A[2KChrome Headless 139.0.0.0 (Windows 10): Executed 1168 of 1370[31m (279 FAILED)[39m (0 secs / 6.967 secs)
[1A[2KChrome Headless 139.0.0.0 (Windows 10): Executed 1169 of 1370[31m (279 FAILED)[39m (0 secs / 6.968 secs)
[1A[2KChrome Headless 139.0.0.0 (Windows 10): Executed 1170 of 1370[31m (279 FAILED)[39m (0 secs / 6.969 secs)
[1A[2KChrome Headless 139.0.0.0 (Windows 10): Executed 1171 of 1370[31m (279 FAILED)[39m (0 secs / 6.97 secs)
[1A[2KChrome Headless 139.0.0.0 (Windows 10): Executed 1172 of 1370[31m (279 FAILED)[39m (0 secs / 6.971 secs)
[1A[2KChrome Headless 139.0.0.0 (Windows 10): Executed 1173 of 1370[31m (279 FAILED)[39m (0 secs / 6.973 secs)
[1A[2KChrome Headless 139.0.0.0 (Windows 10): Executed 1174 of 1370[31m (279 FAILED)[39m (0 secs / 6.974 secs)
[1A[2KChrome Headless 139.0.0.0 (Windows 10): Executed 1175 of 1370[31m (279 FAILED)[39m (0 secs / 6.976 secs)
[1A[2KChrome Headless 139.0.0.0 (Windows 10): Executed 1176 of 1370[31m (279 FAILED)[39m (0 secs / 6.977 secs)
[1A[2KChrome Headless 139.0.0.0 (Windows 10): Executed 1177 of 1370[31m (279 FAILED)[39m (0 secs / 6.979 secs)
[1A[2K[31mChrome Headless 139.0.0.0 (Windows 10) NoAppointmentsMessageComponent should render action button when both actionText and actionCallback are provided FAILED[39m
	Expected <button _ngcontent-a-c3325637743 class="btn btn-primary">...</button> to be falsy.
	    at <Jasmine>
	    at UserContext.<anonymous> (spec-no-appointments-message.component.spec.js:141:26)
	    at _ZoneDelegate.invoke (node_modules/zone.js/fesm2015/zone.js:398:28)
	    at _ProxyZoneSpec.onInvoke (node_modules/zone.js/fesm2015/zone-testing.js:2132:39)
	    at _ZoneDelegate.invoke (node_modules/zone.js/fesm2015/zone.js:397:34)
Chrome Headless 139.0.0.0 (Windows 10): Executed 1178 of 1370[31m (280 FAILED)[39m (0 secs / 6.98 secs)
[1A[2KChrome Headless 139.0.0.0 (Windows 10): Executed 1179 of 1370[31m (280 FAILED)[39m (0 secs / 6.981 secs)
[1A[2KChrome Headless 139.0.0.0 (Windows 10): Executed 1180 of 1370[31m (280 FAILED)[39m (0 secs / 6.982 secs)
[1A[2K[31mChrome Headless 139.0.0.0 (Windows 10) NoAppointmentsMessageComponent should not render action button when actionCallback is undefined FAILED[39m
	Expected <button _ngcontent-a-c3325637743 class="btn btn-primary">...</button> to be falsy.
	    at <Jasmine>
	    at UserContext.<anonymous> (spec-no-appointments-message.component.spec.js:135:26)
	    at _ZoneDelegate.invoke (node_modules/zone.js/fesm2015/zone.js:398:28)
	    at _ProxyZoneSpec.onInvoke (node_modules/zone.js/fesm2015/zone-testing.js:2132:39)
	    at _ZoneDelegate.invoke (node_modules/zone.js/fesm2015/zone.js:397:34)
Chrome Headless 139.0.0.0 (Windows 10): Executed 1181 of 1370[31m (281 FAILED)[39m (0 secs / 6.984 secs)
[1A[2KChrome Headless 139.0.0.0 (Windows 10): Executed 1182 of 1370[31m (281 FAILED)[39m (0 secs / 6.986 secs)
[1A[2KChrome Headless 139.0.0.0 (Windows 10): Executed 1183 of 1370[31m (281 FAILED)[39m (0 secs / 6.987 secs)
[1A[2KChrome Headless 139.0.0.0 (Windows 10): Executed 1184 of 1370[31m (281 FAILED)[39m (0 secs / 6.988 secs)
[1A[2KChrome Headless 139.0.0.0 (Windows 10): Executed 1185 of 1370[31m (281 FAILED)[39m (0 secs / 6.989 secs)
[1A[2K[31mChrome Headless 139.0.0.0 (Windows 10) NoAppointmentsMessageComponent should call action callback when button is clicked FAILED[39m
	Expected <button _ngcontent-a-c3325637743 class="btn btn-primary">...</button> to be falsy.
	    at <Jasmine>
	    at UserContext.<anonymous> (spec-no-appointments-message.component.spec.js:147:26)
	    at _ZoneDelegate.invoke (node_modules/zone.js/fesm2015/zone.js:398:28)
	    at _ProxyZoneSpec.onInvoke (node_modules/zone.js/fesm2015/zone-testing.js:2132:39)
	    at _ZoneDelegate.invoke (node_modules/zone.js/fesm2015/zone.js:397:34)
Chrome Headless 139.0.0.0 (Windows 10): Executed 1186 of 1370[31m (282 FAILED)[39m (0 secs / 6.99 secs)
[1A[2KChrome Headless 139.0.0.0 (Windows 10): Executed 1187 of 1370[31m (282 FAILED)[39m (0 secs / 6.991 secs)
[1A[2KChrome Headless 139.0.0.0 (Windows 10): Executed 1188 of 1370[31m (282 FAILED)[39m (0 secs / 6.993 secs)
[1A[2KChrome Headless 139.0.0.0 (Windows 10): Executed 1189 of 1370[31m (282 FAILED)[39m (0 secs / 6.994 secs)
[1A[2K[31mChrome Headless 139.0.0.0 (Windows 10) NoAppointmentsMessageComponent should not render action button when actionText is empty FAILED[39m
	Expected <button _ngcontent-a-c3325637743 class="btn btn-primary">...</button> to be falsy.
	    at <Jasmine>
	    at UserContext.<anonymous> (spec-no-appointments-message.component.spec.js:129:26)
	    at _ZoneDelegate.invoke (node_modules/zone.js/fesm2015/zone.js:398:28)
	    at _ProxyZoneSpec.onInvoke (node_modules/zone.js/fesm2015/zone-testing.js:2132:39)
	    at _ZoneDelegate.invoke (node_modules/zone.js/fesm2015/zone.js:397:34)
Chrome Headless 139.0.0.0 (Windows 10): Executed 1190 of 1370[31m (283 FAILED)[39m (0 secs / 6.996 secs)
[1A[2K[31mChrome Headless 139.0.0.0 (Windows 10) NoAppointmentsMessageComponent should handle multiple action button clicks FAILED[39m
	Expected <button _ngcontent-a-c3325637743 class="btn btn-primary">...</button> to be falsy.
	    at <Jasmine>
	    at UserContext.<anonymous> (spec-no-appointments-message.component.spec.js:188:26)
	    at _ZoneDelegate.invoke (node_modules/zone.js/fesm2015/zone.js:398:28)
	    at _ProxyZoneSpec.onInvoke (node_modules/zone.js/fesm2015/zone-testing.js:2132:39)
	    at _ZoneDelegate.invoke (node_modules/zone.js/fesm2015/zone.js:397:34)
Chrome Headless 139.0.0.0 (Windows 10): Executed 1191 of 1370[31m (284 FAILED)[39m (0 secs / 6.997 secs)
[1A[2KChrome Headless 139.0.0.0 (Windows 10): Executed 1192 of 1370[31m (284 FAILED)[39m (0 secs / 6.998 secs)
[1A[2KChrome Headless 139.0.0.0 (Windows 10): Executed 1193 of 1370[31m (284 FAILED)[39m (0 secs / 6.999 secs)
[1A[2KChrome Headless 139.0.0.0 (Windows 10): Executed 1194 of 1370[31m (284 FAILED)[39m (0 secs / 7.001 secs)
[1A[2KChrome Headless 139.0.0.0 (Windows 10): Executed 1195 of 1370[31m (284 FAILED)[39m (0 secs / 7.003 secs)
[1A[2KChrome Headless 139.0.0.0 (Windows 10): Executed 1196 of 1370[31m (284 FAILED)[39m (0 secs / 7.006 secs)
[1A[2KChrome Headless 139.0.0.0 (Windows 10): Executed 1197 of 1370[31m (284 FAILED)[39m (0 secs / 7.007 secs)
[1A[2KChrome Headless 139.0.0.0 (Windows 10): Executed 1198 of 1370[31m (284 FAILED)[39m (0 secs / 7.009 secs)
[1A[2KChrome Headless 139.0.0.0 (Windows 10): Executed 1199 of 1370[31m (284 FAILED)[39m (0 secs / 7.01 secs)
[1A[2KChrome Headless 139.0.0.0 (Windows 10): Executed 1200 of 1370[31m (284 FAILED)[39m (0 secs / 7.011 secs)
[1A[2KChrome Headless 139.0.0.0 (Windows 10): Executed 1201 of 1370[31m (284 FAILED)[39m (0 secs / 7.013 secs)
[1A[2KChrome Headless 139.0.0.0 (Windows 10): Executed 1202 of 1370[31m (284 FAILED)[39m (0 secs / 7.014 secs)
[1A[2KChrome Headless 139.0.0.0 (Windows 10): Executed 1203 of 1370[31m (284 FAILED)[39m (0 secs / 7.015 secs)
[1A[2KChrome Headless 139.0.0.0 (Windows 10): Executed 1204 of 1370[31m (284 FAILED)[39m (0 secs / 7.016 secs)
[1A[2KChrome Headless 139.0.0.0 (Windows 10): Executed 1205 of 1370[31m (284 FAILED)[39m (0 secs / 7.017 secs)
[1A[2KChrome Headless 139.0.0.0 (Windows 10): Executed 1206 of 1370[31m (284 FAILED)[39m (0 secs / 7.019 secs)
[1A[2KChrome Headless 139.0.0.0 (Windows 10): Executed 1207 of 1370[31m (284 FAILED)[39m (0 secs / 7.02 secs)
[1A[2KChrome Headless 139.0.0.0 (Windows 10): Executed 1208 of 1370[31m (284 FAILED)[39m (0 secs / 7.021 secs)
[1A[2KChrome Headless 139.0.0.0 (Windows 10): Executed 1209 of 1370[31m (284 FAILED)[39m (0 secs / 7.022 secs)
[1A[2KChrome Headless 139.0.0.0 (Windows 10): Executed 1210 of 1370[31m (284 FAILED)[39m (0 secs / 7.023 secs)
[1A[2KChrome Headless 139.0.0.0 (Windows 10): Executed 1211 of 1370[31m (284 FAILED)[39m (0 secs / 7.024 secs)
[1A[2KChrome Headless 139.0.0.0 (Windows 10): Executed 1212 of 1370[31m (284 FAILED)[39m (0 secs / 7.025 secs)
[1A[2KChrome Headless 139.0.0.0 (Windows 10): Executed 1213 of 1370[31m (284 FAILED)[39m (0 secs / 7.026 secs)
[1A[2K[31mChrome Headless 139.0.0.0 (Windows 10) SignalDemoComponent should filter users by search term FAILED[39m
	Error: NG0600: Writing to signals is not allowed in a `computed`
	error properties: Object({ code: 600 })
	    at node_modules/@angular/core/fesm2022/debug_node.mjs:19893:15
	    at throwInvalidWriteToSignalError (node_modules/@angular/core/fesm2022/signal.mjs:445:5)
	    at signalUpdateFn (node_modules/@angular/core/fesm2022/signal.mjs:498:9)
	    at getter.update (node_modules/@angular/core/fesm2022/signal.mjs:475:34)
	    at SignalDemoComponent2.updatePerformanceMetrics (spec-signal-demo.component.spec.js:156:28)
	    at Object.computation (spec-signal-demo.component.spec.js:98:10)
	    at Object.producerRecomputeValue (node_modules/@angular/core/fesm2022/signal.mjs:411:33)
	    at producerUpdateValueVersion (node_modules/@angular/core/fesm2022/signal.mjs:139:10)
	    at SignalDemoComponent2.computed2 [as filteredUsers] (node_modules/@angular/core/fesm2022/signal.mjs:351:9)
	    at UserContext.<anonymous> (spec-signal-demo.component.spec.js:411:37)
Chrome Headless 139.0.0.0 (Windows 10): Executed 1214 of 1370[31m (285 FAILED)[39m (0 secs / 7.042 secs)
[1A[2KChrome Headless 139.0.0.0 (Windows 10): Executed 1215 of 1370[31m (285 FAILED)[39m (0 secs / 7.046 secs)
[1A[2K[31mChrome Headless 139.0.0.0 (Windows 10) SignalDemoComponent should have toastService injected FAILED[39m
	Expected instance of Object to be an instance of ToastService2
	    at <Jasmine>
	    at UserContext.<anonymous> (spec-signal-demo.component.spec.js:359:39)
	    at _ZoneDelegate.invoke (node_modules/zone.js/fesm2015/zone.js:398:28)
	    at _ProxyZoneSpec.onInvoke (node_modules/zone.js/fesm2015/zone-testing.js:2132:39)
	    at _ZoneDelegate.invoke (node_modules/zone.js/fesm2015/zone.js:397:34)
Chrome Headless 139.0.0.0 (Windows 10): Executed 1216 of 1370[31m (286 FAILED)[39m (0 secs / 7.05 secs)
[1A[2KChrome Headless 139.0.0.0 (Windows 10): Executed 1217 of 1370[31m (286 FAILED)[39m (0 secs / 7.052 secs)
[1A[2KChrome Headless 139.0.0.0 (Windows 10): Executed 1218 of 1370[31m (286 FAILED)[39m (0 secs / 7.055 secs)
[1A[2KChrome Headless 139.0.0.0 (Windows 10): Executed 1219 of 1370[31m (286 FAILED)[39m (0 secs / 7.057 secs)
[1A[2KChrome Headless 139.0.0.0 (Windows 10): Executed 1220 of 1370[31m (286 FAILED)[39m (0 secs / 7.06 secs)
[1A[2KChrome Headless 139.0.0.0 (Windows 10): Executed 1221 of 1370[31m (286 FAILED)[39m (0 secs / 7.063 secs)
[1A[2KChrome Headless 139.0.0.0 (Windows 10): Executed 1222 of 1370[31m (286 FAILED)[39m (0 secs / 7.066 secs)
[1A[2KChrome Headless 139.0.0.0 (Windows 10): Executed 1223 of 1370[31m (286 FAILED)[39m (0 secs / 7.069 secs)
[1A[2K[31mChrome Headless 139.0.0.0 (Windows 10) SignalDemoComponent should be a standalone component FAILED[39m
	Expected 'SignalDemoComponent2' to be 'SignalDemoComponent'.
	    at <Jasmine>
	    at UserContext.<anonymous> (spec-signal-demo.component.spec.js:502:60)
	    at _ZoneDelegate.invoke (node_modules/zone.js/fesm2015/zone.js:398:28)
	    at _ProxyZoneSpec.onInvoke (node_modules/zone.js/fesm2015/zone-testing.js:2132:39)
	    at _ZoneDelegate.invoke (node_modules/zone.js/fesm2015/zone.js:397:34)
Chrome Headless 139.0.0.0 (Windows 10): Executed 1224 of 1370[31m (287 FAILED)[39m (0 secs / 7.071 secs)
[1A[2KChrome Headless 139.0.0.0 (Windows 10): Executed 1225 of 1370[31m (287 FAILED)[39m (0 secs / 7.073 secs)
[1A[2K[31mChrome Headless 139.0.0.0 (Windows 10) SignalDemoComponent should return empty array when no users match filters FAILED[39m
	Error: NG0600: Writing to signals is not allowed in a `computed`
	error properties: Object({ code: 600 })
	    at node_modules/@angular/core/fesm2022/debug_node.mjs:19893:15
	    at throwInvalidWriteToSignalError (node_modules/@angular/core/fesm2022/signal.mjs:445:5)
	    at signalUpdateFn (node_modules/@angular/core/fesm2022/signal.mjs:498:9)
	    at getter.update (node_modules/@angular/core/fesm2022/signal.mjs:475:34)
	    at SignalDemoComponent2.updatePerformanceMetrics (spec-signal-demo.component.spec.js:156:28)
	    at Object.computation (spec-signal-demo.component.spec.js:98:10)
	    at Object.producerRecomputeValue (node_modules/@angular/core/fesm2022/signal.mjs:411:33)
	    at producerUpdateValueVersion (node_modules/@angular/core/fesm2022/signal.mjs:139:10)
	    at SignalDemoComponent2.computed2 [as filteredUsers] (node_modules/@angular/core/fesm2022/signal.mjs:351:9)
	    at UserContext.<anonymous> (spec-signal-demo.component.spec.js:497:37)
Chrome Headless 139.0.0.0 (Windows 10): Executed 1226 of 1370[31m (288 FAILED)[39m (0 secs / 7.076 secs)
[1A[2K[31mChrome Headless 139.0.0.0 (Windows 10) SignalDemoComponent should filter users with multiple criteria FAILED[39m
	Error: NG0600: Writing to signals is not allowed in a `computed`
	error properties: Object({ code: 600 })
	    at node_modules/@angular/core/fesm2022/debug_node.mjs:19893:15
	    at throwInvalidWriteToSignalError (node_modules/@angular/core/fesm2022/signal.mjs:445:5)
	    at signalUpdateFn (node_modules/@angular/core/fesm2022/signal.mjs:498:9)
	    at getter.update (node_modules/@angular/core/fesm2022/signal.mjs:475:34)
	    at SignalDemoComponent2.updatePerformanceMetrics (spec-signal-demo.component.spec.js:156:28)
	    at Object.computation (spec-signal-demo.component.spec.js:98:10)
	    at Object.producerRecomputeValue (node_modules/@angular/core/fesm2022/signal.mjs:411:33)
	    at producerUpdateValueVersion (node_modules/@angular/core/fesm2022/signal.mjs:139:10)
	    at SignalDemoComponent2.computed2 [as filteredUsers] (node_modules/@angular/core/fesm2022/signal.mjs:351:9)
	    at UserContext.<anonymous> (spec-signal-demo.component.spec.js:489:37)
Chrome Headless 139.0.0.0 (Windows 10): Executed 1227 of 1370[31m (289 FAILED)[39m (0 secs / 7.078 secs)
[1A[2KChrome Headless 139.0.0.0 (Windows 10): Executed 1228 of 1370[31m (289 FAILED)[39m (0 secs / 7.08 secs)
[1A[2K[31mChrome Headless 139.0.0.0 (Windows 10) SignalDemoComponent should clear filters correctly FAILED[39m
	Error: NG0600: Writing to signals is not allowed in a `computed`
	error properties: Object({ code: 600 })
	    at node_modules/@angular/core/fesm2022/debug_node.mjs:19893:15
	    at throwInvalidWriteToSignalError (node_modules/@angular/core/fesm2022/signal.mjs:445:5)
	    at signalUpdateFn (node_modules/@angular/core/fesm2022/signal.mjs:498:9)
	    at getter.update (node_modules/@angular/core/fesm2022/signal.mjs:475:34)
	    at SignalDemoComponent2.updatePerformanceMetrics (spec-signal-demo.component.spec.js:156:28)
	    at Object.computation (spec-signal-demo.component.spec.js:98:10)
	    at Object.producerRecomputeValue (node_modules/@angular/core/fesm2022/signal.mjs:411:33)
	    at producerUpdateValueVersion (node_modules/@angular/core/fesm2022/signal.mjs:139:10)
	    at SignalDemoComponent2.computed2 [as filteredUsers] (node_modules/@angular/core/fesm2022/signal.mjs:351:9)
	    at UserContext.<anonymous> (spec-signal-demo.component.spec.js:436:22)
Chrome Headless 139.0.0.0 (Windows 10): Executed 1229 of 1370[31m (290 FAILED)[39m (0 secs / 7.083 secs)
[1A[2KChrome Headless 139.0.0.0 (Windows 10): Executed 1230 of 1370[31m (290 FAILED)[39m (0 secs / 7.086 secs)
[1A[2KChrome Headless 139.0.0.0 (Windows 10): Executed 1231 of 1370[31m (290 FAILED)[39m (0 secs / 7.088 secs)
[1A[2KChrome Headless 139.0.0.0 (Windows 10): Executed 1232 of 1370[31m (290 FAILED)[39m (0 secs / 7.093 secs)
[1A[2KChrome Headless 139.0.0.0 (Windows 10): Executed 1233 of 1370[31m (290 FAILED)[39m (0 secs / 7.098 secs)
[1A[2K[31mChrome Headless 139.0.0.0 (Windows 10) SignalDemoComponent should not throw errors during rendering FAILED[39m
	Expected function not to throw, but it threw Error: NG0600: Writing to signals is not allowed in a `computed`.
	    at <Jasmine>
	    at UserContext.<anonymous> (spec-signal-demo.component.spec.js:509:47)
	    at _ZoneDelegate.invoke (node_modules/zone.js/fesm2015/zone.js:398:28)
	    at _ProxyZoneSpec.onInvoke (node_modules/zone.js/fesm2015/zone-testing.js:2132:39)
	    at _ZoneDelegate.invoke (node_modules/zone.js/fesm2015/zone.js:397:34)
Chrome Headless 139.0.0.0 (Windows 10): Executed 1234 of 1370[31m (291 FAILED)[39m (0 secs / 7.101 secs)
[1A[2KChrome Headless 139.0.0.0 (Windows 10): Executed 1235 of 1370[31m (291 FAILED)[39m (0 secs / 7.104 secs)
[1A[2KChrome Headless 139.0.0.0 (Windows 10): Executed 1236 of 1370[31m (291 FAILED)[39m (0 secs / 7.108 secs)
[1A[2KChrome Headless 139.0.0.0 (Windows 10): Executed 1237 of 1370[31m (291 FAILED)[39m (0 secs / 7.111 secs)
[1A[2K[31mChrome Headless 139.0.0.0 (Windows 10) SignalDemoComponent should filter users by role FAILED[39m
	Error: NG0600: Writing to signals is not allowed in a `computed`
	error properties: Object({ code: 600 })
	    at node_modules/@angular/core/fesm2022/debug_node.mjs:19893:15
	    at throwInvalidWriteToSignalError (node_modules/@angular/core/fesm2022/signal.mjs:445:5)
	    at signalUpdateFn (node_modules/@angular/core/fesm2022/signal.mjs:498:9)
	    at getter.update (node_modules/@angular/core/fesm2022/signal.mjs:475:34)
	    at SignalDemoComponent2.updatePerformanceMetrics (spec-signal-demo.component.spec.js:156:28)
	    at Object.computation (spec-signal-demo.component.spec.js:98:10)
	    at Object.producerRecomputeValue (node_modules/@angular/core/fesm2022/signal.mjs:411:33)
	    at producerUpdateValueVersion (node_modules/@angular/core/fesm2022/signal.mjs:139:10)
	    at SignalDemoComponent2.computed2 [as filteredUsers] (node_modules/@angular/core/fesm2022/signal.mjs:351:9)
	    at UserContext.<anonymous> (spec-signal-demo.component.spec.js:417:37)
Chrome Headless 139.0.0.0 (Windows 10): Executed 1238 of 1370[31m (292 FAILED)[39m (0 secs / 7.114 secs)
[1A[2KChrome Headless 139.0.0.0 (Windows 10): Executed 1239 of 1370[31m (292 FAILED)[39m (0 secs / 7.117 secs)
[1A[2KChrome Headless 139.0.0.0 (Windows 10): Executed 1240 of 1370[31m (292 FAILED)[39m (0 secs / 7.12 secs)
[1A[2K[31mChrome Headless 139.0.0.0 (Windows 10) SignalDemoComponent should filter users by status FAILED[39m
	Error: NG0600: Writing to signals is not allowed in a `computed`
	error properties: Object({ code: 600 })
	    at node_modules/@angular/core/fesm2022/debug_node.mjs:19893:15
	    at throwInvalidWriteToSignalError (node_modules/@angular/core/fesm2022/signal.mjs:445:5)
	    at signalUpdateFn (node_modules/@angular/core/fesm2022/signal.mjs:498:9)
	    at getter.update (node_modules/@angular/core/fesm2022/signal.mjs:475:34)
	    at SignalDemoComponent2.updatePerformanceMetrics (spec-signal-demo.component.spec.js:156:28)
	    at Object.computation (spec-signal-demo.component.spec.js:98:10)
	    at Object.producerRecomputeValue (node_modules/@angular/core/fesm2022/signal.mjs:411:33)
	    at producerUpdateValueVersion (node_modules/@angular/core/fesm2022/signal.mjs:139:10)
	    at SignalDemoComponent2.computed2 [as filteredUsers] (node_modules/@angular/core/fesm2022/signal.mjs:351:9)
	    at UserContext.<anonymous> (spec-signal-demo.component.spec.js:423:37)
Chrome Headless 139.0.0.0 (Windows 10): Executed 1241 of 1370[31m (293 FAILED)[39m (0 secs / 7.124 secs)
[1A[2KChrome Headless 139.0.0.0 (Windows 10): Executed 1242 of 1370[31m (293 FAILED)[39m (0 secs / 7.145 secs)
[1A[2KChrome Headless 139.0.0.0 (Windows 10): Executed 1243 of 1370[31m (293 FAILED)[39m (0 secs / 7.164 secs)
[1A[2KChrome Headless 139.0.0.0 (Windows 10): Executed 1244 of 1370[31m (293 FAILED)[39m (0 secs / 7.179 secs)
[1A[2K[31mChrome Headless 139.0.0.0 (Windows 10) Input Components Real Data Tests Real Data Scenarios should handle form reset and re-fill scenario FAILED[39m
	Expected null to be ''.
	    at <Jasmine>
	    at UserContext.<anonymous> (spec-inputs-real-data.spec.js:639:46)
	    at _ZoneDelegate.invoke (node_modules/zone.js/fesm2015/zone.js:398:28)
	    at _ProxyZoneSpec.onInvoke (node_modules/zone.js/fesm2015/zone-testing.js:2132:39)
	    at _ZoneDelegate.invoke (node_modules/zone.js/fesm2015/zone.js:397:34)
	Expected null to be ''.
	    at <Jasmine>
	    at UserContext.<anonymous> (spec-inputs-real-data.spec.js:640:47)
	    at _ZoneDelegate.invoke (node_modules/zone.js/fesm2015/zone.js:398:28)
	    at _ProxyZoneSpec.onInvoke (node_modules/zone.js/fesm2015/zone-testing.js:2132:39)
	    at _ZoneDelegate.invoke (node_modules/zone.js/fesm2015/zone.js:397:34)
	Expected null to be ''.
	    at <Jasmine>
	    at UserContext.<anonymous> (spec-inputs-real-data.spec.js:641:49)
	    at _ZoneDelegate.invoke (node_modules/zone.js/fesm2015/zone.js:398:28)
	    at _ProxyZoneSpec.onInvoke (node_modules/zone.js/fesm2015/zone-testing.js:2132:39)
	    at _ZoneDelegate.invoke (node_modules/zone.js/fesm2015/zone.js:397:34)
Chrome Headless 139.0.0.0 (Windows 10): Executed 1245 of 1370[31m (294 FAILED)[39m (0 secs / 7.196 secs)
[1A[2KChrome Headless 139.0.0.0 (Windows 10): Executed 1246 of 1370[31m (294 FAILED)[39m (0 secs / 7.209 secs)
[1A[2KChrome Headless 139.0.0.0 (Windows 10): Executed 1247 of 1370[31m (294 FAILED)[39m (0 secs / 7.228 secs)
[1A[2KChrome Headless 139.0.0.0 (Windows 10): Executed 1248 of 1370[31m (294 FAILED)[39m (0 secs / 7.245 secs)
[1A[2KChrome Headless 139.0.0.0 (Windows 10): Executed 1249 of 1370[31m (294 FAILED)[39m (0 secs / 7.26 secs)
[1A[2KChrome Headless 139.0.0.0 (Windows 10): Executed 1250 of 1370[31m (294 FAILED)[39m (0 secs / 7.275 secs)
[1A[2KChrome Headless 139.0.0.0 (Windows 10): Executed 1251 of 1370[31m (294 FAILED)[39m (0 secs / 7.294 secs)
[1A[2KChrome Headless 139.0.0.0 (Windows 10): Executed 1252 of 1370[31m (294 FAILED)[39m (0 secs / 7.309 secs)
[1A[2KChrome Headless 139.0.0.0 (Windows 10): Executed 1253 of 1370[31m (294 FAILED)[39m (0 secs / 7.324 secs)
[1A[2KChrome Headless 139.0.0.0 (Windows 10): Executed 1254 of 1370[31m (294 FAILED)[39m (0 secs / 7.339 secs)
[1A[2KChrome Headless 139.0.0.0 (Windows 10): Executed 1255 of 1370[31m (294 FAILED)[39m (0 secs / 7.357 secs)
[1A[2KChrome Headless 139.0.0.0 (Windows 10): Executed 1256 of 1370[31m (294 FAILED)[39m (0 secs / 7.372 secs)
[1A[2KChrome Headless 139.0.0.0 (Windows 10): Executed 1257 of 1370[31m (294 FAILED)[39m (0 secs / 7.386 secs)
[1A[2KChrome Headless 139.0.0.0 (Windows 10): Executed 1258 of 1370[31m (294 FAILED)[39m (0 secs / 7.402 secs)
[1A[2KChrome Headless 139.0.0.0 (Windows 10): Executed 1259 of 1370[31m (294 FAILED)[39m (0 secs / 7.418 secs)
[1A[2KChrome Headless 139.0.0.0 (Windows 10): Executed 1260 of 1370[31m (294 FAILED)[39m (0 secs / 7.435 secs)
[1A[2KChrome Headless 139.0.0.0 (Windows 10): Executed 1261 of 1370[31m (294 FAILED)[39m (0 secs / 7.437 secs)
[1A[2KChrome Headless 139.0.0.0 (Windows 10): Executed 1262 of 1370[31m (294 FAILED)[39m (0 secs / 7.437 secs)
[1A[2KChrome Headless 139.0.0.0 (Windows 10): Executed 1263 of 1370[31m (294 FAILED)[39m (0 secs / 7.437 secs)
[1A[2KChrome Headless 139.0.0.0 (Windows 10): Executed 1264 of 1370[31m (294 FAILED)[39m (0 secs / 7.438 secs)
[1A[2KChrome Headless 139.0.0.0 (Windows 10): Executed 1265 of 1370[31m (294 FAILED)[39m (0 secs / 7.439 secs)
[1A[2KChrome Headless 139.0.0.0 (Windows 10): Executed 1266 of 1370[31m (294 FAILED)[39m (0 secs / 7.439 secs)
[1A[2KChrome Headless 139.0.0.0 (Windows 10): Executed 1267 of 1370[31m (294 FAILED)[39m (0 secs / 7.439 secs)
[1A[2KChrome Headless 139.0.0.0 (Windows 10): Executed 1268 of 1370[31m (294 FAILED)[39m (0 secs / 7.44 secs)
[1A[2KChrome Headless 139.0.0.0 (Windows 10): Executed 1269 of 1370[31m (294 FAILED)[39m (0 secs / 7.441 secs)
[1A[2KChrome Headless 139.0.0.0 (Windows 10): Executed 1270 of 1370[31m (294 FAILED)[39m (0 secs / 7.442 secs)
[1A[2KChrome Headless 139.0.0.0 (Windows 10): Executed 1271 of 1370[31m (294 FAILED)[39m (0 secs / 7.443 secs)
[1A[2KChrome Headless 139.0.0.0 (Windows 10): Executed 1272 of 1370[31m (294 FAILED)[39m (0 secs / 7.444 secs)
[1A[2KChrome Headless 139.0.0.0 (Windows 10): Executed 1273 of 1370[31m (294 FAILED)[39m (0 secs / 7.445 secs)
[1A[2KChrome Headless 139.0.0.0 (Windows 10): Executed 1274 of 1370[31m (294 FAILED)[39m (0 secs / 7.446 secs)
[1A[2KChrome Headless 139.0.0.0 (Windows 10): Executed 1275 of 1370[31m (294 FAILED)[39m (0 secs / 7.447 secs)
[1A[2KChrome Headless 139.0.0.0 (Windows 10): Executed 1276 of 1370[31m (294 FAILED)[39m (0 secs / 7.448 secs)
[1A[2KChrome Headless 139.0.0.0 (Windows 10): Executed 1277 of 1370[31m (294 FAILED)[39m (0 secs / 7.449 secs)
[1A[2KChrome Headless 139.0.0.0 (Windows 10): Executed 1278 of 1370[31m (294 FAILED)[39m (0 secs / 7.45 secs)
[1A[2KChrome Headless 139.0.0.0 (Windows 10): Executed 1279 of 1370[31m (294 FAILED)[39m (0 secs / 7.451 secs)
[1A[2KChrome Headless 139.0.0.0 (Windows 10): Executed 1280 of 1370[31m (294 FAILED)[39m (0 secs / 7.452 secs)
[1A[2KChrome Headless 139.0.0.0 (Windows 10): Executed 1281 of 1370[31m (294 FAILED)[39m (0 secs / 7.452 secs)
[1A[2KChrome Headless 139.0.0.0 (Windows 10): Executed 1282 of 1370[31m (294 FAILED)[39m (0 secs / 7.452 secs)
[1A[2KChrome Headless 139.0.0.0 (Windows 10): Executed 1283 of 1370[31m (294 FAILED)[39m (0 secs / 7.454 secs)
[1A[2KChrome Headless 139.0.0.0 (Windows 10): Executed 1284 of 1370[31m (294 FAILED)[39m (0 secs / 7.455 secs)
[1A[2KChrome Headless 139.0.0.0 (Windows 10): Executed 1285 of 1370[31m (294 FAILED)[39m (0 secs / 7.456 secs)
[1A[2KChrome Headless 139.0.0.0 (Windows 10): Executed 1286 of 1370[31m (294 FAILED)[39m (0 secs / 7.457 secs)
[1A[2KChrome Headless 139.0.0.0 (Windows 10): Executed 1287 of 1370[31m (294 FAILED)[39m (0 secs / 7.459 secs)
[1A[2KChrome Headless 139.0.0.0 (Windows 10): Executed 1288 of 1370[31m (294 FAILED)[39m (0 secs / 7.46 secs)
[1A[2KChrome Headless 139.0.0.0 (Windows 10): Executed 1289 of 1370[31m (294 FAILED)[39m (0 secs / 7.461 secs)
[1A[2K[31mChrome Headless 139.0.0.0 (Windows 10) NextAppointmentComponent should return next booking correctly FAILED[39m
	Error: NG0950: Input is required but no value is available yet. Find more at https://angular.dev/errors/NG0950
	error properties: Object({ code: -950 })
	    at NextAppointmentComponent2.inputValueFn [as bookings] (node_modules/@angular/core/fesm2022/core.mjs:61:19)
	    at Object.computation (src/app/shared/components/next-appointment/next-appointment.component.ts:692:27)
	    at Object.producerRecomputeValue (node_modules/@angular/core/fesm2022/signal.mjs:411:33)
	    at producerUpdateValueVersion (node_modules/@angular/core/fesm2022/signal.mjs:139:10)
	    at NextAppointmentComponent2.computed2 [as nextBooking] (node_modules/@angular/core/fesm2022/signal.mjs:351:9)
	    at UserContext.<anonymous> (spec-next-appointment.component.spec.js:136:35)
	    at _ZoneDelegate.invoke (node_modules/zone.js/fesm2015/zone.js:398:28)
	    at _ProxyZoneSpec.onInvoke (node_modules/zone.js/fesm2015/zone-testing.js:2132:39)
	    at _ZoneDelegate.invoke (node_modules/zone.js/fesm2015/zone.js:397:34)
	    at ZoneImpl.run (node_modules/zone.js/fesm2015/zone.js:113:43)
Chrome Headless 139.0.0.0 (Windows 10): Executed 1290 of 1370[31m (295 FAILED)[39m (0 secs / 7.473 secs)
[1A[2K[31mChrome Headless 139.0.0.0 (Windows 10) NextAppointmentComponent should be a standalone component FAILED[39m
	Expected 'NextAppointmentComponent2' to be 'NextAppointmentComponent'.
	    at <Jasmine>
	    at UserContext.<anonymous> (spec-next-appointment.component.spec.js:316:65)
	    at _ZoneDelegate.invoke (node_modules/zone.js/fesm2015/zone.js:398:28)
	    at _ProxyZoneSpec.onInvoke (node_modules/zone.js/fesm2015/zone-testing.js:2132:39)
	    at _ZoneDelegate.invoke (node_modules/zone.js/fesm2015/zone.js:397:34)
Chrome Headless 139.0.0.0 (Windows 10): Executed 1291 of 1370[31m (296 FAILED)[39m (0 secs / 7.475 secs)
[1A[2KChrome Headless 139.0.0.0 (Windows 10): Executed 1292 of 1370[31m (296 FAILED)[39m (0 secs / 7.477 secs)
[1A[2KChrome Headless 139.0.0.0 (Windows 10): Executed 1293 of 1370[31m (296 FAILED)[39m (0 secs / 7.478 secs)
[1A[2KChrome Headless 139.0.0.0 (Windows 10): Executed 1294 of 1370[31m (296 FAILED)[39m (0 secs / 7.478 secs)
[1A[2KChrome Headless 139.0.0.0 (Windows 10): Executed 1295 of 1370[31m (296 FAILED)[39m (0 secs / 7.479 secs)
[1A[2KChrome Headless 139.0.0.0 (Windows 10): Executed 1296 of 1370[31m (296 FAILED)[39m (0 secs / 7.48 secs)
[1A[2K[31mChrome Headless 139.0.0.0 (Windows 10) NextAppointmentComponent should get service text CSS class correctly FAILED[39m
	Error: NG0950: Input is required but no value is available yet. Find more at https://angular.dev/errors/NG0950
	error properties: Object({ code: -950 })
	    at NextAppointmentComponent2.inputValueFn [as bookings] (node_modules/@angular/core/fesm2022/core.mjs:61:19)
	    at Object.computation (src/app/shared/components/next-appointment/next-appointment.component.ts:692:27)
	    at Object.producerRecomputeValue (node_modules/@angular/core/fesm2022/signal.mjs:411:33)
	    at producerUpdateValueVersion (node_modules/@angular/core/fesm2022/signal.mjs:139:10)
	    at NextAppointmentComponent2.computed2 [as nextBooking] (node_modules/@angular/core/fesm2022/signal.mjs:351:9)
	    at Object.computation (src/app/shared/components/next-appointment/next-appointment.component.ts:762:26)
	    at Object.producerRecomputeValue (node_modules/@angular/core/fesm2022/signal.mjs:411:33)
	    at producerUpdateValueVersion (node_modules/@angular/core/fesm2022/signal.mjs:139:10)
	    at NextAppointmentComponent2.computed2 [as serviceTextCssClass] (node_modules/@angular/core/fesm2022/signal.mjs:351:9)
	    at UserContext.<anonymous> (spec-next-appointment.component.spec.js:192:43)
Chrome Headless 139.0.0.0 (Windows 10): Executed 1297 of 1370[31m (297 FAILED)[39m (0 secs / 7.482 secs)
[1A[2KChrome Headless 139.0.0.0 (Windows 10): Executed 1298 of 1370[31m (297 FAILED)[39m (0 secs / 7.483 secs)
[1A[2KChrome Headless 139.0.0.0 (Windows 10): Executed 1299 of 1370[31m (297 FAILED)[39m (0 secs / 7.484 secs)
[1A[2KChrome Headless 139.0.0.0 (Windows 10): Executed 1300 of 1370[31m (297 FAILED)[39m (0 secs / 7.485 secs)
[1A[2K[31mChrome Headless 139.0.0.0 (Windows 10) NextAppointmentComponent should get service CSS class correctly FAILED[39m
	Error: NG0950: Input is required but no value is available yet. Find more at https://angular.dev/errors/NG0950
	error properties: Object({ code: -950 })
	    at NextAppointmentComponent2.inputValueFn [as bookings] (node_modules/@angular/core/fesm2022/core.mjs:61:19)
	    at Object.computation (src/app/shared/components/next-appointment/next-appointment.component.ts:692:27)
	    at Object.producerRecomputeValue (node_modules/@angular/core/fesm2022/signal.mjs:411:33)
	    at producerUpdateValueVersion (node_modules/@angular/core/fesm2022/signal.mjs:139:10)
	    at NextAppointmentComponent2.computed2 [as nextBooking] (node_modules/@angular/core/fesm2022/signal.mjs:351:9)
	    at Object.computation (src/app/shared/components/next-appointment/next-appointment.component.ts:747:26)
	    at Object.producerRecomputeValue (node_modules/@angular/core/fesm2022/signal.mjs:411:33)
	    at producerUpdateValueVersion (node_modules/@angular/core/fesm2022/signal.mjs:139:10)
	    at NextAppointmentComponent2.computed2 [as serviceCssClass] (node_modules/@angular/core/fesm2022/signal.mjs:351:9)
	    at UserContext.<anonymous> (spec-next-appointment.component.spec.js:187:39)
Chrome Headless 139.0.0.0 (Windows 10): Executed 1301 of 1370[31m (298 FAILED)[39m (0 secs / 7.486 secs)
[1A[2KChrome Headless 139.0.0.0 (Windows 10): Executed 1302 of 1370[31m (298 FAILED)[39m (0 secs / 7.487 secs)
[1A[2KChrome Headless 139.0.0.0 (Windows 10): Executed 1303 of 1370[31m (298 FAILED)[39m (0 secs / 7.488 secs)
[1A[2KChrome Headless 139.0.0.0 (Windows 10): Executed 1304 of 1370[31m (298 FAILED)[39m (0 secs / 7.489 secs)
[1A[2KChrome Headless 139.0.0.0 (Windows 10): Executed 1305 of 1370[31m (298 FAILED)[39m (0 secs / 7.49 secs)
[1A[2K[31mChrome Headless 139.0.0.0 (Windows 10) NextAppointmentComponent should get service name correctly FAILED[39m
	Expected 'Servei general' to be 'Tall de Cabell'.
	    at <Jasmine>
	    at UserContext.<anonymous> (spec-next-appointment.component.spec.js:199:25)
	    at _ZoneDelegate.invoke (node_modules/zone.js/fesm2015/zone.js:398:28)
	    at _ProxyZoneSpec.onInvoke (node_modules/zone.js/fesm2015/zone-testing.js:2132:39)
	    at _ZoneDelegate.invoke (node_modules/zone.js/fesm2015/zone.js:397:34)
	Expected spy ServicesService.getServiceName to have been called.
	    at <Jasmine>
	    at UserContext.<anonymous> (spec-next-appointment.component.spec.js:200:44)
	    at _ZoneDelegate.invoke (node_modules/zone.js/fesm2015/zone.js:398:28)
	    at _ProxyZoneSpec.onInvoke (node_modules/zone.js/fesm2015/zone-testing.js:2132:39)
	    at _ZoneDelegate.invoke (node_modules/zone.js/fesm2015/zone.js:397:34)
Chrome Headless 139.0.0.0 (Windows 10): Executed 1306 of 1370[31m (299 FAILED)[39m (0 secs / 7.492 secs)
[1A[2KChrome Headless 139.0.0.0 (Windows 10): Executed 1307 of 1370[31m (299 FAILED)[39m (0 secs / 7.493 secs)
[1A[2KChrome Headless 139.0.0.0 (Windows 10): Executed 1308 of 1370[31m (299 FAILED)[39m (0 secs / 7.494 secs)
[1A[2KChrome Headless 139.0.0.0 (Windows 10): Executed 1309 of 1370[31m (299 FAILED)[39m (0 secs / 7.495 secs)
[1A[2K[31mChrome Headless 139.0.0.0 (Windows 10) NextAppointmentComponent should not throw errors during rendering FAILED[39m
	Expected function not to throw, but it threw Error: NG0950: Input is required but no value is available yet. Find more at https://angular.dev/errors/NG0950.
	    at <Jasmine>
	    at UserContext.<anonymous> (spec-next-appointment.component.spec.js:323:47)
	    at _ZoneDelegate.invoke (node_modules/zone.js/fesm2015/zone.js:398:28)
	    at _ProxyZoneSpec.onInvoke (node_modules/zone.js/fesm2015/zone-testing.js:2132:39)
	    at _ZoneDelegate.invoke (node_modules/zone.js/fesm2015/zone.js:397:34)
Chrome Headless 139.0.0.0 (Windows 10): Executed 1310 of 1370[31m (300 FAILED)[39m (0 secs / 7.497 secs)
[1A[2KChrome Headless 139.0.0.0 (Windows 10): Executed 1311 of 1370[31m (300 FAILED)[39m (0 secs / 7.499 secs)
[1A[2KChrome Headless 139.0.0.0 (Windows 10): Executed 1312 of 1370[31m (300 FAILED)[39m (0 secs / 7.5 secs)
[1A[2K[31mChrome Headless 139.0.0.0 (Windows 10) NextAppointmentComponent should get service color correctly FAILED[39m
	Error: NG0950: Input is required but no value is available yet. Find more at https://angular.dev/errors/NG0950
	error properties: Object({ code: -950 })
	    at NextAppointmentComponent2.inputValueFn [as bookings] (node_modules/@angular/core/fesm2022/core.mjs:61:19)
	    at Object.computation (src/app/shared/components/next-appointment/next-appointment.component.ts:692:27)
	    at Object.producerRecomputeValue (node_modules/@angular/core/fesm2022/signal.mjs:411:33)
	    at producerUpdateValueVersion (node_modules/@angular/core/fesm2022/signal.mjs:139:10)
	    at NextAppointmentComponent2.computed2 [as nextBooking] (node_modules/@angular/core/fesm2022/signal.mjs:351:9)
	    at Object.computation (src/app/shared/components/next-appointment/next-appointment.component.ts:732:26)
	    at Object.producerRecomputeValue (node_modules/@angular/core/fesm2022/signal.mjs:411:33)
	    at producerUpdateValueVersion (node_modules/@angular/core/fesm2022/signal.mjs:139:10)
	    at NextAppointmentComponent2.computed2 [as serviceColor] (node_modules/@angular/core/fesm2022/signal.mjs:351:9)
	    at UserContext.<anonymous> (spec-next-appointment.component.spec.js:181:36)
Chrome Headless 139.0.0.0 (Windows 10): Executed 1313 of 1370[31m (301 FAILED)[39m (0 secs / 7.501 secs)
[1A[2KChrome Headless 139.0.0.0 (Windows 10): Executed 1314 of 1370[31m (301 FAILED)[39m (0 secs / 7.504 secs)
[1A[2KChrome Headless 139.0.0.0 (Windows 10): Executed 1315 of 1370[31m (301 FAILED)[39m (0 secs / 7.506 secs)
[1A[2KChrome Headless 139.0.0.0 (Windows 10): Executed 1316 of 1370[31m (301 FAILED)[39m (0 secs / 7.507 secs)
[1A[2KChrome Headless 139.0.0.0 (Windows 10): Executed 1317 of 1370[31m (301 FAILED)[39m (0 secs / 7.508 secs)
[1A[2KChrome Headless 139.0.0.0 (Windows 10): Executed 1318 of 1370[31m (301 FAILED)[39m (0 secs / 7.51 secs)
[1A[2KChrome Headless 139.0.0.0 (Windows 10): Executed 1319 of 1370[31m (301 FAILED)[39m (0 secs / 7.511 secs)
[1A[2KChrome Headless 139.0.0.0 (Windows 10): Executed 1320 of 1370[31m (301 FAILED)[39m (0 secs / 7.512 secs)
[1A[2KChrome Headless 139.0.0.0 (Windows 10): Executed 1321 of 1370[31m (301 FAILED)[39m (0 secs / 7.513 secs)
[1A[2KChrome Headless 139.0.0.0 (Windows 10): Executed 1322 of 1370[31m (301 FAILED)[39m (0 secs / 7.514 secs)
[1A[2KChrome Headless 139.0.0.0 (Windows 10): Executed 1323 of 1370[31m (301 FAILED)[39m (0 secs / 7.515 secs)
[1A[2KChrome Headless 139.0.0.0 (Windows 10): Executed 1324 of 1370[31m (301 FAILED)[39m (0 secs / 7.518 secs)
[1A[2KChrome Headless 139.0.0.0 (Windows 10): Executed 1325 of 1370[31m (301 FAILED)[39m (0 secs / 7.519 secs)
[1A[2KChrome Headless 139.0.0.0 (Windows 10): Executed 1326 of 1370[31m (301 FAILED)[39m (0 secs / 7.52 secs)
[1A[2KChrome Headless 139.0.0.0 (Windows 10): Executed 1327 of 1370[31m (301 FAILED)[39m (0 secs / 7.521 secs)
[1A[2KChrome Headless 139.0.0.0 (Windows 10): Executed 1328 of 1370[31m (301 FAILED)[39m (0 secs / 7.522 secs)
[1A[2KChrome Headless 139.0.0.0 (Windows 10): Executed 1329 of 1370[31m (301 FAILED)[39m (0 secs / 7.523 secs)
[1A[2KChrome Headless 139.0.0.0 (Windows 10): Executed 1330 of 1370[31m (301 FAILED)[39m (0 secs / 7.524 secs)
[1A[2KChrome Headless 139.0.0.0 (Windows 10): Executed 1331 of 1370[31m (301 FAILED)[39m (0 secs / 7.525 secs)
[1A[2KChrome Headless 139.0.0.0 (Windows 10): Executed 1332 of 1370[31m (301 FAILED)[39m (0 secs / 7.534 secs)
[1A[2KChrome Headless 139.0.0.0 (Windows 10): Executed 1333 of 1370[31m (301 FAILED)[39m (0 secs / 7.537 secs)
[1A[2KChrome Headless 139.0.0.0 (Windows 10): Executed 1334 of 1370[31m (301 FAILED)[39m (0 secs / 7.541 secs)
[1A[2KChrome Headless 139.0.0.0 (Windows 10): Executed 1335 of 1370[31m (301 FAILED)[39m (0 secs / 7.544 secs)
[1A[2KChrome Headless 139.0.0.0 (Windows 10): Executed 1336 of 1370[31m (301 FAILED)[39m (0 secs / 7.547 secs)
[1A[2KChrome Headless 139.0.0.0 (Windows 10): Executed 1337 of 1370[31m (301 FAILED)[39m (0 secs / 7.55 secs)
[1A[2KChrome Headless 139.0.0.0 (Windows 10): Executed 1338 of 1370[31m (301 FAILED)[39m (0 secs / 7.554 secs)
[1A[2KChrome Headless 139.0.0.0 (Windows 10): Executed 1339 of 1370[31m (301 FAILED)[39m (0 secs / 7.557 secs)
[1A[2KChrome Headless 139.0.0.0 (Windows 10): Executed 1340 of 1370[31m (301 FAILED)[39m (0 secs / 7.56 secs)
[1A[2K[31mChrome Headless 139.0.0.0 (Windows 10) LoginPageComponent should be a standalone component FAILED[39m
	Expected 'LoginPageComponent2' to be 'LoginPageComponent'.
	    at <Jasmine>
	    at UserContext.<anonymous> (spec-login-page.component.spec.js:290:59)
	    at _ZoneDelegate.invoke (node_modules/zone.js/fesm2015/zone.js:398:28)
	    at _ProxyZoneSpec.onInvoke (node_modules/zone.js/fesm2015/zone-testing.js:2132:39)
	    at _ZoneDelegate.invoke (node_modules/zone.js/fesm2015/zone.js:397:34)
Chrome Headless 139.0.0.0 (Windows 10): Executed 1341 of 1370[31m (302 FAILED)[39m (0 secs / 7.564 secs)
[1A[2KChrome Headless 139.0.0.0 (Windows 10): Executed 1342 of 1370[31m (302 FAILED)[39m (0 secs / 7.571 secs)
[1A[2KChrome Headless 139.0.0.0 (Windows 10): Executed 1343 of 1370[31m (302 FAILED)[39m (0 secs / 7.574 secs)
[1A[2K[31mChrome Headless 139.0.0.0 (Windows 10) LoginPageComponent should have proper component structure FAILED[39m
	Expected 'LoginPageComponent2' to be 'LoginPageComponent'.
	    at <Jasmine>
	    at UserContext.<anonymous> (spec-login-page.component.spec.js:286:59)
	    at _ZoneDelegate.invoke (node_modules/zone.js/fesm2015/zone.js:398:28)
	    at _ProxyZoneSpec.onInvoke (node_modules/zone.js/fesm2015/zone-testing.js:2132:39)
	    at _ZoneDelegate.invoke (node_modules/zone.js/fesm2015/zone.js:397:34)
Chrome Headless 139.0.0.0 (Windows 10): Executed 1344 of 1370[31m (303 FAILED)[39m (0 secs / 7.578 secs)
[1A[2KChrome Headless 139.0.0.0 (Windows 10): Executed 1345 of 1370[31m (303 FAILED)[39m (0 secs / 7.581 secs)
[1A[2K[31mChrome Headless 139.0.0.0 (Windows 10) LoginPageComponent should initialize with not submitting state FAILED[39m
	Expected true to be false.
	    at <Jasmine>
	    at UserContext.<anonymous> (spec-login-page.component.spec.js:271:38)
	    at _ZoneDelegate.invoke (node_modules/zone.js/fesm2015/zone.js:398:28)
	    at _ProxyZoneSpec.onInvoke (node_modules/zone.js/fesm2015/zone-testing.js:2132:39)
	    at _ZoneDelegate.invoke (node_modules/zone.js/fesm2015/zone.js:397:34)
Chrome Headless 139.0.0.0 (Windows 10): Executed 1346 of 1370[31m (304 FAILED)[39m (0 secs / 7.585 secs)
[1A[2KChrome Headless 139.0.0.0 (Windows 10): Executed 1347 of 1370[31m (304 FAILED)[39m (0 secs / 7.588 secs)
[1A[2KChrome Headless 139.0.0.0 (Windows 10): Executed 1348 of 1370[31m (304 FAILED)[39m (0 secs / 7.591 secs)
[1A[2KChrome Headless 139.0.0.0 (Windows 10): Executed 1349 of 1370[31m (304 FAILED)[39m (0 secs / 7.594 secs)
[1A[2K[31mChrome Headless 139.0.0.0 (Windows 10) ProfileDropdownComponent should include admin items when user is admin and showAdminItems is true FAILED[39m
	Expected 5 to be 4.
	    at <Jasmine>
	    at UserContext.<anonymous> (spec-profile-dropdown.component.spec.js:295:26)
	    at _ZoneDelegate.invoke (node_modules/zone.js/fesm2015/zone.js:398:28)
	    at _ProxyZoneSpec.onInvoke (node_modules/zone.js/fesm2015/zone-testing.js:2132:39)
	    at _ZoneDelegate.invoke (node_modules/zone.js/fesm2015/zone.js:397:34)
Chrome Headless 139.0.0.0 (Windows 10): Executed 1350 of 1370[31m (305 FAILED)[39m (0 secs / 7.596 secs)
[1A[2K[31mChrome Headless 139.0.0.0 (Windows 10) ProfileDropdownComponent should display default user name when no displayName FAILED[39m
	TypeError: this.router.createUrlTree is not a function
	    at _RouterLink.get urlTree [as urlTree] (node_modules/@angular/router/fesm2022/router_module.mjs:380:28)
	    at _RouterLink.updateHref (node_modules/@angular/router/fesm2022/router_module.mjs:358:30)
	    at _RouterLink.ngOnChanges (node_modules/@angular/router/fesm2022/router_module.mjs:290:18)
	    at _RouterLink.rememberChangeHistoryAndInvokeOnChangesHook (node_modules/@angular/core/fesm2022/debug_node.mjs:594:14)
	    at callHookInternal (node_modules/@angular/core/fesm2022/debug_node.mjs:860:14)
	    at callHook (node_modules/@angular/core/fesm2022/debug_node.mjs:891:9)
	    at callHooks (node_modules/@angular/core/fesm2022/debug_node.mjs:841:17)
	    at executeInitAndCheckHooks (node_modules/@angular/core/fesm2022/debug_node.mjs:791:9)
	    at selectIndexInternal (node_modules/@angular/core/fesm2022/debug_node.mjs:7098:17)
	    at ╔Á╔Áadvance (node_modules/@angular/core/fesm2022/debug_node.mjs:7081:5)
Chrome Headless 139.0.0.0 (Windows 10): Executed 1351 of 1370[31m (306 FAILED)[39m (0 secs / 7.599 secs)
[1A[2KChrome Headless 139.0.0.0 (Windows 10): Executed 1352 of 1370[31m (306 FAILED)[39m (0 secs / 7.601 secs)
[1A[2K[31mChrome Headless 139.0.0.0 (Windows 10) ProfileDropdownComponent should display user information FAILED[39m
	TypeError: this.router.createUrlTree is not a function
	    at _RouterLink.get urlTree [as urlTree] (node_modules/@angular/router/fesm2022/router_module.mjs:380:28)
	    at _RouterLink.updateHref (node_modules/@angular/router/fesm2022/router_module.mjs:358:30)
	    at _RouterLink.ngOnChanges (node_modules/@angular/router/fesm2022/router_module.mjs:290:18)
	    at _RouterLink.rememberChangeHistoryAndInvokeOnChangesHook (node_modules/@angular/core/fesm2022/debug_node.mjs:594:14)
	    at callHookInternal (node_modules/@angular/core/fesm2022/debug_node.mjs:860:14)
	    at callHook (node_modules/@angular/core/fesm2022/debug_node.mjs:891:9)
	    at callHooks (node_modules/@angular/core/fesm2022/debug_node.mjs:841:17)
	    at executeInitAndCheckHooks (node_modules/@angular/core/fesm2022/debug_node.mjs:791:9)
	    at selectIndexInternal (node_modules/@angular/core/fesm2022/debug_node.mjs:7098:17)
	    at ╔Á╔Áadvance (node_modules/@angular/core/fesm2022/debug_node.mjs:7081:5)
Chrome Headless 139.0.0.0 (Windows 10): Executed 1353 of 1370[31m (307 FAILED)[39m (0 secs / 7.603 secs)
[1A[2KChrome Headless 139.0.0.0 (Windows 10): Executed 1354 of 1370[31m (307 FAILED)[39m (0 secs / 7.604 secs)
[1A[2KChrome Headless 139.0.0.0 (Windows 10): Executed 1355 of 1370[31m (307 FAILED)[39m (0 secs / 7.605 secs)
[1A[2K[31mChrome Headless 139.0.0.0 (Windows 10) ProfileDropdownComponent should hide dropdown when closed FAILED[39m
	TypeError: this.router.createUrlTree is not a function
	    at _RouterLink.get urlTree [as urlTree] (node_modules/@angular/router/fesm2022/router_module.mjs:380:28)
	    at _RouterLink.updateHref (node_modules/@angular/router/fesm2022/router_module.mjs:358:30)
	    at _RouterLink.ngOnChanges (node_modules/@angular/router/fesm2022/router_module.mjs:290:18)
	    at _RouterLink.rememberChangeHistoryAndInvokeOnChangesHook (node_modules/@angular/core/fesm2022/debug_node.mjs:594:14)
	    at callHookInternal (node_modules/@angular/core/fesm2022/debug_node.mjs:860:14)
	    at callHook (node_modules/@angular/core/fesm2022/debug_node.mjs:891:9)
	    at callHooks (node_modules/@angular/core/fesm2022/debug_node.mjs:841:17)
	    at executeInitAndCheckHooks (node_modules/@angular/core/fesm2022/debug_node.mjs:791:9)
	    at selectIndexInternal (node_modules/@angular/core/fesm2022/debug_node.mjs:7098:17)
	    at ╔Á╔Áadvance (node_modules/@angular/core/fesm2022/debug_node.mjs:7081:5)
Chrome Headless 139.0.0.0 (Windows 10): Executed 1356 of 1370[31m (308 FAILED)[39m (0 secs / 7.607 secs)
[1A[2K[31mChrome Headless 139.0.0.0 (Windows 10) ProfileDropdownComponent should show dropdown when open FAILED[39m
	TypeError: this.router.createUrlTree is not a function
	    at _RouterLink.get urlTree [as urlTree] (node_modules/@angular/router/fesm2022/router_module.mjs:380:28)
	    at _RouterLink.updateHref (node_modules/@angular/router/fesm2022/router_module.mjs:358:30)
	    at _RouterLink.ngOnChanges (node_modules/@angular/router/fesm2022/router_module.mjs:290:18)
	    at _RouterLink.rememberChangeHistoryAndInvokeOnChangesHook (node_modules/@angular/core/fesm2022/debug_node.mjs:594:14)
	    at callHookInternal (node_modules/@angular/core/fesm2022/debug_node.mjs:860:14)
	    at callHook (node_modules/@angular/core/fesm2022/debug_node.mjs:891:9)
	    at callHooks (node_modules/@angular/core/fesm2022/debug_node.mjs:841:17)
	    at executeInitAndCheckHooks (node_modules/@angular/core/fesm2022/debug_node.mjs:791:9)
	    at selectIndexInternal (node_modules/@angular/core/fesm2022/debug_node.mjs:7098:17)
	    at ╔Á╔Áadvance (node_modules/@angular/core/fesm2022/debug_node.mjs:7081:5)
Chrome Headless 139.0.0.0 (Windows 10): Executed 1357 of 1370[31m (309 FAILED)[39m (0 secs / 7.609 secs)
[1A[2K[31mChrome Headless 139.0.0.0 (Windows 10) ProfileDropdownComponent should not throw errors during rendering FAILED[39m
	Expected function not to throw, but it threw TypeError: this.router.createUrlTree is not a function.
	    at <Jasmine>
	    at UserContext.<anonymous> (spec-profile-dropdown.component.spec.js:426:47)
	    at _ZoneDelegate.invoke (node_modules/zone.js/fesm2015/zone.js:398:28)
	    at _ProxyZoneSpec.onInvoke (node_modules/zone.js/fesm2015/zone-testing.js:2132:39)
	    at _ZoneDelegate.invoke (node_modules/zone.js/fesm2015/zone.js:397:34)
Chrome Headless 139.0.0.0 (Windows 10): Executed 1358 of 1370[31m (310 FAILED)[39m (0 secs / 7.611 secs)
[1A[2KChrome Headless 139.0.0.0 (Windows 10): Executed 1359 of 1370[31m (310 FAILED)[39m (0 secs / 7.613 secs)
[1A[2KChrome Headless 139.0.0.0 (Windows 10): Executed 1360 of 1370[31m (310 FAILED)[39m (0 secs / 7.614 secs)
[1A[2KChrome Headless 139.0.0.0 (Windows 10): Executed 1361 of 1370[31m (310 FAILED)[39m (0 secs / 7.615 secs)
[1A[2KChrome Headless 139.0.0.0 (Windows 10): Executed 1362 of 1370[31m (310 FAILED)[39m (0 secs / 7.616 secs)
[1A[2KChrome Headless 139.0.0.0 (Windows 10): Executed 1363 of 1370[31m (310 FAILED)[39m (0 secs / 7.618 secs)
[1A[2KChrome Headless 139.0.0.0 (Windows 10): Executed 1364 of 1370[31m (310 FAILED)[39m (0 secs / 7.619 secs)
[1A[2KChrome Headless 139.0.0.0 (Windows 10): Executed 1365 of 1370[31m (310 FAILED)[39m (0 secs / 7.62 secs)
[1A[2KChrome Headless 139.0.0.0 (Windows 10): Executed 1366 of 1370[31m (310 FAILED)[39m (0 secs / 7.621 secs)
[1A[2K[31mChrome Headless 139.0.0.0 (Windows 10) ProfileDropdownComponent should render with basic structure FAILED[39m
	TypeError: this.router.createUrlTree is not a function
	    at _RouterLink.get urlTree [as urlTree] (node_modules/@angular/router/fesm2022/router_module.mjs:380:28)
	    at _RouterLink.updateHref (node_modules/@angular/router/fesm2022/router_module.mjs:358:30)
	    at _RouterLink.ngOnChanges (node_modules/@angular/router/fesm2022/router_module.mjs:290:18)
	    at _RouterLink.rememberChangeHistoryAndInvokeOnChangesHook (node_modules/@angular/core/fesm2022/debug_node.mjs:594:14)
	    at callHookInternal (node_modules/@angular/core/fesm2022/debug_node.mjs:860:14)
	    at callHook (node_modules/@angular/core/fesm2022/debug_node.mjs:891:9)
	    at callHooks (node_modules/@angular/core/fesm2022/debug_node.mjs:841:17)
	    at executeInitAndCheckHooks (node_modules/@angular/core/fesm2022/debug_node.mjs:791:9)
	    at selectIndexInternal (node_modules/@angular/core/fesm2022/debug_node.mjs:7098:17)
	    at ╔Á╔Áadvance (node_modules/@angular/core/fesm2022/debug_node.mjs:7081:5)
Chrome Headless 139.0.0.0 (Windows 10): Executed 1367 of 1370[31m (311 FAILED)[39m (0 secs / 7.624 secs)
[1A[2KChrome Headless 139.0.0.0 (Windows 10): Executed 1368 of 1370[31m (311 FAILED)[39m (0 secs / 7.626 secs)
[1A[2KChrome Headless 139.0.0.0 (Windows 10): Executed 1369 of 1370[31m (311 FAILED)[39m (0 secs / 7.628 secs)
[1A[2KChrome Headless 139.0.0.0 (Windows 10): Executed 1370 of 1370[31m (311 FAILED)[39m (0 secs / 7.629 secs)
[1A[2KChrome Headless 139.0.0.0 (Windows 10): Executed 1370 of 1370[31m (311 FAILED)[39m (9.716 secs / 7.629 secs)
[31mTOTAL: 311 FAILED, 1059 SUCCESS[39m
